[2026-08-12T05:32:04Z] gate: seasons 1997-2026 staging=C:\Users\saiem\Documents\GitHub-Data\sdv-dev\wehoop-dev\wehoop-wnba-stats-data\v3_staging
[2026-08-12T05:32:05Z] gate PASS (0 blocking, 6 allowlisted)
[2026-08-12T05:32:05Z] deriving release formats (parquet, rds, csv.gz) + hashing -- rds is verified on write
[2026-08-12T05:32:07Z] MANIFEST: C:\Users\saiem\Documents\GitHub-Data\sdv-dev\wehoop-dev\wehoop-wnba-stats-data\logs\v3_cutover_manifest_20260812T053207Z.md
[2026-08-12T05:32:07Z]   NEW=354 REPLACE=0 UNCHANGED=6 upload_bytes=227.8MB shadowed=22 season_label_collisions=3
[2026-08-12T05:32:07Z] EXECUTE: 354 asset(s) (6 already verified, skipped)
[2026-08-12T05:32:07Z] [1/354] NEW wnba_stats_possessions/wnba_possessions_1997.parquet 0.16 MB
[2026-08-12T05:32:09Z] [2/354] NEW wnba_stats_possessions/wnba_possessions_1997.rds 0.15 MB
[2026-08-12T05:32:11Z] [3/354] NEW wnba_stats_possessions/wnba_possessions_1997.csv.gz 0.30 MB
[2026-08-12T05:32:13Z] [4/354] NEW wnba_stats_game_lineups/wnba_lineups_1997.parquet 0.01 MB
[2026-08-12T05:32:14Z] [5/354] NEW wnba_stats_game_lineups/wnba_lineups_1997.rds 0.01 MB
[2026-08-12T05:32:15Z] [6/354] NEW wnba_stats_game_lineups/wnba_lineups_1997.csv.gz 0.03 MB
[2026-08-12T05:32:16Z] [7/354] NEW wnba_stats_schedules/wnba_schedule_1998.parquet 0.01 MB
[2026-08-12T05:32:18Z] [8/354] NEW wnba_stats_schedules/wnba_schedule_1998.rds 0.00 MB
[2026-08-12T05:32:20Z] [9/354] NEW wnba_stats_schedules/wnba_schedule_1998.csv.gz 0.00 MB
[2026-08-12T05:32:21Z] [10/354] NEW wnba_stats_pbp/wnba_play_by_play_1998.parquet 1.04 MB
[2026-08-12T05:32:25Z] [11/354] NEW wnba_stats_pbp/wnba_play_by_play_1998.rds 1.28 MB
[2026-08-12T05:32:29Z] [12/354] NEW wnba_stats_pbp/wnba_play_by_play_1998.csv.gz 1.66 MB
[2026-08-12T05:32:33Z] [13/354] NEW wnba_stats_possessions/wnba_possessions_1998.parquet 0.21 MB
[2026-08-12T05:32:35Z] [14/354] NEW wnba_stats_possessions/wnba_possessions_1998.rds 0.20 MB
[2026-08-12T05:32:36Z] [15/354] NEW wnba_stats_possessions/wnba_possessions_1998.csv.gz 0.40 MB
[2026-08-12T05:32:38Z] [16/354] NEW wnba_stats_game_lineups/wnba_lineups_1998.parquet 0.01 MB
[2026-08-12T05:32:40Z] [17/354] NEW wnba_stats_game_lineups/wnba_lineups_1998.rds 0.01 MB
[2026-08-12T05:32:41Z] [18/354] NEW wnba_stats_game_lineups/wnba_lineups_1998.csv.gz 0.03 MB
[2026-08-12T05:32:42Z] [19/354] NEW wnba_stats_schedules/wnba_schedule_1999.parquet 0.01 MB
[2026-08-12T05:32:44Z] [20/354] NEW wnba_stats_schedules/wnba_schedule_1999.rds 0.00 MB
[2026-08-12T05:32:45Z] [21/354] NEW wnba_stats_schedules/wnba_schedule_1999.csv.gz 0.00 MB
[2026-08-12T05:32:46Z] [22/354] NEW wnba_stats_pbp/wnba_play_by_play_1999.parquet 1.30 MB
[2026-08-12T05:32:50Z] [23/354] NEW wnba_stats_pbp/wnba_play_by_play_1999.rds 1.61 MB
[2026-08-12T05:32:55Z] [24/354] NEW wnba_stats_pbp/wnba_play_by_play_1999.csv.gz 2.08 MB
[2026-08-12T05:32:59Z] [25/354] NEW wnba_stats_possessions/wnba_possessions_1999.parquet 0.25 MB
[2026-08-12T05:33:01Z] [26/354] NEW wnba_stats_possessions/wnba_possessions_1999.rds 0.25 MB
[2026-08-12T05:33:02Z] [27/354] NEW wnba_stats_possessions/wnba_possessions_1999.csv.gz 0.50 MB
[2026-08-12T05:33:05Z] [28/354] NEW wnba_stats_game_lineups/wnba_lineups_1999.parquet 0.02 MB
[2026-08-12T05:33:07Z] [29/354] NEW wnba_stats_game_lineups/wnba_lineups_1999.rds 0.01 MB
[2026-08-12T05:33:08Z] [30/354] NEW wnba_stats_game_lineups/wnba_lineups_1999.csv.gz 0.04 MB
[2026-08-12T05:33:09Z] [31/354] NEW wnba_stats_schedules/wnba_schedule_2000.parquet 0.01 MB
[2026-08-12T05:33:11Z] [32/354] NEW wnba_stats_schedules/wnba_schedule_2000.rds 0.01 MB
[2026-08-12T05:33:12Z] [33/354] NEW wnba_stats_schedules/wnba_schedule_2000.csv.gz 0.00 MB
[2026-08-12T05:33:13Z] [34/354] NEW wnba_stats_pbp/wnba_play_by_play_2000.parquet 1.73 MB
[2026-08-12T05:33:17Z] [35/354] NEW wnba_stats_pbp/wnba_play_by_play_2000.rds 2.13 MB
[2026-08-12T05:33:22Z] [36/354] NEW wnba_stats_pbp/wnba_play_by_play_2000.csv.gz 2.75 MB
[2026-08-12T05:33:27Z] [37/354] NEW wnba_stats_possessions/wnba_possessions_2000.parquet 0.32 MB
[2026-08-12T05:33:28Z] [38/354] NEW wnba_stats_possessions/wnba_possessions_2000.rds 0.32 MB
[2026-08-12T05:33:31Z] [39/354] NEW wnba_stats_possessions/wnba_possessions_2000.csv.gz 0.66 MB
[2026-08-12T05:33:34Z] [40/354] NEW wnba_stats_game_lineups/wnba_lineups_2000.parquet 0.03 MB
[2026-08-12T05:33:35Z] [41/354] NEW wnba_stats_game_lineups/wnba_lineups_2000.rds 0.02 MB
[2026-08-12T05:33:37Z] [42/354] NEW wnba_stats_game_lineups/wnba_lineups_2000.csv.gz 0.09 MB
[2026-08-12T05:33:39Z] [43/354] NEW wnba_stats_schedules/wnba_schedule_2001.parquet 0.01 MB
[2026-08-12T05:33:40Z] [44/354] NEW wnba_stats_schedules/wnba_schedule_2001.rds 0.01 MB
[2026-08-12T05:33:42Z] [45/354] NEW wnba_stats_schedules/wnba_schedule_2001.csv.gz 0.00 MB
[2026-08-12T05:33:43Z] [46/354] NEW wnba_stats_pbp/wnba_play_by_play_2001.parquet 1.74 MB
[2026-08-12T05:33:48Z] [47/354] NEW wnba_stats_pbp/wnba_play_by_play_2001.rds 2.16 MB
[2026-08-12T05:33:53Z] [48/354] NEW wnba_stats_pbp/wnba_play_by_play_2001.csv.gz 2.77 MB
[2026-08-12T05:33:58Z] [49/354] NEW wnba_stats_possessions/wnba_possessions_2001.parquet 0.32 MB
[2026-08-12T05:34:01Z] [50/354] NEW wnba_stats_possessions/wnba_possessions_2001.rds 0.32 MB
[2026-08-12T05:34:03Z] [51/354] NEW wnba_stats_possessions/wnba_possessions_2001.csv.gz 0.65 MB
[2026-08-12T05:34:06Z] [52/354] NEW wnba_stats_game_lineups/wnba_lineups_2001.parquet 0.02 MB
[2026-08-12T05:34:07Z] [53/354] NEW wnba_stats_game_lineups/wnba_lineups_2001.rds 0.01 MB
[2026-08-12T05:34:09Z] [54/354] NEW wnba_stats_game_lineups/wnba_lineups_2001.csv.gz 0.06 MB
[2026-08-12T05:34:11Z] [55/354] NEW wnba_stats_schedules/wnba_schedule_2002.parquet 0.01 MB
[2026-08-12T05:34:12Z] [56/354] NEW wnba_stats_schedules/wnba_schedule_2002.rds 0.01 MB
[2026-08-12T05:34:13Z] [57/354] NEW wnba_stats_schedules/wnba_schedule_2002.csv.gz 0.00 MB
[2026-08-12T05:34:15Z] [58/354] NEW wnba_stats_pbp/wnba_play_by_play_2002.parquet 1.73 MB
[2026-08-12T05:34:19Z] [59/354] NEW wnba_stats_pbp/wnba_play_by_play_2002.rds 2.14 MB
[2026-08-12T05:34:24Z] [60/354] NEW wnba_stats_pbp/wnba_play_by_play_2002.csv.gz 2.76 MB
[2026-08-12T05:34:29Z] [61/354] NEW wnba_stats_possessions/wnba_possessions_2002.parquet 0.33 MB
[2026-08-12T05:34:31Z] [62/354] NEW wnba_stats_possessions/wnba_possessions_2002.rds 0.32 MB
[2026-08-12T05:34:33Z] [63/354] NEW wnba_stats_possessions/wnba_possessions_2002.csv.gz 0.66 MB
[2026-08-12T05:34:37Z] [64/354] NEW wnba_stats_game_lineups/wnba_lineups_2002.parquet 0.02 MB
[2026-08-12T05:34:38Z] [65/354] NEW wnba_stats_game_lineups/wnba_lineups_2002.rds 0.01 MB
[2026-08-12T05:34:39Z] [66/354] NEW wnba_stats_game_lineups/wnba_lineups_2002.csv.gz 0.05 MB
[2026-08-12T05:34:41Z] [67/354] NEW wnba_stats_schedules/wnba_schedule_2003.parquet 0.01 MB
[2026-08-12T05:34:42Z] [68/354] NEW wnba_stats_schedules/wnba_schedule_2003.rds 0.01 MB
[2026-08-12T05:34:44Z] [69/354] NEW wnba_stats_schedules/wnba_schedule_2003.csv.gz 0.00 MB
[2026-08-12T05:34:45Z] [70/354] NEW wnba_stats_pbp/wnba_play_by_play_2003.parquet 1.62 MB
[2026-08-12T05:34:50Z] [71/354] NEW wnba_stats_pbp/wnba_play_by_play_2003.rds 2.02 MB
[2026-08-12T05:34:54Z] [72/354] NEW wnba_stats_pbp/wnba_play_by_play_2003.csv.gz 2.61 MB
[2026-08-12T05:34:59Z] [73/354] NEW wnba_stats_possessions/wnba_possessions_2003.parquet 0.31 MB
[2026-08-12T05:35:02Z] [74/354] NEW wnba_stats_possessions/wnba_possessions_2003.rds 0.30 MB
[2026-08-12T05:35:04Z] [75/354] NEW wnba_stats_possessions/wnba_possessions_2003.csv.gz 0.62 MB
[2026-08-12T05:35:08Z] [76/354] NEW wnba_stats_game_lineups/wnba_lineups_2003.parquet 0.02 MB
[2026-08-12T05:35:10Z] [77/354] NEW wnba_stats_game_lineups/wnba_lineups_2003.rds 0.01 MB
[2026-08-12T05:35:11Z] [78/354] NEW wnba_stats_game_lineups/wnba_lineups_2003.csv.gz 0.05 MB
[2026-08-12T05:35:12Z] [79/354] NEW wnba_stats_schedules/wnba_schedule_2004.parquet 0.01 MB
[2026-08-12T05:35:14Z] [80/354] NEW wnba_stats_schedules/wnba_schedule_2004.rds 0.01 MB
[2026-08-12T05:35:15Z] [81/354] NEW wnba_stats_schedules/wnba_schedule_2004.csv.gz 0.00 MB
[2026-08-12T05:35:16Z] [82/354] NEW wnba_stats_pbp/wnba_play_by_play_2004.parquet 1.51 MB
[2026-08-12T05:35:21Z] [83/354] NEW wnba_stats_pbp/wnba_play_by_play_2004.rds 1.87 MB
[2026-08-12T05:35:27Z] [84/354] NEW wnba_stats_pbp/wnba_play_by_play_2004.csv.gz 2.43 MB
[2026-08-12T05:35:32Z] [85/354] NEW wnba_stats_possessions/wnba_possessions_2004.parquet 0.31 MB
[2026-08-12T05:35:35Z] [86/354] NEW wnba_stats_possessions/wnba_possessions_2004.rds 0.29 MB
[2026-08-12T05:35:38Z] [87/354] NEW wnba_stats_possessions/wnba_possessions_2004.csv.gz 0.58 MB
[2026-08-12T05:35:42Z] [88/354] NEW wnba_stats_game_lineups/wnba_lineups_2004.parquet 0.03 MB
[2026-08-12T05:35:43Z] [89/354] NEW wnba_stats_game_lineups/wnba_lineups_2004.rds 0.02 MB
[2026-08-12T05:35:44Z] [90/354] NEW wnba_stats_game_lineups/wnba_lineups_2004.csv.gz 0.04 MB
[2026-08-12T05:35:46Z] [91/354] NEW wnba_stats_schedules/wnba_schedule_2005.parquet 0.01 MB
[2026-08-12T05:35:47Z] [92/354] NEW wnba_stats_schedules/wnba_schedule_2005.rds 0.01 MB
[2026-08-12T05:35:49Z] [93/354] NEW wnba_stats_schedules/wnba_schedule_2005.csv.gz 0.00 MB
[2026-08-12T05:35:50Z] [94/354] NEW wnba_stats_pbp/wnba_play_by_play_2005.parquet 1.49 MB
[2026-08-12T05:35:55Z] [95/354] NEW wnba_stats_pbp/wnba_play_by_play_2005.rds 1.85 MB
[2026-08-12T05:36:00Z] [96/354] NEW wnba_stats_pbp/wnba_play_by_play_2005.csv.gz 2.41 MB
[2026-08-12T05:36:06Z] [97/354] NEW wnba_stats_possessions/wnba_possessions_2005.parquet 0.31 MB
[2026-08-12T05:36:09Z] [98/354] NEW wnba_stats_possessions/wnba_possessions_2005.rds 0.30 MB
[2026-08-12T05:36:11Z] [99/354] NEW wnba_stats_possessions/wnba_possessions_2005.csv.gz 0.58 MB
[2026-08-12T05:36:14Z] [100/354] NEW wnba_stats_game_lineups/wnba_lineups_2005.parquet 0.03 MB
[2026-08-12T05:36:15Z] [101/354] NEW wnba_stats_game_lineups/wnba_lineups_2005.rds 0.02 MB
[2026-08-12T05:36:16Z] [102/354] NEW wnba_stats_game_lineups/wnba_lineups_2005.csv.gz 0.05 MB
[2026-08-12T05:36:18Z] [103/354] NEW wnba_stats_schedules/wnba_schedule_2006.parquet 0.01 MB
[2026-08-12T05:36:19Z] [104/354] NEW wnba_stats_schedules/wnba_schedule_2006.rds 0.01 MB
[2026-08-12T05:36:20Z] [105/354] NEW wnba_stats_schedules/wnba_schedule_2006.csv.gz 0.00 MB
[2026-08-12T05:36:22Z] [106/354] NEW wnba_stats_pbp/wnba_play_by_play_2006.parquet 1.74 MB
[2026-08-12T05:36:26Z] [107/354] NEW wnba_stats_pbp/wnba_play_by_play_2006.rds 2.14 MB
[2026-08-12T05:36:30Z] [108/354] NEW wnba_stats_pbp/wnba_play_by_play_2006.csv.gz 2.73 MB
[2026-08-12T05:36:36Z] [109/354] NEW wnba_stats_possessions/wnba_possessions_2006.parquet 0.36 MB
[2026-08-12T05:36:39Z] [110/354] NEW wnba_stats_possessions/wnba_possessions_2006.rds 0.34 MB
[2026-08-12T05:36:41Z] [111/354] NEW wnba_stats_possessions/wnba_possessions_2006.csv.gz 0.67 MB
[2026-08-12T05:36:44Z] [112/354] NEW wnba_stats_game_lineups/wnba_lineups_2006.parquet 0.03 MB
[2026-08-12T05:36:46Z] [113/354] NEW wnba_stats_game_lineups/wnba_lineups_2006.rds 0.02 MB
[2026-08-12T05:36:47Z] [114/354] NEW wnba_stats_game_lineups/wnba_lineups_2006.csv.gz 0.05 MB
[2026-08-12T05:36:48Z] [115/354] NEW wnba_stats_schedules/wnba_schedule_2007.parquet 0.01 MB
[2026-08-12T05:36:50Z] [116/354] NEW wnba_stats_schedules/wnba_schedule_2007.rds 0.01 MB
[2026-08-12T05:36:51Z] [117/354] NEW wnba_stats_schedules/wnba_schedule_2007.csv.gz 0.00 MB
[2026-08-12T05:36:53Z] [118/354] NEW wnba_stats_pbp/wnba_play_by_play_2007.parquet 1.67 MB
[2026-08-12T05:36:58Z] [119/354] NEW wnba_stats_pbp/wnba_play_by_play_2007.rds 2.05 MB
[2026-08-12T05:37:03Z] [120/354] NEW wnba_stats_pbp/wnba_play_by_play_2007.csv.gz 2.63 MB
[2026-08-12T05:37:10Z] [121/354] NEW wnba_stats_possessions/wnba_possessions_2007.parquet 0.35 MB
[2026-08-12T05:37:13Z] [122/354] NEW wnba_stats_possessions/wnba_possessions_2007.rds 0.32 MB
[2026-08-12T05:37:15Z] [123/354] NEW wnba_stats_possessions/wnba_possessions_2007.csv.gz 0.64 MB
[2026-08-12T05:37:19Z] [124/354] NEW wnba_stats_game_lineups/wnba_lineups_2007.parquet 0.02 MB
[2026-08-12T05:37:20Z] [125/354] NEW wnba_stats_game_lineups/wnba_lineups_2007.rds 0.02 MB
[2026-08-12T05:37:21Z] [126/354] NEW wnba_stats_game_lineups/wnba_lineups_2007.csv.gz 0.03 MB
[2026-08-12T05:37:22Z] [127/354] NEW wnba_stats_schedules/wnba_schedule_2008.parquet 0.01 MB
[2026-08-12T05:37:24Z] [128/354] NEW wnba_stats_schedules/wnba_schedule_2008.rds 0.01 MB
[2026-08-12T05:37:25Z] [129/354] NEW wnba_stats_schedules/wnba_schedule_2008.csv.gz 0.00 MB
[2026-08-12T05:37:26Z] [130/354] NEW wnba_stats_pbp/wnba_play_by_play_2008.parquet 1.82 MB
[2026-08-12T05:37:31Z] [131/354] NEW wnba_stats_pbp/wnba_play_by_play_2008.rds 2.23 MB
[2026-08-12T05:37:39Z] [132/354] NEW wnba_stats_pbp/wnba_play_by_play_2008.csv.gz 2.86 MB
[2026-08-12T05:37:45Z] [133/354] NEW wnba_stats_possessions/wnba_possessions_2008.parquet 0.38 MB
[2026-08-12T05:37:48Z] [134/354] NEW wnba_stats_possessions/wnba_possessions_2008.rds 0.35 MB
[2026-08-12T05:37:50Z] [135/354] NEW wnba_stats_possessions/wnba_possessions_2008.csv.gz 0.69 MB
[2026-08-12T05:37:54Z] [136/354] NEW wnba_stats_game_lineups/wnba_lineups_2008.parquet 0.03 MB
[2026-08-12T05:37:56Z] [137/354] NEW wnba_stats_game_lineups/wnba_lineups_2008.rds 0.02 MB
[2026-08-12T05:37:57Z] [138/354] NEW wnba_stats_game_lineups/wnba_lineups_2008.csv.gz 0.05 MB
[2026-08-12T05:37:59Z] [139/354] NEW wnba_stats_schedules/wnba_schedule_2009.parquet 0.01 MB
[2026-08-12T05:38:00Z] [140/354] NEW wnba_stats_schedules/wnba_schedule_2009.rds 0.01 MB
[2026-08-12T05:38:02Z] [141/354] NEW wnba_stats_schedules/wnba_schedule_2009.csv.gz 0.00 MB
[2026-08-12T05:38:03Z] [142/354] NEW wnba_stats_pbp/wnba_play_by_play_2009.parquet 1.71 MB
[2026-08-12T05:38:08Z] [143/354] NEW wnba_stats_pbp/wnba_play_by_play_2009.rds 2.10 MB
[2026-08-12T05:38:12Z] [144/354] NEW wnba_stats_pbp/wnba_play_by_play_2009.csv.gz 2.67 MB
[2026-08-12T05:38:18Z] [145/354] NEW wnba_stats_possessions/wnba_possessions_2009.parquet 0.35 MB
[2026-08-12T05:38:20Z] [146/354] NEW wnba_stats_possessions/wnba_possessions_2009.rds 0.33 MB
[2026-08-12T05:38:22Z] [147/354] NEW wnba_stats_possessions/wnba_possessions_2009.csv.gz 0.65 MB
[2026-08-12T05:38:26Z] [148/354] NEW wnba_stats_game_lineups/wnba_lineups_2009.parquet 0.03 MB
[2026-08-12T05:38:27Z] [149/354] NEW wnba_stats_game_lineups/wnba_lineups_2009.rds 0.02 MB
[2026-08-12T05:38:29Z] [150/354] NEW wnba_stats_game_lineups/wnba_lineups_2009.csv.gz 0.04 MB
[2026-08-12T05:38:31Z] [151/354] NEW wnba_stats_schedules/wnba_schedule_2010.parquet 0.01 MB
[2026-08-12T05:38:32Z] [152/354] NEW wnba_stats_schedules/wnba_schedule_2010.rds 0.00 MB
[2026-08-12T05:38:34Z] [153/354] NEW wnba_stats_schedules/wnba_schedule_2010.csv.gz 0.00 MB
[2026-08-12T05:38:35Z] [154/354] NEW wnba_stats_pbp/wnba_play_by_play_2010.parquet 1.56 MB
[2026-08-12T05:38:39Z] [155/354] NEW wnba_stats_pbp/wnba_play_by_play_2010.rds 1.90 MB
[2026-08-12T05:38:44Z] [156/354] NEW wnba_stats_pbp/wnba_play_by_play_2010.csv.gz 2.42 MB
[2026-08-12T05:38:49Z] [157/354] NEW wnba_stats_possessions/wnba_possessions_2010.parquet 0.32 MB
[2026-08-12T05:38:51Z] [158/354] NEW wnba_stats_possessions/wnba_possessions_2010.rds 0.29 MB
[2026-08-12T05:38:53Z] [159/354] NEW wnba_stats_possessions/wnba_possessions_2010.csv.gz 0.59 MB
[2026-08-12T05:38:56Z] [160/354] NEW wnba_stats_game_lineups/wnba_lineups_2010.parquet 0.02 MB
[2026-08-12T05:38:57Z] [161/354] NEW wnba_stats_game_lineups/wnba_lineups_2010.rds 0.02 MB
[2026-08-12T05:38:59Z] [162/354] NEW wnba_stats_game_lineups/wnba_lineups_2010.csv.gz 0.03 MB
[2026-08-12T05:39:00Z] [163/354] NEW wnba_stats_schedules/wnba_schedule_2011.parquet 0.01 MB
[2026-08-12T05:39:01Z] [164/354] NEW wnba_stats_schedules/wnba_schedule_2011.rds 0.00 MB
[2026-08-12T05:39:03Z] [165/354] NEW wnba_stats_schedules/wnba_schedule_2011.csv.gz 0.00 MB
[2026-08-12T05:39:04Z] [166/354] NEW wnba_stats_pbp/wnba_play_by_play_2011.parquet 1.57 MB
[2026-08-12T05:39:08Z] [167/354] NEW wnba_stats_pbp/wnba_play_by_play_2011.rds 1.90 MB
[2026-08-12T05:39:13Z] [168/354] NEW wnba_stats_pbp/wnba_play_by_play_2011.csv.gz 2.43 MB
[2026-08-12T05:39:19Z] [169/354] NEW wnba_stats_possessions/wnba_possessions_2011.parquet 0.31 MB
[2026-08-12T05:39:20Z] [170/354] NEW wnba_stats_possessions/wnba_possessions_2011.rds 0.29 MB
[2026-08-12T05:39:23Z] [171/354] NEW wnba_stats_possessions/wnba_possessions_2011.csv.gz 0.58 MB
[2026-08-12T05:39:26Z] [172/354] NEW wnba_stats_game_lineups/wnba_lineups_2011.parquet 0.02 MB
[2026-08-12T05:39:27Z] [173/354] NEW wnba_stats_game_lineups/wnba_lineups_2011.rds 0.01 MB
[2026-08-12T05:39:28Z] [174/354] NEW wnba_stats_game_lineups/wnba_lineups_2011.csv.gz 0.02 MB
[2026-08-12T05:39:30Z] [175/354] NEW wnba_stats_schedules/wnba_schedule_2012.parquet 0.01 MB
[2026-08-12T05:39:31Z] [176/354] NEW wnba_stats_schedules/wnba_schedule_2012.rds 0.00 MB
[2026-08-12T05:39:32Z] [177/354] NEW wnba_stats_schedules/wnba_schedule_2012.csv.gz 0.00 MB
[2026-08-12T05:39:34Z] [178/354] NEW wnba_stats_pbp/wnba_play_by_play_2012.parquet 1.59 MB
[2026-08-12T05:39:37Z] [179/354] NEW wnba_stats_pbp/wnba_play_by_play_2012.rds 1.92 MB
[2026-08-12T05:39:43Z] [180/354] NEW wnba_stats_pbp/wnba_play_by_play_2012.csv.gz 2.45 MB
[2026-08-12T05:39:49Z] [181/354] NEW wnba_stats_possessions/wnba_possessions_2012.parquet 0.30 MB
[2026-08-12T05:39:51Z] [182/354] NEW wnba_stats_possessions/wnba_possessions_2012.rds 0.28 MB
[2026-08-12T05:39:53Z] [183/354] NEW wnba_stats_possessions/wnba_possessions_2012.csv.gz 0.58 MB
[2026-08-12T05:39:56Z] [184/354] NEW wnba_stats_game_lineups/wnba_lineups_2012.parquet 0.01 MB
[2026-08-12T05:39:58Z] [185/354] NEW wnba_stats_game_lineups/wnba_lineups_2012.rds 0.01 MB
[2026-08-12T05:39:59Z] [186/354] NEW wnba_stats_game_lineups/wnba_lineups_2012.csv.gz 0.01 MB
[2026-08-12T05:40:00Z] [187/354] NEW wnba_stats_schedules/wnba_schedule_2013.parquet 0.01 MB
[2026-08-12T05:40:02Z] [188/354] NEW wnba_stats_schedules/wnba_schedule_2013.rds 0.00 MB
[2026-08-12T05:40:03Z] [189/354] NEW wnba_stats_schedules/wnba_schedule_2013.csv.gz 0.00 MB
[2026-08-12T05:40:05Z] [190/354] NEW wnba_stats_pbp/wnba_play_by_play_2013.parquet 1.58 MB
[2026-08-12T05:40:09Z] [191/354] NEW wnba_stats_pbp/wnba_play_by_play_2013.rds 1.89 MB
[2026-08-12T05:40:15Z] [192/354] NEW wnba_stats_pbp/wnba_play_by_play_2013.csv.gz 2.41 MB
[2026-08-12T05:40:20Z] [193/354] NEW wnba_stats_possessions/wnba_possessions_2013.parquet 0.31 MB
[2026-08-12T05:40:22Z] [194/354] NEW wnba_stats_possessions/wnba_possessions_2013.rds 0.29 MB
[2026-08-12T05:40:24Z] [195/354] NEW wnba_stats_possessions/wnba_possessions_2013.csv.gz 0.57 MB
[2026-08-12T05:40:26Z] [196/354] NEW wnba_stats_game_lineups/wnba_lineups_2013.parquet 0.02 MB
[2026-08-12T05:40:28Z] [197/354] NEW wnba_stats_game_lineups/wnba_lineups_2013.rds 0.02 MB
[2026-08-12T05:40:29Z] [198/354] NEW wnba_stats_game_lineups/wnba_lineups_2013.csv.gz 0.03 MB
[2026-08-12T05:40:31Z] [199/354] NEW wnba_stats_schedules/wnba_schedule_2014.parquet 0.01 MB
[2026-08-12T05:40:32Z] [200/354] NEW wnba_stats_schedules/wnba_schedule_2014.rds 0.00 MB
[2026-08-12T05:40:34Z] [201/354] NEW wnba_stats_schedules/wnba_schedule_2014.csv.gz 0.00 MB
[2026-08-12T05:40:36Z] [202/354] NEW wnba_stats_pbp/wnba_play_by_play_2014.parquet 1.60 MB
[2026-08-12T05:40:40Z] [203/354] NEW wnba_stats_pbp/wnba_play_by_play_2014.rds 1.91 MB
[2026-08-12T05:40:45Z] [204/354] NEW wnba_stats_pbp/wnba_play_by_play_2014.csv.gz 2.44 MB
[2026-08-12T05:40:50Z] [205/354] NEW wnba_stats_possessions/wnba_possessions_2014.parquet 0.31 MB
[2026-08-12T05:40:53Z] [206/354] NEW wnba_stats_possessions/wnba_possessions_2014.rds 0.29 MB
[2026-08-12T05:40:55Z] [207/354] NEW wnba_stats_possessions/wnba_possessions_2014.csv.gz 0.58 MB
[2026-08-12T05:40:58Z] [208/354] NEW wnba_stats_game_lineups/wnba_lineups_2014.parquet 0.02 MB
[2026-08-12T05:40:59Z] [209/354] NEW wnba_stats_game_lineups/wnba_lineups_2014.rds 0.01 MB
[2026-08-12T05:41:01Z] [210/354] NEW wnba_stats_game_lineups/wnba_lineups_2014.csv.gz 0.03 MB
[2026-08-12T05:41:02Z] [211/354] NEW wnba_stats_schedules/wnba_schedule_2015.parquet 0.01 MB
[2026-08-12T05:41:04Z] [212/354] NEW wnba_stats_schedules/wnba_schedule_2015.rds 0.00 MB
[2026-08-12T05:41:05Z] [213/354] NEW wnba_stats_schedules/wnba_schedule_2015.csv.gz 0.00 MB
[2026-08-12T05:41:07Z] [214/354] NEW wnba_stats_pbp/wnba_play_by_play_2015.parquet 1.63 MB
[2026-08-12T05:41:12Z] [215/354] NEW wnba_stats_pbp/wnba_play_by_play_2015.rds 1.93 MB
[2026-08-12T05:41:17Z] [216/354] NEW wnba_stats_pbp/wnba_play_by_play_2015.csv.gz 2.46 MB
[2026-08-12T05:41:22Z] [217/354] NEW wnba_stats_possessions/wnba_possessions_2015.parquet 0.32 MB
[2026-08-12T05:41:25Z] [218/354] NEW wnba_stats_possessions/wnba_possessions_2015.rds 0.29 MB
[2026-08-12T05:41:27Z] [219/354] NEW wnba_stats_possessions/wnba_possessions_2015.csv.gz 0.58 MB
[2026-08-12T05:41:30Z] [220/354] NEW wnba_stats_game_lineups/wnba_lineups_2015.parquet 0.03 MB
[2026-08-12T05:41:32Z] [221/354] NEW wnba_stats_game_lineups/wnba_lineups_2015.rds 0.02 MB
[2026-08-12T05:41:33Z] [222/354] NEW wnba_stats_game_lineups/wnba_lineups_2015.csv.gz 0.04 MB
[2026-08-12T05:41:35Z] [223/354] NEW wnba_stats_schedules/wnba_schedule_2016.parquet 0.01 MB
[2026-08-12T05:41:36Z] [224/354] NEW wnba_stats_schedules/wnba_schedule_2016.rds 0.00 MB
[2026-08-12T05:41:38Z] [225/354] NEW wnba_stats_schedules/wnba_schedule_2016.csv.gz 0.00 MB
[2026-08-12T05:41:39Z] [226/354] NEW wnba_stats_pbp/wnba_play_by_play_2016.parquet 1.68 MB
[2026-08-12T05:41:44Z] [227/354] NEW wnba_stats_pbp/wnba_play_by_play_2016.rds 1.98 MB
[2026-08-12T05:41:48Z] [228/354] NEW wnba_stats_pbp/wnba_play_by_play_2016.csv.gz 2.51 MB
[2026-08-12T05:41:53Z] [229/354] NEW wnba_stats_possessions/wnba_possessions_2016.parquet 0.42 MB
[2026-08-12T05:41:56Z] [230/354] NEW wnba_stats_possessions/wnba_possessions_2016.rds 0.36 MB
[2026-08-12T05:41:58Z] [231/354] NEW wnba_stats_possessions/wnba_possessions_2016.csv.gz 0.65 MB
[2026-08-12T05:42:01Z] [232/354] NEW wnba_stats_game_lineups/wnba_lineups_2016.parquet 0.08 MB
[2026-08-12T05:42:02Z] [233/354] NEW wnba_stats_game_lineups/wnba_lineups_2016.rds 0.08 MB
[2026-08-12T05:42:04Z] [234/354] NEW wnba_stats_game_lineups/wnba_lineups_2016.csv.gz 0.18 MB
[2026-08-12T05:42:06Z] [235/354] NEW wnba_stats_schedules/wnba_schedule_2017.parquet 0.01 MB
[2026-08-12T05:42:07Z] [236/354] NEW wnba_stats_schedules/wnba_schedule_2017.rds 0.00 MB
[2026-08-12T05:42:09Z] [237/354] NEW wnba_stats_schedules/wnba_schedule_2017.csv.gz 0.00 MB
[2026-08-12T05:42:10Z] [238/354] NEW wnba_stats_pbp/wnba_play_by_play_2017.parquet 1.67 MB
[2026-08-12T05:42:15Z] [239/354] NEW wnba_stats_pbp/wnba_play_by_play_2017.rds 1.95 MB
[2026-08-12T05:42:20Z] [240/354] NEW wnba_stats_pbp/wnba_play_by_play_2017.csv.gz 2.49 MB
[2026-08-12T05:42:25Z] [241/354] NEW wnba_stats_possessions/wnba_possessions_2017.parquet 0.41 MB
[2026-08-12T05:42:28Z] [242/354] NEW wnba_stats_possessions/wnba_possessions_2017.rds 0.35 MB
[2026-08-12T05:42:30Z] [243/354] NEW wnba_stats_possessions/wnba_possessions_2017.csv.gz 0.65 MB
[2026-08-12T05:42:33Z] [244/354] NEW wnba_stats_game_lineups/wnba_lineups_2017.parquet 0.08 MB
[2026-08-12T05:42:35Z] [245/354] NEW wnba_stats_game_lineups/wnba_lineups_2017.rds 0.08 MB
[2026-08-12T05:42:36Z] [246/354] NEW wnba_stats_game_lineups/wnba_lineups_2017.csv.gz 0.19 MB
[2026-08-12T05:42:38Z] [247/354] NEW wnba_stats_schedules/wnba_schedule_2018.parquet 0.01 MB
[2026-08-12T05:42:39Z] [248/354] NEW wnba_stats_schedules/wnba_schedule_2018.rds 0.00 MB
[2026-08-12T05:42:41Z] [249/354] NEW wnba_stats_schedules/wnba_schedule_2018.csv.gz 0.00 MB
[2026-08-12T05:42:42Z] [250/354] NEW wnba_stats_pbp/wnba_play_by_play_2018.parquet 1.68 MB
[2026-08-12T05:42:47Z] [251/354] NEW wnba_stats_pbp/wnba_play_by_play_2018.rds 1.96 MB
[2026-08-12T05:42:52Z] [252/354] NEW wnba_stats_pbp/wnba_play_by_play_2018.csv.gz 2.49 MB
[2026-08-12T05:42:57Z] [253/354] NEW wnba_stats_possessions/wnba_possessions_2018.parquet 0.42 MB
[2026-08-12T05:43:00Z] [254/354] NEW wnba_stats_possessions/wnba_possessions_2018.rds 0.36 MB
[2026-08-12T05:43:02Z] [255/354] NEW wnba_stats_possessions/wnba_possessions_2018.csv.gz 0.66 MB
[2026-08-12T05:43:05Z] [256/354] NEW wnba_stats_game_lineups/wnba_lineups_2018.parquet 0.10 MB
[2026-08-12T05:43:07Z] [257/354] NEW wnba_stats_game_lineups/wnba_lineups_2018.rds 0.10 MB
[2026-08-12T05:43:08Z] [258/354] NEW wnba_stats_game_lineups/wnba_lineups_2018.csv.gz 0.21 MB
[2026-08-12T05:43:10Z] [259/354] NEW wnba_stats_schedules/wnba_schedule_2019.parquet 0.01 MB
[2026-08-12T05:43:11Z] [260/354] NEW wnba_stats_schedules/wnba_schedule_2019.rds 0.00 MB
[2026-08-12T05:43:13Z] [261/354] NEW wnba_stats_schedules/wnba_schedule_2019.csv.gz 0.00 MB
[2026-08-12T05:43:14Z] [262/354] NEW wnba_stats_pbp/wnba_play_by_play_2019.parquet 1.66 MB
[2026-08-12T05:43:18Z] [263/354] NEW wnba_stats_pbp/wnba_play_by_play_2019.rds 1.96 MB
[2026-08-12T05:43:23Z] [264/354] NEW wnba_stats_pbp/wnba_play_by_play_2019.csv.gz 2.48 MB
[2026-08-12T05:43:28Z] [265/354] NEW wnba_stats_possessions/wnba_possessions_2019.parquet 0.43 MB
[2026-08-12T05:43:31Z] [266/354] NEW wnba_stats_possessions/wnba_possessions_2019.rds 0.37 MB
[2026-08-12T05:43:33Z] [267/354] NEW wnba_stats_possessions/wnba_possessions_2019.csv.gz 0.67 MB
[2026-08-12T05:43:36Z] [268/354] NEW wnba_stats_game_lineups/wnba_lineups_2019.parquet 0.12 MB
[2026-08-12T05:43:38Z] [269/354] NEW wnba_stats_game_lineups/wnba_lineups_2019.rds 0.12 MB
[2026-08-12T05:43:39Z] [270/354] NEW wnba_stats_game_lineups/wnba_lineups_2019.csv.gz 0.25 MB
[2026-08-12T05:43:41Z] [271/354] NEW wnba_stats_schedules/wnba_schedule_2020.parquet 0.01 MB
[2026-08-12T05:43:42Z] [272/354] NEW wnba_stats_schedules/wnba_schedule_2020.rds 0.00 MB
[2026-08-12T05:43:44Z] [273/354] NEW wnba_stats_schedules/wnba_schedule_2020.csv.gz 0.00 MB
[2026-08-12T05:43:45Z] [274/354] NEW wnba_stats_pbp/wnba_play_by_play_2020.parquet 1.13 MB
[2026-08-12T05:43:50Z] [275/354] NEW wnba_stats_pbp/wnba_play_by_play_2020.rds 1.31 MB
[2026-08-12T05:43:55Z] [276/354] NEW wnba_stats_pbp/wnba_play_by_play_2020.csv.gz 1.64 MB
[2026-08-12T05:43:59Z] [277/354] NEW wnba_stats_possessions/wnba_possessions_2020.parquet 0.30 MB
[2026-08-12T05:44:02Z] [278/354] NEW wnba_stats_possessions/wnba_possessions_2020.rds 0.25 MB
[2026-08-12T05:44:03Z] [279/354] NEW wnba_stats_possessions/wnba_possessions_2020.csv.gz 0.45 MB
[2026-08-12T05:44:06Z] [280/354] NEW wnba_stats_game_lineups/wnba_lineups_2020.parquet 0.08 MB
[2026-08-12T05:44:07Z] [281/354] NEW wnba_stats_game_lineups/wnba_lineups_2020.rds 0.08 MB
[2026-08-12T05:44:09Z] [282/354] NEW wnba_stats_game_lineups/wnba_lineups_2020.csv.gz 0.16 MB
[2026-08-12T05:44:10Z] [283/354] NEW wnba_stats_schedules/wnba_schedule_2021.parquet 0.01 MB
[2026-08-12T05:44:12Z] [284/354] NEW wnba_stats_schedules/wnba_schedule_2021.rds 0.00 MB
[2026-08-12T05:44:13Z] [285/354] NEW wnba_stats_schedules/wnba_schedule_2021.csv.gz 0.00 MB
[2026-08-12T05:44:15Z] [286/354] NEW wnba_stats_pbp/wnba_play_by_play_2021.parquet 1.58 MB
[2026-08-12T05:44:18Z] [287/354] NEW wnba_stats_pbp/wnba_play_by_play_2021.rds 1.84 MB
[2026-08-12T05:44:23Z] [288/354] NEW wnba_stats_pbp/wnba_play_by_play_2021.csv.gz 2.33 MB
[2026-08-12T05:44:30Z] [289/354] NEW wnba_stats_possessions/wnba_possessions_2021.parquet 0.42 MB
[2026-08-12T05:44:32Z] [290/354] NEW wnba_stats_possessions/wnba_possessions_2021.rds 0.35 MB
[2026-08-12T05:44:35Z] [291/354] NEW wnba_stats_possessions/wnba_possessions_2021.csv.gz 0.64 MB
[2026-08-12T05:44:38Z] [292/354] NEW wnba_stats_game_lineups/wnba_lineups_2021.parquet 0.11 MB
[2026-08-12T05:44:39Z] [293/354] NEW wnba_stats_game_lineups/wnba_lineups_2021.rds 0.11 MB
[2026-08-12T05:44:41Z] [294/354] NEW wnba_stats_game_lineups/wnba_lineups_2021.csv.gz 0.23 MB
[2026-08-12T05:44:44Z] [295/354] NEW wnba_stats_schedules/wnba_schedule_2022.parquet 0.01 MB
[2026-08-12T05:44:45Z] [296/354] NEW wnba_stats_schedules/wnba_schedule_2022.rds 0.00 MB
[2026-08-12T05:44:46Z] [297/354] NEW wnba_stats_schedules/wnba_schedule_2022.csv.gz 0.00 MB
[2026-08-12T05:44:48Z] [298/354] NEW wnba_stats_pbp/wnba_play_by_play_2022.parquet 1.83 MB
[2026-08-12T05:44:54Z] [299/354] NEW wnba_stats_pbp/wnba_play_by_play_2022.rds 2.13 MB
[2026-08-12T05:44:59Z] [300/354] NEW wnba_stats_pbp/wnba_play_by_play_2022.csv.gz 2.70 MB
[2026-08-12T05:45:05Z] [301/354] NEW wnba_stats_possessions/wnba_possessions_2022.parquet 0.47 MB
[2026-08-12T05:45:08Z] [302/354] NEW wnba_stats_possessions/wnba_possessions_2022.rds 0.40 MB
[2026-08-12T05:45:10Z] [303/354] NEW wnba_stats_possessions/wnba_possessions_2022.csv.gz 0.73 MB
[2026-08-12T05:45:13Z] [304/354] NEW wnba_stats_game_lineups/wnba_lineups_2022.parquet 0.12 MB
[2026-08-12T05:45:15Z] [305/354] NEW wnba_stats_game_lineups/wnba_lineups_2022.rds 0.12 MB
[2026-08-12T05:45:17Z] [306/354] NEW wnba_stats_game_lineups/wnba_lineups_2022.csv.gz 0.25 MB
[2026-08-12T05:45:19Z] [307/354] NEW wnba_stats_schedules/wnba_schedule_2023.parquet 0.01 MB
[2026-08-12T05:45:20Z] [308/354] NEW wnba_stats_schedules/wnba_schedule_2023.rds 0.01 MB
[2026-08-12T05:45:22Z] [309/354] NEW wnba_stats_schedules/wnba_schedule_2023.csv.gz 0.00 MB
[2026-08-12T05:45:23Z] [310/354] NEW wnba_stats_pbp/wnba_play_by_play_2023.parquet 1.97 MB
[2026-08-12T05:45:28Z] [311/354] NEW wnba_stats_pbp/wnba_play_by_play_2023.rds 2.33 MB
[2026-08-12T05:45:33Z] [312/354] NEW wnba_stats_pbp/wnba_play_by_play_2023.csv.gz 2.96 MB
[2026-08-12T05:45:38Z] [313/354] NEW wnba_stats_possessions/wnba_possessions_2023.parquet 0.51 MB
[2026-08-12T05:45:42Z] [314/354] NEW wnba_stats_possessions/wnba_possessions_2023.rds 0.43 MB
[2026-08-12T05:45:45Z] [315/354] NEW wnba_stats_possessions/wnba_possessions_2023.csv.gz 0.80 MB
[2026-08-12T05:45:49Z] [316/354] NEW wnba_stats_game_lineups/wnba_lineups_2023.parquet 0.13 MB
[2026-08-12T05:45:50Z] [317/354] NEW wnba_stats_game_lineups/wnba_lineups_2023.rds 0.13 MB
[2026-08-12T05:45:52Z] [318/354] NEW wnba_stats_game_lineups/wnba_lineups_2023.csv.gz 0.29 MB
[2026-08-12T05:45:54Z] [319/354] NEW wnba_stats_schedules/wnba_schedule_2024.parquet 0.01 MB
[2026-08-12T05:45:55Z] [320/354] NEW wnba_stats_schedules/wnba_schedule_2024.rds 0.01 MB
[2026-08-12T05:45:57Z] [321/354] NEW wnba_stats_schedules/wnba_schedule_2024.csv.gz 0.00 MB
[2026-08-12T05:45:58Z] [322/354] NEW wnba_stats_pbp/wnba_play_by_play_2024.parquet 1.99 MB
[2026-08-12T05:46:04Z] [323/354] NEW wnba_stats_pbp/wnba_play_by_play_2024.rds 2.32 MB
[2026-08-12T05:46:08Z] [324/354] NEW wnba_stats_pbp/wnba_play_by_play_2024.csv.gz 2.95 MB
[2026-08-12T05:46:15Z] [325/354] NEW wnba_stats_possessions/wnba_possessions_2024.parquet 0.49 MB
[2026-08-12T05:46:18Z] [326/354] NEW wnba_stats_possessions/wnba_possessions_2024.rds 0.43 MB
[2026-08-12T05:46:21Z] [327/354] NEW wnba_stats_possessions/wnba_possessions_2024.csv.gz 0.79 MB
[2026-08-12T05:46:24Z] [328/354] NEW wnba_stats_game_lineups/wnba_lineups_2024.parquet 0.12 MB
[2026-08-12T05:46:26Z] [329/354] NEW wnba_stats_game_lineups/wnba_lineups_2024.rds 0.12 MB
[2026-08-12T05:46:28Z] [330/354] NEW wnba_stats_game_lineups/wnba_lineups_2024.csv.gz 0.27 MB
[2026-08-12T05:46:30Z] [331/354] NEW wnba_stats_schedules/wnba_schedule_2025.parquet 0.01 MB
[2026-08-12T05:46:32Z] [332/354] NEW wnba_stats_schedules/wnba_schedule_2025.rds 0.01 MB
[2026-08-12T05:46:33Z] [333/354] NEW wnba_stats_schedules/wnba_schedule_2025.csv.gz 0.00 MB
[2026-08-12T05:46:35Z] [334/354] NEW wnba_stats_pbp/wnba_play_by_play_2025.parquet 2.39 MB
[2026-08-12T05:46:41Z] [335/354] NEW wnba_stats_pbp/wnba_play_by_play_2025.rds 2.77 MB
[2026-08-12T05:46:48Z] [336/354] NEW wnba_stats_pbp/wnba_play_by_play_2025.csv.gz 3.52 MB
[2026-08-12T05:46:57Z] [337/354] NEW wnba_stats_possessions/wnba_possessions_2025.parquet 0.58 MB
[2026-08-12T05:47:01Z] [338/354] NEW wnba_stats_possessions/wnba_possessions_2025.rds 0.50 MB
[2026-08-12T05:47:04Z] [339/354] NEW wnba_stats_possessions/wnba_possessions_2025.csv.gz 0.93 MB
[2026-08-12T05:47:07Z] [340/354] NEW wnba_stats_game_lineups/wnba_lineups_2025.parquet 0.14 MB
[2026-08-12T05:47:09Z] [341/354] NEW wnba_stats_game_lineups/wnba_lineups_2025.rds 0.14 MB
[2026-08-12T05:47:10Z] [342/354] NEW wnba_stats_game_lineups/wnba_lineups_2025.csv.gz 0.30 MB
[2026-08-12T05:47:13Z] [343/354] NEW wnba_stats_schedules/wnba_schedule_2026.parquet 0.01 MB
[2026-08-12T05:47:15Z] [344/354] NEW wnba_stats_schedules/wnba_schedule_2026.rds 0.00 MB
[2026-08-12T05:47:16Z] [345/354] NEW wnba_stats_schedules/wnba_schedule_2026.csv.gz 0.00 MB
[2026-08-12T05:47:17Z] [346/354] NEW wnba_stats_pbp/wnba_play_by_play_2026.parquet 1.70 MB
[2026-08-12T05:47:22Z] [347/354] NEW wnba_stats_pbp/wnba_play_by_play_2026.rds 1.93 MB
[2026-08-12T05:47:27Z] [348/354] NEW wnba_stats_pbp/wnba_play_by_play_2026.csv.gz 2.42 MB
[2026-08-12T05:47:33Z] [349/354] NEW wnba_stats_possessions/wnba_possessions_2026.parquet 0.38 MB
[2026-08-12T05:47:36Z] [350/354] NEW wnba_stats_possessions/wnba_possessions_2026.rds 0.37 MB
[2026-08-12T05:47:38Z] [351/354] NEW wnba_stats_possessions/wnba_possessions_2026.csv.gz 0.64 MB
[2026-08-12T05:47:42Z] [352/354] NEW wnba_stats_game_lineups/wnba_lineups_2026.parquet 0.13 MB
[2026-08-12T05:47:43Z] [353/354] NEW wnba_stats_game_lineups/wnba_lineups_2026.rds 0.12 MB
[2026-08-12T05:47:44Z] [354/354] NEW wnba_stats_game_lineups/wnba_lineups_2026.csv.gz 0.26 MB
[2026-08-12T05:47:47Z] done: 354 asset(s) uploaded + verified
[2026-08-12T05:47:47Z] uploading the README.md migration note to each touched tag
[2026-08-12T05:47:48Z]   uploaded wnba_stats_game_lineups/README.md
[2026-08-12T05:47:49Z]   uploaded wnba_stats_pbp/README.md
[2026-08-12T05:47:50Z]   uploaded wnba_stats_possessions/README.md
[2026-08-12T05:47:51Z]   uploaded wnba_stats_schedules/README.md
EXIT=0
