2026-06-19T11:44:00.847Z INFO  start_year=2026 end_year=2026 rescrape=FALSE run_id=20260619T114400Z log_path=logs/wnba_stats_01_pbp_2026_2026_20260619T114400Z.log msg="WNBA Stats pbp: seasons 2026-2026 | rescrape=FALSE"
2026-06-19T11:44:01.122Z INFO  n_proxies=50 msg="proxy pool loaded: 50 proxies"
2026-06-19T11:44:01.230Z INFO  phase=season 2026: schedule msg="phase start: season 2026: schedule"
2026-06-19T11:44:05.612Z INFO  phase=schedule season=2026 rows=226 games=113 msg="schedule ok"
2026-06-19T11:44:05.628Z INFO  phase=season 2026: schedule elapsed_s=4.4 msg="phase end: season 2026: schedule"
2026-06-19T11:44:05.643Z INFO  phase=season 2026: player_game_logs msg="phase start: season 2026: player_game_logs"
2026-06-19T11:44:09.707Z INFO  phase=player_game_logs season=2026 rows=2254 players=201 msg="player_game_logs ok"
2026-06-19T11:44:09.709Z INFO  phase=season 2026: player_game_logs elapsed_s=3.97 msg="phase end: season 2026: player_game_logs"
2026-06-19T11:44:09.712Z INFO  phase=season 2026: pbp msg="phase start: season 2026: pbp"
2026-06-19T11:48:29.930Z WARN  phase=pbp game_id=1022600113 attempts=2 msg="pbp empty after retries"
2026-06-19T11:52:50.094Z WARN  phase=pbp game_id=1022600112 attempts=2 msg="pbp empty after retries"
2026-06-19T11:57:10.250Z WARN  phase=pbp game_id=1022600107 attempts=2 msg="pbp empty after retries"
2026-06-19T12:01:30.412Z WARN  phase=pbp game_id=1022600111 attempts=2 msg="pbp empty after retries"
2026-06-19T12:05:50.577Z WARN  phase=pbp game_id=1022600108 attempts=2 msg="pbp empty after retries"
2026-06-19T12:10:10.742Z WARN  phase=pbp game_id=1022600110 attempts=2 msg="pbp empty after retries"
2026-06-19T12:14:30.908Z WARN  phase=pbp game_id=1022600109 attempts=2 msg="pbp empty after retries"
2026-06-19T12:18:51.068Z WARN  phase=pbp game_id=1022600106 attempts=2 msg="pbp empty after retries"
2026-06-19T12:23:11.226Z WARN  phase=pbp game_id=1022600103 attempts=2 msg="pbp empty after retries"
2026-06-19T12:27:31.386Z WARN  phase=pbp game_id=1022600105 attempts=2 msg="pbp empty after retries"
2026-06-19T12:31:51.549Z WARN  phase=pbp game_id=1022600104 attempts=2 msg="pbp empty after retries"
2026-06-19T12:36:11.706Z WARN  phase=pbp game_id=1022600101 attempts=2 msg="pbp empty after retries"
2026-06-19T12:40:31.870Z WARN  phase=pbp game_id=1022600102 attempts=2 msg="pbp empty after retries"
2026-06-19T12:44:52.029Z WARN  phase=pbp game_id=1022600100 attempts=2 msg="pbp empty after retries"
2026-06-19T12:49:12.186Z WARN  phase=pbp game_id=1022600097 attempts=2 msg="pbp empty after retries"
2026-06-19T12:53:32.348Z WARN  phase=pbp game_id=1022600098 attempts=2 msg="pbp empty after retries"
2026-06-19T12:57:52.511Z WARN  phase=pbp game_id=1022600099 attempts=2 msg="pbp empty after retries"
2026-06-19T13:02:12.682Z WARN  phase=pbp game_id=1022600095 attempts=2 msg="pbp empty after retries"
2026-06-19T13:06:32.848Z WARN  phase=pbp game_id=1022600096 attempts=2 msg="pbp empty after retries"
2026-06-19T13:10:53.010Z WARN  phase=pbp game_id=1022600092 attempts=2 msg="pbp empty after retries"
2026-06-19T13:15:13.162Z WARN  phase=pbp game_id=1022600093 attempts=2 msg="pbp empty after retries"
2026-06-19T13:19:33.326Z WARN  phase=pbp game_id=1022600094 attempts=2 msg="pbp empty after retries"
2026-06-19T13:23:53.493Z WARN  phase=pbp game_id=1022600091 attempts=2 msg="pbp empty after retries"
2026-06-19T13:23:53.526Z DEBUG phase=pbp game_id=1022600089 source=json_cache rows=501 msg="pbp cache hit"
2026-06-19T13:23:53.544Z DEBUG phase=pbp game_id=1022600090 source=json_cache rows=417 msg="pbp cache hit"
2026-06-19T13:23:53.561Z DEBUG phase=pbp game_id=1022600087 source=json_cache rows=371 msg="pbp cache hit"
2026-06-19T13:23:53.583Z DEBUG phase=pbp game_id=1022600086 source=json_cache rows=385 msg="pbp cache hit"
2026-06-19T13:23:53.600Z DEBUG phase=pbp game_id=1022600088 source=json_cache rows=382 msg="pbp cache hit"
2026-06-19T13:23:53.620Z DEBUG phase=pbp game_id=1022600083 source=json_cache rows=435 msg="pbp cache hit"
2026-06-19T13:23:53.638Z DEBUG phase=pbp game_id=1022600085 source=json_cache rows=391 msg="pbp cache hit"
2026-06-19T13:23:53.656Z DEBUG phase=pbp game_id=1022600084 source=json_cache rows=417 msg="pbp cache hit"
2026-06-19T13:23:53.677Z DEBUG phase=pbp game_id=1022600082 source=json_cache rows=438 msg="pbp cache hit"
2026-06-19T13:23:53.697Z DEBUG phase=pbp game_id=1022600081 source=json_cache rows=446 msg="pbp cache hit"
2026-06-19T13:23:53.724Z DEBUG phase=pbp game_id=1022600080 source=json_cache rows=440 msg="pbp cache hit"
2026-06-19T13:23:53.752Z DEBUG phase=pbp game_id=1022600079 source=json_cache rows=454 msg="pbp cache hit"
2026-06-19T13:23:53.776Z DEBUG phase=pbp game_id=1022600077 source=json_cache rows=391 msg="pbp cache hit"
2026-06-19T13:23:53.800Z DEBUG phase=pbp game_id=1022600078 source=json_cache rows=387 msg="pbp cache hit"
2026-06-19T13:23:53.825Z DEBUG phase=pbp game_id=1022600076 source=json_cache rows=399 msg="pbp cache hit"
2026-06-19T13:23:53.852Z DEBUG phase=pbp game_id=1022600074 source=json_cache rows=417 msg="pbp cache hit"
2026-06-19T13:23:53.875Z DEBUG phase=pbp game_id=1022600075 source=json_cache rows=382 msg="pbp cache hit"
2026-06-19T13:23:53.901Z DEBUG phase=pbp game_id=1022600072 source=json_cache rows=406 msg="pbp cache hit"
2026-06-19T13:23:53.926Z DEBUG phase=pbp game_id=1022600073 source=json_cache rows=391 msg="pbp cache hit"
2026-06-19T13:23:53.952Z DEBUG phase=pbp game_id=1022600071 source=json_cache rows=402 msg="pbp cache hit"
2026-06-19T13:23:53.977Z DEBUG phase=pbp game_id=1022600070 source=json_cache rows=375 msg="pbp cache hit"
2026-06-19T13:23:54.002Z DEBUG phase=pbp game_id=1022600068 source=json_cache rows=382 msg="pbp cache hit"
2026-06-19T13:23:54.027Z DEBUG phase=pbp game_id=1022600066 source=json_cache rows=383 msg="pbp cache hit"
2026-06-19T13:23:54.052Z DEBUG phase=pbp game_id=1022600069 source=json_cache rows=400 msg="pbp cache hit"
2026-06-19T13:23:54.080Z DEBUG phase=pbp game_id=1022600067 source=json_cache rows=444 msg="pbp cache hit"
2026-06-19T13:23:54.112Z DEBUG phase=pbp game_id=1022600064 source=json_cache rows=421 msg="pbp cache hit"
2026-06-19T13:23:54.134Z DEBUG phase=pbp game_id=1022600065 source=json_cache rows=356 msg="pbp cache hit"
2026-06-19T13:23:54.160Z DEBUG phase=pbp game_id=1022600063 source=json_cache rows=416 msg="pbp cache hit"
2026-06-19T13:23:54.187Z DEBUG phase=pbp game_id=1022600061 source=json_cache rows=449 msg="pbp cache hit"
2026-06-19T13:23:54.211Z DEBUG phase=pbp game_id=1022600060 source=json_cache rows=391 msg="pbp cache hit"
2026-06-19T13:23:54.246Z DEBUG phase=pbp game_id=1022600062 source=json_cache rows=432 msg="pbp cache hit"
2026-06-19T13:23:54.270Z DEBUG phase=pbp game_id=1022600056 source=json_cache rows=386 msg="pbp cache hit"
2026-06-19T13:23:54.297Z DEBUG phase=pbp game_id=1022600058 source=json_cache rows=414 msg="pbp cache hit"
2026-06-19T13:23:54.323Z DEBUG phase=pbp game_id=1022600057 source=json_cache rows=416 msg="pbp cache hit"
2026-06-19T13:23:54.347Z DEBUG phase=pbp game_id=1022600059 source=json_cache rows=389 msg="pbp cache hit"
2026-06-19T13:23:54.371Z DEBUG phase=pbp game_id=1022600054 source=json_cache rows=375 msg="pbp cache hit"
2026-06-19T13:23:54.397Z DEBUG phase=pbp game_id=1022600055 source=json_cache rows=439 msg="pbp cache hit"
2026-06-19T13:23:54.423Z DEBUG phase=pbp game_id=1022600050 source=json_cache rows=425 msg="pbp cache hit"
2026-06-19T13:23:54.447Z DEBUG phase=pbp game_id=1022600049 source=json_cache rows=396 msg="pbp cache hit"
2026-06-19T13:23:54.472Z DEBUG phase=pbp game_id=1022600052 source=json_cache rows=418 msg="pbp cache hit"
2026-06-19T13:23:54.494Z DEBUG phase=pbp game_id=1022600051 source=json_cache rows=357 msg="pbp cache hit"
2026-06-19T13:23:54.520Z DEBUG phase=pbp game_id=1022600053 source=json_cache rows=406 msg="pbp cache hit"
2026-06-19T13:23:54.546Z DEBUG phase=pbp game_id=1022600048 source=json_cache rows=435 msg="pbp cache hit"
2026-06-19T13:23:54.579Z DEBUG phase=pbp game_id=1022600047 source=json_cache rows=414 msg="pbp cache hit"
2026-06-19T13:23:54.603Z DEBUG phase=pbp game_id=1022600045 source=json_cache rows=380 msg="pbp cache hit"
2026-06-19T13:23:54.628Z DEBUG phase=pbp game_id=1022600044 source=json_cache rows=408 msg="pbp cache hit"
2026-06-19T13:23:54.654Z DEBUG phase=pbp game_id=1022600046 source=json_cache rows=428 msg="pbp cache hit"
2026-06-19T13:23:54.681Z DEBUG phase=pbp game_id=1022600041 source=json_cache rows=450 msg="pbp cache hit"
2026-06-19T13:23:54.706Z DEBUG phase=pbp game_id=1022600042 source=json_cache rows=414 msg="pbp cache hit"
2026-06-19T13:23:54.730Z DEBUG phase=pbp game_id=1022600043 source=json_cache rows=405 msg="pbp cache hit"
2026-06-19T13:23:54.758Z DEBUG phase=pbp game_id=1022600039 source=json_cache rows=462 msg="pbp cache hit"
2026-06-19T13:23:54.781Z DEBUG phase=pbp game_id=1022600038 source=json_cache rows=379 msg="pbp cache hit"
2026-06-19T13:23:54.804Z DEBUG phase=pbp game_id=1022600040 source=json_cache rows=371 msg="pbp cache hit"
2026-06-19T13:23:54.830Z DEBUG phase=pbp game_id=1022600035 source=json_cache rows=399 msg="pbp cache hit"
2026-06-19T13:23:54.855Z DEBUG phase=pbp game_id=1022600037 source=json_cache rows=424 msg="pbp cache hit"
2026-06-19T13:23:54.880Z DEBUG phase=pbp game_id=1022600036 source=json_cache rows=395 msg="pbp cache hit"
2026-06-19T13:23:54.903Z DEBUG phase=pbp game_id=1022600033 source=json_cache rows=390 msg="pbp cache hit"
2026-06-19T13:23:54.929Z DEBUG phase=pbp game_id=1022600032 source=json_cache rows=410 msg="pbp cache hit"
2026-06-19T13:23:54.953Z DEBUG phase=pbp game_id=1022600034 source=json_cache rows=409 msg="pbp cache hit"
2026-06-19T13:23:54.984Z DEBUG phase=pbp game_id=1022600031 source=json_cache rows=403 msg="pbp cache hit"
2026-06-19T13:23:55.011Z DEBUG phase=pbp game_id=1022600030 source=json_cache rows=426 msg="pbp cache hit"
2026-06-19T13:23:55.034Z DEBUG phase=pbp game_id=1022600029 source=json_cache rows=363 msg="pbp cache hit"
2026-06-19T13:23:55.060Z DEBUG phase=pbp game_id=1022600028 source=json_cache rows=423 msg="pbp cache hit"
2026-06-19T13:23:55.085Z DEBUG phase=pbp game_id=1022600027 source=json_cache rows=424 msg="pbp cache hit"
2026-06-19T13:23:55.109Z DEBUG phase=pbp game_id=1022600025 source=json_cache rows=409 msg="pbp cache hit"
2026-06-19T13:23:55.136Z DEBUG phase=pbp game_id=1022600026 source=json_cache rows=456 msg="pbp cache hit"
2026-06-19T13:23:55.160Z DEBUG phase=pbp game_id=1022600023 source=json_cache rows=379 msg="pbp cache hit"
2026-06-19T13:23:55.187Z DEBUG phase=pbp game_id=1022600024 source=json_cache rows=448 msg="pbp cache hit"
2026-06-19T13:23:55.212Z DEBUG phase=pbp game_id=1022600021 source=json_cache rows=409 msg="pbp cache hit"
2026-06-19T13:23:55.241Z DEBUG phase=pbp game_id=1022600022 source=json_cache rows=501 msg="pbp cache hit"
2026-06-19T13:23:55.265Z DEBUG phase=pbp game_id=1022600020 source=json_cache rows=413 msg="pbp cache hit"
2026-06-19T13:23:55.289Z DEBUG phase=pbp game_id=1022600019 source=json_cache rows=373 msg="pbp cache hit"
2026-06-19T13:23:55.313Z DEBUG phase=pbp game_id=1022600018 source=json_cache rows=394 msg="pbp cache hit"
2026-06-19T13:23:55.343Z DEBUG phase=pbp game_id=1022600017 source=json_cache rows=408 msg="pbp cache hit"
2026-06-19T13:23:55.368Z DEBUG phase=pbp game_id=1022600016 source=json_cache rows=411 msg="pbp cache hit"
2026-06-19T13:23:55.387Z DEBUG phase=pbp game_id=1022600015 source=json_cache rows=377 msg="pbp cache hit"
2026-06-19T13:23:55.411Z DEBUG phase=pbp game_id=1022600012 source=json_cache rows=388 msg="pbp cache hit"
2026-06-19T13:23:55.436Z DEBUG phase=pbp game_id=1022600013 source=json_cache rows=430 msg="pbp cache hit"
2026-06-19T13:23:55.459Z DEBUG phase=pbp game_id=1022600014 source=json_cache rows=377 msg="pbp cache hit"
2026-06-19T13:23:55.483Z DEBUG phase=pbp game_id=1022600009 source=json_cache rows=401 msg="pbp cache hit"
2026-06-19T13:23:55.509Z DEBUG phase=pbp game_id=1022600007 source=json_cache rows=435 msg="pbp cache hit"
2026-06-19T13:25:13.329Z DEBUG phase=pbp game_id=1022600008 source=json_cache rows=487 msg="pbp cache hit"
2026-06-19T13:29:33.508Z DEBUG phase=pbp game_id=1022600011 source=json_cache rows=354 msg="pbp cache hit"
2026-06-19T13:33:53.679Z DEBUG phase=pbp game_id=1022600004 source=json_cache rows=437 msg="pbp cache hit"
2026-06-19T13:33:53.709Z DEBUG phase=pbp game_id=1022600005 source=json_cache rows=375 msg="pbp cache hit"
2026-06-19T13:33:53.733Z DEBUG phase=pbp game_id=1022600006 source=json_cache rows=417 msg="pbp cache hit"
2026-06-19T13:33:53.766Z DEBUG phase=pbp game_id=1022600010 source=json_cache rows=459 msg="pbp cache hit"
2026-06-19T13:33:53.792Z DEBUG phase=pbp game_id=1022600001 source=json_cache rows=448 msg="pbp cache hit"
2026-06-19T13:33:53.819Z DEBUG phase=pbp game_id=1022600002 source=json_cache rows=465 msg="pbp cache hit"
2026-06-19T13:33:53.844Z DEBUG phase=pbp game_id=1022600003 source=json_cache rows=423 msg="pbp cache hit"
2026-06-19T13:38:44.081Z WARN  phase=pbp game_id=1022600113 attempts=2 msg="pbp empty after retries"
2026-06-19T13:43:04.235Z WARN  phase=pbp game_id=1022600112 attempts=2 msg="pbp empty after retries"
2026-06-19T13:47:24.399Z WARN  phase=pbp game_id=1022600107 attempts=2 msg="pbp empty after retries"
2026-06-19T13:51:44.563Z WARN  phase=pbp game_id=1022600111 attempts=2 msg="pbp empty after retries"
2026-06-19T13:56:04.731Z WARN  phase=pbp game_id=1022600108 attempts=2 msg="pbp empty after retries"
2026-06-19T14:00:24.889Z WARN  phase=pbp game_id=1022600110 attempts=2 msg="pbp empty after retries"
2026-06-19T14:04:45.050Z WARN  phase=pbp game_id=1022600109 attempts=2 msg="pbp empty after retries"
2026-06-19T14:09:05.211Z WARN  phase=pbp game_id=1022600106 attempts=2 msg="pbp empty after retries"
2026-06-19T14:13:25.394Z WARN  phase=pbp game_id=1022600103 attempts=2 msg="pbp empty after retries"
2026-06-19T14:17:45.564Z WARN  phase=pbp game_id=1022600105 attempts=2 msg="pbp empty after retries"
2026-06-19T14:22:05.729Z WARN  phase=pbp game_id=1022600104 attempts=2 msg="pbp empty after retries"
2026-06-19T14:26:25.886Z WARN  phase=pbp game_id=1022600101 attempts=2 msg="pbp empty after retries"
2026-06-19T14:30:46.047Z WARN  phase=pbp game_id=1022600102 attempts=2 msg="pbp empty after retries"
2026-06-19T14:35:06.198Z WARN  phase=pbp game_id=1022600100 attempts=2 msg="pbp empty after retries"
2026-06-19T14:39:26.359Z WARN  phase=pbp game_id=1022600097 attempts=2 msg="pbp empty after retries"
2026-06-19T14:43:46.522Z WARN  phase=pbp game_id=1022600098 attempts=2 msg="pbp empty after retries"
2026-06-19T14:48:06.688Z WARN  phase=pbp game_id=1022600099 attempts=2 msg="pbp empty after retries"
2026-06-19T14:52:26.850Z WARN  phase=pbp game_id=1022600095 attempts=2 msg="pbp empty after retries"
2026-06-19T14:56:47.012Z WARN  phase=pbp game_id=1022600096 attempts=2 msg="pbp empty after retries"
2026-06-19T15:01:07.176Z WARN  phase=pbp game_id=1022600092 attempts=2 msg="pbp empty after retries"
2026-06-19T15:05:27.340Z WARN  phase=pbp game_id=1022600093 attempts=2 msg="pbp empty after retries"
2026-06-19T15:09:47.504Z WARN  phase=pbp game_id=1022600094 attempts=2 msg="pbp empty after retries"
2026-06-19T15:14:07.669Z WARN  phase=pbp game_id=1022600091 attempts=2 msg="pbp empty after retries"
2026-06-19T15:14:07.678Z INFO  phase=pbp season=2026 retried=23 recovered=0 still_failed=23 msg="pbp cool-off pass complete"
2026-06-19T15:14:15.505Z INFO  phase=pbp season=2026 rows=37031 games_total=113 games_ok=90 games_failed=23 msg="pbp ok"
2026-06-19T15:14:15.507Z INFO  phase=season 2026: pbp elapsed_s=12605.79 msg="phase end: season 2026: pbp"
2026-06-19T15:14:15.511Z INFO  phase=master schedule msg="phase start: master schedule"
2026-06-19T15:14:17.535Z INFO  phase=master_schedule rows=226 games=113 seasons_covered=1 msg="master schedule ok"
2026-06-19T15:14:17.537Z INFO  phase=master schedule elapsed_s=2.02 msg="phase end: master schedule"
2026-06-19T15:14:17.541Z INFO  phase=manifest upload msg="phase start: manifest upload"
2026-06-19T15:14:21.480Z INFO  phase=manifest upload elapsed_s=3.94 msg="phase end: manifest upload"
2026-06-19T15:14:21.510Z INFO  start_year=2026 end_year=2026 msg="pipeline complete"
