2026-06-04T10:55:29.299Z INFO  start_year=2026 end_year=2026 rescrape=FALSE run_id=20260604T105529Z log_path=logs/wnba_stats_01_pbp_2026_2026_20260604T105529Z.log msg="WNBA Stats pbp: seasons 2026-2026 | rescrape=FALSE"
2026-06-04T10:55:29.628Z INFO  n_proxies=50 msg="proxy pool loaded: 50 proxies"
2026-06-04T10:55:29.738Z INFO  phase=season 2026: schedule msg="phase start: season 2026: schedule"
2026-06-04T10:55:36.939Z INFO  phase=schedule season=2026 rows=142 games=71 msg="schedule ok"
2026-06-04T10:55:36.940Z INFO  phase=season 2026: schedule elapsed_s=7.2 msg="phase end: season 2026: schedule"
2026-06-04T10:55:37.072Z INFO  phase=season 2026: player_game_logs msg="phase start: season 2026: player_game_logs"
2026-06-04T10:55:41.427Z INFO  phase=player_game_logs season=2026 rows=1418 players=197 msg="player_game_logs ok"
2026-06-04T10:55:41.429Z INFO  phase=season 2026: player_game_logs elapsed_s=4.36 msg="phase end: season 2026: player_game_logs"
2026-06-04T10:55:41.433Z INFO  phase=season 2026: pbp msg="phase start: season 2026: pbp"
2026-06-04T11:00:01.668Z WARN  phase=pbp game_id=1022600070 attempts=2 msg="pbp empty after retries"
2026-06-04T11:04:21.848Z WARN  phase=pbp game_id=1022600071 attempts=2 msg="pbp empty after retries"
2026-06-04T11:08:42.029Z WARN  phase=pbp game_id=1022600066 attempts=2 msg="pbp empty after retries"
2026-06-04T11:13:02.202Z WARN  phase=pbp game_id=1022600067 attempts=2 msg="pbp empty after retries"
2026-06-04T11:17:22.371Z WARN  phase=pbp game_id=1022600068 attempts=2 msg="pbp empty after retries"
2026-06-04T11:21:42.564Z WARN  phase=pbp game_id=1022600069 attempts=2 msg="pbp empty after retries"
2026-06-04T11:26:02.729Z WARN  phase=pbp game_id=1022600065 attempts=2 msg="pbp empty after retries"
2026-06-04T11:30:22.903Z WARN  phase=pbp game_id=1022600064 attempts=2 msg="pbp empty after retries"
2026-06-04T11:34:43.075Z WARN  phase=pbp game_id=1022600063 attempts=2 msg="pbp empty after retries"
2026-06-04T11:39:03.293Z WARN  phase=pbp game_id=1022600061 attempts=2 msg="pbp empty after retries"
2026-06-04T11:43:23.493Z WARN  phase=pbp game_id=1022600062 attempts=2 msg="pbp empty after retries"
2026-06-04T11:47:43.668Z WARN  phase=pbp game_id=1022600060 attempts=2 msg="pbp empty after retries"
2026-06-04T11:47:43.701Z DEBUG phase=pbp game_id=1022600059 source=json_cache rows=389 msg="pbp cache hit"
2026-06-04T11:47:43.724Z DEBUG phase=pbp game_id=1022600058 source=json_cache rows=414 msg="pbp cache hit"
2026-06-04T11:47:43.747Z DEBUG phase=pbp game_id=1022600056 source=json_cache rows=386 msg="pbp cache hit"
2026-06-04T11:47:43.772Z DEBUG phase=pbp game_id=1022600057 source=json_cache rows=416 msg="pbp cache hit"
2026-06-04T11:47:43.795Z DEBUG phase=pbp game_id=1022600054 source=json_cache rows=375 msg="pbp cache hit"
2026-06-04T11:47:43.827Z DEBUG phase=pbp game_id=1022600055 source=json_cache rows=439 msg="pbp cache hit"
2026-06-04T11:47:43.848Z DEBUG phase=pbp game_id=1022600051 source=json_cache rows=357 msg="pbp cache hit"
2026-06-04T11:47:43.872Z DEBUG phase=pbp game_id=1022600050 source=json_cache rows=425 msg="pbp cache hit"
2026-06-04T11:47:43.895Z DEBUG phase=pbp game_id=1022600053 source=json_cache rows=406 msg="pbp cache hit"
2026-06-04T11:47:43.917Z DEBUG phase=pbp game_id=1022600049 source=json_cache rows=396 msg="pbp cache hit"
2026-06-04T11:47:43.941Z DEBUG phase=pbp game_id=1022600052 source=json_cache rows=418 msg="pbp cache hit"
2026-06-04T11:47:43.966Z DEBUG phase=pbp game_id=1022600047 source=json_cache rows=414 msg="pbp cache hit"
2026-06-04T11:47:43.991Z DEBUG phase=pbp game_id=1022600048 source=json_cache rows=435 msg="pbp cache hit"
2026-06-04T11:47:44.016Z DEBUG phase=pbp game_id=1022600046 source=json_cache rows=428 msg="pbp cache hit"
2026-06-04T11:47:44.041Z DEBUG phase=pbp game_id=1022600044 source=json_cache rows=408 msg="pbp cache hit"
2026-06-04T11:47:44.065Z DEBUG phase=pbp game_id=1022600045 source=json_cache rows=380 msg="pbp cache hit"
2026-06-04T11:47:44.093Z DEBUG phase=pbp game_id=1022600041 source=json_cache rows=450 msg="pbp cache hit"
2026-06-04T11:47:44.118Z DEBUG phase=pbp game_id=1022600042 source=json_cache rows=414 msg="pbp cache hit"
2026-06-04T11:47:44.143Z DEBUG phase=pbp game_id=1022600043 source=json_cache rows=405 msg="pbp cache hit"
2026-06-04T11:47:44.171Z DEBUG phase=pbp game_id=1022600039 source=json_cache rows=462 msg="pbp cache hit"
2026-06-04T11:47:44.194Z DEBUG phase=pbp game_id=1022600038 source=json_cache rows=379 msg="pbp cache hit"
2026-06-04T11:47:44.217Z DEBUG phase=pbp game_id=1022600040 source=json_cache rows=371 msg="pbp cache hit"
2026-06-04T11:47:44.241Z DEBUG phase=pbp game_id=1022600036 source=json_cache rows=395 msg="pbp cache hit"
2026-06-04T11:47:44.266Z DEBUG phase=pbp game_id=1022600035 source=json_cache rows=399 msg="pbp cache hit"
2026-06-04T11:47:44.292Z DEBUG phase=pbp game_id=1022600037 source=json_cache rows=424 msg="pbp cache hit"
2026-06-04T11:47:44.323Z DEBUG phase=pbp game_id=1022600032 source=json_cache rows=410 msg="pbp cache hit"
2026-06-04T11:47:44.346Z DEBUG phase=pbp game_id=1022600033 source=json_cache rows=390 msg="pbp cache hit"
2026-06-04T11:47:44.369Z DEBUG phase=pbp game_id=1022600034 source=json_cache rows=409 msg="pbp cache hit"
2026-06-04T11:47:44.393Z DEBUG phase=pbp game_id=1022600031 source=json_cache rows=403 msg="pbp cache hit"
2026-06-04T11:47:44.418Z DEBUG phase=pbp game_id=1022600030 source=json_cache rows=426 msg="pbp cache hit"
2026-06-04T11:47:44.440Z DEBUG phase=pbp game_id=1022600029 source=json_cache rows=363 msg="pbp cache hit"
2026-06-04T11:47:44.464Z DEBUG phase=pbp game_id=1022600025 source=json_cache rows=409 msg="pbp cache hit"
2026-06-04T11:47:44.489Z DEBUG phase=pbp game_id=1022600028 source=json_cache rows=423 msg="pbp cache hit"
2026-06-04T11:47:44.513Z DEBUG phase=pbp game_id=1022600027 source=json_cache rows=424 msg="pbp cache hit"
2026-06-04T11:47:44.540Z DEBUG phase=pbp game_id=1022600026 source=json_cache rows=456 msg="pbp cache hit"
2026-06-04T11:47:44.565Z DEBUG phase=pbp game_id=1022600021 source=json_cache rows=409 msg="pbp cache hit"
2026-06-04T11:47:44.587Z DEBUG phase=pbp game_id=1022600023 source=json_cache rows=379 msg="pbp cache hit"
2026-06-04T11:47:44.616Z DEBUG phase=pbp game_id=1022600022 source=json_cache rows=501 msg="pbp cache hit"
2026-06-04T11:47:44.642Z DEBUG phase=pbp game_id=1022600024 source=json_cache rows=448 msg="pbp cache hit"
2026-06-04T11:47:44.664Z DEBUG phase=pbp game_id=1022600019 source=json_cache rows=373 msg="pbp cache hit"
2026-06-04T11:47:44.687Z DEBUG phase=pbp game_id=1022600020 source=json_cache rows=413 msg="pbp cache hit"
2026-06-04T11:47:44.712Z DEBUG phase=pbp game_id=1022600016 source=json_cache rows=411 msg="pbp cache hit"
2026-06-04T11:47:44.729Z DEBUG phase=pbp game_id=1022600015 source=json_cache rows=377 msg="pbp cache hit"
2026-06-04T11:47:44.752Z DEBUG phase=pbp game_id=1022600018 source=json_cache rows=394 msg="pbp cache hit"
2026-06-04T11:47:44.782Z DEBUG phase=pbp game_id=1022600017 source=json_cache rows=408 msg="pbp cache hit"
2026-06-04T11:47:44.806Z DEBUG phase=pbp game_id=1022600012 source=json_cache rows=388 msg="pbp cache hit"
2026-06-04T11:47:44.828Z DEBUG phase=pbp game_id=1022600014 source=json_cache rows=377 msg="pbp cache hit"
2026-06-04T11:47:44.853Z DEBUG phase=pbp game_id=1022600013 source=json_cache rows=430 msg="pbp cache hit"
2026-06-04T11:47:44.877Z DEBUG phase=pbp game_id=1022600009 source=json_cache rows=401 msg="pbp cache hit"
2026-06-04T11:47:44.903Z DEBUG phase=pbp game_id=1022600007 source=json_cache rows=435 msg="pbp cache hit"
2026-06-04T11:47:44.931Z DEBUG phase=pbp game_id=1022600008 source=json_cache rows=487 msg="pbp cache hit"
2026-06-04T11:47:44.952Z DEBUG phase=pbp game_id=1022600011 source=json_cache rows=354 msg="pbp cache hit"
2026-06-04T11:47:44.975Z DEBUG phase=pbp game_id=1022600005 source=json_cache rows=375 msg="pbp cache hit"
2026-06-04T11:47:45.001Z DEBUG phase=pbp game_id=1022600010 source=json_cache rows=459 msg="pbp cache hit"
2026-06-04T11:47:45.025Z DEBUG phase=pbp game_id=1022600006 source=json_cache rows=417 msg="pbp cache hit"
2026-06-04T11:47:45.050Z DEBUG phase=pbp game_id=1022600004 source=json_cache rows=437 msg="pbp cache hit"
2026-06-04T11:47:45.075Z DEBUG phase=pbp game_id=1022600001 source=json_cache rows=448 msg="pbp cache hit"
2026-06-04T11:47:45.102Z DEBUG phase=pbp game_id=1022600002 source=json_cache rows=465 msg="pbp cache hit"
2026-06-04T11:47:45.126Z DEBUG phase=pbp game_id=1022600003 source=json_cache rows=423 msg="pbp cache hit"
2026-06-04T11:52:35.319Z WARN  phase=pbp game_id=1022600070 attempts=2 msg="pbp empty after retries"
2026-06-04T11:56:55.479Z WARN  phase=pbp game_id=1022600071 attempts=2 msg="pbp empty after retries"
2026-06-04T12:01:15.676Z WARN  phase=pbp game_id=1022600066 attempts=2 msg="pbp empty after retries"
2026-06-04T12:05:35.847Z WARN  phase=pbp game_id=1022600067 attempts=2 msg="pbp empty after retries"
2026-06-04T12:09:56.022Z WARN  phase=pbp game_id=1022600068 attempts=2 msg="pbp empty after retries"
2026-06-04T12:14:16.196Z WARN  phase=pbp game_id=1022600069 attempts=2 msg="pbp empty after retries"
2026-06-04T12:18:36.369Z WARN  phase=pbp game_id=1022600065 attempts=2 msg="pbp empty after retries"
2026-06-04T12:22:56.543Z WARN  phase=pbp game_id=1022600064 attempts=2 msg="pbp empty after retries"
2026-06-04T12:27:16.720Z WARN  phase=pbp game_id=1022600063 attempts=2 msg="pbp empty after retries"
2026-06-04T12:31:36.900Z WARN  phase=pbp game_id=1022600061 attempts=2 msg="pbp empty after retries"
2026-06-04T12:35:57.080Z WARN  phase=pbp game_id=1022600062 attempts=2 msg="pbp empty after retries"
2026-06-04T12:40:17.255Z WARN  phase=pbp game_id=1022600060 attempts=2 msg="pbp empty after retries"
2026-06-04T12:40:17.264Z INFO  phase=pbp season=2026 retried=12 recovered=0 still_failed=12 msg="pbp cool-off pass complete"
2026-06-04T12:40:23.684Z INFO  phase=pbp season=2026 rows=24319 games_total=71 games_ok=59 games_failed=12 msg="pbp ok"
2026-06-04T12:40:23.685Z INFO  phase=season 2026: pbp elapsed_s=6282.25 msg="phase end: season 2026: pbp"
2026-06-04T12:40:23.690Z INFO  phase=master schedule msg="phase start: master schedule"
2026-06-04T12:40:26.278Z INFO  phase=master_schedule rows=142 games=71 seasons_covered=1 msg="master schedule ok"
2026-06-04T12:40:26.280Z INFO  phase=master schedule elapsed_s=2.59 msg="phase end: master schedule"
2026-06-04T12:40:26.284Z INFO  phase=manifest upload msg="phase start: manifest upload"
2026-06-04T12:40:30.748Z INFO  phase=manifest upload elapsed_s=4.46 msg="phase end: manifest upload"
2026-06-04T12:40:30.778Z INFO  start_year=2026 end_year=2026 msg="pipeline complete"
