2026-06-21T10:50:30.244Z INFO  start_year=2026 end_year=2026 rescrape=FALSE run_id=20260621T105030Z log_path=logs/wnba_stats_01_pbp_2026_2026_20260621T105030Z.log msg="WNBA Stats pbp: seasons 2026-2026 | rescrape=FALSE"
2026-06-21T10:50:30.596Z INFO  n_proxies=50 msg="proxy pool loaded: 50 proxies"
2026-06-21T10:50:30.720Z INFO  phase=season 2026: schedule msg="phase start: season 2026: schedule"
2026-06-21T10:50:34.598Z INFO  phase=schedule season=2026 rows=238 games=119 msg="schedule ok"
2026-06-21T10:50:34.614Z INFO  phase=season 2026: schedule elapsed_s=3.89 msg="phase end: season 2026: schedule"
2026-06-21T10:50:34.630Z INFO  phase=season 2026: player_game_logs msg="phase start: season 2026: player_game_logs"
2026-06-21T10:50:38.320Z INFO  phase=player_game_logs season=2026 rows=2369 players=202 msg="player_game_logs ok"
2026-06-21T10:50:38.322Z INFO  phase=season 2026: player_game_logs elapsed_s=3.59 msg="phase end: season 2026: player_game_logs"
2026-06-21T10:50:38.325Z INFO  phase=season 2026: pbp msg="phase start: season 2026: pbp"
2026-06-21T10:54:58.550Z WARN  phase=pbp game_id=1022600118 attempts=2 msg="pbp empty after retries"
2026-06-21T10:59:18.720Z WARN  phase=pbp game_id=1022600119 attempts=2 msg="pbp empty after retries"
2026-06-21T11:03:38.893Z WARN  phase=pbp game_id=1022600117 attempts=2 msg="pbp empty after retries"
2026-06-21T11:07:59.063Z WARN  phase=pbp game_id=1022600116 attempts=2 msg="pbp empty after retries"
2026-06-21T11:12:19.221Z WARN  phase=pbp game_id=1022600114 attempts=2 msg="pbp empty after retries"
2026-06-21T11:16:39.387Z WARN  phase=pbp game_id=1022600115 attempts=2 msg="pbp empty after retries"
2026-06-21T11:20:59.564Z WARN  phase=pbp game_id=1022600113 attempts=2 msg="pbp empty after retries"
2026-06-21T11:25:19.725Z WARN  phase=pbp game_id=1022600112 attempts=2 msg="pbp empty after retries"
2026-06-21T11:29:39.896Z WARN  phase=pbp game_id=1022600111 attempts=2 msg="pbp empty after retries"
2026-06-21T11:34:00.067Z WARN  phase=pbp game_id=1022600109 attempts=2 msg="pbp empty after retries"
2026-06-21T11:38:20.223Z WARN  phase=pbp game_id=1022600107 attempts=2 msg="pbp empty after retries"
2026-06-21T11:42:40.384Z WARN  phase=pbp game_id=1022600108 attempts=2 msg="pbp empty after retries"
2026-06-21T11:47:00.570Z WARN  phase=pbp game_id=1022600110 attempts=2 msg="pbp empty after retries"
2026-06-21T11:51:20.741Z WARN  phase=pbp game_id=1022600106 attempts=2 msg="pbp empty after retries"
2026-06-21T11:55:40.913Z WARN  phase=pbp game_id=1022600105 attempts=2 msg="pbp empty after retries"
2026-06-21T12:00:01.079Z WARN  phase=pbp game_id=1022600103 attempts=2 msg="pbp empty after retries"
2026-06-21T12:04:21.245Z WARN  phase=pbp game_id=1022600104 attempts=2 msg="pbp empty after retries"
2026-06-21T12:08:41.424Z WARN  phase=pbp game_id=1022600101 attempts=2 msg="pbp empty after retries"
2026-06-21T12:13:01.600Z WARN  phase=pbp game_id=1022600102 attempts=2 msg="pbp empty after retries"
2026-06-21T12:17:21.771Z WARN  phase=pbp game_id=1022600097 attempts=2 msg="pbp empty after retries"
2026-06-21T12:21:41.943Z WARN  phase=pbp game_id=1022600099 attempts=2 msg="pbp empty after retries"
2026-06-21T12:26:02.117Z WARN  phase=pbp game_id=1022600100 attempts=2 msg="pbp empty after retries"
2026-06-21T12:30:22.277Z WARN  phase=pbp game_id=1022600098 attempts=2 msg="pbp empty after retries"
2026-06-21T12:34:42.448Z WARN  phase=pbp game_id=1022600095 attempts=2 msg="pbp empty after retries"
2026-06-21T12:39:02.613Z WARN  phase=pbp game_id=1022600096 attempts=2 msg="pbp empty after retries"
2026-06-21T12:43:22.784Z WARN  phase=pbp game_id=1022600094 attempts=2 msg="pbp empty after retries"
2026-06-21T12:47:42.955Z WARN  phase=pbp game_id=1022600093 attempts=2 msg="pbp empty after retries"
2026-06-21T12:52:03.133Z WARN  phase=pbp game_id=1022600091 attempts=2 msg="pbp empty after retries"
2026-06-21T12:56:23.297Z WARN  phase=pbp game_id=1022600092 attempts=2 msg="pbp empty after retries"
2026-06-21T12:56:23.328Z DEBUG phase=pbp game_id=1022600090 source=json_cache rows=417 msg="pbp cache hit"
2026-06-21T12:56:23.356Z DEBUG phase=pbp game_id=1022600089 source=json_cache rows=501 msg="pbp cache hit"
2026-06-21T12:56:23.376Z DEBUG phase=pbp game_id=1022600086 source=json_cache rows=385 msg="pbp cache hit"
2026-06-21T12:56:23.396Z DEBUG phase=pbp game_id=1022600088 source=json_cache rows=382 msg="pbp cache hit"
2026-06-21T12:56:23.415Z DEBUG phase=pbp game_id=1022600087 source=json_cache rows=371 msg="pbp cache hit"
2026-06-21T12:56:23.436Z DEBUG phase=pbp game_id=1022600084 source=json_cache rows=417 msg="pbp cache hit"
2026-06-21T12:56:23.459Z DEBUG phase=pbp game_id=1022600083 source=json_cache rows=435 msg="pbp cache hit"
2026-06-21T12:56:23.479Z DEBUG phase=pbp game_id=1022600085 source=json_cache rows=391 msg="pbp cache hit"
2026-06-21T12:56:23.500Z DEBUG phase=pbp game_id=1022600082 source=json_cache rows=438 msg="pbp cache hit"
2026-06-21T12:56:23.522Z DEBUG phase=pbp game_id=1022600081 source=json_cache rows=446 msg="pbp cache hit"
2026-06-21T12:56:23.546Z DEBUG phase=pbp game_id=1022600077 source=json_cache rows=391 msg="pbp cache hit"
2026-06-21T12:56:23.571Z DEBUG phase=pbp game_id=1022600078 source=json_cache rows=387 msg="pbp cache hit"
2026-06-21T12:56:23.603Z DEBUG phase=pbp game_id=1022600079 source=json_cache rows=454 msg="pbp cache hit"
2026-06-21T12:56:23.634Z DEBUG phase=pbp game_id=1022600080 source=json_cache rows=440 msg="pbp cache hit"
2026-06-21T12:56:23.671Z DEBUG phase=pbp game_id=1022600074 source=json_cache rows=417 msg="pbp cache hit"
2026-06-21T12:56:23.700Z DEBUG phase=pbp game_id=1022600076 source=json_cache rows=399 msg="pbp cache hit"
2026-06-21T12:56:23.728Z DEBUG phase=pbp game_id=1022600075 source=json_cache rows=382 msg="pbp cache hit"
2026-06-21T12:56:23.757Z DEBUG phase=pbp game_id=1022600073 source=json_cache rows=391 msg="pbp cache hit"
2026-06-21T12:56:23.786Z DEBUG phase=pbp game_id=1022600072 source=json_cache rows=406 msg="pbp cache hit"
2026-06-21T12:56:23.815Z DEBUG phase=pbp game_id=1022600071 source=json_cache rows=402 msg="pbp cache hit"
2026-06-21T12:56:23.842Z DEBUG phase=pbp game_id=1022600070 source=json_cache rows=375 msg="pbp cache hit"
2026-06-21T12:56:23.869Z DEBUG phase=pbp game_id=1022600066 source=json_cache rows=383 msg="pbp cache hit"
2026-06-21T12:56:23.898Z DEBUG phase=pbp game_id=1022600069 source=json_cache rows=400 msg="pbp cache hit"
2026-06-21T12:56:23.937Z DEBUG phase=pbp game_id=1022600067 source=json_cache rows=444 msg="pbp cache hit"
2026-06-21T12:56:23.965Z DEBUG phase=pbp game_id=1022600068 source=json_cache rows=382 msg="pbp cache hit"
2026-06-21T12:56:23.992Z DEBUG phase=pbp game_id=1022600065 source=json_cache rows=356 msg="pbp cache hit"
2026-06-21T12:56:24.022Z DEBUG phase=pbp game_id=1022600064 source=json_cache rows=421 msg="pbp cache hit"
2026-06-21T12:56:24.052Z DEBUG phase=pbp game_id=1022600063 source=json_cache rows=416 msg="pbp cache hit"
2026-06-21T12:56:24.084Z DEBUG phase=pbp game_id=1022600061 source=json_cache rows=449 msg="pbp cache hit"
2026-06-21T12:56:24.115Z DEBUG phase=pbp game_id=1022600062 source=json_cache rows=432 msg="pbp cache hit"
2026-06-21T12:56:24.142Z DEBUG phase=pbp game_id=1022600060 source=json_cache rows=391 msg="pbp cache hit"
2026-06-21T12:56:24.169Z DEBUG phase=pbp game_id=1022600056 source=json_cache rows=386 msg="pbp cache hit"
2026-06-21T12:56:24.197Z DEBUG phase=pbp game_id=1022600058 source=json_cache rows=414 msg="pbp cache hit"
2026-06-21T12:56:24.224Z DEBUG phase=pbp game_id=1022600059 source=json_cache rows=389 msg="pbp cache hit"
2026-06-21T12:56:24.253Z DEBUG phase=pbp game_id=1022600057 source=json_cache rows=416 msg="pbp cache hit"
2026-06-21T12:56:24.279Z DEBUG phase=pbp game_id=1022600054 source=json_cache rows=375 msg="pbp cache hit"
2026-06-21T12:56:24.309Z DEBUG phase=pbp game_id=1022600055 source=json_cache rows=439 msg="pbp cache hit"
2026-06-21T12:56:24.339Z DEBUG phase=pbp game_id=1022600052 source=json_cache rows=418 msg="pbp cache hit"
2026-06-21T12:56:24.367Z DEBUG phase=pbp game_id=1022600049 source=json_cache rows=396 msg="pbp cache hit"
2026-06-21T12:56:24.396Z DEBUG phase=pbp game_id=1022600053 source=json_cache rows=406 msg="pbp cache hit"
2026-06-21T12:56:24.421Z DEBUG phase=pbp game_id=1022600051 source=json_cache rows=357 msg="pbp cache hit"
2026-06-21T12:56:24.460Z DEBUG phase=pbp game_id=1022600050 source=json_cache rows=425 msg="pbp cache hit"
2026-06-21T12:56:24.491Z DEBUG phase=pbp game_id=1022600048 source=json_cache rows=435 msg="pbp cache hit"
2026-06-21T12:56:24.521Z DEBUG phase=pbp game_id=1022600047 source=json_cache rows=414 msg="pbp cache hit"
2026-06-21T12:56:24.549Z DEBUG phase=pbp game_id=1022600044 source=json_cache rows=408 msg="pbp cache hit"
2026-06-21T12:56:24.579Z DEBUG phase=pbp game_id=1022600046 source=json_cache rows=428 msg="pbp cache hit"
2026-06-21T12:56:24.606Z DEBUG phase=pbp game_id=1022600045 source=json_cache rows=380 msg="pbp cache hit"
2026-06-21T12:56:24.635Z DEBUG phase=pbp game_id=1022600043 source=json_cache rows=405 msg="pbp cache hit"
2026-06-21T12:56:24.664Z DEBUG phase=pbp game_id=1022600042 source=json_cache rows=414 msg="pbp cache hit"
2026-06-21T12:56:24.696Z DEBUG phase=pbp game_id=1022600041 source=json_cache rows=450 msg="pbp cache hit"
2026-06-21T12:56:24.723Z DEBUG phase=pbp game_id=1022600038 source=json_cache rows=379 msg="pbp cache hit"
2026-06-21T12:56:24.750Z DEBUG phase=pbp game_id=1022600040 source=json_cache rows=371 msg="pbp cache hit"
2026-06-21T12:56:24.784Z DEBUG phase=pbp game_id=1022600039 source=json_cache rows=462 msg="pbp cache hit"
2026-06-21T12:56:24.811Z DEBUG phase=pbp game_id=1022600035 source=json_cache rows=399 msg="pbp cache hit"
2026-06-21T12:56:24.837Z DEBUG phase=pbp game_id=1022600036 source=json_cache rows=395 msg="pbp cache hit"
2026-06-21T12:56:24.865Z DEBUG phase=pbp game_id=1022600037 source=json_cache rows=424 msg="pbp cache hit"
2026-06-21T12:56:24.889Z DEBUG phase=pbp game_id=1022600033 source=json_cache rows=390 msg="pbp cache hit"
2026-06-21T12:56:24.923Z DEBUG phase=pbp game_id=1022600032 source=json_cache rows=410 msg="pbp cache hit"
2026-06-21T12:56:24.951Z DEBUG phase=pbp game_id=1022600034 source=json_cache rows=409 msg="pbp cache hit"
2026-06-21T12:56:24.977Z DEBUG phase=pbp game_id=1022600031 source=json_cache rows=403 msg="pbp cache hit"
2026-06-21T12:56:25.005Z DEBUG phase=pbp game_id=1022600030 source=json_cache rows=426 msg="pbp cache hit"
2026-06-21T12:56:25.029Z DEBUG phase=pbp game_id=1022600029 source=json_cache rows=363 msg="pbp cache hit"
2026-06-21T12:56:25.056Z DEBUG phase=pbp game_id=1022600027 source=json_cache rows=424 msg="pbp cache hit"
2026-06-21T12:56:25.083Z DEBUG phase=pbp game_id=1022600025 source=json_cache rows=409 msg="pbp cache hit"
2026-06-21T12:56:25.112Z DEBUG phase=pbp game_id=1022600028 source=json_cache rows=423 msg="pbp cache hit"
2026-06-21T12:56:25.144Z DEBUG phase=pbp game_id=1022600026 source=json_cache rows=456 msg="pbp cache hit"
2026-06-21T12:56:25.178Z DEBUG phase=pbp game_id=1022600022 source=json_cache rows=501 msg="pbp cache hit"
2026-06-21T12:56:25.208Z DEBUG phase=pbp game_id=1022600024 source=json_cache rows=448 msg="pbp cache hit"
2026-06-21T12:56:25.233Z DEBUG phase=pbp game_id=1022600023 source=json_cache rows=379 msg="pbp cache hit"
2026-06-21T12:56:25.261Z DEBUG phase=pbp game_id=1022600021 source=json_cache rows=409 msg="pbp cache hit"
2026-06-21T12:56:25.287Z DEBUG phase=pbp game_id=1022600020 source=json_cache rows=413 msg="pbp cache hit"
2026-06-21T12:56:25.321Z DEBUG phase=pbp game_id=1022600019 source=json_cache rows=373 msg="pbp cache hit"
2026-06-21T12:56:25.351Z DEBUG phase=pbp game_id=1022600016 source=json_cache rows=411 msg="pbp cache hit"
2026-06-21T12:56:25.379Z DEBUG phase=pbp game_id=1022600018 source=json_cache rows=394 msg="pbp cache hit"
2026-06-21T12:56:25.400Z DEBUG phase=pbp game_id=1022600015 source=json_cache rows=377 msg="pbp cache hit"
2026-06-21T12:56:25.427Z DEBUG phase=pbp game_id=1022600017 source=json_cache rows=408 msg="pbp cache hit"
2026-06-21T12:56:25.457Z DEBUG phase=pbp game_id=1022600013 source=json_cache rows=430 msg="pbp cache hit"
2026-06-21T12:56:25.483Z DEBUG phase=pbp game_id=1022600012 source=json_cache rows=388 msg="pbp cache hit"
2026-06-21T12:56:25.510Z DEBUG phase=pbp game_id=1022600014 source=json_cache rows=377 msg="pbp cache hit"
2026-06-21T12:56:25.539Z DEBUG phase=pbp game_id=1022600009 source=json_cache rows=401 msg="pbp cache hit"
2026-06-21T12:56:25.563Z DEBUG phase=pbp game_id=1022600011 source=json_cache rows=354 msg="pbp cache hit"
2026-06-21T12:57:43.122Z DEBUG phase=pbp game_id=1022600007 source=json_cache rows=435 msg="pbp cache hit"
2026-06-21T13:02:03.310Z DEBUG phase=pbp game_id=1022600008 source=json_cache rows=487 msg="pbp cache hit"
2026-06-21T13:06:23.431Z DEBUG phase=pbp game_id=1022600010 source=json_cache rows=459 msg="pbp cache hit"
2026-06-21T13:06:23.475Z DEBUG phase=pbp game_id=1022600005 source=json_cache rows=375 msg="pbp cache hit"
2026-06-21T13:06:23.508Z DEBUG phase=pbp game_id=1022600006 source=json_cache rows=417 msg="pbp cache hit"
2026-06-21T13:06:23.543Z DEBUG phase=pbp game_id=1022600004 source=json_cache rows=437 msg="pbp cache hit"
2026-06-21T13:06:23.576Z DEBUG phase=pbp game_id=1022600003 source=json_cache rows=423 msg="pbp cache hit"
2026-06-21T13:06:23.611Z DEBUG phase=pbp game_id=1022600002 source=json_cache rows=465 msg="pbp cache hit"
2026-06-21T13:06:23.645Z DEBUG phase=pbp game_id=1022600001 source=json_cache rows=448 msg="pbp cache hit"
2026-06-21T13:11:13.874Z WARN  phase=pbp game_id=1022600118 attempts=2 msg="pbp empty after retries"
2026-06-21T13:15:34.048Z WARN  phase=pbp game_id=1022600119 attempts=2 msg="pbp empty after retries"
2026-06-21T13:19:54.219Z WARN  phase=pbp game_id=1022600117 attempts=2 msg="pbp empty after retries"
2026-06-21T13:24:14.415Z WARN  phase=pbp game_id=1022600116 attempts=2 msg="pbp empty after retries"
2026-06-21T13:28:34.588Z WARN  phase=pbp game_id=1022600114 attempts=2 msg="pbp empty after retries"
2026-06-21T13:32:54.781Z WARN  phase=pbp game_id=1022600115 attempts=2 msg="pbp empty after retries"
2026-06-21T13:37:14.953Z WARN  phase=pbp game_id=1022600113 attempts=2 msg="pbp empty after retries"
2026-06-21T13:41:35.122Z WARN  phase=pbp game_id=1022600112 attempts=2 msg="pbp empty after retries"
2026-06-21T13:45:55.293Z WARN  phase=pbp game_id=1022600111 attempts=2 msg="pbp empty after retries"
2026-06-21T13:50:15.464Z WARN  phase=pbp game_id=1022600109 attempts=2 msg="pbp empty after retries"
2026-06-21T13:54:35.636Z WARN  phase=pbp game_id=1022600107 attempts=2 msg="pbp empty after retries"
2026-06-21T13:58:55.810Z WARN  phase=pbp game_id=1022600108 attempts=2 msg="pbp empty after retries"
2026-06-21T14:03:15.973Z WARN  phase=pbp game_id=1022600110 attempts=2 msg="pbp empty after retries"
2026-06-21T14:07:36.134Z WARN  phase=pbp game_id=1022600106 attempts=2 msg="pbp empty after retries"
2026-06-21T14:11:56.287Z WARN  phase=pbp game_id=1022600105 attempts=2 msg="pbp empty after retries"
2026-06-21T14:16:16.457Z WARN  phase=pbp game_id=1022600103 attempts=2 msg="pbp empty after retries"
2026-06-21T14:20:36.628Z WARN  phase=pbp game_id=1022600104 attempts=2 msg="pbp empty after retries"
2026-06-21T14:24:56.797Z WARN  phase=pbp game_id=1022600101 attempts=2 msg="pbp empty after retries"
2026-06-21T14:29:16.965Z WARN  phase=pbp game_id=1022600102 attempts=2 msg="pbp empty after retries"
2026-06-21T14:33:37.134Z WARN  phase=pbp game_id=1022600097 attempts=2 msg="pbp empty after retries"
2026-06-21T14:37:57.299Z WARN  phase=pbp game_id=1022600099 attempts=2 msg="pbp empty after retries"
2026-06-21T14:42:17.469Z WARN  phase=pbp game_id=1022600100 attempts=2 msg="pbp empty after retries"
2026-06-21T14:46:37.634Z WARN  phase=pbp game_id=1022600098 attempts=2 msg="pbp empty after retries"
2026-06-21T14:50:57.919Z WARN  phase=pbp game_id=1022600095 attempts=2 msg="pbp empty after retries"
2026-06-21T14:55:18.080Z WARN  phase=pbp game_id=1022600096 attempts=2 msg="pbp empty after retries"
2026-06-21T14:59:38.238Z WARN  phase=pbp game_id=1022600094 attempts=2 msg="pbp empty after retries"
2026-06-21T15:03:58.400Z WARN  phase=pbp game_id=1022600093 attempts=2 msg="pbp empty after retries"
2026-06-21T15:08:18.564Z WARN  phase=pbp game_id=1022600091 attempts=2 msg="pbp empty after retries"
2026-06-21T15:12:38.729Z WARN  phase=pbp game_id=1022600092 attempts=2 msg="pbp empty after retries"
2026-06-21T15:12:38.739Z INFO  phase=pbp season=2026 retried=29 recovered=0 still_failed=29 msg="pbp cool-off pass complete"
2026-06-21T15:12:46.501Z INFO  phase=pbp season=2026 rows=37037 games_total=119 games_ok=90 games_failed=29 msg="pbp ok"
2026-06-21T15:12:46.503Z INFO  phase=season 2026: pbp elapsed_s=15728.18 msg="phase end: season 2026: pbp"
2026-06-21T15:12:46.507Z INFO  phase=master schedule msg="phase start: master schedule"
2026-06-21T15:12:48.383Z INFO  phase=master_schedule rows=238 games=119 seasons_covered=1 msg="master schedule ok"
2026-06-21T15:12:48.384Z INFO  phase=master schedule elapsed_s=1.88 msg="phase end: master schedule"
2026-06-21T15:12:48.395Z INFO  phase=manifest upload msg="phase start: manifest upload"
2026-06-21T15:12:51.624Z INFO  phase=manifest upload elapsed_s=3.23 msg="phase end: manifest upload"
2026-06-21T15:12:51.657Z INFO  start_year=2026 end_year=2026 msg="pipeline complete"
