2026-06-16T12:31:52.637Z INFO  start_year=2026 end_year=2026 rescrape=FALSE run_id=20260616T123152Z log_path=logs/wnba_stats_01_pbp_2026_2026_20260616T123152Z.log msg="WNBA Stats pbp: seasons 2026-2026 | rescrape=FALSE"
2026-06-16T12:31:53.101Z INFO  n_proxies=50 msg="proxy pool loaded: 50 proxies"
2026-06-16T12:31:53.213Z INFO  phase=season 2026: schedule msg="phase start: season 2026: schedule"
2026-06-16T12:31:58.081Z INFO  phase=schedule season=2026 rows=210 games=105 msg="schedule ok"
2026-06-16T12:31:58.096Z INFO  phase=season 2026: schedule elapsed_s=4.88 msg="phase end: season 2026: schedule"
2026-06-16T12:31:58.113Z INFO  phase=season 2026: player_game_logs msg="phase start: season 2026: player_game_logs"
2026-06-16T12:32:03.442Z INFO  phase=player_game_logs season=2026 rows=2096 players=201 msg="player_game_logs ok"
2026-06-16T12:32:03.444Z INFO  phase=season 2026: player_game_logs elapsed_s=5.24 msg="phase end: season 2026: player_game_logs"
2026-06-16T12:32:03.448Z INFO  phase=season 2026: pbp msg="phase start: season 2026: pbp"
2026-06-16T12:36:23.667Z WARN  phase=pbp game_id=1022600105 attempts=2 msg="pbp empty after retries"
2026-06-16T12:40:43.836Z WARN  phase=pbp game_id=1022600103 attempts=2 msg="pbp empty after retries"
2026-06-16T12:45:04.014Z WARN  phase=pbp game_id=1022600104 attempts=2 msg="pbp empty after retries"
2026-06-16T12:49:24.187Z WARN  phase=pbp game_id=1022600101 attempts=2 msg="pbp empty after retries"
2026-06-16T12:53:44.344Z WARN  phase=pbp game_id=1022600102 attempts=2 msg="pbp empty after retries"
2026-06-16T12:58:04.514Z WARN  phase=pbp game_id=1022600099 attempts=2 msg="pbp empty after retries"
2026-06-16T13:02:24.682Z WARN  phase=pbp game_id=1022600097 attempts=2 msg="pbp empty after retries"
2026-06-16T13:06:44.850Z WARN  phase=pbp game_id=1022600100 attempts=2 msg="pbp empty after retries"
2026-06-16T13:11:05.021Z WARN  phase=pbp game_id=1022600098 attempts=2 msg="pbp empty after retries"
2026-06-16T13:15:25.193Z WARN  phase=pbp game_id=1022600095 attempts=2 msg="pbp empty after retries"
2026-06-16T13:19:45.365Z WARN  phase=pbp game_id=1022600096 attempts=2 msg="pbp empty after retries"
2026-06-16T13:24:05.529Z WARN  phase=pbp game_id=1022600093 attempts=2 msg="pbp empty after retries"
2026-06-16T13:28:25.691Z WARN  phase=pbp game_id=1022600094 attempts=2 msg="pbp empty after retries"
2026-06-16T13:32:45.859Z WARN  phase=pbp game_id=1022600092 attempts=2 msg="pbp empty after retries"
2026-06-16T13:37:06.031Z WARN  phase=pbp game_id=1022600091 attempts=2 msg="pbp empty after retries"
2026-06-16T13:37:06.061Z DEBUG phase=pbp game_id=1022600090 source=json_cache rows=417 msg="pbp cache hit"
2026-06-16T13:37:06.084Z DEBUG phase=pbp game_id=1022600089 source=json_cache rows=501 msg="pbp cache hit"
2026-06-16T13:37:06.100Z DEBUG phase=pbp game_id=1022600087 source=json_cache rows=371 msg="pbp cache hit"
2026-06-16T13:37:06.117Z DEBUG phase=pbp game_id=1022600086 source=json_cache rows=385 msg="pbp cache hit"
2026-06-16T13:37:06.133Z DEBUG phase=pbp game_id=1022600088 source=json_cache rows=382 msg="pbp cache hit"
2026-06-16T13:37:06.150Z DEBUG phase=pbp game_id=1022600085 source=json_cache rows=391 msg="pbp cache hit"
2026-06-16T13:37:06.174Z DEBUG phase=pbp game_id=1022600084 source=json_cache rows=417 msg="pbp cache hit"
2026-06-16T13:37:06.193Z DEBUG phase=pbp game_id=1022600083 source=json_cache rows=435 msg="pbp cache hit"
2026-06-16T13:37:06.211Z DEBUG phase=pbp game_id=1022600082 source=json_cache rows=438 msg="pbp cache hit"
2026-06-16T13:37:06.229Z DEBUG phase=pbp game_id=1022600081 source=json_cache rows=446 msg="pbp cache hit"
2026-06-16T13:37:06.257Z DEBUG phase=pbp game_id=1022600079 source=json_cache rows=454 msg="pbp cache hit"
2026-06-16T13:37:06.280Z DEBUG phase=pbp game_id=1022600078 source=json_cache rows=387 msg="pbp cache hit"
2026-06-16T13:37:06.306Z DEBUG phase=pbp game_id=1022600080 source=json_cache rows=440 msg="pbp cache hit"
2026-06-16T13:37:06.330Z DEBUG phase=pbp game_id=1022600077 source=json_cache rows=391 msg="pbp cache hit"
2026-06-16T13:37:06.354Z DEBUG phase=pbp game_id=1022600075 source=json_cache rows=382 msg="pbp cache hit"
2026-06-16T13:37:06.378Z DEBUG phase=pbp game_id=1022600074 source=json_cache rows=417 msg="pbp cache hit"
2026-06-16T13:37:06.401Z DEBUG phase=pbp game_id=1022600076 source=json_cache rows=399 msg="pbp cache hit"
2026-06-16T13:37:06.424Z DEBUG phase=pbp game_id=1022600073 source=json_cache rows=391 msg="pbp cache hit"
2026-06-16T13:37:06.447Z DEBUG phase=pbp game_id=1022600072 source=json_cache rows=406 msg="pbp cache hit"
2026-06-16T13:37:06.471Z DEBUG phase=pbp game_id=1022600071 source=json_cache rows=402 msg="pbp cache hit"
2026-06-16T13:37:06.492Z DEBUG phase=pbp game_id=1022600070 source=json_cache rows=375 msg="pbp cache hit"
2026-06-16T13:37:06.515Z DEBUG phase=pbp game_id=1022600069 source=json_cache rows=400 msg="pbp cache hit"
2026-06-16T13:37:06.537Z DEBUG phase=pbp game_id=1022600068 source=json_cache rows=382 msg="pbp cache hit"
2026-06-16T13:37:06.564Z DEBUG phase=pbp game_id=1022600067 source=json_cache rows=444 msg="pbp cache hit"
2026-06-16T13:37:06.587Z DEBUG phase=pbp game_id=1022600066 source=json_cache rows=383 msg="pbp cache hit"
2026-06-16T13:37:06.608Z DEBUG phase=pbp game_id=1022600065 source=json_cache rows=356 msg="pbp cache hit"
2026-06-16T13:37:06.632Z DEBUG phase=pbp game_id=1022600064 source=json_cache rows=421 msg="pbp cache hit"
2026-06-16T13:37:06.661Z DEBUG phase=pbp game_id=1022600063 source=json_cache rows=416 msg="pbp cache hit"
2026-06-16T13:37:06.685Z DEBUG phase=pbp game_id=1022600062 source=json_cache rows=432 msg="pbp cache hit"
2026-06-16T13:37:06.707Z DEBUG phase=pbp game_id=1022600060 source=json_cache rows=391 msg="pbp cache hit"
2026-06-16T13:37:06.732Z DEBUG phase=pbp game_id=1022600061 source=json_cache rows=449 msg="pbp cache hit"
2026-06-16T13:37:06.755Z DEBUG phase=pbp game_id=1022600057 source=json_cache rows=416 msg="pbp cache hit"
2026-06-16T13:37:06.777Z DEBUG phase=pbp game_id=1022600059 source=json_cache rows=389 msg="pbp cache hit"
2026-06-16T13:37:06.798Z DEBUG phase=pbp game_id=1022600056 source=json_cache rows=386 msg="pbp cache hit"
2026-06-16T13:37:06.821Z DEBUG phase=pbp game_id=1022600058 source=json_cache rows=414 msg="pbp cache hit"
2026-06-16T13:37:06.845Z DEBUG phase=pbp game_id=1022600055 source=json_cache rows=439 msg="pbp cache hit"
2026-06-16T13:37:06.866Z DEBUG phase=pbp game_id=1022600054 source=json_cache rows=375 msg="pbp cache hit"
2026-06-16T13:37:06.890Z DEBUG phase=pbp game_id=1022600053 source=json_cache rows=406 msg="pbp cache hit"
2026-06-16T13:37:06.921Z DEBUG phase=pbp game_id=1022600052 source=json_cache rows=418 msg="pbp cache hit"
2026-06-16T13:37:06.943Z DEBUG phase=pbp game_id=1022600049 source=json_cache rows=396 msg="pbp cache hit"
2026-06-16T13:37:06.963Z DEBUG phase=pbp game_id=1022600051 source=json_cache rows=357 msg="pbp cache hit"
2026-06-16T13:37:06.987Z DEBUG phase=pbp game_id=1022600050 source=json_cache rows=425 msg="pbp cache hit"
2026-06-16T13:37:07.011Z DEBUG phase=pbp game_id=1022600048 source=json_cache rows=435 msg="pbp cache hit"
2026-06-16T13:37:07.035Z DEBUG phase=pbp game_id=1022600047 source=json_cache rows=414 msg="pbp cache hit"
2026-06-16T13:37:07.057Z DEBUG phase=pbp game_id=1022600045 source=json_cache rows=380 msg="pbp cache hit"
2026-06-16T13:37:07.099Z DEBUG phase=pbp game_id=1022600046 source=json_cache rows=428 msg="pbp cache hit"
2026-06-16T13:37:07.123Z DEBUG phase=pbp game_id=1022600044 source=json_cache rows=408 msg="pbp cache hit"
2026-06-16T13:37:07.147Z DEBUG phase=pbp game_id=1022600043 source=json_cache rows=405 msg="pbp cache hit"
2026-06-16T13:37:07.172Z DEBUG phase=pbp game_id=1022600041 source=json_cache rows=450 msg="pbp cache hit"
2026-06-16T13:37:07.195Z DEBUG phase=pbp game_id=1022600042 source=json_cache rows=414 msg="pbp cache hit"
2026-06-16T13:37:07.222Z DEBUG phase=pbp game_id=1022600039 source=json_cache rows=462 msg="pbp cache hit"
2026-06-16T13:37:07.243Z DEBUG phase=pbp game_id=1022600038 source=json_cache rows=379 msg="pbp cache hit"
2026-06-16T13:37:07.265Z DEBUG phase=pbp game_id=1022600040 source=json_cache rows=371 msg="pbp cache hit"
2026-06-16T13:37:07.288Z DEBUG phase=pbp game_id=1022600037 source=json_cache rows=424 msg="pbp cache hit"
2026-06-16T13:37:07.311Z DEBUG phase=pbp game_id=1022600036 source=json_cache rows=395 msg="pbp cache hit"
2026-06-16T13:37:07.334Z DEBUG phase=pbp game_id=1022600035 source=json_cache rows=399 msg="pbp cache hit"
2026-06-16T13:37:07.357Z DEBUG phase=pbp game_id=1022600032 source=json_cache rows=410 msg="pbp cache hit"
2026-06-16T13:37:07.381Z DEBUG phase=pbp game_id=1022600034 source=json_cache rows=409 msg="pbp cache hit"
2026-06-16T13:37:07.403Z DEBUG phase=pbp game_id=1022600033 source=json_cache rows=390 msg="pbp cache hit"
2026-06-16T13:37:07.426Z DEBUG phase=pbp game_id=1022600031 source=json_cache rows=403 msg="pbp cache hit"
2026-06-16T13:37:07.447Z DEBUG phase=pbp game_id=1022600029 source=json_cache rows=363 msg="pbp cache hit"
2026-06-16T13:37:07.472Z DEBUG phase=pbp game_id=1022600030 source=json_cache rows=426 msg="pbp cache hit"
2026-06-16T13:37:07.506Z DEBUG phase=pbp game_id=1022600026 source=json_cache rows=456 msg="pbp cache hit"
2026-06-16T13:37:07.530Z DEBUG phase=pbp game_id=1022600028 source=json_cache rows=423 msg="pbp cache hit"
2026-06-16T13:37:07.554Z DEBUG phase=pbp game_id=1022600025 source=json_cache rows=409 msg="pbp cache hit"
2026-06-16T13:37:07.578Z DEBUG phase=pbp game_id=1022600027 source=json_cache rows=424 msg="pbp cache hit"
2026-06-16T13:37:07.603Z DEBUG phase=pbp game_id=1022600024 source=json_cache rows=448 msg="pbp cache hit"
2026-06-16T13:37:07.626Z DEBUG phase=pbp game_id=1022600021 source=json_cache rows=409 msg="pbp cache hit"
2026-06-16T13:37:07.654Z DEBUG phase=pbp game_id=1022600022 source=json_cache rows=501 msg="pbp cache hit"
2026-06-16T13:37:07.675Z DEBUG phase=pbp game_id=1022600023 source=json_cache rows=379 msg="pbp cache hit"
2026-06-16T13:37:07.697Z DEBUG phase=pbp game_id=1022600019 source=json_cache rows=373 msg="pbp cache hit"
2026-06-16T13:37:07.722Z DEBUG phase=pbp game_id=1022600020 source=json_cache rows=413 msg="pbp cache hit"
2026-06-16T13:37:07.738Z DEBUG phase=pbp game_id=1022600015 source=json_cache rows=377 msg="pbp cache hit"
2026-06-16T13:37:07.761Z DEBUG phase=pbp game_id=1022600017 source=json_cache rows=408 msg="pbp cache hit"
2026-06-16T13:37:07.783Z DEBUG phase=pbp game_id=1022600016 source=json_cache rows=411 msg="pbp cache hit"
2026-06-16T13:37:07.806Z DEBUG phase=pbp game_id=1022600018 source=json_cache rows=394 msg="pbp cache hit"
2026-06-16T13:37:07.827Z DEBUG phase=pbp game_id=1022600014 source=json_cache rows=377 msg="pbp cache hit"
2026-06-16T13:37:07.858Z DEBUG phase=pbp game_id=1022600013 source=json_cache rows=430 msg="pbp cache hit"
2026-06-16T13:37:07.880Z DEBUG phase=pbp game_id=1022600012 source=json_cache rows=388 msg="pbp cache hit"
2026-06-16T13:37:07.904Z DEBUG phase=pbp game_id=1022600009 source=json_cache rows=401 msg="pbp cache hit"
2026-06-16T13:37:07.924Z DEBUG phase=pbp game_id=1022600011 source=json_cache rows=354 msg="pbp cache hit"
2026-06-16T13:38:25.837Z DEBUG phase=pbp game_id=1022600008 source=json_cache rows=487 msg="pbp cache hit"
2026-06-16T13:42:45.988Z DEBUG phase=pbp game_id=1022600007 source=json_cache rows=435 msg="pbp cache hit"
2026-06-16T13:47:06.165Z DEBUG phase=pbp game_id=1022600005 source=json_cache rows=375 msg="pbp cache hit"
2026-06-16T13:47:06.199Z DEBUG phase=pbp game_id=1022600004 source=json_cache rows=437 msg="pbp cache hit"
2026-06-16T13:47:06.226Z DEBUG phase=pbp game_id=1022600010 source=json_cache rows=459 msg="pbp cache hit"
2026-06-16T13:47:06.250Z DEBUG phase=pbp game_id=1022600006 source=json_cache rows=417 msg="pbp cache hit"
2026-06-16T13:47:06.274Z DEBUG phase=pbp game_id=1022600003 source=json_cache rows=423 msg="pbp cache hit"
2026-06-16T13:47:06.301Z DEBUG phase=pbp game_id=1022600001 source=json_cache rows=448 msg="pbp cache hit"
2026-06-16T13:47:06.327Z DEBUG phase=pbp game_id=1022600002 source=json_cache rows=465 msg="pbp cache hit"
2026-06-16T13:51:56.554Z WARN  phase=pbp game_id=1022600105 attempts=2 msg="pbp empty after retries"
2026-06-16T13:56:16.725Z WARN  phase=pbp game_id=1022600103 attempts=2 msg="pbp empty after retries"
2026-06-16T14:00:36.895Z WARN  phase=pbp game_id=1022600104 attempts=2 msg="pbp empty after retries"
2026-06-16T14:04:57.070Z WARN  phase=pbp game_id=1022600101 attempts=2 msg="pbp empty after retries"
2026-06-16T14:09:17.244Z WARN  phase=pbp game_id=1022600102 attempts=2 msg="pbp empty after retries"
2026-06-16T14:13:37.407Z WARN  phase=pbp game_id=1022600099 attempts=2 msg="pbp empty after retries"
2026-06-16T14:17:57.580Z WARN  phase=pbp game_id=1022600097 attempts=2 msg="pbp empty after retries"
2026-06-16T14:22:17.750Z WARN  phase=pbp game_id=1022600100 attempts=2 msg="pbp empty after retries"
2026-06-16T14:26:37.919Z WARN  phase=pbp game_id=1022600098 attempts=2 msg="pbp empty after retries"
2026-06-16T14:30:58.087Z WARN  phase=pbp game_id=1022600095 attempts=2 msg="pbp empty after retries"
2026-06-16T14:35:18.262Z WARN  phase=pbp game_id=1022600096 attempts=2 msg="pbp empty after retries"
2026-06-16T14:39:38.440Z WARN  phase=pbp game_id=1022600093 attempts=2 msg="pbp empty after retries"
2026-06-16T14:43:58.613Z WARN  phase=pbp game_id=1022600094 attempts=2 msg="pbp empty after retries"
2026-06-16T14:48:18.775Z WARN  phase=pbp game_id=1022600092 attempts=2 msg="pbp empty after retries"
2026-06-16T14:52:38.947Z WARN  phase=pbp game_id=1022600091 attempts=2 msg="pbp empty after retries"
2026-06-16T14:52:38.956Z INFO  phase=pbp season=2026 retried=15 recovered=0 still_failed=15 msg="pbp cool-off pass complete"
2026-06-16T14:52:47.973Z INFO  phase=pbp season=2026 rows=37023 games_total=105 games_ok=90 games_failed=15 msg="pbp ok"
2026-06-16T14:52:47.974Z INFO  phase=season 2026: pbp elapsed_s=8444.53 msg="phase end: season 2026: pbp"
2026-06-16T14:52:47.979Z INFO  phase=master schedule msg="phase start: master schedule"
2026-06-16T14:52:50.860Z INFO  phase=master_schedule rows=210 games=105 seasons_covered=1 msg="master schedule ok"
2026-06-16T14:52:50.862Z INFO  phase=master schedule elapsed_s=2.88 msg="phase end: master schedule"
2026-06-16T14:52:50.866Z INFO  phase=manifest upload msg="phase start: manifest upload"
2026-06-16T14:52:56.895Z INFO  phase=manifest upload elapsed_s=6.03 msg="phase end: manifest upload"
2026-06-16T14:52:56.926Z INFO  start_year=2026 end_year=2026 msg="pipeline complete"
