2026-07-13T10:53:11.340Z INFO  start_year=2026 end_year=2026 rescrape=FALSE run_id=20260713T105311Z log_path=logs/wnba_stats_01_pbp_2026_2026_20260713T105311Z.log msg="WNBA Stats pbp: seasons 2026-2026 | rescrape=FALSE"
2026-07-13T10:53:11.799Z INFO  n_proxies=50 msg="proxy pool loaded: 50 proxies"
2026-07-13T10:53:11.912Z INFO  phase=season 2026: schedule msg="phase start: season 2026: schedule"
2026-07-13T10:53:16.725Z INFO  phase=schedule season=2026 rows=348 games=174 msg="schedule ok"
2026-07-13T10:53:16.742Z INFO  phase=season 2026: schedule elapsed_s=4.83 msg="phase end: season 2026: schedule"
2026-07-13T10:53:16.759Z INFO  phase=season 2026: player_game_logs msg="phase start: season 2026: player_game_logs"
2026-07-13T10:53:21.564Z INFO  phase=player_game_logs season=2026 rows=3456 players=216 msg="player_game_logs ok"
2026-07-13T10:53:21.566Z INFO  phase=season 2026: player_game_logs elapsed_s=4.72 msg="phase end: season 2026: player_game_logs"
2026-07-13T10:53:21.570Z INFO  phase=season 2026: pbp msg="phase start: season 2026: pbp"
2026-07-13T10:57:41.802Z WARN  phase=pbp game_id=1022600174 attempts=2 msg="pbp empty after retries"
2026-07-13T11:02:01.978Z WARN  phase=pbp game_id=1022600172 attempts=2 msg="pbp empty after retries"
2026-07-13T11:06:22.160Z WARN  phase=pbp game_id=1022600173 attempts=2 msg="pbp empty after retries"
2026-07-13T11:10:42.333Z WARN  phase=pbp game_id=1022600171 attempts=2 msg="pbp empty after retries"
2026-07-13T11:15:02.502Z WARN  phase=pbp game_id=1022600170 attempts=2 msg="pbp empty after retries"
2026-07-13T11:19:22.672Z WARN  phase=pbp game_id=1022600169 attempts=2 msg="pbp empty after retries"
2026-07-13T11:23:42.844Z WARN  phase=pbp game_id=1022600168 attempts=2 msg="pbp empty after retries"
2026-07-13T11:28:03.018Z WARN  phase=pbp game_id=1022600166 attempts=2 msg="pbp empty after retries"
2026-07-13T11:32:23.192Z WARN  phase=pbp game_id=1022600165 attempts=2 msg="pbp empty after retries"
2026-07-13T11:36:43.366Z WARN  phase=pbp game_id=1022600167 attempts=2 msg="pbp empty after retries"
2026-07-13T11:41:03.534Z WARN  phase=pbp game_id=1022600164 attempts=2 msg="pbp empty after retries"
2026-07-13T11:45:23.705Z WARN  phase=pbp game_id=1022600163 attempts=2 msg="pbp empty after retries"
2026-07-13T11:49:43.878Z WARN  phase=pbp game_id=1022600162 attempts=2 msg="pbp empty after retries"
2026-07-13T11:54:04.040Z WARN  phase=pbp game_id=1022600161 attempts=2 msg="pbp empty after retries"
2026-07-13T11:58:24.209Z WARN  phase=pbp game_id=1022600159 attempts=2 msg="pbp empty after retries"
2026-07-13T12:02:44.380Z WARN  phase=pbp game_id=1022600160 attempts=2 msg="pbp empty after retries"
2026-07-13T12:07:04.549Z WARN  phase=pbp game_id=1022600158 attempts=2 msg="pbp empty after retries"
2026-07-13T12:11:24.722Z WARN  phase=pbp game_id=1022600157 attempts=2 msg="pbp empty after retries"
2026-07-13T12:15:44.890Z WARN  phase=pbp game_id=1022600154 attempts=2 msg="pbp empty after retries"
2026-07-13T12:20:05.067Z WARN  phase=pbp game_id=1022600156 attempts=2 msg="pbp empty after retries"
2026-07-13T12:24:25.241Z WARN  phase=pbp game_id=1022600155 attempts=2 msg="pbp empty after retries"
2026-07-13T12:28:45.414Z WARN  phase=pbp game_id=1022600153 attempts=2 msg="pbp empty after retries"
2026-07-13T12:33:05.586Z WARN  phase=pbp game_id=1022600152 attempts=2 msg="pbp empty after retries"
2026-07-13T12:37:25.763Z WARN  phase=pbp game_id=1022600151 attempts=2 msg="pbp empty after retries"
2026-07-13T12:41:45.931Z WARN  phase=pbp game_id=1022600150 attempts=2 msg="pbp empty after retries"
2026-07-13T12:46:06.099Z WARN  phase=pbp game_id=1022600149 attempts=2 msg="pbp empty after retries"
2026-07-13T12:50:26.285Z WARN  phase=pbp game_id=1022600148 attempts=2 msg="pbp empty after retries"
2026-07-13T12:54:46.454Z WARN  phase=pbp game_id=1022600146 attempts=2 msg="pbp empty after retries"
2026-07-13T12:59:06.623Z WARN  phase=pbp game_id=1022600145 attempts=2 msg="pbp empty after retries"
2026-07-13T13:03:26.799Z WARN  phase=pbp game_id=1022600147 attempts=2 msg="pbp empty after retries"
2026-07-13T13:03:26.836Z DEBUG phase=pbp game_id=1022600141 source=json_cache rows=375 msg="pbp cache hit"
2026-07-13T13:03:26.860Z DEBUG phase=pbp game_id=1022600144 source=json_cache rows=383 msg="pbp cache hit"
2026-07-13T13:03:26.901Z DEBUG phase=pbp game_id=1022600142 source=json_cache rows=629 msg="pbp cache hit"
2026-07-13T13:03:26.928Z DEBUG phase=pbp game_id=1022600143 source=json_cache rows=435 msg="pbp cache hit"
2026-07-13T13:03:26.948Z DEBUG phase=pbp game_id=1022600140 source=json_cache rows=398 msg="pbp cache hit"
2026-07-13T13:03:26.975Z DEBUG phase=pbp game_id=1022600139 source=json_cache rows=433 msg="pbp cache hit"
2026-07-13T13:03:26.994Z DEBUG phase=pbp game_id=1022600138 source=json_cache rows=398 msg="pbp cache hit"
2026-07-13T13:03:27.016Z DEBUG phase=pbp game_id=1022600135 source=json_cache rows=374 msg="pbp cache hit"
2026-07-13T13:03:27.041Z DEBUG phase=pbp game_id=1022600137 source=json_cache rows=420 msg="pbp cache hit"
2026-07-13T13:03:27.066Z DEBUG phase=pbp game_id=1022600136 source=json_cache rows=423 msg="pbp cache hit"
2026-07-13T13:03:27.086Z DEBUG phase=pbp game_id=1022600132 source=json_cache rows=437 msg="pbp cache hit"
2026-07-13T13:03:27.110Z DEBUG phase=pbp game_id=1022600134 source=json_cache rows=397 msg="pbp cache hit"
2026-07-13T13:03:27.135Z DEBUG phase=pbp game_id=1022600133 source=json_cache rows=398 msg="pbp cache hit"
2026-07-13T13:03:27.162Z DEBUG phase=pbp game_id=1022600131 source=json_cache rows=391 msg="pbp cache hit"
2026-07-13T13:03:27.192Z DEBUG phase=pbp game_id=1022600130 source=json_cache rows=427 msg="pbp cache hit"
2026-07-13T13:03:27.221Z DEBUG phase=pbp game_id=1022600129 source=json_cache rows=434 msg="pbp cache hit"
2026-07-13T13:03:27.247Z DEBUG phase=pbp game_id=1022600128 source=json_cache rows=390 msg="pbp cache hit"
2026-07-13T13:03:27.269Z DEBUG phase=pbp game_id=1022600127 source=json_cache rows=349 msg="pbp cache hit"
2026-07-13T13:03:27.295Z DEBUG phase=pbp game_id=1022600125 source=json_cache rows=421 msg="pbp cache hit"
2026-07-13T13:03:27.331Z DEBUG phase=pbp game_id=1022600123 source=json_cache rows=453 msg="pbp cache hit"
2026-07-13T13:03:27.359Z DEBUG phase=pbp game_id=1022600124 source=json_cache rows=449 msg="pbp cache hit"
2026-07-13T13:03:27.384Z DEBUG phase=pbp game_id=1022600126 source=json_cache rows=396 msg="pbp cache hit"
2026-07-13T13:03:27.408Z DEBUG phase=pbp game_id=1022600122 source=json_cache rows=394 msg="pbp cache hit"
2026-07-13T13:03:27.432Z DEBUG phase=pbp game_id=1022600121 source=json_cache rows=408 msg="pbp cache hit"
2026-07-13T13:03:27.453Z DEBUG phase=pbp game_id=1022600120 source=json_cache rows=339 msg="pbp cache hit"
2026-07-13T13:03:27.484Z DEBUG phase=pbp game_id=1022600117 source=json_cache rows=457 msg="pbp cache hit"
2026-07-13T13:03:27.508Z DEBUG phase=pbp game_id=1022600118 source=json_cache rows=377 msg="pbp cache hit"
2026-07-13T13:03:27.541Z DEBUG phase=pbp game_id=1022600119 source=json_cache rows=427 msg="pbp cache hit"
2026-07-13T13:03:27.566Z DEBUG phase=pbp game_id=1022600116 source=json_cache rows=410 msg="pbp cache hit"
2026-07-13T13:03:27.591Z DEBUG phase=pbp game_id=1022600115 source=json_cache rows=415 msg="pbp cache hit"
2026-07-13T13:03:27.616Z DEBUG phase=pbp game_id=1022600114 source=json_cache rows=407 msg="pbp cache hit"
2026-07-13T13:03:27.643Z DEBUG phase=pbp game_id=1022600113 source=json_cache rows=436 msg="pbp cache hit"
2026-07-13T13:03:27.669Z DEBUG phase=pbp game_id=1022600110 source=json_cache rows=406 msg="pbp cache hit"
2026-07-13T13:03:27.691Z DEBUG phase=pbp game_id=1022600109 source=json_cache rows=364 msg="pbp cache hit"
2026-07-13T13:03:27.714Z DEBUG phase=pbp game_id=1022600107 source=json_cache rows=383 msg="pbp cache hit"
2026-07-13T13:03:27.736Z DEBUG phase=pbp game_id=1022600111 source=json_cache rows=367 msg="pbp cache hit"
2026-07-13T13:03:27.759Z DEBUG phase=pbp game_id=1022600108 source=json_cache rows=391 msg="pbp cache hit"
2026-07-13T13:03:27.791Z DEBUG phase=pbp game_id=1022600112 source=json_cache rows=409 msg="pbp cache hit"
2026-07-13T13:03:27.817Z DEBUG phase=pbp game_id=1022600106 source=json_cache rows=425 msg="pbp cache hit"
2026-07-13T13:03:27.842Z DEBUG phase=pbp game_id=1022600104 source=json_cache rows=418 msg="pbp cache hit"
2026-07-13T13:03:27.865Z DEBUG phase=pbp game_id=1022600103 source=json_cache rows=365 msg="pbp cache hit"
2026-07-13T13:03:27.889Z DEBUG phase=pbp game_id=1022600105 source=json_cache rows=391 msg="pbp cache hit"
2026-07-13T13:03:27.913Z DEBUG phase=pbp game_id=1022600101 source=json_cache rows=400 msg="pbp cache hit"
2026-07-13T13:03:27.938Z DEBUG phase=pbp game_id=1022600102 source=json_cache rows=415 msg="pbp cache hit"
2026-07-13T13:03:27.955Z DEBUG phase=pbp game_id=1022600098 source=json_cache rows=372 msg="pbp cache hit"
2026-07-13T13:03:27.979Z DEBUG phase=pbp game_id=1022600097 source=json_cache rows=387 msg="pbp cache hit"
2026-07-13T13:03:28.006Z DEBUG phase=pbp game_id=1022600099 source=json_cache rows=421 msg="pbp cache hit"
2026-07-13T13:03:28.033Z DEBUG phase=pbp game_id=1022600100 source=json_cache rows=433 msg="pbp cache hit"
2026-07-13T13:03:28.059Z DEBUG phase=pbp game_id=1022600095 source=json_cache rows=411 msg="pbp cache hit"
2026-07-13T13:03:28.084Z DEBUG phase=pbp game_id=1022600096 source=json_cache rows=408 msg="pbp cache hit"
2026-07-13T13:03:28.111Z DEBUG phase=pbp game_id=1022600092 source=json_cache rows=435 msg="pbp cache hit"
2026-07-13T13:03:28.134Z DEBUG phase=pbp game_id=1022600093 source=json_cache rows=366 msg="pbp cache hit"
2026-07-13T13:03:28.167Z DEBUG phase=pbp game_id=1022600091 source=json_cache rows=519 msg="pbp cache hit"
2026-07-13T13:03:28.199Z DEBUG phase=pbp game_id=1022600094 source=json_cache rows=401 msg="pbp cache hit"
2026-07-13T13:03:28.219Z DEBUG phase=pbp game_id=1022600090 source=json_cache rows=417 msg="pbp cache hit"
2026-07-13T13:03:28.242Z DEBUG phase=pbp game_id=1022600089 source=json_cache rows=501 msg="pbp cache hit"
2026-07-13T13:03:28.259Z DEBUG phase=pbp game_id=1022600088 source=json_cache rows=382 msg="pbp cache hit"
2026-07-13T13:03:28.276Z DEBUG phase=pbp game_id=1022600086 source=json_cache rows=385 msg="pbp cache hit"
2026-07-13T13:03:28.293Z DEBUG phase=pbp game_id=1022600087 source=json_cache rows=371 msg="pbp cache hit"
2026-07-13T13:03:28.313Z DEBUG phase=pbp game_id=1022600084 source=json_cache rows=417 msg="pbp cache hit"
2026-07-13T13:03:28.332Z DEBUG phase=pbp game_id=1022600083 source=json_cache rows=435 msg="pbp cache hit"
2026-07-13T13:03:28.350Z DEBUG phase=pbp game_id=1022600085 source=json_cache rows=391 msg="pbp cache hit"
2026-07-13T13:03:28.371Z DEBUG phase=pbp game_id=1022600081 source=json_cache rows=446 msg="pbp cache hit"
2026-07-13T13:03:28.392Z DEBUG phase=pbp game_id=1022600082 source=json_cache rows=438 msg="pbp cache hit"
2026-07-13T13:03:28.419Z DEBUG phase=pbp game_id=1022600080 source=json_cache rows=440 msg="pbp cache hit"
2026-07-13T13:03:28.449Z DEBUG phase=pbp game_id=1022600079 source=json_cache rows=454 msg="pbp cache hit"
2026-07-13T13:03:28.473Z DEBUG phase=pbp game_id=1022600077 source=json_cache rows=391 msg="pbp cache hit"
2026-07-13T13:03:28.497Z DEBUG phase=pbp game_id=1022600078 source=json_cache rows=387 msg="pbp cache hit"
2026-07-13T13:03:28.529Z DEBUG phase=pbp game_id=1022600074 source=json_cache rows=417 msg="pbp cache hit"
2026-07-13T13:03:28.554Z DEBUG phase=pbp game_id=1022600076 source=json_cache rows=399 msg="pbp cache hit"
2026-07-13T13:03:28.577Z DEBUG phase=pbp game_id=1022600075 source=json_cache rows=382 msg="pbp cache hit"
2026-07-13T13:03:28.602Z DEBUG phase=pbp game_id=1022600072 source=json_cache rows=406 msg="pbp cache hit"
2026-07-13T13:03:28.626Z DEBUG phase=pbp game_id=1022600073 source=json_cache rows=391 msg="pbp cache hit"
2026-07-13T13:03:28.651Z DEBUG phase=pbp game_id=1022600071 source=json_cache rows=402 msg="pbp cache hit"
2026-07-13T13:03:28.674Z DEBUG phase=pbp game_id=1022600070 source=json_cache rows=375 msg="pbp cache hit"
2026-07-13T13:03:28.697Z DEBUG phase=pbp game_id=1022600068 source=json_cache rows=382 msg="pbp cache hit"
2026-07-13T13:03:28.720Z DEBUG phase=pbp game_id=1022600069 source=json_cache rows=400 msg="pbp cache hit"
2026-07-13T13:03:28.743Z DEBUG phase=pbp game_id=1022600066 source=json_cache rows=383 msg="pbp cache hit"
2026-07-13T13:03:28.779Z DEBUG phase=pbp game_id=1022600067 source=json_cache rows=444 msg="pbp cache hit"
2026-07-13T13:03:28.805Z DEBUG phase=pbp game_id=1022600064 source=json_cache rows=421 msg="pbp cache hit"
2026-07-13T13:03:28.827Z DEBUG phase=pbp game_id=1022600065 source=json_cache rows=356 msg="pbp cache hit"
2026-07-13T13:04:46.608Z DEBUG phase=pbp game_id=1022600063 source=json_cache rows=416 msg="pbp cache hit"
2026-07-13T13:09:06.790Z DEBUG phase=pbp game_id=1022600061 source=json_cache rows=449 msg="pbp cache hit"
2026-07-13T13:13:26.923Z DEBUG phase=pbp game_id=1022600060 source=json_cache rows=391 msg="pbp cache hit"
2026-07-13T13:13:26.958Z DEBUG phase=pbp game_id=1022600062 source=json_cache rows=432 msg="pbp cache hit"
2026-07-13T13:13:26.985Z DEBUG phase=pbp game_id=1022600057 source=json_cache rows=416 msg="pbp cache hit"
2026-07-13T13:13:27.009Z DEBUG phase=pbp game_id=1022600056 source=json_cache rows=386 msg="pbp cache hit"
2026-07-13T13:13:27.035Z DEBUG phase=pbp game_id=1022600058 source=json_cache rows=414 msg="pbp cache hit"
2026-07-13T13:13:27.059Z DEBUG phase=pbp game_id=1022600059 source=json_cache rows=389 msg="pbp cache hit"
2026-07-13T13:13:27.081Z DEBUG phase=pbp game_id=1022600054 source=json_cache rows=375 msg="pbp cache hit"
2026-07-13T13:13:27.106Z DEBUG phase=pbp game_id=1022600055 source=json_cache rows=439 msg="pbp cache hit"
2026-07-13T13:13:27.128Z DEBUG phase=pbp game_id=1022600051 source=json_cache rows=357 msg="pbp cache hit"
2026-07-13T13:13:27.159Z DEBUG phase=pbp game_id=1022600052 source=json_cache rows=418 msg="pbp cache hit"
2026-07-13T13:13:27.185Z DEBUG phase=pbp game_id=1022600053 source=json_cache rows=406 msg="pbp cache hit"
2026-07-13T13:13:27.209Z DEBUG phase=pbp game_id=1022600050 source=json_cache rows=425 msg="pbp cache hit"
2026-07-13T13:13:27.233Z DEBUG phase=pbp game_id=1022600049 source=json_cache rows=396 msg="pbp cache hit"
2026-07-13T13:13:27.258Z DEBUG phase=pbp game_id=1022600047 source=json_cache rows=414 msg="pbp cache hit"
2026-07-13T13:13:27.285Z DEBUG phase=pbp game_id=1022600048 source=json_cache rows=435 msg="pbp cache hit"
2026-07-13T13:13:27.310Z DEBUG phase=pbp game_id=1022600044 source=json_cache rows=408 msg="pbp cache hit"
2026-07-13T13:13:27.333Z DEBUG phase=pbp game_id=1022600045 source=json_cache rows=380 msg="pbp cache hit"
2026-07-13T13:13:27.360Z DEBUG phase=pbp game_id=1022600046 source=json_cache rows=428 msg="pbp cache hit"
2026-07-13T13:13:27.386Z DEBUG phase=pbp game_id=1022600042 source=json_cache rows=414 msg="pbp cache hit"
2026-07-13T13:13:27.418Z DEBUG phase=pbp game_id=1022600043 source=json_cache rows=405 msg="pbp cache hit"
2026-07-13T13:13:27.446Z DEBUG phase=pbp game_id=1022600041 source=json_cache rows=450 msg="pbp cache hit"
2026-07-13T13:13:27.475Z DEBUG phase=pbp game_id=1022600039 source=json_cache rows=462 msg="pbp cache hit"
2026-07-13T13:13:27.499Z DEBUG phase=pbp game_id=1022600040 source=json_cache rows=371 msg="pbp cache hit"
2026-07-13T13:13:27.523Z DEBUG phase=pbp game_id=1022600038 source=json_cache rows=379 msg="pbp cache hit"
2026-07-13T13:13:27.548Z DEBUG phase=pbp game_id=1022600035 source=json_cache rows=399 msg="pbp cache hit"
2026-07-13T13:13:27.572Z DEBUG phase=pbp game_id=1022600036 source=json_cache rows=395 msg="pbp cache hit"
2026-07-13T13:13:27.598Z DEBUG phase=pbp game_id=1022600037 source=json_cache rows=424 msg="pbp cache hit"
2026-07-13T13:13:27.646Z DEBUG phase=pbp game_id=1022600033 source=json_cache rows=390 msg="pbp cache hit"
2026-07-13T13:13:27.671Z DEBUG phase=pbp game_id=1022600032 source=json_cache rows=410 msg="pbp cache hit"
2026-07-13T13:13:27.696Z DEBUG phase=pbp game_id=1022600034 source=json_cache rows=409 msg="pbp cache hit"
2026-07-13T13:13:27.721Z DEBUG phase=pbp game_id=1022600031 source=json_cache rows=403 msg="pbp cache hit"
2026-07-13T13:13:27.747Z DEBUG phase=pbp game_id=1022600030 source=json_cache rows=426 msg="pbp cache hit"
2026-07-13T13:13:27.769Z DEBUG phase=pbp game_id=1022600029 source=json_cache rows=363 msg="pbp cache hit"
2026-07-13T13:13:27.797Z DEBUG phase=pbp game_id=1022600026 source=json_cache rows=456 msg="pbp cache hit"
2026-07-13T13:13:27.829Z DEBUG phase=pbp game_id=1022600027 source=json_cache rows=424 msg="pbp cache hit"
2026-07-13T13:13:27.855Z DEBUG phase=pbp game_id=1022600025 source=json_cache rows=409 msg="pbp cache hit"
2026-07-13T13:13:27.881Z DEBUG phase=pbp game_id=1022600028 source=json_cache rows=423 msg="pbp cache hit"
2026-07-13T13:13:27.912Z DEBUG phase=pbp game_id=1022600021 source=json_cache rows=409 msg="pbp cache hit"
2026-07-13T13:13:27.936Z DEBUG phase=pbp game_id=1022600023 source=json_cache rows=379 msg="pbp cache hit"
2026-07-13T13:13:27.965Z DEBUG phase=pbp game_id=1022600022 source=json_cache rows=501 msg="pbp cache hit"
2026-07-13T13:13:27.992Z DEBUG phase=pbp game_id=1022600024 source=json_cache rows=448 msg="pbp cache hit"
2026-07-13T13:13:28.018Z DEBUG phase=pbp game_id=1022600020 source=json_cache rows=413 msg="pbp cache hit"
2026-07-13T13:13:28.041Z DEBUG phase=pbp game_id=1022600019 source=json_cache rows=373 msg="pbp cache hit"
2026-07-13T13:13:28.066Z DEBUG phase=pbp game_id=1022600016 source=json_cache rows=411 msg="pbp cache hit"
2026-07-13T13:13:28.091Z DEBUG phase=pbp game_id=1022600018 source=json_cache rows=394 msg="pbp cache hit"
2026-07-13T13:13:28.117Z DEBUG phase=pbp game_id=1022600017 source=json_cache rows=408 msg="pbp cache hit"
2026-07-13T13:13:28.141Z DEBUG phase=pbp game_id=1022600015 source=json_cache rows=377 msg="pbp cache hit"
2026-07-13T13:13:28.166Z DEBUG phase=pbp game_id=1022600013 source=json_cache rows=430 msg="pbp cache hit"
2026-07-13T13:13:28.190Z DEBUG phase=pbp game_id=1022600012 source=json_cache rows=388 msg="pbp cache hit"
2026-07-13T13:13:28.214Z DEBUG phase=pbp game_id=1022600014 source=json_cache rows=377 msg="pbp cache hit"
2026-07-13T13:13:28.241Z DEBUG phase=pbp game_id=1022600009 source=json_cache rows=401 msg="pbp cache hit"
2026-07-13T13:13:28.272Z DEBUG phase=pbp game_id=1022600008 source=json_cache rows=487 msg="pbp cache hit"
2026-07-13T13:13:28.301Z DEBUG phase=pbp game_id=1022600007 source=json_cache rows=435 msg="pbp cache hit"
2026-07-13T13:13:28.323Z DEBUG phase=pbp game_id=1022600011 source=json_cache rows=354 msg="pbp cache hit"
2026-07-13T13:13:28.351Z DEBUG phase=pbp game_id=1022600005 source=json_cache rows=375 msg="pbp cache hit"
2026-07-13T13:13:28.377Z DEBUG phase=pbp game_id=1022600004 source=json_cache rows=437 msg="pbp cache hit"
2026-07-13T13:13:28.402Z DEBUG phase=pbp game_id=1022600006 source=json_cache rows=417 msg="pbp cache hit"
2026-07-13T13:13:28.430Z DEBUG phase=pbp game_id=1022600010 source=json_cache rows=459 msg="pbp cache hit"
2026-07-13T13:13:28.456Z DEBUG phase=pbp game_id=1022600003 source=json_cache rows=423 msg="pbp cache hit"
2026-07-13T13:13:28.484Z DEBUG phase=pbp game_id=1022600001 source=json_cache rows=448 msg="pbp cache hit"
2026-07-13T13:13:28.520Z DEBUG phase=pbp game_id=1022600002 source=json_cache rows=465 msg="pbp cache hit"
2026-07-13T13:18:18.848Z WARN  phase=pbp game_id=1022600174 attempts=2 msg="pbp empty after retries"
2026-07-13T13:22:39.021Z WARN  phase=pbp game_id=1022600172 attempts=2 msg="pbp empty after retries"
2026-07-13T13:26:59.191Z WARN  phase=pbp game_id=1022600173 attempts=2 msg="pbp empty after retries"
2026-07-13T13:31:19.353Z WARN  phase=pbp game_id=1022600171 attempts=2 msg="pbp empty after retries"
2026-07-13T13:35:39.516Z WARN  phase=pbp game_id=1022600170 attempts=2 msg="pbp empty after retries"
2026-07-13T13:39:59.684Z WARN  phase=pbp game_id=1022600169 attempts=2 msg="pbp empty after retries"
2026-07-13T13:44:19.854Z WARN  phase=pbp game_id=1022600168 attempts=2 msg="pbp empty after retries"
2026-07-13T13:48:40.028Z WARN  phase=pbp game_id=1022600166 attempts=2 msg="pbp empty after retries"
2026-07-13T13:53:00.201Z WARN  phase=pbp game_id=1022600165 attempts=2 msg="pbp empty after retries"
2026-07-13T13:57:20.376Z WARN  phase=pbp game_id=1022600167 attempts=2 msg="pbp empty after retries"
2026-07-13T14:01:40.546Z WARN  phase=pbp game_id=1022600164 attempts=2 msg="pbp empty after retries"
2026-07-13T14:06:00.717Z WARN  phase=pbp game_id=1022600163 attempts=2 msg="pbp empty after retries"
2026-07-13T14:10:20.874Z WARN  phase=pbp game_id=1022600162 attempts=2 msg="pbp empty after retries"
2026-07-13T14:14:41.040Z WARN  phase=pbp game_id=1022600161 attempts=2 msg="pbp empty after retries"
2026-07-13T14:19:01.211Z WARN  phase=pbp game_id=1022600159 attempts=2 msg="pbp empty after retries"
2026-07-13T14:23:21.378Z WARN  phase=pbp game_id=1022600160 attempts=2 msg="pbp empty after retries"
2026-07-13T14:27:41.544Z WARN  phase=pbp game_id=1022600158 attempts=2 msg="pbp empty after retries"
2026-07-13T14:32:01.723Z WARN  phase=pbp game_id=1022600157 attempts=2 msg="pbp empty after retries"
2026-07-13T14:36:21.897Z WARN  phase=pbp game_id=1022600154 attempts=2 msg="pbp empty after retries"
2026-07-13T14:40:42.065Z WARN  phase=pbp game_id=1022600156 attempts=2 msg="pbp empty after retries"
2026-07-13T14:45:02.237Z WARN  phase=pbp game_id=1022600155 attempts=2 msg="pbp empty after retries"
2026-07-13T14:49:22.407Z WARN  phase=pbp game_id=1022600153 attempts=2 msg="pbp empty after retries"
2026-07-13T14:53:42.575Z WARN  phase=pbp game_id=1022600152 attempts=2 msg="pbp empty after retries"
2026-07-13T14:58:02.746Z WARN  phase=pbp game_id=1022600151 attempts=2 msg="pbp empty after retries"
2026-07-13T15:02:22.921Z WARN  phase=pbp game_id=1022600150 attempts=2 msg="pbp empty after retries"
2026-07-13T15:06:43.095Z WARN  phase=pbp game_id=1022600149 attempts=2 msg="pbp empty after retries"
2026-07-13T15:11:03.269Z WARN  phase=pbp game_id=1022600148 attempts=2 msg="pbp empty after retries"
2026-07-13T15:15:23.440Z WARN  phase=pbp game_id=1022600146 attempts=2 msg="pbp empty after retries"
2026-07-13T15:19:43.612Z WARN  phase=pbp game_id=1022600145 attempts=2 msg="pbp empty after retries"
2026-07-13T15:24:03.785Z WARN  phase=pbp game_id=1022600147 attempts=2 msg="pbp empty after retries"
2026-07-13T15:24:03.796Z INFO  phase=pbp season=2026 retried=30 recovered=0 still_failed=30 msg="pbp cool-off pass complete"
2026-07-13T15:24:15.837Z INFO  phase=pbp season=2026 rows=59205 games_total=174 games_ok=144 games_failed=30 msg="pbp ok"
2026-07-13T15:24:15.839Z INFO  phase=season 2026: pbp elapsed_s=16254.27 msg="phase end: season 2026: pbp"
2026-07-13T15:24:15.843Z INFO  phase=master schedule msg="phase start: master schedule"
2026-07-13T15:24:18.476Z INFO  phase=master_schedule rows=348 games=174 seasons_covered=1 msg="master schedule ok"
2026-07-13T15:24:18.478Z INFO  phase=master schedule elapsed_s=2.63 msg="phase end: master schedule"
2026-07-13T15:24:18.482Z INFO  phase=manifest upload msg="phase start: manifest upload"
2026-07-13T15:24:23.498Z INFO  phase=manifest upload elapsed_s=5.01 msg="phase end: manifest upload"
2026-07-13T15:24:23.530Z INFO  start_year=2026 end_year=2026 msg="pipeline complete"
