2026-07-15T09:33:10.693Z INFO  start_year=2026 end_year=2026 rescrape=FALSE run_id=20260715T093310Z log_path=logs/wnba_stats_01_pbp_2026_2026_20260715T093310Z.log msg="WNBA Stats pbp: seasons 2026-2026 | rescrape=FALSE"
2026-07-15T09:33:10.972Z INFO  n_proxies=50 msg="proxy pool loaded: 50 proxies"
2026-07-15T09:33:11.084Z INFO  phase=season 2026: schedule msg="phase start: season 2026: schedule"
2026-07-15T09:33:15.495Z INFO  phase=schedule season=2026 rows=356 games=178 msg="schedule ok"
2026-07-15T09:33:15.497Z INFO  phase=season 2026: schedule elapsed_s=4.41 msg="phase end: season 2026: schedule"
2026-07-15T09:33:15.528Z INFO  phase=season 2026: player_game_logs msg="phase start: season 2026: player_game_logs"
2026-07-15T09:33:19.298Z INFO  phase=player_game_logs season=2026 rows=3535 players=216 msg="player_game_logs ok"
2026-07-15T09:33:19.300Z INFO  phase=season 2026: player_game_logs elapsed_s=3.77 msg="phase end: season 2026: player_game_logs"
2026-07-15T09:33:19.304Z INFO  phase=season 2026: pbp msg="phase start: season 2026: pbp"
2026-07-15T09:37:39.533Z WARN  phase=pbp game_id=1022600178 attempts=2 msg="pbp empty after retries"
2026-07-15T09:41:59.705Z WARN  phase=pbp game_id=1022600177 attempts=2 msg="pbp empty after retries"
2026-07-15T09:46:19.881Z WARN  phase=pbp game_id=1022600176 attempts=2 msg="pbp empty after retries"
2026-07-15T09:50:40.038Z WARN  phase=pbp game_id=1022600175 attempts=2 msg="pbp empty after retries"
2026-07-15T09:55:00.209Z WARN  phase=pbp game_id=1022600172 attempts=2 msg="pbp empty after retries"
2026-07-15T09:59:20.382Z WARN  phase=pbp game_id=1022600174 attempts=2 msg="pbp empty after retries"
2026-07-15T10:03:40.552Z WARN  phase=pbp game_id=1022600173 attempts=2 msg="pbp empty after retries"
2026-07-15T10:08:00.715Z WARN  phase=pbp game_id=1022600171 attempts=2 msg="pbp empty after retries"
2026-07-15T10:12:20.884Z WARN  phase=pbp game_id=1022600170 attempts=2 msg="pbp empty after retries"
2026-07-15T10:16:41.056Z WARN  phase=pbp game_id=1022600169 attempts=2 msg="pbp empty after retries"
2026-07-15T10:21:01.222Z WARN  phase=pbp game_id=1022600168 attempts=2 msg="pbp empty after retries"
2026-07-15T10:25:21.395Z WARN  phase=pbp game_id=1022600167 attempts=2 msg="pbp empty after retries"
2026-07-15T10:29:41.564Z WARN  phase=pbp game_id=1022600165 attempts=2 msg="pbp empty after retries"
2026-07-15T10:34:01.732Z WARN  phase=pbp game_id=1022600166 attempts=2 msg="pbp empty after retries"
2026-07-15T10:38:21.903Z WARN  phase=pbp game_id=1022600162 attempts=2 msg="pbp empty after retries"
2026-07-15T10:42:42.068Z WARN  phase=pbp game_id=1022600163 attempts=2 msg="pbp empty after retries"
2026-07-15T10:47:02.239Z WARN  phase=pbp game_id=1022600164 attempts=2 msg="pbp empty after retries"
2026-07-15T10:51:22.417Z WARN  phase=pbp game_id=1022600160 attempts=2 msg="pbp empty after retries"
2026-07-15T10:55:42.586Z WARN  phase=pbp game_id=1022600161 attempts=2 msg="pbp empty after retries"
2026-07-15T11:00:02.747Z WARN  phase=pbp game_id=1022600159 attempts=2 msg="pbp empty after retries"
2026-07-15T11:04:22.922Z WARN  phase=pbp game_id=1022600157 attempts=2 msg="pbp empty after retries"
2026-07-15T11:08:43.086Z WARN  phase=pbp game_id=1022600158 attempts=2 msg="pbp empty after retries"
2026-07-15T11:13:03.258Z WARN  phase=pbp game_id=1022600155 attempts=2 msg="pbp empty after retries"
2026-07-15T11:17:23.431Z WARN  phase=pbp game_id=1022600156 attempts=2 msg="pbp empty after retries"
2026-07-15T11:21:43.602Z WARN  phase=pbp game_id=1022600154 attempts=2 msg="pbp empty after retries"
2026-07-15T11:26:03.771Z WARN  phase=pbp game_id=1022600153 attempts=2 msg="pbp empty after retries"
2026-07-15T11:30:23.942Z WARN  phase=pbp game_id=1022600152 attempts=2 msg="pbp empty after retries"
2026-07-15T11:34:44.115Z WARN  phase=pbp game_id=1022600150 attempts=2 msg="pbp empty after retries"
2026-07-15T11:39:04.288Z WARN  phase=pbp game_id=1022600151 attempts=2 msg="pbp empty after retries"
2026-07-15T11:43:24.457Z WARN  phase=pbp game_id=1022600149 attempts=2 msg="pbp empty after retries"
2026-07-15T11:47:44.627Z WARN  phase=pbp game_id=1022600148 attempts=2 msg="pbp empty after retries"
2026-07-15T11:52:04.790Z WARN  phase=pbp game_id=1022600147 attempts=2 msg="pbp empty after retries"
2026-07-15T11:56:24.960Z WARN  phase=pbp game_id=1022600145 attempts=2 msg="pbp empty after retries"
2026-07-15T12:00:45.136Z WARN  phase=pbp game_id=1022600146 attempts=2 msg="pbp empty after retries"
2026-07-15T12:00:45.175Z DEBUG phase=pbp game_id=1022600143 source=json_cache rows=435 msg="pbp cache hit"
2026-07-15T12:00:45.197Z DEBUG phase=pbp game_id=1022600141 source=json_cache rows=375 msg="pbp cache hit"
2026-07-15T12:00:45.218Z DEBUG phase=pbp game_id=1022600144 source=json_cache rows=383 msg="pbp cache hit"
2026-07-15T12:00:45.254Z DEBUG phase=pbp game_id=1022600142 source=json_cache rows=629 msg="pbp cache hit"
2026-07-15T12:00:45.271Z DEBUG phase=pbp game_id=1022600138 source=json_cache rows=398 msg="pbp cache hit"
2026-07-15T12:00:45.289Z DEBUG phase=pbp game_id=1022600140 source=json_cache rows=398 msg="pbp cache hit"
2026-07-15T12:00:45.314Z DEBUG phase=pbp game_id=1022600139 source=json_cache rows=433 msg="pbp cache hit"
2026-07-15T12:00:45.338Z DEBUG phase=pbp game_id=1022600137 source=json_cache rows=420 msg="pbp cache hit"
2026-07-15T12:00:45.360Z DEBUG phase=pbp game_id=1022600135 source=json_cache rows=374 msg="pbp cache hit"
2026-07-15T12:00:45.385Z DEBUG phase=pbp game_id=1022600136 source=json_cache rows=423 msg="pbp cache hit"
2026-07-15T12:00:45.408Z DEBUG phase=pbp game_id=1022600134 source=json_cache rows=397 msg="pbp cache hit"
2026-07-15T12:00:45.427Z DEBUG phase=pbp game_id=1022600132 source=json_cache rows=437 msg="pbp cache hit"
2026-07-15T12:00:45.451Z DEBUG phase=pbp game_id=1022600133 source=json_cache rows=398 msg="pbp cache hit"
2026-07-15T12:00:45.474Z DEBUG phase=pbp game_id=1022600128 source=json_cache rows=390 msg="pbp cache hit"
2026-07-15T12:00:45.498Z DEBUG phase=pbp game_id=1022600131 source=json_cache rows=391 msg="pbp cache hit"
2026-07-15T12:00:45.524Z DEBUG phase=pbp game_id=1022600129 source=json_cache rows=434 msg="pbp cache hit"
2026-07-15T12:00:45.549Z DEBUG phase=pbp game_id=1022600130 source=json_cache rows=427 msg="pbp cache hit"
2026-07-15T12:00:45.570Z DEBUG phase=pbp game_id=1022600127 source=json_cache rows=349 msg="pbp cache hit"
2026-07-15T12:00:45.595Z DEBUG phase=pbp game_id=1022600125 source=json_cache rows=421 msg="pbp cache hit"
2026-07-15T12:00:45.622Z DEBUG phase=pbp game_id=1022600123 source=json_cache rows=453 msg="pbp cache hit"
2026-07-15T12:00:45.650Z DEBUG phase=pbp game_id=1022600126 source=json_cache rows=396 msg="pbp cache hit"
2026-07-15T12:00:45.676Z DEBUG phase=pbp game_id=1022600124 source=json_cache rows=449 msg="pbp cache hit"
2026-07-15T12:00:45.699Z DEBUG phase=pbp game_id=1022600122 source=json_cache rows=394 msg="pbp cache hit"
2026-07-15T12:00:45.718Z DEBUG phase=pbp game_id=1022600120 source=json_cache rows=339 msg="pbp cache hit"
2026-07-15T12:00:45.741Z DEBUG phase=pbp game_id=1022600121 source=json_cache rows=408 msg="pbp cache hit"
2026-07-15T12:00:45.763Z DEBUG phase=pbp game_id=1022600118 source=json_cache rows=377 msg="pbp cache hit"
2026-07-15T12:00:45.788Z DEBUG phase=pbp game_id=1022600117 source=json_cache rows=457 msg="pbp cache hit"
2026-07-15T12:00:45.812Z DEBUG phase=pbp game_id=1022600119 source=json_cache rows=427 msg="pbp cache hit"
2026-07-15T12:00:45.836Z DEBUG phase=pbp game_id=1022600115 source=json_cache rows=415 msg="pbp cache hit"
2026-07-15T12:00:45.858Z DEBUG phase=pbp game_id=1022600114 source=json_cache rows=407 msg="pbp cache hit"
2026-07-15T12:00:45.881Z DEBUG phase=pbp game_id=1022600116 source=json_cache rows=410 msg="pbp cache hit"
2026-07-15T12:00:45.906Z DEBUG phase=pbp game_id=1022600113 source=json_cache rows=436 msg="pbp cache hit"
2026-07-15T12:00:45.927Z DEBUG phase=pbp game_id=1022600109 source=json_cache rows=364 msg="pbp cache hit"
2026-07-15T12:00:45.950Z DEBUG phase=pbp game_id=1022600112 source=json_cache rows=409 msg="pbp cache hit"
2026-07-15T12:00:45.971Z DEBUG phase=pbp game_id=1022600107 source=json_cache rows=383 msg="pbp cache hit"
2026-07-15T12:00:45.994Z DEBUG phase=pbp game_id=1022600108 source=json_cache rows=391 msg="pbp cache hit"
2026-07-15T12:00:46.015Z DEBUG phase=pbp game_id=1022600111 source=json_cache rows=367 msg="pbp cache hit"
2026-07-15T12:00:46.037Z DEBUG phase=pbp game_id=1022600110 source=json_cache rows=406 msg="pbp cache hit"
2026-07-15T12:00:46.069Z DEBUG phase=pbp game_id=1022600106 source=json_cache rows=425 msg="pbp cache hit"
2026-07-15T12:00:46.090Z DEBUG phase=pbp game_id=1022600103 source=json_cache rows=365 msg="pbp cache hit"
2026-07-15T12:00:46.114Z DEBUG phase=pbp game_id=1022600104 source=json_cache rows=418 msg="pbp cache hit"
2026-07-15T12:00:46.136Z DEBUG phase=pbp game_id=1022600105 source=json_cache rows=391 msg="pbp cache hit"
2026-07-15T12:00:46.158Z DEBUG phase=pbp game_id=1022600101 source=json_cache rows=400 msg="pbp cache hit"
2026-07-15T12:00:46.190Z DEBUG phase=pbp game_id=1022600102 source=json_cache rows=415 msg="pbp cache hit"
2026-07-15T12:00:46.214Z DEBUG phase=pbp game_id=1022600099 source=json_cache rows=421 msg="pbp cache hit"
2026-07-15T12:00:46.239Z DEBUG phase=pbp game_id=1022600100 source=json_cache rows=433 msg="pbp cache hit"
2026-07-15T12:00:46.256Z DEBUG phase=pbp game_id=1022600098 source=json_cache rows=372 msg="pbp cache hit"
2026-07-15T12:00:46.278Z DEBUG phase=pbp game_id=1022600097 source=json_cache rows=387 msg="pbp cache hit"
2026-07-15T12:00:46.300Z DEBUG phase=pbp game_id=1022600096 source=json_cache rows=408 msg="pbp cache hit"
2026-07-15T12:00:46.324Z DEBUG phase=pbp game_id=1022600095 source=json_cache rows=411 msg="pbp cache hit"
2026-07-15T12:00:46.346Z DEBUG phase=pbp game_id=1022600094 source=json_cache rows=401 msg="pbp cache hit"
2026-07-15T12:00:46.371Z DEBUG phase=pbp game_id=1022600092 source=json_cache rows=435 msg="pbp cache hit"
2026-07-15T12:00:46.392Z DEBUG phase=pbp game_id=1022600093 source=json_cache rows=366 msg="pbp cache hit"
2026-07-15T12:00:46.421Z DEBUG phase=pbp game_id=1022600091 source=json_cache rows=519 msg="pbp cache hit"
2026-07-15T12:00:46.445Z DEBUG phase=pbp game_id=1022600090 source=json_cache rows=417 msg="pbp cache hit"
2026-07-15T12:00:46.467Z DEBUG phase=pbp game_id=1022600089 source=json_cache rows=501 msg="pbp cache hit"
2026-07-15T12:00:46.484Z DEBUG phase=pbp game_id=1022600086 source=json_cache rows=385 msg="pbp cache hit"
2026-07-15T12:00:46.500Z DEBUG phase=pbp game_id=1022600087 source=json_cache rows=371 msg="pbp cache hit"
2026-07-15T12:00:46.516Z DEBUG phase=pbp game_id=1022600088 source=json_cache rows=382 msg="pbp cache hit"
2026-07-15T12:00:46.534Z DEBUG phase=pbp game_id=1022600084 source=json_cache rows=417 msg="pbp cache hit"
2026-07-15T12:00:46.551Z DEBUG phase=pbp game_id=1022600085 source=json_cache rows=391 msg="pbp cache hit"
2026-07-15T12:00:46.570Z DEBUG phase=pbp game_id=1022600083 source=json_cache rows=435 msg="pbp cache hit"
2026-07-15T12:00:46.589Z DEBUG phase=pbp game_id=1022600082 source=json_cache rows=438 msg="pbp cache hit"
2026-07-15T12:00:46.608Z DEBUG phase=pbp game_id=1022600081 source=json_cache rows=446 msg="pbp cache hit"
2026-07-15T12:00:46.629Z DEBUG phase=pbp game_id=1022600078 source=json_cache rows=387 msg="pbp cache hit"
2026-07-15T12:00:46.655Z DEBUG phase=pbp game_id=1022600079 source=json_cache rows=454 msg="pbp cache hit"
2026-07-15T12:00:46.679Z DEBUG phase=pbp game_id=1022600080 source=json_cache rows=440 msg="pbp cache hit"
2026-07-15T12:00:46.701Z DEBUG phase=pbp game_id=1022600077 source=json_cache rows=391 msg="pbp cache hit"
2026-07-15T12:00:46.725Z DEBUG phase=pbp game_id=1022600074 source=json_cache rows=417 msg="pbp cache hit"
2026-07-15T12:00:46.747Z DEBUG phase=pbp game_id=1022600076 source=json_cache rows=399 msg="pbp cache hit"
2026-07-15T12:00:46.791Z DEBUG phase=pbp game_id=1022600075 source=json_cache rows=382 msg="pbp cache hit"
2026-07-15T12:00:46.814Z DEBUG phase=pbp game_id=1022600073 source=json_cache rows=391 msg="pbp cache hit"
2026-07-15T12:00:46.837Z DEBUG phase=pbp game_id=1022600072 source=json_cache rows=406 msg="pbp cache hit"
2026-07-15T12:00:46.858Z DEBUG phase=pbp game_id=1022600070 source=json_cache rows=375 msg="pbp cache hit"
2026-07-15T12:00:46.880Z DEBUG phase=pbp game_id=1022600071 source=json_cache rows=402 msg="pbp cache hit"
2026-07-15T12:00:46.903Z DEBUG phase=pbp game_id=1022600069 source=json_cache rows=400 msg="pbp cache hit"
2026-07-15T12:00:46.924Z DEBUG phase=pbp game_id=1022600066 source=json_cache rows=383 msg="pbp cache hit"
2026-07-15T12:00:46.946Z DEBUG phase=pbp game_id=1022600068 source=json_cache rows=382 msg="pbp cache hit"
2026-07-15T12:00:46.971Z DEBUG phase=pbp game_id=1022600067 source=json_cache rows=444 msg="pbp cache hit"
2026-07-15T12:00:46.991Z DEBUG phase=pbp game_id=1022600065 source=json_cache rows=356 msg="pbp cache hit"
2026-07-15T12:00:47.015Z DEBUG phase=pbp game_id=1022600064 source=json_cache rows=421 msg="pbp cache hit"
2026-07-15T12:02:04.935Z DEBUG phase=pbp game_id=1022600063 source=json_cache rows=416 msg="pbp cache hit"
2026-07-15T12:06:25.151Z DEBUG phase=pbp game_id=1022600061 source=json_cache rows=449 msg="pbp cache hit"
2026-07-15T12:10:45.312Z DEBUG phase=pbp game_id=1022600062 source=json_cache rows=432 msg="pbp cache hit"
2026-07-15T12:10:45.349Z DEBUG phase=pbp game_id=1022600060 source=json_cache rows=391 msg="pbp cache hit"
2026-07-15T12:10:45.371Z DEBUG phase=pbp game_id=1022600059 source=json_cache rows=389 msg="pbp cache hit"
2026-07-15T12:10:45.394Z DEBUG phase=pbp game_id=1022600057 source=json_cache rows=416 msg="pbp cache hit"
2026-07-15T12:10:45.417Z DEBUG phase=pbp game_id=1022600058 source=json_cache rows=414 msg="pbp cache hit"
2026-07-15T12:10:45.439Z DEBUG phase=pbp game_id=1022600056 source=json_cache rows=386 msg="pbp cache hit"
2026-07-15T12:10:45.460Z DEBUG phase=pbp game_id=1022600054 source=json_cache rows=375 msg="pbp cache hit"
2026-07-15T12:10:45.485Z DEBUG phase=pbp game_id=1022600055 source=json_cache rows=439 msg="pbp cache hit"
2026-07-15T12:10:45.507Z DEBUG phase=pbp game_id=1022600053 source=json_cache rows=406 msg="pbp cache hit"
2026-07-15T12:10:45.531Z DEBUG phase=pbp game_id=1022600050 source=json_cache rows=425 msg="pbp cache hit"
2026-07-15T12:10:45.553Z DEBUG phase=pbp game_id=1022600049 source=json_cache rows=396 msg="pbp cache hit"
2026-07-15T12:10:45.573Z DEBUG phase=pbp game_id=1022600051 source=json_cache rows=357 msg="pbp cache hit"
2026-07-15T12:10:45.597Z DEBUG phase=pbp game_id=1022600052 source=json_cache rows=418 msg="pbp cache hit"
2026-07-15T12:10:45.627Z DEBUG phase=pbp game_id=1022600047 source=json_cache rows=414 msg="pbp cache hit"
2026-07-15T12:10:45.652Z DEBUG phase=pbp game_id=1022600048 source=json_cache rows=435 msg="pbp cache hit"
2026-07-15T12:10:45.677Z DEBUG phase=pbp game_id=1022600046 source=json_cache rows=428 msg="pbp cache hit"
2026-07-15T12:10:45.703Z DEBUG phase=pbp game_id=1022600044 source=json_cache rows=408 msg="pbp cache hit"
2026-07-15T12:10:45.727Z DEBUG phase=pbp game_id=1022600045 source=json_cache rows=380 msg="pbp cache hit"
2026-07-15T12:10:45.755Z DEBUG phase=pbp game_id=1022600041 source=json_cache rows=450 msg="pbp cache hit"
2026-07-15T12:10:45.779Z DEBUG phase=pbp game_id=1022600042 source=json_cache rows=414 msg="pbp cache hit"
2026-07-15T12:10:45.802Z DEBUG phase=pbp game_id=1022600043 source=json_cache rows=405 msg="pbp cache hit"
2026-07-15T12:10:45.827Z DEBUG phase=pbp game_id=1022600039 source=json_cache rows=462 msg="pbp cache hit"
2026-07-15T12:10:45.849Z DEBUG phase=pbp game_id=1022600038 source=json_cache rows=379 msg="pbp cache hit"
2026-07-15T12:10:45.870Z DEBUG phase=pbp game_id=1022600040 source=json_cache rows=371 msg="pbp cache hit"
2026-07-15T12:10:45.899Z DEBUG phase=pbp game_id=1022600037 source=json_cache rows=424 msg="pbp cache hit"
2026-07-15T12:10:45.921Z DEBUG phase=pbp game_id=1022600035 source=json_cache rows=399 msg="pbp cache hit"
2026-07-15T12:10:45.943Z DEBUG phase=pbp game_id=1022600036 source=json_cache rows=395 msg="pbp cache hit"
2026-07-15T12:10:45.965Z DEBUG phase=pbp game_id=1022600033 source=json_cache rows=390 msg="pbp cache hit"
2026-07-15T12:10:45.988Z DEBUG phase=pbp game_id=1022600032 source=json_cache rows=410 msg="pbp cache hit"
2026-07-15T12:10:46.011Z DEBUG phase=pbp game_id=1022600034 source=json_cache rows=409 msg="pbp cache hit"
2026-07-15T12:10:46.033Z DEBUG phase=pbp game_id=1022600031 source=json_cache rows=403 msg="pbp cache hit"
2026-07-15T12:10:46.053Z DEBUG phase=pbp game_id=1022600029 source=json_cache rows=363 msg="pbp cache hit"
2026-07-15T12:10:46.077Z DEBUG phase=pbp game_id=1022600030 source=json_cache rows=426 msg="pbp cache hit"
2026-07-15T12:10:46.101Z DEBUG phase=pbp game_id=1022600027 source=json_cache rows=424 msg="pbp cache hit"
2026-07-15T12:10:46.130Z DEBUG phase=pbp game_id=1022600028 source=json_cache rows=423 msg="pbp cache hit"
2026-07-15T12:10:46.156Z DEBUG phase=pbp game_id=1022600026 source=json_cache rows=456 msg="pbp cache hit"
2026-07-15T12:10:46.179Z DEBUG phase=pbp game_id=1022600025 source=json_cache rows=409 msg="pbp cache hit"
2026-07-15T12:10:46.212Z DEBUG phase=pbp game_id=1022600024 source=json_cache rows=448 msg="pbp cache hit"
2026-07-15T12:10:46.235Z DEBUG phase=pbp game_id=1022600021 source=json_cache rows=409 msg="pbp cache hit"
2026-07-15T12:10:46.262Z DEBUG phase=pbp game_id=1022600022 source=json_cache rows=501 msg="pbp cache hit"
2026-07-15T12:10:46.284Z DEBUG phase=pbp game_id=1022600023 source=json_cache rows=379 msg="pbp cache hit"
2026-07-15T12:10:46.307Z DEBUG phase=pbp game_id=1022600020 source=json_cache rows=413 msg="pbp cache hit"
2026-07-15T12:10:46.334Z DEBUG phase=pbp game_id=1022600019 source=json_cache rows=373 msg="pbp cache hit"
2026-07-15T12:10:46.357Z DEBUG phase=pbp game_id=1022600016 source=json_cache rows=411 msg="pbp cache hit"
2026-07-15T12:10:46.379Z DEBUG phase=pbp game_id=1022600018 source=json_cache rows=394 msg="pbp cache hit"
2026-07-15T12:10:46.395Z DEBUG phase=pbp game_id=1022600015 source=json_cache rows=377 msg="pbp cache hit"
2026-07-15T12:10:46.418Z DEBUG phase=pbp game_id=1022600017 source=json_cache rows=408 msg="pbp cache hit"
2026-07-15T12:10:46.440Z DEBUG phase=pbp game_id=1022600012 source=json_cache rows=388 msg="pbp cache hit"
2026-07-15T12:10:46.464Z DEBUG phase=pbp game_id=1022600013 source=json_cache rows=430 msg="pbp cache hit"
2026-07-15T12:10:46.485Z DEBUG phase=pbp game_id=1022600014 source=json_cache rows=377 msg="pbp cache hit"
2026-07-15T12:10:46.515Z DEBUG phase=pbp game_id=1022600007 source=json_cache rows=435 msg="pbp cache hit"
2026-07-15T12:10:46.542Z DEBUG phase=pbp game_id=1022600008 source=json_cache rows=487 msg="pbp cache hit"
2026-07-15T12:10:46.565Z DEBUG phase=pbp game_id=1022600009 source=json_cache rows=401 msg="pbp cache hit"
2026-07-15T12:10:46.586Z DEBUG phase=pbp game_id=1022600011 source=json_cache rows=354 msg="pbp cache hit"
2026-07-15T12:10:46.610Z DEBUG phase=pbp game_id=1022600004 source=json_cache rows=437 msg="pbp cache hit"
2026-07-15T12:10:46.634Z DEBUG phase=pbp game_id=1022600006 source=json_cache rows=417 msg="pbp cache hit"
2026-07-15T12:10:46.665Z DEBUG phase=pbp game_id=1022600010 source=json_cache rows=459 msg="pbp cache hit"
2026-07-15T12:10:46.687Z DEBUG phase=pbp game_id=1022600005 source=json_cache rows=375 msg="pbp cache hit"
2026-07-15T12:10:46.711Z DEBUG phase=pbp game_id=1022600003 source=json_cache rows=423 msg="pbp cache hit"
2026-07-15T12:10:46.736Z DEBUG phase=pbp game_id=1022600002 source=json_cache rows=465 msg="pbp cache hit"
2026-07-15T12:10:46.761Z DEBUG phase=pbp game_id=1022600001 source=json_cache rows=448 msg="pbp cache hit"
2026-07-15T12:15:37.083Z WARN  phase=pbp game_id=1022600178 attempts=2 msg="pbp empty after retries"
2026-07-15T12:19:57.252Z WARN  phase=pbp game_id=1022600177 attempts=2 msg="pbp empty after retries"
2026-07-15T12:24:17.412Z WARN  phase=pbp game_id=1022600176 attempts=2 msg="pbp empty after retries"
2026-07-15T12:28:37.579Z WARN  phase=pbp game_id=1022600175 attempts=2 msg="pbp empty after retries"
2026-07-15T12:32:57.738Z WARN  phase=pbp game_id=1022600172 attempts=2 msg="pbp empty after retries"
2026-07-15T12:37:17.909Z WARN  phase=pbp game_id=1022600174 attempts=2 msg="pbp empty after retries"
2026-07-15T12:41:38.079Z WARN  phase=pbp game_id=1022600173 attempts=2 msg="pbp empty after retries"
2026-07-15T12:45:58.248Z WARN  phase=pbp game_id=1022600171 attempts=2 msg="pbp empty after retries"
2026-07-15T12:50:18.418Z WARN  phase=pbp game_id=1022600170 attempts=2 msg="pbp empty after retries"
2026-07-15T12:54:38.586Z WARN  phase=pbp game_id=1022600169 attempts=2 msg="pbp empty after retries"
2026-07-15T12:58:58.750Z WARN  phase=pbp game_id=1022600168 attempts=2 msg="pbp empty after retries"
2026-07-15T13:03:18.917Z WARN  phase=pbp game_id=1022600167 attempts=2 msg="pbp empty after retries"
2026-07-15T13:07:39.079Z WARN  phase=pbp game_id=1022600165 attempts=2 msg="pbp empty after retries"
2026-07-15T13:11:59.261Z WARN  phase=pbp game_id=1022600166 attempts=2 msg="pbp empty after retries"
2026-07-15T13:16:19.432Z WARN  phase=pbp game_id=1022600162 attempts=2 msg="pbp empty after retries"
2026-07-15T13:20:39.590Z WARN  phase=pbp game_id=1022600163 attempts=2 msg="pbp empty after retries"
2026-07-15T13:24:59.758Z WARN  phase=pbp game_id=1022600164 attempts=2 msg="pbp empty after retries"
2026-07-15T13:29:19.929Z WARN  phase=pbp game_id=1022600160 attempts=2 msg="pbp empty after retries"
2026-07-15T13:33:40.094Z WARN  phase=pbp game_id=1022600161 attempts=2 msg="pbp empty after retries"
2026-07-15T13:38:00.266Z WARN  phase=pbp game_id=1022600159 attempts=2 msg="pbp empty after retries"
2026-07-15T13:42:20.433Z WARN  phase=pbp game_id=1022600157 attempts=2 msg="pbp empty after retries"
2026-07-15T13:46:40.598Z WARN  phase=pbp game_id=1022600158 attempts=2 msg="pbp empty after retries"
2026-07-15T13:51:00.765Z WARN  phase=pbp game_id=1022600155 attempts=2 msg="pbp empty after retries"
2026-07-15T13:55:20.937Z WARN  phase=pbp game_id=1022600156 attempts=2 msg="pbp empty after retries"
2026-07-15T13:59:41.107Z WARN  phase=pbp game_id=1022600154 attempts=2 msg="pbp empty after retries"
2026-07-15T14:04:01.278Z WARN  phase=pbp game_id=1022600153 attempts=2 msg="pbp empty after retries"
2026-07-15T14:08:21.449Z WARN  phase=pbp game_id=1022600152 attempts=2 msg="pbp empty after retries"
2026-07-15T14:12:41.617Z WARN  phase=pbp game_id=1022600150 attempts=2 msg="pbp empty after retries"
2026-07-15T14:17:01.786Z WARN  phase=pbp game_id=1022600151 attempts=2 msg="pbp empty after retries"
2026-07-15T14:21:21.958Z WARN  phase=pbp game_id=1022600149 attempts=2 msg="pbp empty after retries"
2026-07-15T14:25:42.130Z WARN  phase=pbp game_id=1022600148 attempts=2 msg="pbp empty after retries"
2026-07-15T14:30:02.302Z WARN  phase=pbp game_id=1022600147 attempts=2 msg="pbp empty after retries"
2026-07-15T14:34:22.472Z WARN  phase=pbp game_id=1022600145 attempts=2 msg="pbp empty after retries"
2026-07-15T14:38:42.640Z WARN  phase=pbp game_id=1022600146 attempts=2 msg="pbp empty after retries"
2026-07-15T14:38:42.650Z INFO  phase=pbp season=2026 retried=34 recovered=0 still_failed=34 msg="pbp cool-off pass complete"
2026-07-15T14:38:53.912Z INFO  phase=pbp season=2026 rows=59209 games_total=178 games_ok=144 games_failed=34 msg="pbp ok"
2026-07-15T14:38:53.914Z INFO  phase=season 2026: pbp elapsed_s=18334.61 msg="phase end: season 2026: pbp"
2026-07-15T14:38:53.918Z INFO  phase=master schedule msg="phase start: master schedule"
2026-07-15T14:38:55.886Z INFO  phase=master_schedule rows=356 games=178 seasons_covered=1 msg="master schedule ok"
2026-07-15T14:38:55.888Z INFO  phase=master schedule elapsed_s=1.97 msg="phase end: master schedule"
2026-07-15T14:38:55.892Z INFO  phase=manifest upload msg="phase start: manifest upload"
2026-07-15T14:38:59.523Z INFO  phase=manifest upload elapsed_s=3.63 msg="phase end: manifest upload"
2026-07-15T14:38:59.555Z INFO  start_year=2026 end_year=2026 msg="pipeline complete"
