2026-06-06T09:42:54.654Z INFO  start_year=2026 end_year=2026 rescrape=FALSE run_id=20260606T094254Z log_path=logs/wnba_stats_01_pbp_2026_2026_20260606T094254Z.log msg="WNBA Stats pbp: seasons 2026-2026 | rescrape=FALSE"
2026-06-06T09:42:55.056Z INFO  n_proxies=50 msg="proxy pool loaded: 50 proxies"
2026-06-06T09:42:55.165Z INFO  phase=season 2026: schedule msg="phase start: season 2026: schedule"
2026-06-06T09:42:59.385Z INFO  phase=schedule season=2026 rows=152 games=76 msg="schedule ok"
2026-06-06T09:42:59.387Z INFO  phase=season 2026: schedule elapsed_s=4.22 msg="phase end: season 2026: schedule"
2026-06-06T09:42:59.482Z INFO  phase=season 2026: player_game_logs msg="phase start: season 2026: player_game_logs"
2026-06-06T09:43:03.861Z INFO  phase=player_game_logs season=2026 rows=1516 players=197 msg="player_game_logs ok"
2026-06-06T09:43:03.863Z INFO  phase=season 2026: player_game_logs elapsed_s=4.38 msg="phase end: season 2026: player_game_logs"
2026-06-06T09:43:03.866Z INFO  phase=season 2026: pbp msg="phase start: season 2026: pbp"
2026-06-06T09:47:24.090Z WARN  phase=pbp game_id=1022600074 attempts=2 msg="pbp empty after retries"
2026-06-06T09:51:44.260Z WARN  phase=pbp game_id=1022600076 attempts=2 msg="pbp empty after retries"
2026-06-06T09:56:04.428Z WARN  phase=pbp game_id=1022600075 attempts=2 msg="pbp empty after retries"
2026-06-06T10:00:24.589Z WARN  phase=pbp game_id=1022600072 attempts=2 msg="pbp empty after retries"
2026-06-06T10:04:44.757Z WARN  phase=pbp game_id=1022600073 attempts=2 msg="pbp empty after retries"
2026-06-06T10:09:04.918Z WARN  phase=pbp game_id=1022600071 attempts=2 msg="pbp empty after retries"
2026-06-06T10:13:25.083Z WARN  phase=pbp game_id=1022600070 attempts=2 msg="pbp empty after retries"
2026-06-06T10:17:45.250Z WARN  phase=pbp game_id=1022600069 attempts=2 msg="pbp empty after retries"
2026-06-06T10:22:05.412Z WARN  phase=pbp game_id=1022600068 attempts=2 msg="pbp empty after retries"
2026-06-06T10:26:25.582Z WARN  phase=pbp game_id=1022600067 attempts=2 msg="pbp empty after retries"
2026-06-06T10:30:45.742Z WARN  phase=pbp game_id=1022600066 attempts=2 msg="pbp empty after retries"
2026-06-06T10:35:05.909Z WARN  phase=pbp game_id=1022600065 attempts=2 msg="pbp empty after retries"
2026-06-06T10:39:26.074Z WARN  phase=pbp game_id=1022600064 attempts=2 msg="pbp empty after retries"
2026-06-06T10:43:46.240Z WARN  phase=pbp game_id=1022600063 attempts=2 msg="pbp empty after retries"
2026-06-06T10:48:06.408Z WARN  phase=pbp game_id=1022600060 attempts=2 msg="pbp empty after retries"
2026-06-06T10:52:26.573Z WARN  phase=pbp game_id=1022600062 attempts=2 msg="pbp empty after retries"
2026-06-06T10:56:46.742Z WARN  phase=pbp game_id=1022600061 attempts=2 msg="pbp empty after retries"
2026-06-06T10:56:46.778Z DEBUG phase=pbp game_id=1022600056 source=json_cache rows=386 msg="pbp cache hit"
2026-06-06T10:56:46.800Z DEBUG phase=pbp game_id=1022600059 source=json_cache rows=389 msg="pbp cache hit"
2026-06-06T10:56:46.823Z DEBUG phase=pbp game_id=1022600058 source=json_cache rows=414 msg="pbp cache hit"
2026-06-06T10:56:46.847Z DEBUG phase=pbp game_id=1022600057 source=json_cache rows=416 msg="pbp cache hit"
2026-06-06T10:56:46.872Z DEBUG phase=pbp game_id=1022600055 source=json_cache rows=439 msg="pbp cache hit"
2026-06-06T10:56:46.893Z DEBUG phase=pbp game_id=1022600054 source=json_cache rows=375 msg="pbp cache hit"
2026-06-06T10:56:46.916Z DEBUG phase=pbp game_id=1022600050 source=json_cache rows=425 msg="pbp cache hit"
2026-06-06T10:56:46.939Z DEBUG phase=pbp game_id=1022600049 source=json_cache rows=396 msg="pbp cache hit"
2026-06-06T10:56:46.963Z DEBUG phase=pbp game_id=1022600052 source=json_cache rows=418 msg="pbp cache hit"
2026-06-06T10:56:46.987Z DEBUG phase=pbp game_id=1022600053 source=json_cache rows=406 msg="pbp cache hit"
2026-06-06T10:56:47.008Z DEBUG phase=pbp game_id=1022600051 source=json_cache rows=357 msg="pbp cache hit"
2026-06-06T10:56:47.032Z DEBUG phase=pbp game_id=1022600047 source=json_cache rows=414 msg="pbp cache hit"
2026-06-06T10:56:47.058Z DEBUG phase=pbp game_id=1022600048 source=json_cache rows=435 msg="pbp cache hit"
2026-06-06T10:56:47.081Z DEBUG phase=pbp game_id=1022600045 source=json_cache rows=380 msg="pbp cache hit"
2026-06-06T10:56:47.106Z DEBUG phase=pbp game_id=1022600046 source=json_cache rows=428 msg="pbp cache hit"
2026-06-06T10:56:47.129Z DEBUG phase=pbp game_id=1022600044 source=json_cache rows=408 msg="pbp cache hit"
2026-06-06T10:56:47.153Z DEBUG phase=pbp game_id=1022600042 source=json_cache rows=414 msg="pbp cache hit"
2026-06-06T10:56:47.176Z DEBUG phase=pbp game_id=1022600043 source=json_cache rows=405 msg="pbp cache hit"
2026-06-06T10:56:47.202Z DEBUG phase=pbp game_id=1022600041 source=json_cache rows=450 msg="pbp cache hit"
2026-06-06T10:56:47.226Z DEBUG phase=pbp game_id=1022600040 source=json_cache rows=371 msg="pbp cache hit"
2026-06-06T10:56:47.254Z DEBUG phase=pbp game_id=1022600039 source=json_cache rows=462 msg="pbp cache hit"
2026-06-06T10:56:47.290Z DEBUG phase=pbp game_id=1022600038 source=json_cache rows=379 msg="pbp cache hit"
2026-06-06T10:56:47.312Z DEBUG phase=pbp game_id=1022600036 source=json_cache rows=395 msg="pbp cache hit"
2026-06-06T10:56:47.336Z DEBUG phase=pbp game_id=1022600037 source=json_cache rows=424 msg="pbp cache hit"
2026-06-06T10:56:47.360Z DEBUG phase=pbp game_id=1022600035 source=json_cache rows=399 msg="pbp cache hit"
2026-06-06T10:56:47.385Z DEBUG phase=pbp game_id=1022600032 source=json_cache rows=410 msg="pbp cache hit"
2026-06-06T10:56:47.409Z DEBUG phase=pbp game_id=1022600034 source=json_cache rows=409 msg="pbp cache hit"
2026-06-06T10:56:47.431Z DEBUG phase=pbp game_id=1022600033 source=json_cache rows=390 msg="pbp cache hit"
2026-06-06T10:56:47.454Z DEBUG phase=pbp game_id=1022600031 source=json_cache rows=403 msg="pbp cache hit"
2026-06-06T10:56:47.478Z DEBUG phase=pbp game_id=1022600030 source=json_cache rows=426 msg="pbp cache hit"
2026-06-06T10:56:47.499Z DEBUG phase=pbp game_id=1022600029 source=json_cache rows=363 msg="pbp cache hit"
2026-06-06T10:56:47.523Z DEBUG phase=pbp game_id=1022600028 source=json_cache rows=423 msg="pbp cache hit"
2026-06-06T10:56:47.548Z DEBUG phase=pbp game_id=1022600027 source=json_cache rows=424 msg="pbp cache hit"
2026-06-06T10:56:47.572Z DEBUG phase=pbp game_id=1022600025 source=json_cache rows=409 msg="pbp cache hit"
2026-06-06T10:56:47.599Z DEBUG phase=pbp game_id=1022600026 source=json_cache rows=456 msg="pbp cache hit"
2026-06-06T10:56:47.627Z DEBUG phase=pbp game_id=1022600024 source=json_cache rows=448 msg="pbp cache hit"
2026-06-06T10:56:47.651Z DEBUG phase=pbp game_id=1022600021 source=json_cache rows=409 msg="pbp cache hit"
2026-06-06T10:56:47.673Z DEBUG phase=pbp game_id=1022600023 source=json_cache rows=379 msg="pbp cache hit"
2026-06-06T10:56:47.702Z DEBUG phase=pbp game_id=1022600022 source=json_cache rows=501 msg="pbp cache hit"
2026-06-06T10:56:47.725Z DEBUG phase=pbp game_id=1022600020 source=json_cache rows=413 msg="pbp cache hit"
2026-06-06T10:56:47.752Z DEBUG phase=pbp game_id=1022600019 source=json_cache rows=373 msg="pbp cache hit"
2026-06-06T10:56:47.775Z DEBUG phase=pbp game_id=1022600018 source=json_cache rows=394 msg="pbp cache hit"
2026-06-06T10:56:47.798Z DEBUG phase=pbp game_id=1022600017 source=json_cache rows=408 msg="pbp cache hit"
2026-06-06T10:56:47.814Z DEBUG phase=pbp game_id=1022600015 source=json_cache rows=377 msg="pbp cache hit"
2026-06-06T10:56:47.836Z DEBUG phase=pbp game_id=1022600016 source=json_cache rows=411 msg="pbp cache hit"
2026-06-06T10:56:47.860Z DEBUG phase=pbp game_id=1022600013 source=json_cache rows=430 msg="pbp cache hit"
2026-06-06T10:56:47.881Z DEBUG phase=pbp game_id=1022600014 source=json_cache rows=377 msg="pbp cache hit"
2026-06-06T10:56:47.903Z DEBUG phase=pbp game_id=1022600012 source=json_cache rows=388 msg="pbp cache hit"
2026-06-06T10:56:47.923Z DEBUG phase=pbp game_id=1022600011 source=json_cache rows=354 msg="pbp cache hit"
2026-06-06T10:56:47.951Z DEBUG phase=pbp game_id=1022600008 source=json_cache rows=487 msg="pbp cache hit"
2026-06-06T10:56:47.973Z DEBUG phase=pbp game_id=1022600009 source=json_cache rows=401 msg="pbp cache hit"
2026-06-06T10:56:47.998Z DEBUG phase=pbp game_id=1022600007 source=json_cache rows=435 msg="pbp cache hit"
2026-06-06T10:56:48.027Z DEBUG phase=pbp game_id=1022600005 source=json_cache rows=375 msg="pbp cache hit"
2026-06-06T10:56:48.052Z DEBUG phase=pbp game_id=1022600010 source=json_cache rows=459 msg="pbp cache hit"
2026-06-06T10:56:48.077Z DEBUG phase=pbp game_id=1022600004 source=json_cache rows=437 msg="pbp cache hit"
2026-06-06T10:56:48.100Z DEBUG phase=pbp game_id=1022600006 source=json_cache rows=417 msg="pbp cache hit"
2026-06-06T10:56:48.123Z DEBUG phase=pbp game_id=1022600003 source=json_cache rows=423 msg="pbp cache hit"
2026-06-06T10:56:48.148Z DEBUG phase=pbp game_id=1022600001 source=json_cache rows=448 msg="pbp cache hit"
2026-06-06T10:56:48.179Z DEBUG phase=pbp game_id=1022600002 source=json_cache rows=465 msg="pbp cache hit"
2026-06-06T11:01:38.401Z WARN  phase=pbp game_id=1022600074 attempts=2 msg="pbp empty after retries"
2026-06-06T11:05:58.573Z WARN  phase=pbp game_id=1022600076 attempts=2 msg="pbp empty after retries"
2026-06-06T11:10:18.734Z WARN  phase=pbp game_id=1022600075 attempts=2 msg="pbp empty after retries"
2026-06-06T11:14:38.905Z WARN  phase=pbp game_id=1022600072 attempts=2 msg="pbp empty after retries"
2026-06-06T11:18:59.071Z WARN  phase=pbp game_id=1022600073 attempts=2 msg="pbp empty after retries"
2026-06-06T11:23:19.238Z WARN  phase=pbp game_id=1022600071 attempts=2 msg="pbp empty after retries"
2026-06-06T11:27:39.412Z WARN  phase=pbp game_id=1022600070 attempts=2 msg="pbp empty after retries"
2026-06-06T11:31:59.573Z WARN  phase=pbp game_id=1022600069 attempts=2 msg="pbp empty after retries"
2026-06-06T11:36:19.768Z WARN  phase=pbp game_id=1022600068 attempts=2 msg="pbp empty after retries"
2026-06-06T11:40:39.938Z WARN  phase=pbp game_id=1022600067 attempts=2 msg="pbp empty after retries"
2026-06-06T11:45:00.110Z WARN  phase=pbp game_id=1022600066 attempts=2 msg="pbp empty after retries"
2026-06-06T11:49:20.283Z WARN  phase=pbp game_id=1022600065 attempts=2 msg="pbp empty after retries"
2026-06-06T11:53:40.456Z WARN  phase=pbp game_id=1022600064 attempts=2 msg="pbp empty after retries"
2026-06-06T11:58:00.622Z WARN  phase=pbp game_id=1022600063 attempts=2 msg="pbp empty after retries"
2026-06-06T12:02:20.794Z WARN  phase=pbp game_id=1022600060 attempts=2 msg="pbp empty after retries"
2026-06-06T12:06:40.967Z WARN  phase=pbp game_id=1022600062 attempts=2 msg="pbp empty after retries"
2026-06-06T12:11:01.135Z WARN  phase=pbp game_id=1022600061 attempts=2 msg="pbp empty after retries"
2026-06-06T12:11:01.145Z INFO  phase=pbp season=2026 retried=17 recovered=0 still_failed=17 msg="pbp cool-off pass complete"
2026-06-06T12:11:07.346Z INFO  phase=pbp season=2026 rows=24324 games_total=76 games_ok=59 games_failed=17 msg="pbp ok"
2026-06-06T12:11:07.348Z INFO  phase=season 2026: pbp elapsed_s=8883.48 msg="phase end: season 2026: pbp"
2026-06-06T12:11:07.352Z INFO  phase=master schedule msg="phase start: master schedule"
2026-06-06T12:11:09.556Z INFO  phase=master_schedule rows=152 games=76 seasons_covered=1 msg="master schedule ok"
2026-06-06T12:11:09.558Z INFO  phase=master schedule elapsed_s=2.2 msg="phase end: master schedule"
2026-06-06T12:11:09.562Z INFO  phase=manifest upload msg="phase start: manifest upload"
2026-06-06T12:11:13.840Z INFO  phase=manifest upload elapsed_s=4.28 msg="phase end: manifest upload"
2026-06-06T12:11:13.873Z INFO  start_year=2026 end_year=2026 msg="pipeline complete"
