2026-07-11T09:13:06.348Z INFO  start_year=2026 end_year=2026 rescrape=FALSE run_id=20260711T091306Z log_path=logs/wnba_stats_01_pbp_2026_2026_20260711T091306Z.log msg="WNBA Stats pbp: seasons 2026-2026 | rescrape=FALSE"
2026-07-11T09:13:06.673Z INFO  n_proxies=50 msg="proxy pool loaded: 50 proxies"
2026-07-11T09:13:06.780Z INFO  phase=season 2026: schedule msg="phase start: season 2026: schedule"
2026-07-11T09:13:10.014Z INFO  phase=schedule season=2026 rows=334 games=167 msg="schedule ok"
2026-07-11T09:13:10.029Z INFO  phase=season 2026: schedule elapsed_s=3.23 msg="phase end: season 2026: schedule"
2026-07-11T09:13:10.046Z INFO  phase=season 2026: player_game_logs msg="phase start: season 2026: player_game_logs"
2026-07-11T09:13:13.649Z INFO  phase=player_game_logs season=2026 rows=3315 players=214 msg="player_game_logs ok"
2026-07-11T09:13:13.651Z INFO  phase=season 2026: player_game_logs elapsed_s=3.51 msg="phase end: season 2026: player_game_logs"
2026-07-11T09:13:13.655Z INFO  phase=season 2026: pbp msg="phase start: season 2026: pbp"
2026-07-11T09:17:33.885Z WARN  phase=pbp game_id=1022600165 attempts=2 msg="pbp empty after retries"
2026-07-11T09:21:54.064Z WARN  phase=pbp game_id=1022600166 attempts=2 msg="pbp empty after retries"
2026-07-11T09:26:14.231Z WARN  phase=pbp game_id=1022600167 attempts=2 msg="pbp empty after retries"
2026-07-11T09:30:34.399Z WARN  phase=pbp game_id=1022600164 attempts=2 msg="pbp empty after retries"
2026-07-11T09:34:54.570Z WARN  phase=pbp game_id=1022600162 attempts=2 msg="pbp empty after retries"
2026-07-11T09:39:14.744Z WARN  phase=pbp game_id=1022600163 attempts=2 msg="pbp empty after retries"
2026-07-11T09:43:34.912Z WARN  phase=pbp game_id=1022600159 attempts=2 msg="pbp empty after retries"
2026-07-11T09:47:55.086Z WARN  phase=pbp game_id=1022600160 attempts=2 msg="pbp empty after retries"
2026-07-11T09:52:15.258Z WARN  phase=pbp game_id=1022600161 attempts=2 msg="pbp empty after retries"
2026-07-11T09:56:35.428Z WARN  phase=pbp game_id=1022600158 attempts=2 msg="pbp empty after retries"
2026-07-11T10:00:55.590Z WARN  phase=pbp game_id=1022600157 attempts=2 msg="pbp empty after retries"
2026-07-11T10:05:15.777Z WARN  phase=pbp game_id=1022600154 attempts=2 msg="pbp empty after retries"
2026-07-11T10:09:35.950Z WARN  phase=pbp game_id=1022600155 attempts=2 msg="pbp empty after retries"
2026-07-11T10:13:56.120Z WARN  phase=pbp game_id=1022600156 attempts=2 msg="pbp empty after retries"
2026-07-11T10:18:16.294Z WARN  phase=pbp game_id=1022600153 attempts=2 msg="pbp empty after retries"
2026-07-11T10:22:36.468Z WARN  phase=pbp game_id=1022600152 attempts=2 msg="pbp empty after retries"
2026-07-11T10:26:56.642Z WARN  phase=pbp game_id=1022600150 attempts=2 msg="pbp empty after retries"
2026-07-11T10:31:16.824Z WARN  phase=pbp game_id=1022600151 attempts=2 msg="pbp empty after retries"
2026-07-11T10:35:37.000Z WARN  phase=pbp game_id=1022600149 attempts=2 msg="pbp empty after retries"
2026-07-11T10:39:57.174Z WARN  phase=pbp game_id=1022600148 attempts=2 msg="pbp empty after retries"
2026-07-11T10:44:17.351Z WARN  phase=pbp game_id=1022600146 attempts=2 msg="pbp empty after retries"
2026-07-11T10:48:37.522Z WARN  phase=pbp game_id=1022600145 attempts=2 msg="pbp empty after retries"
2026-07-11T10:52:57.695Z WARN  phase=pbp game_id=1022600147 attempts=2 msg="pbp empty after retries"
2026-07-11T10:52:57.730Z DEBUG phase=pbp game_id=1022600143 source=json_cache rows=435 msg="pbp cache hit"
2026-07-11T10:52:57.755Z DEBUG phase=pbp game_id=1022600144 source=json_cache rows=383 msg="pbp cache hit"
2026-07-11T10:52:57.776Z DEBUG phase=pbp game_id=1022600141 source=json_cache rows=375 msg="pbp cache hit"
2026-07-11T10:52:57.811Z DEBUG phase=pbp game_id=1022600142 source=json_cache rows=629 msg="pbp cache hit"
2026-07-11T10:52:57.834Z DEBUG phase=pbp game_id=1022600139 source=json_cache rows=433 msg="pbp cache hit"
2026-07-11T10:52:57.852Z DEBUG phase=pbp game_id=1022600138 source=json_cache rows=398 msg="pbp cache hit"
2026-07-11T10:52:57.869Z DEBUG phase=pbp game_id=1022600140 source=json_cache rows=398 msg="pbp cache hit"
2026-07-11T10:52:57.892Z DEBUG phase=pbp game_id=1022600137 source=json_cache rows=420 msg="pbp cache hit"
2026-07-11T10:52:57.913Z DEBUG phase=pbp game_id=1022600135 source=json_cache rows=374 msg="pbp cache hit"
2026-07-11T10:52:57.937Z DEBUG phase=pbp game_id=1022600136 source=json_cache rows=423 msg="pbp cache hit"
2026-07-11T10:52:57.959Z DEBUG phase=pbp game_id=1022600134 source=json_cache rows=397 msg="pbp cache hit"
2026-07-11T10:52:57.978Z DEBUG phase=pbp game_id=1022600132 source=json_cache rows=437 msg="pbp cache hit"
2026-07-11T10:52:58.001Z DEBUG phase=pbp game_id=1022600133 source=json_cache rows=398 msg="pbp cache hit"
2026-07-11T10:52:58.026Z DEBUG phase=pbp game_id=1022600130 source=json_cache rows=427 msg="pbp cache hit"
2026-07-11T10:52:58.048Z DEBUG phase=pbp game_id=1022600131 source=json_cache rows=391 msg="pbp cache hit"
2026-07-11T10:52:58.073Z DEBUG phase=pbp game_id=1022600129 source=json_cache rows=434 msg="pbp cache hit"
2026-07-11T10:52:58.096Z DEBUG phase=pbp game_id=1022600128 source=json_cache rows=390 msg="pbp cache hit"
2026-07-11T10:52:58.116Z DEBUG phase=pbp game_id=1022600127 source=json_cache rows=349 msg="pbp cache hit"
2026-07-11T10:52:58.141Z DEBUG phase=pbp game_id=1022600125 source=json_cache rows=421 msg="pbp cache hit"
2026-07-11T10:52:58.164Z DEBUG phase=pbp game_id=1022600126 source=json_cache rows=396 msg="pbp cache hit"
2026-07-11T10:52:58.190Z DEBUG phase=pbp game_id=1022600124 source=json_cache rows=449 msg="pbp cache hit"
2026-07-11T10:52:58.221Z DEBUG phase=pbp game_id=1022600123 source=json_cache rows=453 msg="pbp cache hit"
2026-07-11T10:52:58.241Z DEBUG phase=pbp game_id=1022600120 source=json_cache rows=339 msg="pbp cache hit"
2026-07-11T10:52:58.262Z DEBUG phase=pbp game_id=1022600122 source=json_cache rows=394 msg="pbp cache hit"
2026-07-11T10:52:58.285Z DEBUG phase=pbp game_id=1022600121 source=json_cache rows=408 msg="pbp cache hit"
2026-07-11T10:52:58.308Z DEBUG phase=pbp game_id=1022600119 source=json_cache rows=427 msg="pbp cache hit"
2026-07-11T10:52:58.333Z DEBUG phase=pbp game_id=1022600117 source=json_cache rows=457 msg="pbp cache hit"
2026-07-11T10:52:58.354Z DEBUG phase=pbp game_id=1022600118 source=json_cache rows=377 msg="pbp cache hit"
2026-07-11T10:52:58.376Z DEBUG phase=pbp game_id=1022600116 source=json_cache rows=410 msg="pbp cache hit"
2026-07-11T10:52:58.398Z DEBUG phase=pbp game_id=1022600114 source=json_cache rows=407 msg="pbp cache hit"
2026-07-11T10:52:58.421Z DEBUG phase=pbp game_id=1022600115 source=json_cache rows=415 msg="pbp cache hit"
2026-07-11T10:52:58.445Z DEBUG phase=pbp game_id=1022600113 source=json_cache rows=436 msg="pbp cache hit"
2026-07-11T10:52:58.465Z DEBUG phase=pbp game_id=1022600109 source=json_cache rows=364 msg="pbp cache hit"
2026-07-11T10:52:58.486Z DEBUG phase=pbp game_id=1022600107 source=json_cache rows=383 msg="pbp cache hit"
2026-07-11T10:52:58.508Z DEBUG phase=pbp game_id=1022600110 source=json_cache rows=406 msg="pbp cache hit"
2026-07-11T10:52:58.531Z DEBUG phase=pbp game_id=1022600112 source=json_cache rows=409 msg="pbp cache hit"
2026-07-11T10:52:58.551Z DEBUG phase=pbp game_id=1022600111 source=json_cache rows=367 msg="pbp cache hit"
2026-07-11T10:52:58.573Z DEBUG phase=pbp game_id=1022600108 source=json_cache rows=391 msg="pbp cache hit"
2026-07-11T10:52:58.596Z DEBUG phase=pbp game_id=1022600106 source=json_cache rows=425 msg="pbp cache hit"
2026-07-11T10:52:58.623Z DEBUG phase=pbp game_id=1022600103 source=json_cache rows=365 msg="pbp cache hit"
2026-07-11T10:52:58.645Z DEBUG phase=pbp game_id=1022600105 source=json_cache rows=391 msg="pbp cache hit"
2026-07-11T10:52:58.668Z DEBUG phase=pbp game_id=1022600104 source=json_cache rows=418 msg="pbp cache hit"
2026-07-11T10:52:58.691Z DEBUG phase=pbp game_id=1022600102 source=json_cache rows=415 msg="pbp cache hit"
2026-07-11T10:52:58.713Z DEBUG phase=pbp game_id=1022600101 source=json_cache rows=400 msg="pbp cache hit"
2026-07-11T10:52:58.735Z DEBUG phase=pbp game_id=1022600097 source=json_cache rows=387 msg="pbp cache hit"
2026-07-11T10:52:58.758Z DEBUG phase=pbp game_id=1022600100 source=json_cache rows=433 msg="pbp cache hit"
2026-07-11T10:52:58.774Z DEBUG phase=pbp game_id=1022600098 source=json_cache rows=372 msg="pbp cache hit"
2026-07-11T10:52:58.797Z DEBUG phase=pbp game_id=1022600099 source=json_cache rows=421 msg="pbp cache hit"
2026-07-11T10:52:58.820Z DEBUG phase=pbp game_id=1022600095 source=json_cache rows=411 msg="pbp cache hit"
2026-07-11T10:52:58.842Z DEBUG phase=pbp game_id=1022600096 source=json_cache rows=408 msg="pbp cache hit"
2026-07-11T10:52:58.862Z DEBUG phase=pbp game_id=1022600093 source=json_cache rows=366 msg="pbp cache hit"
2026-07-11T10:52:58.886Z DEBUG phase=pbp game_id=1022600092 source=json_cache rows=435 msg="pbp cache hit"
2026-07-11T10:52:58.914Z DEBUG phase=pbp game_id=1022600091 source=json_cache rows=519 msg="pbp cache hit"
2026-07-11T10:52:58.936Z DEBUG phase=pbp game_id=1022600094 source=json_cache rows=401 msg="pbp cache hit"
2026-07-11T10:52:58.956Z DEBUG phase=pbp game_id=1022600089 source=json_cache rows=501 msg="pbp cache hit"
2026-07-11T10:52:58.979Z DEBUG phase=pbp game_id=1022600090 source=json_cache rows=417 msg="pbp cache hit"
2026-07-11T10:52:58.996Z DEBUG phase=pbp game_id=1022600086 source=json_cache rows=385 msg="pbp cache hit"
2026-07-11T10:52:59.012Z DEBUG phase=pbp game_id=1022600088 source=json_cache rows=382 msg="pbp cache hit"
2026-07-11T10:52:59.027Z DEBUG phase=pbp game_id=1022600087 source=json_cache rows=371 msg="pbp cache hit"
2026-07-11T10:52:59.045Z DEBUG phase=pbp game_id=1022600083 source=json_cache rows=435 msg="pbp cache hit"
2026-07-11T10:52:59.063Z DEBUG phase=pbp game_id=1022600084 source=json_cache rows=417 msg="pbp cache hit"
2026-07-11T10:52:59.079Z DEBUG phase=pbp game_id=1022600085 source=json_cache rows=391 msg="pbp cache hit"
2026-07-11T10:52:59.097Z DEBUG phase=pbp game_id=1022600081 source=json_cache rows=446 msg="pbp cache hit"
2026-07-11T10:52:59.115Z DEBUG phase=pbp game_id=1022600082 source=json_cache rows=438 msg="pbp cache hit"
2026-07-11T10:52:59.136Z DEBUG phase=pbp game_id=1022600078 source=json_cache rows=387 msg="pbp cache hit"
2026-07-11T10:52:59.161Z DEBUG phase=pbp game_id=1022600079 source=json_cache rows=454 msg="pbp cache hit"
2026-07-11T10:52:59.185Z DEBUG phase=pbp game_id=1022600080 source=json_cache rows=440 msg="pbp cache hit"
2026-07-11T10:52:59.206Z DEBUG phase=pbp game_id=1022600077 source=json_cache rows=391 msg="pbp cache hit"
2026-07-11T10:52:59.227Z DEBUG phase=pbp game_id=1022600075 source=json_cache rows=382 msg="pbp cache hit"
2026-07-11T10:52:59.249Z DEBUG phase=pbp game_id=1022600076 source=json_cache rows=399 msg="pbp cache hit"
2026-07-11T10:52:59.278Z DEBUG phase=pbp game_id=1022600074 source=json_cache rows=417 msg="pbp cache hit"
2026-07-11T10:52:59.300Z DEBUG phase=pbp game_id=1022600073 source=json_cache rows=391 msg="pbp cache hit"
2026-07-11T10:52:59.323Z DEBUG phase=pbp game_id=1022600072 source=json_cache rows=406 msg="pbp cache hit"
2026-07-11T10:52:59.345Z DEBUG phase=pbp game_id=1022600071 source=json_cache rows=402 msg="pbp cache hit"
2026-07-11T10:52:59.365Z DEBUG phase=pbp game_id=1022600070 source=json_cache rows=375 msg="pbp cache hit"
2026-07-11T10:52:59.386Z DEBUG phase=pbp game_id=1022600068 source=json_cache rows=382 msg="pbp cache hit"
2026-07-11T10:52:59.411Z DEBUG phase=pbp game_id=1022600067 source=json_cache rows=444 msg="pbp cache hit"
2026-07-11T10:52:59.433Z DEBUG phase=pbp game_id=1022600069 source=json_cache rows=400 msg="pbp cache hit"
2026-07-11T10:52:59.454Z DEBUG phase=pbp game_id=1022600066 source=json_cache rows=383 msg="pbp cache hit"
2026-07-11T10:52:59.474Z DEBUG phase=pbp game_id=1022600065 source=json_cache rows=356 msg="pbp cache hit"
2026-07-11T10:52:59.497Z DEBUG phase=pbp game_id=1022600064 source=json_cache rows=421 msg="pbp cache hit"
2026-07-11T10:54:17.488Z DEBUG phase=pbp game_id=1022600063 source=json_cache rows=416 msg="pbp cache hit"
2026-07-11T10:58:37.702Z DEBUG phase=pbp game_id=1022600060 source=json_cache rows=391 msg="pbp cache hit"
2026-07-11T11:02:57.814Z DEBUG phase=pbp game_id=1022600061 source=json_cache rows=449 msg="pbp cache hit"
2026-07-11T11:02:57.846Z DEBUG phase=pbp game_id=1022600062 source=json_cache rows=432 msg="pbp cache hit"
2026-07-11T11:02:57.869Z DEBUG phase=pbp game_id=1022600057 source=json_cache rows=416 msg="pbp cache hit"
2026-07-11T11:02:57.890Z DEBUG phase=pbp game_id=1022600059 source=json_cache rows=389 msg="pbp cache hit"
2026-07-11T11:02:57.912Z DEBUG phase=pbp game_id=1022600058 source=json_cache rows=414 msg="pbp cache hit"
2026-07-11T11:02:57.934Z DEBUG phase=pbp game_id=1022600056 source=json_cache rows=386 msg="pbp cache hit"
2026-07-11T11:02:57.956Z DEBUG phase=pbp game_id=1022600054 source=json_cache rows=375 msg="pbp cache hit"
2026-07-11T11:02:57.980Z DEBUG phase=pbp game_id=1022600055 source=json_cache rows=439 msg="pbp cache hit"
2026-07-11T11:02:58.002Z DEBUG phase=pbp game_id=1022600053 source=json_cache rows=406 msg="pbp cache hit"
2026-07-11T11:02:58.022Z DEBUG phase=pbp game_id=1022600051 source=json_cache rows=357 msg="pbp cache hit"
2026-07-11T11:02:58.045Z DEBUG phase=pbp game_id=1022600050 source=json_cache rows=425 msg="pbp cache hit"
2026-07-11T11:02:58.072Z DEBUG phase=pbp game_id=1022600049 source=json_cache rows=396 msg="pbp cache hit"
2026-07-11T11:02:58.096Z DEBUG phase=pbp game_id=1022600052 source=json_cache rows=418 msg="pbp cache hit"
2026-07-11T11:02:58.118Z DEBUG phase=pbp game_id=1022600047 source=json_cache rows=414 msg="pbp cache hit"
2026-07-11T11:02:58.142Z DEBUG phase=pbp game_id=1022600048 source=json_cache rows=435 msg="pbp cache hit"
2026-07-11T11:02:58.162Z DEBUG phase=pbp game_id=1022600045 source=json_cache rows=380 msg="pbp cache hit"
2026-07-11T11:02:58.185Z DEBUG phase=pbp game_id=1022600044 source=json_cache rows=408 msg="pbp cache hit"
2026-07-11T11:02:58.209Z DEBUG phase=pbp game_id=1022600046 source=json_cache rows=428 msg="pbp cache hit"
2026-07-11T11:02:58.233Z DEBUG phase=pbp game_id=1022600041 source=json_cache rows=450 msg="pbp cache hit"
2026-07-11T11:02:58.255Z DEBUG phase=pbp game_id=1022600043 source=json_cache rows=405 msg="pbp cache hit"
2026-07-11T11:02:58.277Z DEBUG phase=pbp game_id=1022600042 source=json_cache rows=414 msg="pbp cache hit"
2026-07-11T11:02:58.303Z DEBUG phase=pbp game_id=1022600040 source=json_cache rows=371 msg="pbp cache hit"
2026-07-11T11:02:58.324Z DEBUG phase=pbp game_id=1022600038 source=json_cache rows=379 msg="pbp cache hit"
2026-07-11T11:02:58.349Z DEBUG phase=pbp game_id=1022600039 source=json_cache rows=462 msg="pbp cache hit"
2026-07-11T11:02:58.372Z DEBUG phase=pbp game_id=1022600037 source=json_cache rows=424 msg="pbp cache hit"
2026-07-11T11:02:58.394Z DEBUG phase=pbp game_id=1022600036 source=json_cache rows=395 msg="pbp cache hit"
2026-07-11T11:02:58.415Z DEBUG phase=pbp game_id=1022600035 source=json_cache rows=399 msg="pbp cache hit"
2026-07-11T11:02:58.438Z DEBUG phase=pbp game_id=1022600032 source=json_cache rows=410 msg="pbp cache hit"
2026-07-11T11:02:58.460Z DEBUG phase=pbp game_id=1022600034 source=json_cache rows=409 msg="pbp cache hit"
2026-07-11T11:02:58.481Z DEBUG phase=pbp game_id=1022600033 source=json_cache rows=390 msg="pbp cache hit"
2026-07-11T11:02:58.509Z DEBUG phase=pbp game_id=1022600031 source=json_cache rows=403 msg="pbp cache hit"
2026-07-11T11:02:58.529Z DEBUG phase=pbp game_id=1022600029 source=json_cache rows=363 msg="pbp cache hit"
2026-07-11T11:02:58.552Z DEBUG phase=pbp game_id=1022600030 source=json_cache rows=426 msg="pbp cache hit"
2026-07-11T11:02:58.577Z DEBUG phase=pbp game_id=1022600026 source=json_cache rows=456 msg="pbp cache hit"
2026-07-11T11:02:58.600Z DEBUG phase=pbp game_id=1022600027 source=json_cache rows=424 msg="pbp cache hit"
2026-07-11T11:02:58.623Z DEBUG phase=pbp game_id=1022600028 source=json_cache rows=423 msg="pbp cache hit"
2026-07-11T11:02:58.646Z DEBUG phase=pbp game_id=1022600025 source=json_cache rows=409 msg="pbp cache hit"
2026-07-11T11:02:58.674Z DEBUG phase=pbp game_id=1022600021 source=json_cache rows=409 msg="pbp cache hit"
2026-07-11T11:02:58.696Z DEBUG phase=pbp game_id=1022600023 source=json_cache rows=379 msg="pbp cache hit"
2026-07-11T11:02:58.723Z DEBUG phase=pbp game_id=1022600022 source=json_cache rows=501 msg="pbp cache hit"
2026-07-11T11:02:58.747Z DEBUG phase=pbp game_id=1022600024 source=json_cache rows=448 msg="pbp cache hit"
2026-07-11T11:02:58.768Z DEBUG phase=pbp game_id=1022600019 source=json_cache rows=373 msg="pbp cache hit"
2026-07-11T11:02:58.790Z DEBUG phase=pbp game_id=1022600020 source=json_cache rows=413 msg="pbp cache hit"
2026-07-11T11:02:58.806Z DEBUG phase=pbp game_id=1022600015 source=json_cache rows=377 msg="pbp cache hit"
2026-07-11T11:02:58.833Z DEBUG phase=pbp game_id=1022600018 source=json_cache rows=394 msg="pbp cache hit"
2026-07-11T11:02:58.856Z DEBUG phase=pbp game_id=1022600017 source=json_cache rows=408 msg="pbp cache hit"
2026-07-11T11:02:58.878Z DEBUG phase=pbp game_id=1022600016 source=json_cache rows=411 msg="pbp cache hit"
2026-07-11T11:02:58.899Z DEBUG phase=pbp game_id=1022600012 source=json_cache rows=388 msg="pbp cache hit"
2026-07-11T11:02:58.923Z DEBUG phase=pbp game_id=1022600013 source=json_cache rows=430 msg="pbp cache hit"
2026-07-11T11:02:58.943Z DEBUG phase=pbp game_id=1022600014 source=json_cache rows=377 msg="pbp cache hit"
2026-07-11T11:02:58.994Z DEBUG phase=pbp game_id=1022600009 source=json_cache rows=401 msg="pbp cache hit"
2026-07-11T11:02:59.020Z DEBUG phase=pbp game_id=1022600007 source=json_cache rows=435 msg="pbp cache hit"
2026-07-11T11:02:59.040Z DEBUG phase=pbp game_id=1022600011 source=json_cache rows=354 msg="pbp cache hit"
2026-07-11T11:02:59.067Z DEBUG phase=pbp game_id=1022600008 source=json_cache rows=487 msg="pbp cache hit"
2026-07-11T11:02:59.088Z DEBUG phase=pbp game_id=1022600005 source=json_cache rows=375 msg="pbp cache hit"
2026-07-11T11:02:59.111Z DEBUG phase=pbp game_id=1022600006 source=json_cache rows=417 msg="pbp cache hit"
2026-07-11T11:02:59.135Z DEBUG phase=pbp game_id=1022600004 source=json_cache rows=437 msg="pbp cache hit"
2026-07-11T11:02:59.160Z DEBUG phase=pbp game_id=1022600010 source=json_cache rows=459 msg="pbp cache hit"
2026-07-11T11:02:59.191Z DEBUG phase=pbp game_id=1022600002 source=json_cache rows=465 msg="pbp cache hit"
2026-07-11T11:02:59.214Z DEBUG phase=pbp game_id=1022600003 source=json_cache rows=423 msg="pbp cache hit"
2026-07-11T11:02:59.239Z DEBUG phase=pbp game_id=1022600001 source=json_cache rows=448 msg="pbp cache hit"
2026-07-11T11:07:49.451Z WARN  phase=pbp game_id=1022600165 attempts=2 msg="pbp empty after retries"
2026-07-11T11:12:09.622Z WARN  phase=pbp game_id=1022600166 attempts=2 msg="pbp empty after retries"
2026-07-11T11:16:29.800Z WARN  phase=pbp game_id=1022600167 attempts=2 msg="pbp empty after retries"
2026-07-11T11:20:50.068Z WARN  phase=pbp game_id=1022600164 attempts=2 msg="pbp empty after retries"
2026-07-11T11:25:10.239Z WARN  phase=pbp game_id=1022600162 attempts=2 msg="pbp empty after retries"
2026-07-11T11:29:30.410Z WARN  phase=pbp game_id=1022600163 attempts=2 msg="pbp empty after retries"
2026-07-11T11:33:50.576Z WARN  phase=pbp game_id=1022600159 attempts=2 msg="pbp empty after retries"
2026-07-11T11:38:10.744Z WARN  phase=pbp game_id=1022600160 attempts=2 msg="pbp empty after retries"
2026-07-11T11:42:30.916Z WARN  phase=pbp game_id=1022600161 attempts=2 msg="pbp empty after retries"
2026-07-11T11:46:51.089Z WARN  phase=pbp game_id=1022600158 attempts=2 msg="pbp empty after retries"
2026-07-11T11:51:11.261Z WARN  phase=pbp game_id=1022600157 attempts=2 msg="pbp empty after retries"
2026-07-11T11:55:31.431Z WARN  phase=pbp game_id=1022600154 attempts=2 msg="pbp empty after retries"
2026-07-11T11:59:51.599Z WARN  phase=pbp game_id=1022600155 attempts=2 msg="pbp empty after retries"
2026-07-11T12:04:11.768Z WARN  phase=pbp game_id=1022600156 attempts=2 msg="pbp empty after retries"
2026-07-11T12:08:31.941Z WARN  phase=pbp game_id=1022600153 attempts=2 msg="pbp empty after retries"
2026-07-11T12:12:52.112Z WARN  phase=pbp game_id=1022600152 attempts=2 msg="pbp empty after retries"
2026-07-11T12:17:12.284Z WARN  phase=pbp game_id=1022600150 attempts=2 msg="pbp empty after retries"
2026-07-11T12:21:32.453Z WARN  phase=pbp game_id=1022600151 attempts=2 msg="pbp empty after retries"
2026-07-11T12:25:52.620Z WARN  phase=pbp game_id=1022600149 attempts=2 msg="pbp empty after retries"
2026-07-11T12:30:12.785Z WARN  phase=pbp game_id=1022600148 attempts=2 msg="pbp empty after retries"
2026-07-11T12:34:32.951Z WARN  phase=pbp game_id=1022600146 attempts=2 msg="pbp empty after retries"
2026-07-11T12:38:53.127Z WARN  phase=pbp game_id=1022600145 attempts=2 msg="pbp empty after retries"
2026-07-11T12:43:13.300Z WARN  phase=pbp game_id=1022600147 attempts=2 msg="pbp empty after retries"
2026-07-11T12:43:13.309Z INFO  phase=pbp season=2026 retried=23 recovered=0 still_failed=23 msg="pbp cool-off pass complete"
2026-07-11T12:43:24.370Z INFO  phase=pbp season=2026 rows=59198 games_total=167 games_ok=144 games_failed=23 msg="pbp ok"
2026-07-11T12:43:24.371Z INFO  phase=season 2026: pbp elapsed_s=12610.71 msg="phase end: season 2026: pbp"
2026-07-11T12:43:24.375Z INFO  phase=master schedule msg="phase start: master schedule"
2026-07-11T12:43:26.038Z INFO  phase=master_schedule rows=334 games=167 seasons_covered=1 msg="master schedule ok"
2026-07-11T12:43:26.039Z INFO  phase=master schedule elapsed_s=1.66 msg="phase end: master schedule"
2026-07-11T12:43:26.043Z INFO  phase=manifest upload msg="phase start: manifest upload"
2026-07-11T12:43:28.968Z INFO  phase=manifest upload elapsed_s=2.92 msg="phase end: manifest upload"
2026-07-11T12:43:28.998Z INFO  start_year=2026 end_year=2026 msg="pipeline complete"
