2026-05-31T10:01:16.337Z INFO  start_year=2026 end_year=2026 rescrape=FALSE run_id=20260531T100116Z log_path=logs/wnba_stats_01_pbp_2026_2026_20260531T100116Z.log msg="WNBA Stats pbp: seasons 2026-2026 | rescrape=FALSE"
2026-05-31T10:01:16.620Z INFO  n_proxies=50 msg="proxy pool loaded: 50 proxies"
2026-05-31T10:01:16.728Z INFO  phase=season 2026: schedule msg="phase start: season 2026: schedule"
2026-05-31T10:01:21.836Z INFO  phase=schedule season=2026 rows=124 games=62 msg="schedule ok"
2026-05-31T10:01:21.838Z INFO  phase=season 2026: schedule elapsed_s=5.11 msg="phase end: season 2026: schedule"
2026-05-31T10:01:21.934Z INFO  phase=season 2026: player_game_logs msg="phase start: season 2026: player_game_logs"
2026-05-31T10:01:26.993Z INFO  phase=player_game_logs season=2026 rows=1238 players=197 msg="player_game_logs ok"
2026-05-31T10:01:26.995Z INFO  phase=season 2026: player_game_logs elapsed_s=5.06 msg="phase end: season 2026: player_game_logs"
2026-05-31T10:01:27.000Z INFO  phase=season 2026: pbp msg="phase start: season 2026: pbp"
2026-05-31T10:05:47.227Z WARN  phase=pbp game_id=1022600062 attempts=2 msg="pbp empty after retries"
2026-05-31T10:10:07.395Z WARN  phase=pbp game_id=1022600061 attempts=2 msg="pbp empty after retries"
2026-05-31T10:14:27.570Z WARN  phase=pbp game_id=1022600060 attempts=2 msg="pbp empty after retries"
2026-05-31T10:14:27.603Z DEBUG phase=pbp game_id=1022600056 source=json_cache rows=386 msg="pbp cache hit"
2026-05-31T10:14:27.626Z DEBUG phase=pbp game_id=1022600057 source=json_cache rows=416 msg="pbp cache hit"
2026-05-31T10:14:27.647Z DEBUG phase=pbp game_id=1022600059 source=json_cache rows=389 msg="pbp cache hit"
2026-05-31T10:14:27.670Z DEBUG phase=pbp game_id=1022600058 source=json_cache rows=414 msg="pbp cache hit"
2026-05-31T10:14:27.691Z DEBUG phase=pbp game_id=1022600054 source=json_cache rows=375 msg="pbp cache hit"
2026-05-31T10:14:27.717Z DEBUG phase=pbp game_id=1022600055 source=json_cache rows=439 msg="pbp cache hit"
2026-05-31T10:14:27.744Z DEBUG phase=pbp game_id=1022600049 source=json_cache rows=396 msg="pbp cache hit"
2026-05-31T10:14:27.768Z DEBUG phase=pbp game_id=1022600053 source=json_cache rows=406 msg="pbp cache hit"
2026-05-31T10:14:27.792Z DEBUG phase=pbp game_id=1022600050 source=json_cache rows=425 msg="pbp cache hit"
2026-05-31T10:14:27.817Z DEBUG phase=pbp game_id=1022600051 source=json_cache rows=357 msg="pbp cache hit"
2026-05-31T10:14:27.840Z DEBUG phase=pbp game_id=1022600052 source=json_cache rows=418 msg="pbp cache hit"
2026-05-31T10:14:27.862Z DEBUG phase=pbp game_id=1022600047 source=json_cache rows=414 msg="pbp cache hit"
2026-05-31T10:14:27.890Z DEBUG phase=pbp game_id=1022600048 source=json_cache rows=435 msg="pbp cache hit"
2026-05-31T10:14:27.913Z DEBUG phase=pbp game_id=1022600044 source=json_cache rows=408 msg="pbp cache hit"
2026-05-31T10:14:27.936Z DEBUG phase=pbp game_id=1022600046 source=json_cache rows=428 msg="pbp cache hit"
2026-05-31T10:14:27.956Z DEBUG phase=pbp game_id=1022600045 source=json_cache rows=380 msg="pbp cache hit"
2026-05-31T10:14:27.979Z DEBUG phase=pbp game_id=1022600042 source=json_cache rows=414 msg="pbp cache hit"
2026-05-31T10:14:28.003Z DEBUG phase=pbp game_id=1022600041 source=json_cache rows=450 msg="pbp cache hit"
2026-05-31T10:14:28.025Z DEBUG phase=pbp game_id=1022600043 source=json_cache rows=405 msg="pbp cache hit"
2026-05-31T10:14:28.046Z DEBUG phase=pbp game_id=1022600040 source=json_cache rows=371 msg="pbp cache hit"
2026-05-31T10:14:28.072Z DEBUG phase=pbp game_id=1022600039 source=json_cache rows=462 msg="pbp cache hit"
2026-05-31T10:14:28.094Z DEBUG phase=pbp game_id=1022600038 source=json_cache rows=379 msg="pbp cache hit"
2026-05-31T10:14:28.117Z DEBUG phase=pbp game_id=1022600035 source=json_cache rows=399 msg="pbp cache hit"
2026-05-31T10:14:28.140Z DEBUG phase=pbp game_id=1022600036 source=json_cache rows=395 msg="pbp cache hit"
2026-05-31T10:14:28.165Z DEBUG phase=pbp game_id=1022600037 source=json_cache rows=424 msg="pbp cache hit"
2026-05-31T10:14:28.188Z DEBUG phase=pbp game_id=1022600032 source=json_cache rows=410 msg="pbp cache hit"
2026-05-31T10:14:28.212Z DEBUG phase=pbp game_id=1022600034 source=json_cache rows=409 msg="pbp cache hit"
2026-05-31T10:14:28.234Z DEBUG phase=pbp game_id=1022600033 source=json_cache rows=390 msg="pbp cache hit"
2026-05-31T10:14:28.257Z DEBUG phase=pbp game_id=1022600031 source=json_cache rows=403 msg="pbp cache hit"
2026-05-31T10:14:28.278Z DEBUG phase=pbp game_id=1022600029 source=json_cache rows=363 msg="pbp cache hit"
2026-05-31T10:14:28.307Z DEBUG phase=pbp game_id=1022600030 source=json_cache rows=426 msg="pbp cache hit"
2026-05-31T10:14:28.330Z DEBUG phase=pbp game_id=1022600025 source=json_cache rows=409 msg="pbp cache hit"
2026-05-31T10:14:28.355Z DEBUG phase=pbp game_id=1022600026 source=json_cache rows=456 msg="pbp cache hit"
2026-05-31T10:14:28.379Z DEBUG phase=pbp game_id=1022600028 source=json_cache rows=423 msg="pbp cache hit"
2026-05-31T10:14:28.402Z DEBUG phase=pbp game_id=1022600027 source=json_cache rows=424 msg="pbp cache hit"
2026-05-31T10:14:28.423Z DEBUG phase=pbp game_id=1022600023 source=json_cache rows=379 msg="pbp cache hit"
2026-05-31T10:14:28.447Z DEBUG phase=pbp game_id=1022600024 source=json_cache rows=448 msg="pbp cache hit"
2026-05-31T10:14:28.474Z DEBUG phase=pbp game_id=1022600022 source=json_cache rows=501 msg="pbp cache hit"
2026-05-31T10:14:28.497Z DEBUG phase=pbp game_id=1022600021 source=json_cache rows=409 msg="pbp cache hit"
2026-05-31T10:14:28.519Z DEBUG phase=pbp game_id=1022600020 source=json_cache rows=413 msg="pbp cache hit"
2026-05-31T10:14:28.540Z DEBUG phase=pbp game_id=1022600019 source=json_cache rows=373 msg="pbp cache hit"
2026-05-31T10:14:28.561Z DEBUG phase=pbp game_id=1022600018 source=json_cache rows=394 msg="pbp cache hit"
2026-05-31T10:14:28.577Z DEBUG phase=pbp game_id=1022600015 source=json_cache rows=377 msg="pbp cache hit"
2026-05-31T10:14:28.599Z DEBUG phase=pbp game_id=1022600016 source=json_cache rows=411 msg="pbp cache hit"
2026-05-31T10:14:28.621Z DEBUG phase=pbp game_id=1022600017 source=json_cache rows=408 msg="pbp cache hit"
2026-05-31T10:14:28.644Z DEBUG phase=pbp game_id=1022600013 source=json_cache rows=430 msg="pbp cache hit"
2026-05-31T10:14:28.665Z DEBUG phase=pbp game_id=1022600014 source=json_cache rows=377 msg="pbp cache hit"
2026-05-31T10:14:28.686Z DEBUG phase=pbp game_id=1022600012 source=json_cache rows=388 msg="pbp cache hit"
2026-05-31T10:14:28.719Z DEBUG phase=pbp game_id=1022600008 source=json_cache rows=487 msg="pbp cache hit"
2026-05-31T10:14:28.741Z DEBUG phase=pbp game_id=1022600009 source=json_cache rows=401 msg="pbp cache hit"
2026-05-31T10:14:28.765Z DEBUG phase=pbp game_id=1022600007 source=json_cache rows=435 msg="pbp cache hit"
2026-05-31T10:14:28.784Z DEBUG phase=pbp game_id=1022600011 source=json_cache rows=354 msg="pbp cache hit"
2026-05-31T10:14:28.806Z DEBUG phase=pbp game_id=1022600005 source=json_cache rows=375 msg="pbp cache hit"
2026-05-31T10:14:28.831Z DEBUG phase=pbp game_id=1022600004 source=json_cache rows=437 msg="pbp cache hit"
2026-05-31T10:14:28.857Z DEBUG phase=pbp game_id=1022600010 source=json_cache rows=459 msg="pbp cache hit"
2026-05-31T10:14:28.880Z DEBUG phase=pbp game_id=1022600006 source=json_cache rows=417 msg="pbp cache hit"
2026-05-31T10:14:28.903Z DEBUG phase=pbp game_id=1022600003 source=json_cache rows=423 msg="pbp cache hit"
2026-05-31T10:14:28.928Z DEBUG phase=pbp game_id=1022600002 source=json_cache rows=465 msg="pbp cache hit"
2026-05-31T10:14:28.953Z DEBUG phase=pbp game_id=1022600001 source=json_cache rows=448 msg="pbp cache hit"
2026-05-31T10:19:19.167Z WARN  phase=pbp game_id=1022600062 attempts=2 msg="pbp empty after retries"
2026-05-31T10:23:39.333Z WARN  phase=pbp game_id=1022600061 attempts=2 msg="pbp empty after retries"
2026-05-31T10:27:59.502Z WARN  phase=pbp game_id=1022600060 attempts=2 msg="pbp empty after retries"
2026-05-31T10:27:59.512Z INFO  phase=pbp season=2026 retried=3 recovered=0 still_failed=3 msg="pbp cool-off pass complete"
2026-05-31T10:28:05.332Z INFO  phase=pbp season=2026 rows=24310 games_total=62 games_ok=59 games_failed=3 msg="pbp ok"
2026-05-31T10:28:05.333Z INFO  phase=season 2026: pbp elapsed_s=1598.33 msg="phase end: season 2026: pbp"
2026-05-31T10:28:05.337Z INFO  phase=master schedule msg="phase start: master schedule"
2026-05-31T10:28:07.104Z INFO  phase=master_schedule rows=124 games=62 seasons_covered=1 msg="master schedule ok"
2026-05-31T10:28:07.106Z INFO  phase=master schedule elapsed_s=1.77 msg="phase end: master schedule"
2026-05-31T10:28:07.110Z INFO  phase=manifest upload msg="phase start: manifest upload"
2026-05-31T10:28:10.418Z INFO  phase=manifest upload elapsed_s=3.31 msg="phase end: manifest upload"
2026-05-31T10:28:10.449Z INFO  start_year=2026 end_year=2026 msg="pipeline complete"
