2026-06-02T12:01:04.140Z INFO  start_year=2026 end_year=2026 rescrape=FALSE run_id=20260602T120104Z log_path=logs/wnba_stats_01_pbp_2026_2026_20260602T120104Z.log msg="WNBA Stats pbp: seasons 2026-2026 | rescrape=FALSE"
2026-06-02T12:01:04.411Z INFO  n_proxies=50 msg="proxy pool loaded: 50 proxies"
2026-06-02T12:01:04.524Z INFO  phase=season 2026: schedule msg="phase start: season 2026: schedule"
2026-06-02T12:01:13.535Z INFO  phase=schedule season=2026 rows=130 games=65 msg="schedule ok"
2026-06-02T12:01:13.537Z INFO  phase=season 2026: schedule elapsed_s=9.01 msg="phase end: season 2026: schedule"
2026-06-02T12:01:13.676Z INFO  phase=season 2026: player_game_logs msg="phase start: season 2026: player_game_logs"
2026-06-02T12:01:19.032Z INFO  phase=player_game_logs season=2026 rows=1298 players=197 msg="player_game_logs ok"
2026-06-02T12:01:19.034Z INFO  phase=season 2026: player_game_logs elapsed_s=5.36 msg="phase end: season 2026: player_game_logs"
2026-06-02T12:01:19.037Z INFO  phase=season 2026: pbp msg="phase start: season 2026: pbp"
2026-06-02T12:05:39.272Z WARN  phase=pbp game_id=1022600064 attempts=2 msg="pbp empty after retries"
2026-06-02T12:09:59.452Z WARN  phase=pbp game_id=1022600065 attempts=2 msg="pbp empty after retries"
2026-06-02T12:14:19.626Z WARN  phase=pbp game_id=1022600063 attempts=2 msg="pbp empty after retries"
2026-06-02T12:18:39.796Z WARN  phase=pbp game_id=1022600062 attempts=2 msg="pbp empty after retries"
2026-06-02T12:22:59.967Z WARN  phase=pbp game_id=1022600061 attempts=2 msg="pbp empty after retries"
2026-06-02T12:27:20.138Z WARN  phase=pbp game_id=1022600060 attempts=2 msg="pbp empty after retries"
2026-06-02T12:27:20.174Z DEBUG phase=pbp game_id=1022600058 source=json_cache rows=414 msg="pbp cache hit"
2026-06-02T12:27:20.200Z DEBUG phase=pbp game_id=1022600057 source=json_cache rows=416 msg="pbp cache hit"
2026-06-02T12:27:20.224Z DEBUG phase=pbp game_id=1022600056 source=json_cache rows=386 msg="pbp cache hit"
2026-06-02T12:27:20.247Z DEBUG phase=pbp game_id=1022600059 source=json_cache rows=389 msg="pbp cache hit"
2026-06-02T12:27:20.274Z DEBUG phase=pbp game_id=1022600055 source=json_cache rows=439 msg="pbp cache hit"
2026-06-02T12:27:20.297Z DEBUG phase=pbp game_id=1022600054 source=json_cache rows=375 msg="pbp cache hit"
2026-06-02T12:27:20.325Z DEBUG phase=pbp game_id=1022600050 source=json_cache rows=425 msg="pbp cache hit"
2026-06-02T12:27:20.352Z DEBUG phase=pbp game_id=1022600052 source=json_cache rows=418 msg="pbp cache hit"
2026-06-02T12:27:20.375Z DEBUG phase=pbp game_id=1022600051 source=json_cache rows=357 msg="pbp cache hit"
2026-06-02T12:27:20.405Z DEBUG phase=pbp game_id=1022600053 source=json_cache rows=406 msg="pbp cache hit"
2026-06-02T12:27:20.429Z DEBUG phase=pbp game_id=1022600049 source=json_cache rows=396 msg="pbp cache hit"
2026-06-02T12:27:20.454Z DEBUG phase=pbp game_id=1022600047 source=json_cache rows=414 msg="pbp cache hit"
2026-06-02T12:27:20.479Z DEBUG phase=pbp game_id=1022600048 source=json_cache rows=435 msg="pbp cache hit"
2026-06-02T12:27:20.502Z DEBUG phase=pbp game_id=1022600045 source=json_cache rows=380 msg="pbp cache hit"
2026-06-02T12:27:20.527Z DEBUG phase=pbp game_id=1022600044 source=json_cache rows=408 msg="pbp cache hit"
2026-06-02T12:27:20.553Z DEBUG phase=pbp game_id=1022600046 source=json_cache rows=428 msg="pbp cache hit"
2026-06-02T12:27:20.580Z DEBUG phase=pbp game_id=1022600041 source=json_cache rows=450 msg="pbp cache hit"
2026-06-02T12:27:20.604Z DEBUG phase=pbp game_id=1022600042 source=json_cache rows=414 msg="pbp cache hit"
2026-06-02T12:27:20.629Z DEBUG phase=pbp game_id=1022600043 source=json_cache rows=405 msg="pbp cache hit"
2026-06-02T12:27:20.654Z DEBUG phase=pbp game_id=1022600038 source=json_cache rows=379 msg="pbp cache hit"
2026-06-02T12:27:20.678Z DEBUG phase=pbp game_id=1022600040 source=json_cache rows=371 msg="pbp cache hit"
2026-06-02T12:27:20.707Z DEBUG phase=pbp game_id=1022600039 source=json_cache rows=462 msg="pbp cache hit"
2026-06-02T12:27:20.733Z DEBUG phase=pbp game_id=1022600035 source=json_cache rows=399 msg="pbp cache hit"
2026-06-02T12:27:20.757Z DEBUG phase=pbp game_id=1022600036 source=json_cache rows=395 msg="pbp cache hit"
2026-06-02T12:27:20.784Z DEBUG phase=pbp game_id=1022600037 source=json_cache rows=424 msg="pbp cache hit"
2026-06-02T12:27:20.810Z DEBUG phase=pbp game_id=1022600032 source=json_cache rows=410 msg="pbp cache hit"
2026-06-02T12:27:20.836Z DEBUG phase=pbp game_id=1022600033 source=json_cache rows=390 msg="pbp cache hit"
2026-06-02T12:27:20.862Z DEBUG phase=pbp game_id=1022600034 source=json_cache rows=409 msg="pbp cache hit"
2026-06-02T12:27:20.887Z DEBUG phase=pbp game_id=1022600031 source=json_cache rows=403 msg="pbp cache hit"
2026-06-02T12:27:20.918Z DEBUG phase=pbp game_id=1022600029 source=json_cache rows=363 msg="pbp cache hit"
2026-06-02T12:27:20.944Z DEBUG phase=pbp game_id=1022600030 source=json_cache rows=426 msg="pbp cache hit"
2026-06-02T12:27:20.970Z DEBUG phase=pbp game_id=1022600025 source=json_cache rows=409 msg="pbp cache hit"
2026-06-02T12:27:20.995Z DEBUG phase=pbp game_id=1022600027 source=json_cache rows=424 msg="pbp cache hit"
2026-06-02T12:27:21.023Z DEBUG phase=pbp game_id=1022600026 source=json_cache rows=456 msg="pbp cache hit"
2026-06-02T12:27:21.049Z DEBUG phase=pbp game_id=1022600028 source=json_cache rows=423 msg="pbp cache hit"
2026-06-02T12:27:21.074Z DEBUG phase=pbp game_id=1022600021 source=json_cache rows=409 msg="pbp cache hit"
2026-06-02T12:27:21.098Z DEBUG phase=pbp game_id=1022600023 source=json_cache rows=379 msg="pbp cache hit"
2026-06-02T12:27:21.125Z DEBUG phase=pbp game_id=1022600024 source=json_cache rows=448 msg="pbp cache hit"
2026-06-02T12:27:21.155Z DEBUG phase=pbp game_id=1022600022 source=json_cache rows=501 msg="pbp cache hit"
2026-06-02T12:27:21.181Z DEBUG phase=pbp game_id=1022600020 source=json_cache rows=413 msg="pbp cache hit"
2026-06-02T12:27:21.204Z DEBUG phase=pbp game_id=1022600019 source=json_cache rows=373 msg="pbp cache hit"
2026-06-02T12:27:21.228Z DEBUG phase=pbp game_id=1022600016 source=json_cache rows=411 msg="pbp cache hit"
2026-06-02T12:27:21.261Z DEBUG phase=pbp game_id=1022600018 source=json_cache rows=394 msg="pbp cache hit"
2026-06-02T12:27:21.285Z DEBUG phase=pbp game_id=1022600017 source=json_cache rows=408 msg="pbp cache hit"
2026-06-02T12:27:21.303Z DEBUG phase=pbp game_id=1022600015 source=json_cache rows=377 msg="pbp cache hit"
2026-06-02T12:27:21.326Z DEBUG phase=pbp game_id=1022600014 source=json_cache rows=377 msg="pbp cache hit"
2026-06-02T12:27:21.350Z DEBUG phase=pbp game_id=1022600012 source=json_cache rows=388 msg="pbp cache hit"
2026-06-02T12:27:21.385Z DEBUG phase=pbp game_id=1022600013 source=json_cache rows=430 msg="pbp cache hit"
2026-06-02T12:27:21.415Z DEBUG phase=pbp game_id=1022600008 source=json_cache rows=487 msg="pbp cache hit"
2026-06-02T12:27:21.436Z DEBUG phase=pbp game_id=1022600011 source=json_cache rows=354 msg="pbp cache hit"
2026-06-02T12:27:21.461Z DEBUG phase=pbp game_id=1022600009 source=json_cache rows=401 msg="pbp cache hit"
2026-06-02T12:27:21.487Z DEBUG phase=pbp game_id=1022600007 source=json_cache rows=435 msg="pbp cache hit"
2026-06-02T12:27:21.512Z DEBUG phase=pbp game_id=1022600006 source=json_cache rows=417 msg="pbp cache hit"
2026-06-02T12:27:21.540Z DEBUG phase=pbp game_id=1022600010 source=json_cache rows=459 msg="pbp cache hit"
2026-06-02T12:27:21.567Z DEBUG phase=pbp game_id=1022600004 source=json_cache rows=437 msg="pbp cache hit"
2026-06-02T12:27:21.590Z DEBUG phase=pbp game_id=1022600005 source=json_cache rows=375 msg="pbp cache hit"
2026-06-02T12:27:21.618Z DEBUG phase=pbp game_id=1022600002 source=json_cache rows=465 msg="pbp cache hit"
2026-06-02T12:27:21.644Z DEBUG phase=pbp game_id=1022600003 source=json_cache rows=423 msg="pbp cache hit"
2026-06-02T12:27:21.671Z DEBUG phase=pbp game_id=1022600001 source=json_cache rows=448 msg="pbp cache hit"
2026-06-02T12:32:11.888Z WARN  phase=pbp game_id=1022600064 attempts=2 msg="pbp empty after retries"
2026-06-02T12:36:32.065Z WARN  phase=pbp game_id=1022600065 attempts=2 msg="pbp empty after retries"
2026-06-02T12:40:52.241Z WARN  phase=pbp game_id=1022600063 attempts=2 msg="pbp empty after retries"
2026-06-02T12:45:12.415Z WARN  phase=pbp game_id=1022600062 attempts=2 msg="pbp empty after retries"
2026-06-02T12:49:32.587Z WARN  phase=pbp game_id=1022600061 attempts=2 msg="pbp empty after retries"
2026-06-02T12:53:52.758Z WARN  phase=pbp game_id=1022600060 attempts=2 msg="pbp empty after retries"
2026-06-02T12:53:52.768Z INFO  phase=pbp season=2026 retried=6 recovered=0 still_failed=6 msg="pbp cool-off pass complete"
2026-06-02T12:53:59.339Z INFO  phase=pbp season=2026 rows=24313 games_total=65 games_ok=59 games_failed=6 msg="pbp ok"
2026-06-02T12:53:59.340Z INFO  phase=season 2026: pbp elapsed_s=3160.3 msg="phase end: season 2026: pbp"
2026-06-02T12:53:59.344Z INFO  phase=master schedule msg="phase start: master schedule"
2026-06-02T12:54:01.837Z INFO  phase=master_schedule rows=130 games=65 seasons_covered=1 msg="master schedule ok"
2026-06-02T12:54:01.838Z INFO  phase=master schedule elapsed_s=2.49 msg="phase end: master schedule"
2026-06-02T12:54:01.842Z INFO  phase=manifest upload msg="phase start: manifest upload"
2026-06-02T12:54:06.696Z INFO  phase=manifest upload elapsed_s=4.85 msg="phase end: manifest upload"
2026-06-02T12:54:06.727Z INFO  start_year=2026 end_year=2026 msg="pipeline complete"
