2026-05-12T07:40:36.112Z INFO  start_year=2026 end_year=2026 rescrape=FALSE run_id=20260512T074036Z log_path=logs/wnba_stats_01_pbp_2026_2026_20260512T074036Z.log msg="WNBA Stats pbp: seasons 2026-2026 | rescrape=FALSE"
2026-05-12T07:40:36.460Z INFO  n_proxies=50 msg="proxy pool loaded: 50 proxies"
2026-05-12T07:40:36.602Z INFO  phase=season 2026: schedule msg="phase start: season 2026: schedule"
2026-05-12T07:40:39.851Z INFO  phase=schedule season=2026 rows=22 games=11 msg="schedule ok"
2026-05-12T07:40:39.853Z INFO  phase=season 2026: schedule elapsed_s=3.25 msg="phase end: season 2026: schedule"
2026-05-12T07:40:39.876Z INFO  phase=season 2026: player_game_logs msg="phase start: season 2026: player_game_logs"
2026-05-12T07:40:42.893Z INFO  phase=player_game_logs season=2026 rows=222 players=156 msg="player_game_logs ok"
2026-05-12T07:40:42.895Z INFO  phase=season 2026: player_game_logs elapsed_s=3.02 msg="phase end: season 2026: player_game_logs"
2026-05-12T07:40:42.901Z INFO  phase=season 2026: pbp msg="phase start: season 2026: pbp"
2026-05-12T07:40:42.958Z DEBUG phase=pbp game_id=1022600008 source=json_cache rows=487 msg="pbp cache hit"
2026-05-12T07:40:42.976Z DEBUG phase=pbp game_id=1022600011 source=json_cache rows=354 msg="pbp cache hit"
2026-05-12T07:40:42.999Z DEBUG phase=pbp game_id=1022600009 source=json_cache rows=401 msg="pbp cache hit"
2026-05-12T07:40:43.022Z DEBUG phase=pbp game_id=1022600007 source=json_cache rows=435 msg="pbp cache hit"
2026-05-12T07:40:43.044Z DEBUG phase=pbp game_id=1022600006 source=json_cache rows=417 msg="pbp cache hit"
2026-05-12T07:40:43.068Z DEBUG phase=pbp game_id=1022600010 source=json_cache rows=459 msg="pbp cache hit"
2026-05-12T07:40:43.084Z DEBUG phase=pbp game_id=1022600004 source=json_cache rows=437 msg="pbp cache hit"
2026-05-12T07:40:43.938Z DEBUG phase=pbp game_id=1022600005 rows=375 elapsed_s=0.81 attempt=1 source=api msg="pbp ok"
2026-05-12T07:40:43.969Z DEBUG phase=pbp game_id=1022600002 source=json_cache rows=465 msg="pbp cache hit"
2026-05-12T07:40:43.992Z DEBUG phase=pbp game_id=1022600003 source=json_cache rows=423 msg="pbp cache hit"
2026-05-12T07:40:44.018Z DEBUG phase=pbp game_id=1022600001 source=json_cache rows=448 msg="pbp cache hit"
2026-05-12T07:40:44.169Z ERROR phase=season 2026: pbp msg="phase error: [1m[22m[36mℹ[39m In argument: `score_value = suppressWarnings(...)`.
[1mCaused by error in `.data$score_value`:[22m
[1m[22m[33m![39m Column `score_value` not found in `.data`."
2026-05-12T07:40:44.190Z INFO  phase=season 2026: pbp elapsed_s=1.29 msg="phase end: season 2026: pbp"
2026-05-12T07:40:44.196Z INFO  phase=master schedule msg="phase start: master schedule"
2026-05-12T07:40:46.919Z INFO  phase=master_schedule rows=642 games=321 seasons_covered=2 msg="master schedule ok"
2026-05-12T07:40:46.921Z INFO  phase=master schedule elapsed_s=2.72 msg="phase end: master schedule"
2026-05-12T07:40:46.930Z INFO  phase=manifest upload msg="phase start: manifest upload"
2026-05-12T07:40:50.452Z INFO  phase=manifest upload elapsed_s=3.52 msg="phase end: manifest upload"
2026-05-12T07:40:50.463Z INFO  start_year=2026 end_year=2026 msg="pipeline complete"
