2026-07-06T11:52:20.881Z INFO  start_year=2026 end_year=2026 rescrape=FALSE run_id=20260706T115220Z log_path=logs/wnba_stats_01_pbp_2026_2026_20260706T115220Z.log msg="WNBA Stats pbp: seasons 2026-2026 | rescrape=FALSE"
2026-07-06T11:52:21.241Z INFO  n_proxies=50 msg="proxy pool loaded: 50 proxies"
2026-07-06T11:52:21.354Z INFO  phase=season 2026: schedule msg="phase start: season 2026: schedule"
2026-07-06T11:52:25.103Z INFO  phase=schedule season=2026 rows=306 games=153 msg="schedule ok"
2026-07-06T11:52:25.105Z INFO  phase=season 2026: schedule elapsed_s=3.75 msg="phase end: season 2026: schedule"
2026-07-06T11:52:25.136Z INFO  phase=season 2026: player_game_logs msg="phase start: season 2026: player_game_logs"
2026-07-06T11:52:28.727Z INFO  phase=player_game_logs season=2026 rows=3038 players=210 msg="player_game_logs ok"
2026-07-06T11:52:28.729Z INFO  phase=season 2026: player_game_logs elapsed_s=3.5 msg="phase end: season 2026: player_game_logs"
2026-07-06T11:52:28.733Z INFO  phase=season 2026: pbp msg="phase start: season 2026: pbp"
2026-07-06T11:56:48.980Z WARN  phase=pbp game_id=1022600152 attempts=2 msg="pbp empty after retries"
2026-07-06T12:01:09.162Z WARN  phase=pbp game_id=1022600153 attempts=2 msg="pbp empty after retries"
2026-07-06T12:05:29.345Z WARN  phase=pbp game_id=1022600151 attempts=2 msg="pbp empty after retries"
2026-07-06T12:09:49.524Z WARN  phase=pbp game_id=1022600150 attempts=2 msg="pbp empty after retries"
2026-07-06T12:14:09.716Z WARN  phase=pbp game_id=1022600148 attempts=2 msg="pbp empty after retries"
2026-07-06T12:18:29.897Z WARN  phase=pbp game_id=1022600149 attempts=2 msg="pbp empty after retries"
2026-07-06T12:22:50.068Z WARN  phase=pbp game_id=1022600146 attempts=2 msg="pbp empty after retries"
2026-07-06T12:27:10.248Z WARN  phase=pbp game_id=1022600145 attempts=2 msg="pbp empty after retries"
2026-07-06T12:31:30.426Z WARN  phase=pbp game_id=1022600147 attempts=2 msg="pbp empty after retries"
2026-07-06T12:31:30.467Z DEBUG phase=pbp game_id=1022600143 source=json_cache rows=435 msg="pbp cache hit"
2026-07-06T12:31:30.494Z DEBUG phase=pbp game_id=1022600144 source=json_cache rows=383 msg="pbp cache hit"
2026-07-06T12:31:30.520Z DEBUG phase=pbp game_id=1022600141 source=json_cache rows=375 msg="pbp cache hit"
2026-07-06T12:31:30.563Z DEBUG phase=pbp game_id=1022600142 source=json_cache rows=629 msg="pbp cache hit"
2026-07-06T12:31:30.588Z DEBUG phase=pbp game_id=1022600140 source=json_cache rows=398 msg="pbp cache hit"
2026-07-06T12:31:30.608Z DEBUG phase=pbp game_id=1022600138 source=json_cache rows=398 msg="pbp cache hit"
2026-07-06T12:31:30.638Z DEBUG phase=pbp game_id=1022600139 source=json_cache rows=433 msg="pbp cache hit"
2026-07-06T12:31:30.664Z DEBUG phase=pbp game_id=1022600135 source=json_cache rows=374 msg="pbp cache hit"
2026-07-06T12:31:30.693Z DEBUG phase=pbp game_id=1022600137 source=json_cache rows=420 msg="pbp cache hit"
2026-07-06T12:31:30.724Z DEBUG phase=pbp game_id=1022600136 source=json_cache rows=423 msg="pbp cache hit"
2026-07-06T12:31:30.753Z DEBUG phase=pbp game_id=1022600134 source=json_cache rows=397 msg="pbp cache hit"
2026-07-06T12:31:30.776Z DEBUG phase=pbp game_id=1022600132 source=json_cache rows=437 msg="pbp cache hit"
2026-07-06T12:31:30.804Z DEBUG phase=pbp game_id=1022600133 source=json_cache rows=398 msg="pbp cache hit"
2026-07-06T12:31:30.834Z DEBUG phase=pbp game_id=1022600130 source=json_cache rows=427 msg="pbp cache hit"
2026-07-06T12:31:30.861Z DEBUG phase=pbp game_id=1022600131 source=json_cache rows=391 msg="pbp cache hit"
2026-07-06T12:31:30.892Z DEBUG phase=pbp game_id=1022600129 source=json_cache rows=434 msg="pbp cache hit"
2026-07-06T12:31:30.921Z DEBUG phase=pbp game_id=1022600128 source=json_cache rows=390 msg="pbp cache hit"
2026-07-06T12:31:30.945Z DEBUG phase=pbp game_id=1022600127 source=json_cache rows=349 msg="pbp cache hit"
2026-07-06T12:31:30.975Z DEBUG phase=pbp game_id=1022600125 source=json_cache rows=421 msg="pbp cache hit"
2026-07-06T12:31:31.003Z DEBUG phase=pbp game_id=1022600126 source=json_cache rows=396 msg="pbp cache hit"
2026-07-06T12:31:31.034Z DEBUG phase=pbp game_id=1022600124 source=json_cache rows=449 msg="pbp cache hit"
2026-07-06T12:31:31.066Z DEBUG phase=pbp game_id=1022600123 source=json_cache rows=453 msg="pbp cache hit"
2026-07-06T12:31:31.090Z DEBUG phase=pbp game_id=1022600120 source=json_cache rows=339 msg="pbp cache hit"
2026-07-06T12:31:31.120Z DEBUG phase=pbp game_id=1022600122 source=json_cache rows=394 msg="pbp cache hit"
2026-07-06T12:31:31.155Z DEBUG phase=pbp game_id=1022600121 source=json_cache rows=408 msg="pbp cache hit"
2026-07-06T12:31:31.193Z DEBUG phase=pbp game_id=1022600119 source=json_cache rows=427 msg="pbp cache hit"
2026-07-06T12:31:31.220Z DEBUG phase=pbp game_id=1022600118 source=json_cache rows=377 msg="pbp cache hit"
2026-07-06T12:31:31.259Z DEBUG phase=pbp game_id=1022600117 source=json_cache rows=457 msg="pbp cache hit"
2026-07-06T12:31:31.294Z DEBUG phase=pbp game_id=1022600116 source=json_cache rows=410 msg="pbp cache hit"
2026-07-06T12:31:31.325Z DEBUG phase=pbp game_id=1022600115 source=json_cache rows=415 msg="pbp cache hit"
2026-07-06T12:31:31.355Z DEBUG phase=pbp game_id=1022600114 source=json_cache rows=407 msg="pbp cache hit"
2026-07-06T12:31:31.389Z DEBUG phase=pbp game_id=1022600113 source=json_cache rows=436 msg="pbp cache hit"
2026-07-06T12:31:31.420Z DEBUG phase=pbp game_id=1022600110 source=json_cache rows=406 msg="pbp cache hit"
2026-07-06T12:31:31.449Z DEBUG phase=pbp game_id=1022600112 source=json_cache rows=409 msg="pbp cache hit"
2026-07-06T12:31:31.477Z DEBUG phase=pbp game_id=1022600107 source=json_cache rows=383 msg="pbp cache hit"
2026-07-06T12:31:31.507Z DEBUG phase=pbp game_id=1022600108 source=json_cache rows=391 msg="pbp cache hit"
2026-07-06T12:31:31.534Z DEBUG phase=pbp game_id=1022600109 source=json_cache rows=364 msg="pbp cache hit"
2026-07-06T12:31:31.562Z DEBUG phase=pbp game_id=1022600111 source=json_cache rows=367 msg="pbp cache hit"
2026-07-06T12:31:31.594Z DEBUG phase=pbp game_id=1022600106 source=json_cache rows=425 msg="pbp cache hit"
2026-07-06T12:31:31.623Z DEBUG phase=pbp game_id=1022600104 source=json_cache rows=418 msg="pbp cache hit"
2026-07-06T12:31:31.650Z DEBUG phase=pbp game_id=1022600103 source=json_cache rows=365 msg="pbp cache hit"
2026-07-06T12:31:31.678Z DEBUG phase=pbp game_id=1022600105 source=json_cache rows=391 msg="pbp cache hit"
2026-07-06T12:31:31.712Z DEBUG phase=pbp game_id=1022600101 source=json_cache rows=400 msg="pbp cache hit"
2026-07-06T12:31:31.742Z DEBUG phase=pbp game_id=1022600102 source=json_cache rows=415 msg="pbp cache hit"
2026-07-06T12:31:31.770Z DEBUG phase=pbp game_id=1022600097 source=json_cache rows=387 msg="pbp cache hit"
2026-07-06T12:31:31.800Z DEBUG phase=pbp game_id=1022600099 source=json_cache rows=421 msg="pbp cache hit"
2026-07-06T12:31:31.820Z DEBUG phase=pbp game_id=1022600098 source=json_cache rows=372 msg="pbp cache hit"
2026-07-06T12:31:31.851Z DEBUG phase=pbp game_id=1022600100 source=json_cache rows=433 msg="pbp cache hit"
2026-07-06T12:31:31.878Z DEBUG phase=pbp game_id=1022600096 source=json_cache rows=408 msg="pbp cache hit"
2026-07-06T12:31:31.907Z DEBUG phase=pbp game_id=1022600095 source=json_cache rows=411 msg="pbp cache hit"
2026-07-06T12:31:31.935Z DEBUG phase=pbp game_id=1022600094 source=json_cache rows=401 msg="pbp cache hit"
2026-07-06T12:31:31.966Z DEBUG phase=pbp game_id=1022600092 source=json_cache rows=435 msg="pbp cache hit"
2026-07-06T12:31:31.992Z DEBUG phase=pbp game_id=1022600093 source=json_cache rows=366 msg="pbp cache hit"
2026-07-06T12:31:32.028Z DEBUG phase=pbp game_id=1022600091 source=json_cache rows=519 msg="pbp cache hit"
2026-07-06T12:31:32.052Z DEBUG phase=pbp game_id=1022600090 source=json_cache rows=417 msg="pbp cache hit"
2026-07-06T12:31:32.088Z DEBUG phase=pbp game_id=1022600089 source=json_cache rows=501 msg="pbp cache hit"
2026-07-06T12:31:32.108Z DEBUG phase=pbp game_id=1022600086 source=json_cache rows=385 msg="pbp cache hit"
2026-07-06T12:31:32.130Z DEBUG phase=pbp game_id=1022600087 source=json_cache rows=371 msg="pbp cache hit"
2026-07-06T12:31:32.158Z DEBUG phase=pbp game_id=1022600088 source=json_cache rows=382 msg="pbp cache hit"
2026-07-06T12:31:32.181Z DEBUG phase=pbp game_id=1022600083 source=json_cache rows=435 msg="pbp cache hit"
2026-07-06T12:31:32.202Z DEBUG phase=pbp game_id=1022600085 source=json_cache rows=391 msg="pbp cache hit"
2026-07-06T12:31:32.228Z DEBUG phase=pbp game_id=1022600084 source=json_cache rows=417 msg="pbp cache hit"
2026-07-06T12:31:32.251Z DEBUG phase=pbp game_id=1022600081 source=json_cache rows=446 msg="pbp cache hit"
2026-07-06T12:31:32.274Z DEBUG phase=pbp game_id=1022600082 source=json_cache rows=438 msg="pbp cache hit"
2026-07-06T12:31:32.301Z DEBUG phase=pbp game_id=1022600077 source=json_cache rows=391 msg="pbp cache hit"
2026-07-06T12:31:32.327Z DEBUG phase=pbp game_id=1022600078 source=json_cache rows=387 msg="pbp cache hit"
2026-07-06T12:31:32.358Z DEBUG phase=pbp game_id=1022600080 source=json_cache rows=440 msg="pbp cache hit"
2026-07-06T12:31:32.390Z DEBUG phase=pbp game_id=1022600079 source=json_cache rows=454 msg="pbp cache hit"
2026-07-06T12:31:32.419Z DEBUG phase=pbp game_id=1022600076 source=json_cache rows=399 msg="pbp cache hit"
2026-07-06T12:31:32.445Z DEBUG phase=pbp game_id=1022600075 source=json_cache rows=382 msg="pbp cache hit"
2026-07-06T12:31:32.475Z DEBUG phase=pbp game_id=1022600074 source=json_cache rows=417 msg="pbp cache hit"
2026-07-06T12:31:32.504Z DEBUG phase=pbp game_id=1022600072 source=json_cache rows=406 msg="pbp cache hit"
2026-07-06T12:31:32.531Z DEBUG phase=pbp game_id=1022600073 source=json_cache rows=391 msg="pbp cache hit"
2026-07-06T12:31:32.564Z DEBUG phase=pbp game_id=1022600070 source=json_cache rows=375 msg="pbp cache hit"
2026-07-06T12:31:32.593Z DEBUG phase=pbp game_id=1022600071 source=json_cache rows=402 msg="pbp cache hit"
2026-07-06T12:31:32.626Z DEBUG phase=pbp game_id=1022600067 source=json_cache rows=444 msg="pbp cache hit"
2026-07-06T12:31:32.653Z DEBUG phase=pbp game_id=1022600066 source=json_cache rows=383 msg="pbp cache hit"
2026-07-06T12:31:32.680Z DEBUG phase=pbp game_id=1022600068 source=json_cache rows=382 msg="pbp cache hit"
2026-07-06T12:31:32.708Z DEBUG phase=pbp game_id=1022600069 source=json_cache rows=400 msg="pbp cache hit"
2026-07-06T12:31:32.737Z DEBUG phase=pbp game_id=1022600064 source=json_cache rows=421 msg="pbp cache hit"
2026-07-06T12:31:32.761Z DEBUG phase=pbp game_id=1022600065 source=json_cache rows=356 msg="pbp cache hit"
2026-07-06T12:32:50.231Z DEBUG phase=pbp game_id=1022600063 source=json_cache rows=416 msg="pbp cache hit"
2026-07-06T12:37:10.431Z DEBUG phase=pbp game_id=1022600061 source=json_cache rows=449 msg="pbp cache hit"
2026-07-06T12:41:30.610Z DEBUG phase=pbp game_id=1022600060 source=json_cache rows=391 msg="pbp cache hit"
2026-07-06T12:41:30.642Z DEBUG phase=pbp game_id=1022600062 source=json_cache rows=432 msg="pbp cache hit"
2026-07-06T12:41:30.670Z DEBUG phase=pbp game_id=1022600059 source=json_cache rows=389 msg="pbp cache hit"
2026-07-06T12:41:30.694Z DEBUG phase=pbp game_id=1022600057 source=json_cache rows=416 msg="pbp cache hit"
2026-07-06T12:41:30.717Z DEBUG phase=pbp game_id=1022600058 source=json_cache rows=414 msg="pbp cache hit"
2026-07-06T12:41:30.738Z DEBUG phase=pbp game_id=1022600056 source=json_cache rows=386 msg="pbp cache hit"
2026-07-06T12:41:30.765Z DEBUG phase=pbp game_id=1022600055 source=json_cache rows=439 msg="pbp cache hit"
2026-07-06T12:41:30.786Z DEBUG phase=pbp game_id=1022600054 source=json_cache rows=375 msg="pbp cache hit"
2026-07-06T12:41:30.806Z DEBUG phase=pbp game_id=1022600051 source=json_cache rows=357 msg="pbp cache hit"
2026-07-06T12:41:30.830Z DEBUG phase=pbp game_id=1022600050 source=json_cache rows=425 msg="pbp cache hit"
2026-07-06T12:41:30.852Z DEBUG phase=pbp game_id=1022600053 source=json_cache rows=406 msg="pbp cache hit"
2026-07-06T12:41:30.876Z DEBUG phase=pbp game_id=1022600052 source=json_cache rows=418 msg="pbp cache hit"
2026-07-06T12:41:30.898Z DEBUG phase=pbp game_id=1022600049 source=json_cache rows=396 msg="pbp cache hit"
2026-07-06T12:41:30.928Z DEBUG phase=pbp game_id=1022600048 source=json_cache rows=435 msg="pbp cache hit"
2026-07-06T12:41:30.951Z DEBUG phase=pbp game_id=1022600047 source=json_cache rows=414 msg="pbp cache hit"
2026-07-06T12:41:30.972Z DEBUG phase=pbp game_id=1022600045 source=json_cache rows=380 msg="pbp cache hit"
2026-07-06T12:41:30.996Z DEBUG phase=pbp game_id=1022600046 source=json_cache rows=428 msg="pbp cache hit"
2026-07-06T12:41:31.019Z DEBUG phase=pbp game_id=1022600044 source=json_cache rows=408 msg="pbp cache hit"
2026-07-06T12:41:31.045Z DEBUG phase=pbp game_id=1022600041 source=json_cache rows=450 msg="pbp cache hit"
2026-07-06T12:41:31.074Z DEBUG phase=pbp game_id=1022600042 source=json_cache rows=414 msg="pbp cache hit"
2026-07-06T12:41:31.099Z DEBUG phase=pbp game_id=1022600043 source=json_cache rows=405 msg="pbp cache hit"
2026-07-06T12:41:31.127Z DEBUG phase=pbp game_id=1022600039 source=json_cache rows=462 msg="pbp cache hit"
2026-07-06T12:41:31.149Z DEBUG phase=pbp game_id=1022600038 source=json_cache rows=379 msg="pbp cache hit"
2026-07-06T12:41:31.175Z DEBUG phase=pbp game_id=1022600040 source=json_cache rows=371 msg="pbp cache hit"
2026-07-06T12:41:31.197Z DEBUG phase=pbp game_id=1022600035 source=json_cache rows=399 msg="pbp cache hit"
2026-07-06T12:41:31.219Z DEBUG phase=pbp game_id=1022600036 source=json_cache rows=395 msg="pbp cache hit"
2026-07-06T12:41:31.243Z DEBUG phase=pbp game_id=1022600037 source=json_cache rows=424 msg="pbp cache hit"
2026-07-06T12:41:31.265Z DEBUG phase=pbp game_id=1022600033 source=json_cache rows=390 msg="pbp cache hit"
2026-07-06T12:41:31.288Z DEBUG phase=pbp game_id=1022600032 source=json_cache rows=410 msg="pbp cache hit"
2026-07-06T12:41:31.368Z DEBUG phase=pbp game_id=1022600034 source=json_cache rows=409 msg="pbp cache hit"
2026-07-06T12:41:31.391Z DEBUG phase=pbp game_id=1022600031 source=json_cache rows=403 msg="pbp cache hit"
2026-07-06T12:41:31.411Z DEBUG phase=pbp game_id=1022600029 source=json_cache rows=363 msg="pbp cache hit"
2026-07-06T12:41:31.456Z DEBUG phase=pbp game_id=1022600030 source=json_cache rows=426 msg="pbp cache hit"
2026-07-06T12:41:31.481Z DEBUG phase=pbp game_id=1022600027 source=json_cache rows=424 msg="pbp cache hit"
2026-07-06T12:41:31.506Z DEBUG phase=pbp game_id=1022600026 source=json_cache rows=456 msg="pbp cache hit"
2026-07-06T12:41:31.529Z DEBUG phase=pbp game_id=1022600025 source=json_cache rows=409 msg="pbp cache hit"
2026-07-06T12:41:31.553Z DEBUG phase=pbp game_id=1022600028 source=json_cache rows=423 msg="pbp cache hit"
2026-07-06T12:41:31.576Z DEBUG phase=pbp game_id=1022600021 source=json_cache rows=409 msg="pbp cache hit"
2026-07-06T12:41:31.598Z DEBUG phase=pbp game_id=1022600023 source=json_cache rows=379 msg="pbp cache hit"
2026-07-06T12:41:31.626Z DEBUG phase=pbp game_id=1022600022 source=json_cache rows=501 msg="pbp cache hit"
2026-07-06T12:41:31.650Z DEBUG phase=pbp game_id=1022600024 source=json_cache rows=448 msg="pbp cache hit"
2026-07-06T12:41:31.672Z DEBUG phase=pbp game_id=1022600019 source=json_cache rows=373 msg="pbp cache hit"
2026-07-06T12:41:31.759Z DEBUG phase=pbp game_id=1022600020 source=json_cache rows=413 msg="pbp cache hit"
2026-07-06T12:41:31.781Z DEBUG phase=pbp game_id=1022600018 source=json_cache rows=394 msg="pbp cache hit"
2026-07-06T12:41:31.804Z DEBUG phase=pbp game_id=1022600017 source=json_cache rows=408 msg="pbp cache hit"
2026-07-06T12:41:31.821Z DEBUG phase=pbp game_id=1022600015 source=json_cache rows=377 msg="pbp cache hit"
2026-07-06T12:41:31.844Z DEBUG phase=pbp game_id=1022600016 source=json_cache rows=411 msg="pbp cache hit"
2026-07-06T12:41:31.866Z DEBUG phase=pbp game_id=1022600012 source=json_cache rows=388 msg="pbp cache hit"
2026-07-06T12:41:31.887Z DEBUG phase=pbp game_id=1022600014 source=json_cache rows=377 msg="pbp cache hit"
2026-07-06T12:41:31.911Z DEBUG phase=pbp game_id=1022600013 source=json_cache rows=430 msg="pbp cache hit"
2026-07-06T12:41:31.938Z DEBUG phase=pbp game_id=1022600008 source=json_cache rows=487 msg="pbp cache hit"
2026-07-06T12:41:31.969Z DEBUG phase=pbp game_id=1022600007 source=json_cache rows=435 msg="pbp cache hit"
2026-07-06T12:41:31.989Z DEBUG phase=pbp game_id=1022600011 source=json_cache rows=354 msg="pbp cache hit"
2026-07-06T12:41:32.066Z DEBUG phase=pbp game_id=1022600009 source=json_cache rows=401 msg="pbp cache hit"
2026-07-06T12:41:32.091Z DEBUG phase=pbp game_id=1022600010 source=json_cache rows=459 msg="pbp cache hit"
2026-07-06T12:41:32.123Z DEBUG phase=pbp game_id=1022600006 source=json_cache rows=417 msg="pbp cache hit"
2026-07-06T12:41:32.144Z DEBUG phase=pbp game_id=1022600005 source=json_cache rows=375 msg="pbp cache hit"
2026-07-06T12:41:32.169Z DEBUG phase=pbp game_id=1022600004 source=json_cache rows=437 msg="pbp cache hit"
2026-07-06T12:41:32.193Z DEBUG phase=pbp game_id=1022600003 source=json_cache rows=423 msg="pbp cache hit"
2026-07-06T12:41:32.224Z DEBUG phase=pbp game_id=1022600002 source=json_cache rows=465 msg="pbp cache hit"
2026-07-06T12:41:32.249Z DEBUG phase=pbp game_id=1022600001 source=json_cache rows=448 msg="pbp cache hit"
2026-07-06T12:46:22.461Z WARN  phase=pbp game_id=1022600152 attempts=2 msg="pbp empty after retries"
2026-07-06T12:50:42.639Z WARN  phase=pbp game_id=1022600153 attempts=2 msg="pbp empty after retries"
2026-07-06T12:55:02.820Z WARN  phase=pbp game_id=1022600151 attempts=2 msg="pbp empty after retries"
2026-07-06T12:59:23.002Z WARN  phase=pbp game_id=1022600150 attempts=2 msg="pbp empty after retries"
2026-07-06T13:03:43.183Z WARN  phase=pbp game_id=1022600148 attempts=2 msg="pbp empty after retries"
2026-07-06T13:08:03.364Z WARN  phase=pbp game_id=1022600149 attempts=2 msg="pbp empty after retries"
2026-07-06T13:12:23.541Z WARN  phase=pbp game_id=1022600146 attempts=2 msg="pbp empty after retries"
2026-07-06T13:16:43.719Z WARN  phase=pbp game_id=1022600145 attempts=2 msg="pbp empty after retries"
2026-07-06T13:21:03.889Z WARN  phase=pbp game_id=1022600147 attempts=2 msg="pbp empty after retries"
2026-07-06T13:21:03.899Z INFO  phase=pbp season=2026 retried=9 recovered=0 still_failed=9 msg="pbp cool-off pass complete"
2026-07-06T13:21:15.185Z INFO  phase=pbp season=2026 rows=59184 games_total=153 games_ok=144 games_failed=9 msg="pbp ok"
2026-07-06T13:21:15.187Z INFO  phase=season 2026: pbp elapsed_s=5326.45 msg="phase end: season 2026: pbp"
2026-07-06T13:21:15.191Z INFO  phase=master schedule msg="phase start: master schedule"
2026-07-06T13:21:17.181Z INFO  phase=master_schedule rows=306 games=153 seasons_covered=1 msg="master schedule ok"
2026-07-06T13:21:17.182Z INFO  phase=master schedule elapsed_s=1.99 msg="phase end: master schedule"
2026-07-06T13:21:17.187Z INFO  phase=manifest upload msg="phase start: manifest upload"
2026-07-06T13:21:20.992Z INFO  phase=manifest upload elapsed_s=3.8 msg="phase end: manifest upload"
2026-07-06T13:21:21.030Z INFO  start_year=2026 end_year=2026 msg="pipeline complete"
