2026-06-01T12:53:51.326Z INFO  start_year=2026 end_year=2026 rescrape=FALSE run_id=20260601T125351Z log_path=logs/wnba_stats_01_pbp_2026_2026_20260601T125351Z.log msg="WNBA Stats pbp: seasons 2026-2026 | rescrape=FALSE"
2026-06-01T12:53:51.763Z INFO  n_proxies=50 msg="proxy pool loaded: 50 proxies"
2026-06-01T12:53:51.872Z INFO  phase=season 2026: schedule msg="phase start: season 2026: schedule"
2026-06-01T12:53:58.027Z INFO  phase=schedule season=2026 rows=126 games=63 msg="schedule ok"
2026-06-01T12:53:58.029Z INFO  phase=season 2026: schedule elapsed_s=6.16 msg="phase end: season 2026: schedule"
2026-06-01T12:53:58.130Z INFO  phase=season 2026: player_game_logs msg="phase start: season 2026: player_game_logs"
2026-06-01T12:54:05.594Z INFO  phase=player_game_logs season=2026 rows=1258 players=197 msg="player_game_logs ok"
2026-06-01T12:54:05.595Z INFO  phase=season 2026: player_game_logs elapsed_s=7.46 msg="phase end: season 2026: player_game_logs"
2026-06-01T12:54:05.599Z INFO  phase=season 2026: pbp msg="phase start: season 2026: pbp"
2026-06-01T12:58:25.823Z WARN  phase=pbp game_id=1022600063 attempts=2 msg="pbp empty after retries"
2026-06-01T13:02:45.990Z WARN  phase=pbp game_id=1022600062 attempts=2 msg="pbp empty after retries"
2026-06-01T13:07:06.170Z WARN  phase=pbp game_id=1022600060 attempts=2 msg="pbp empty after retries"
2026-06-01T13:11:26.340Z WARN  phase=pbp game_id=1022600061 attempts=2 msg="pbp empty after retries"
2026-06-01T13:11:26.373Z DEBUG phase=pbp game_id=1022600058 source=json_cache rows=414 msg="pbp cache hit"
2026-06-01T13:11:26.396Z DEBUG phase=pbp game_id=1022600057 source=json_cache rows=416 msg="pbp cache hit"
2026-06-01T13:11:26.417Z DEBUG phase=pbp game_id=1022600056 source=json_cache rows=386 msg="pbp cache hit"
2026-06-01T13:11:26.438Z DEBUG phase=pbp game_id=1022600059 source=json_cache rows=389 msg="pbp cache hit"
2026-06-01T13:11:26.463Z DEBUG phase=pbp game_id=1022600055 source=json_cache rows=439 msg="pbp cache hit"
2026-06-01T13:11:26.485Z DEBUG phase=pbp game_id=1022600054 source=json_cache rows=375 msg="pbp cache hit"
2026-06-01T13:11:26.505Z DEBUG phase=pbp game_id=1022600051 source=json_cache rows=357 msg="pbp cache hit"
2026-06-01T13:11:26.528Z DEBUG phase=pbp game_id=1022600053 source=json_cache rows=406 msg="pbp cache hit"
2026-06-01T13:11:26.552Z DEBUG phase=pbp game_id=1022600050 source=json_cache rows=425 msg="pbp cache hit"
2026-06-01T13:11:26.587Z DEBUG phase=pbp game_id=1022600052 source=json_cache rows=418 msg="pbp cache hit"
2026-06-01T13:11:26.608Z DEBUG phase=pbp game_id=1022600049 source=json_cache rows=396 msg="pbp cache hit"
2026-06-01T13:11:26.630Z DEBUG phase=pbp game_id=1022600047 source=json_cache rows=414 msg="pbp cache hit"
2026-06-01T13:11:26.654Z DEBUG phase=pbp game_id=1022600048 source=json_cache rows=435 msg="pbp cache hit"
2026-06-01T13:11:26.674Z DEBUG phase=pbp game_id=1022600045 source=json_cache rows=380 msg="pbp cache hit"
2026-06-01T13:11:26.697Z DEBUG phase=pbp game_id=1022600044 source=json_cache rows=408 msg="pbp cache hit"
2026-06-01T13:11:26.720Z DEBUG phase=pbp game_id=1022600046 source=json_cache rows=428 msg="pbp cache hit"
2026-06-01T13:11:26.744Z DEBUG phase=pbp game_id=1022600041 source=json_cache rows=450 msg="pbp cache hit"
2026-06-01T13:11:26.767Z DEBUG phase=pbp game_id=1022600042 source=json_cache rows=414 msg="pbp cache hit"
2026-06-01T13:11:26.789Z DEBUG phase=pbp game_id=1022600043 source=json_cache rows=405 msg="pbp cache hit"
2026-06-01T13:11:26.810Z DEBUG phase=pbp game_id=1022600038 source=json_cache rows=379 msg="pbp cache hit"
2026-06-01T13:11:26.832Z DEBUG phase=pbp game_id=1022600040 source=json_cache rows=371 msg="pbp cache hit"
2026-06-01T13:11:26.858Z DEBUG phase=pbp game_id=1022600039 source=json_cache rows=462 msg="pbp cache hit"
2026-06-01T13:11:26.882Z DEBUG phase=pbp game_id=1022600037 source=json_cache rows=424 msg="pbp cache hit"
2026-06-01T13:11:26.905Z DEBUG phase=pbp game_id=1022600035 source=json_cache rows=399 msg="pbp cache hit"
2026-06-01T13:11:26.928Z DEBUG phase=pbp game_id=1022600036 source=json_cache rows=395 msg="pbp cache hit"
2026-06-01T13:11:26.951Z DEBUG phase=pbp game_id=1022600032 source=json_cache rows=410 msg="pbp cache hit"
2026-06-01T13:11:26.974Z DEBUG phase=pbp game_id=1022600033 source=json_cache rows=390 msg="pbp cache hit"
2026-06-01T13:11:26.997Z DEBUG phase=pbp game_id=1022600034 source=json_cache rows=409 msg="pbp cache hit"
2026-06-01T13:11:27.020Z DEBUG phase=pbp game_id=1022600031 source=json_cache rows=403 msg="pbp cache hit"
2026-06-01T13:11:27.047Z DEBUG phase=pbp game_id=1022600029 source=json_cache rows=363 msg="pbp cache hit"
2026-06-01T13:11:27.070Z DEBUG phase=pbp game_id=1022600030 source=json_cache rows=426 msg="pbp cache hit"
2026-06-01T13:11:27.093Z DEBUG phase=pbp game_id=1022600025 source=json_cache rows=409 msg="pbp cache hit"
2026-06-01T13:11:27.116Z DEBUG phase=pbp game_id=1022600027 source=json_cache rows=424 msg="pbp cache hit"
2026-06-01T13:11:27.141Z DEBUG phase=pbp game_id=1022600026 source=json_cache rows=456 msg="pbp cache hit"
2026-06-01T13:11:27.164Z DEBUG phase=pbp game_id=1022600028 source=json_cache rows=423 msg="pbp cache hit"
2026-06-01T13:11:27.188Z DEBUG phase=pbp game_id=1022600024 source=json_cache rows=448 msg="pbp cache hit"
2026-06-01T13:11:27.215Z DEBUG phase=pbp game_id=1022600022 source=json_cache rows=501 msg="pbp cache hit"
2026-06-01T13:11:27.237Z DEBUG phase=pbp game_id=1022600021 source=json_cache rows=409 msg="pbp cache hit"
2026-06-01T13:11:27.258Z DEBUG phase=pbp game_id=1022600023 source=json_cache rows=379 msg="pbp cache hit"
2026-06-01T13:11:27.281Z DEBUG phase=pbp game_id=1022600020 source=json_cache rows=413 msg="pbp cache hit"
2026-06-01T13:11:27.301Z DEBUG phase=pbp game_id=1022600019 source=json_cache rows=373 msg="pbp cache hit"
2026-06-01T13:11:27.324Z DEBUG phase=pbp game_id=1022600016 source=json_cache rows=411 msg="pbp cache hit"
2026-06-01T13:11:27.346Z DEBUG phase=pbp game_id=1022600017 source=json_cache rows=408 msg="pbp cache hit"
2026-06-01T13:11:27.367Z DEBUG phase=pbp game_id=1022600018 source=json_cache rows=394 msg="pbp cache hit"
2026-06-01T13:11:27.383Z DEBUG phase=pbp game_id=1022600015 source=json_cache rows=377 msg="pbp cache hit"
2026-06-01T13:11:27.404Z DEBUG phase=pbp game_id=1022600012 source=json_cache rows=388 msg="pbp cache hit"
2026-06-01T13:11:27.427Z DEBUG phase=pbp game_id=1022600013 source=json_cache rows=430 msg="pbp cache hit"
2026-06-01T13:11:27.448Z DEBUG phase=pbp game_id=1022600014 source=json_cache rows=377 msg="pbp cache hit"
2026-06-01T13:11:27.480Z DEBUG phase=pbp game_id=1022600008 source=json_cache rows=487 msg="pbp cache hit"
2026-06-01T13:11:27.503Z DEBUG phase=pbp game_id=1022600007 source=json_cache rows=435 msg="pbp cache hit"
2026-06-01T13:11:27.523Z DEBUG phase=pbp game_id=1022600011 source=json_cache rows=354 msg="pbp cache hit"
2026-06-01T13:11:27.545Z DEBUG phase=pbp game_id=1022600009 source=json_cache rows=401 msg="pbp cache hit"
2026-06-01T13:11:27.569Z DEBUG phase=pbp game_id=1022600004 source=json_cache rows=437 msg="pbp cache hit"
2026-06-01T13:11:27.592Z DEBUG phase=pbp game_id=1022600006 source=json_cache rows=417 msg="pbp cache hit"
2026-06-01T13:11:27.616Z DEBUG phase=pbp game_id=1022600010 source=json_cache rows=459 msg="pbp cache hit"
2026-06-01T13:11:27.637Z DEBUG phase=pbp game_id=1022600005 source=json_cache rows=375 msg="pbp cache hit"
2026-06-01T13:11:27.663Z DEBUG phase=pbp game_id=1022600002 source=json_cache rows=465 msg="pbp cache hit"
2026-06-01T13:11:27.686Z DEBUG phase=pbp game_id=1022600003 source=json_cache rows=423 msg="pbp cache hit"
2026-06-01T13:11:27.710Z DEBUG phase=pbp game_id=1022600001 source=json_cache rows=448 msg="pbp cache hit"
2026-06-01T13:16:17.926Z WARN  phase=pbp game_id=1022600063 attempts=2 msg="pbp empty after retries"
2026-06-01T13:20:38.094Z WARN  phase=pbp game_id=1022600062 attempts=2 msg="pbp empty after retries"
2026-06-01T13:24:58.268Z WARN  phase=pbp game_id=1022600060 attempts=2 msg="pbp empty after retries"
2026-06-01T13:29:18.428Z WARN  phase=pbp game_id=1022600061 attempts=2 msg="pbp empty after retries"
2026-06-01T13:29:18.437Z INFO  phase=pbp season=2026 retried=4 recovered=0 still_failed=4 msg="pbp cool-off pass complete"
2026-06-01T13:29:25.936Z INFO  phase=pbp season=2026 rows=24311 games_total=63 games_ok=59 games_failed=4 msg="pbp ok"
2026-06-01T13:29:25.937Z INFO  phase=season 2026: pbp elapsed_s=2120.34 msg="phase end: season 2026: pbp"
2026-06-01T13:29:25.942Z INFO  phase=master schedule msg="phase start: master schedule"
2026-06-01T13:29:29.725Z INFO  phase=master_schedule rows=126 games=63 seasons_covered=1 msg="master schedule ok"
2026-06-01T13:29:29.727Z INFO  phase=master schedule elapsed_s=3.78 msg="phase end: master schedule"
2026-06-01T13:29:29.731Z INFO  phase=manifest upload msg="phase start: manifest upload"
2026-06-01T13:29:37.098Z INFO  phase=manifest upload elapsed_s=7.37 msg="phase end: manifest upload"
2026-06-01T13:29:37.129Z INFO  start_year=2026 end_year=2026 msg="pipeline complete"
