2026-06-18T11:29:36.075Z INFO  start_year=2026 end_year=2026 rescrape=FALSE run_id=20260618T112936Z log_path=logs/wnba_stats_01_pbp_2026_2026_20260618T112936Z.log msg="WNBA Stats pbp: seasons 2026-2026 | rescrape=FALSE"
2026-06-18T11:29:36.614Z INFO  n_proxies=50 msg="proxy pool loaded: 50 proxies"
2026-06-18T11:29:36.733Z INFO  phase=season 2026: schedule msg="phase start: season 2026: schedule"
2026-06-18T11:29:41.831Z INFO  phase=schedule season=2026 rows=224 games=112 msg="schedule ok"
2026-06-18T11:29:41.845Z INFO  phase=season 2026: schedule elapsed_s=5.11 msg="phase end: season 2026: schedule"
2026-06-18T11:29:41.862Z INFO  phase=season 2026: player_game_logs msg="phase start: season 2026: player_game_logs"
2026-06-18T11:29:46.858Z INFO  phase=player_game_logs season=2026 rows=2235 players=201 msg="player_game_logs ok"
2026-06-18T11:29:46.861Z INFO  phase=season 2026: player_game_logs elapsed_s=4.92 msg="phase end: season 2026: player_game_logs"
2026-06-18T11:29:46.866Z INFO  phase=season 2026: pbp msg="phase start: season 2026: pbp"
2026-06-18T11:34:07.105Z WARN  phase=pbp game_id=1022600112 attempts=2 msg="pbp empty after retries"
2026-06-18T11:38:27.281Z WARN  phase=pbp game_id=1022600107 attempts=2 msg="pbp empty after retries"
2026-06-18T11:42:47.459Z WARN  phase=pbp game_id=1022600111 attempts=2 msg="pbp empty after retries"
2026-06-18T11:47:07.633Z WARN  phase=pbp game_id=1022600108 attempts=2 msg="pbp empty after retries"
2026-06-18T11:51:27.810Z WARN  phase=pbp game_id=1022600109 attempts=2 msg="pbp empty after retries"
2026-06-18T11:55:47.979Z WARN  phase=pbp game_id=1022600110 attempts=2 msg="pbp empty after retries"
2026-06-18T12:00:08.147Z WARN  phase=pbp game_id=1022600106 attempts=2 msg="pbp empty after retries"
2026-06-18T12:04:28.320Z WARN  phase=pbp game_id=1022600104 attempts=2 msg="pbp empty after retries"
2026-06-18T12:08:48.489Z WARN  phase=pbp game_id=1022600103 attempts=2 msg="pbp empty after retries"
2026-06-18T12:13:08.662Z WARN  phase=pbp game_id=1022600105 attempts=2 msg="pbp empty after retries"
2026-06-18T12:17:28.834Z WARN  phase=pbp game_id=1022600101 attempts=2 msg="pbp empty after retries"
2026-06-18T12:21:49.002Z WARN  phase=pbp game_id=1022600102 attempts=2 msg="pbp empty after retries"
2026-06-18T12:26:09.163Z WARN  phase=pbp game_id=1022600100 attempts=2 msg="pbp empty after retries"
2026-06-18T12:30:29.334Z WARN  phase=pbp game_id=1022600098 attempts=2 msg="pbp empty after retries"
2026-06-18T12:34:49.509Z WARN  phase=pbp game_id=1022600097 attempts=2 msg="pbp empty after retries"
2026-06-18T12:39:09.681Z WARN  phase=pbp game_id=1022600099 attempts=2 msg="pbp empty after retries"
2026-06-18T12:43:29.852Z WARN  phase=pbp game_id=1022600096 attempts=2 msg="pbp empty after retries"
2026-06-18T12:47:50.026Z WARN  phase=pbp game_id=1022600095 attempts=2 msg="pbp empty after retries"
2026-06-18T12:52:10.200Z WARN  phase=pbp game_id=1022600091 attempts=2 msg="pbp empty after retries"
2026-06-18T12:56:30.367Z WARN  phase=pbp game_id=1022600093 attempts=2 msg="pbp empty after retries"
2026-06-18T13:00:50.540Z WARN  phase=pbp game_id=1022600092 attempts=2 msg="pbp empty after retries"
2026-06-18T13:05:10.707Z WARN  phase=pbp game_id=1022600094 attempts=2 msg="pbp empty after retries"
2026-06-18T13:05:10.738Z DEBUG phase=pbp game_id=1022600089 source=json_cache rows=501 msg="pbp cache hit"
2026-06-18T13:05:10.755Z DEBUG phase=pbp game_id=1022600090 source=json_cache rows=417 msg="pbp cache hit"
2026-06-18T13:05:10.772Z DEBUG phase=pbp game_id=1022600086 source=json_cache rows=385 msg="pbp cache hit"
2026-06-18T13:05:10.791Z DEBUG phase=pbp game_id=1022600088 source=json_cache rows=382 msg="pbp cache hit"
2026-06-18T13:05:10.807Z DEBUG phase=pbp game_id=1022600087 source=json_cache rows=371 msg="pbp cache hit"
2026-06-18T13:05:10.825Z DEBUG phase=pbp game_id=1022600083 source=json_cache rows=435 msg="pbp cache hit"
2026-06-18T13:05:10.841Z DEBUG phase=pbp game_id=1022600085 source=json_cache rows=391 msg="pbp cache hit"
2026-06-18T13:05:10.859Z DEBUG phase=pbp game_id=1022600084 source=json_cache rows=417 msg="pbp cache hit"
2026-06-18T13:05:10.877Z DEBUG phase=pbp game_id=1022600082 source=json_cache rows=438 msg="pbp cache hit"
2026-06-18T13:05:10.896Z DEBUG phase=pbp game_id=1022600081 source=json_cache rows=446 msg="pbp cache hit"
2026-06-18T13:05:10.921Z DEBUG phase=pbp game_id=1022600079 source=json_cache rows=454 msg="pbp cache hit"
2026-06-18T13:05:10.945Z DEBUG phase=pbp game_id=1022600080 source=json_cache rows=440 msg="pbp cache hit"
2026-06-18T13:05:10.967Z DEBUG phase=pbp game_id=1022600077 source=json_cache rows=391 msg="pbp cache hit"
2026-06-18T13:05:10.989Z DEBUG phase=pbp game_id=1022600078 source=json_cache rows=387 msg="pbp cache hit"
2026-06-18T13:05:11.013Z DEBUG phase=pbp game_id=1022600074 source=json_cache rows=417 msg="pbp cache hit"
2026-06-18T13:05:11.035Z DEBUG phase=pbp game_id=1022600075 source=json_cache rows=382 msg="pbp cache hit"
2026-06-18T13:05:11.058Z DEBUG phase=pbp game_id=1022600076 source=json_cache rows=399 msg="pbp cache hit"
2026-06-18T13:05:11.081Z DEBUG phase=pbp game_id=1022600072 source=json_cache rows=406 msg="pbp cache hit"
2026-06-18T13:05:11.103Z DEBUG phase=pbp game_id=1022600073 source=json_cache rows=391 msg="pbp cache hit"
2026-06-18T13:05:11.124Z DEBUG phase=pbp game_id=1022600070 source=json_cache rows=375 msg="pbp cache hit"
2026-06-18T13:05:11.147Z DEBUG phase=pbp game_id=1022600071 source=json_cache rows=402 msg="pbp cache hit"
2026-06-18T13:05:11.169Z DEBUG phase=pbp game_id=1022600068 source=json_cache rows=382 msg="pbp cache hit"
2026-06-18T13:05:11.192Z DEBUG phase=pbp game_id=1022600069 source=json_cache rows=400 msg="pbp cache hit"
2026-06-18T13:05:11.218Z DEBUG phase=pbp game_id=1022600067 source=json_cache rows=444 msg="pbp cache hit"
2026-06-18T13:05:11.240Z DEBUG phase=pbp game_id=1022600066 source=json_cache rows=383 msg="pbp cache hit"
2026-06-18T13:05:11.265Z DEBUG phase=pbp game_id=1022600065 source=json_cache rows=356 msg="pbp cache hit"
2026-06-18T13:05:11.289Z DEBUG phase=pbp game_id=1022600064 source=json_cache rows=421 msg="pbp cache hit"
2026-06-18T13:05:11.311Z DEBUG phase=pbp game_id=1022600063 source=json_cache rows=416 msg="pbp cache hit"
2026-06-18T13:05:11.336Z DEBUG phase=pbp game_id=1022600061 source=json_cache rows=449 msg="pbp cache hit"
2026-06-18T13:05:11.365Z DEBUG phase=pbp game_id=1022600060 source=json_cache rows=391 msg="pbp cache hit"
2026-06-18T13:05:11.389Z DEBUG phase=pbp game_id=1022600062 source=json_cache rows=432 msg="pbp cache hit"
2026-06-18T13:05:11.410Z DEBUG phase=pbp game_id=1022600056 source=json_cache rows=386 msg="pbp cache hit"
2026-06-18T13:05:11.433Z DEBUG phase=pbp game_id=1022600058 source=json_cache rows=414 msg="pbp cache hit"
2026-06-18T13:05:11.455Z DEBUG phase=pbp game_id=1022600057 source=json_cache rows=416 msg="pbp cache hit"
2026-06-18T13:05:11.476Z DEBUG phase=pbp game_id=1022600059 source=json_cache rows=389 msg="pbp cache hit"
2026-06-18T13:05:11.500Z DEBUG phase=pbp game_id=1022600055 source=json_cache rows=439 msg="pbp cache hit"
2026-06-18T13:05:11.521Z DEBUG phase=pbp game_id=1022600054 source=json_cache rows=375 msg="pbp cache hit"
2026-06-18T13:05:11.544Z DEBUG phase=pbp game_id=1022600052 source=json_cache rows=418 msg="pbp cache hit"
2026-06-18T13:05:11.566Z DEBUG phase=pbp game_id=1022600053 source=json_cache rows=406 msg="pbp cache hit"
2026-06-18T13:05:11.588Z DEBUG phase=pbp game_id=1022600049 source=json_cache rows=396 msg="pbp cache hit"
2026-06-18T13:05:11.611Z DEBUG phase=pbp game_id=1022600050 source=json_cache rows=425 msg="pbp cache hit"
2026-06-18T13:05:11.631Z DEBUG phase=pbp game_id=1022600051 source=json_cache rows=357 msg="pbp cache hit"
2026-06-18T13:05:11.654Z DEBUG phase=pbp game_id=1022600048 source=json_cache rows=435 msg="pbp cache hit"
2026-06-18T13:05:11.684Z DEBUG phase=pbp game_id=1022600047 source=json_cache rows=414 msg="pbp cache hit"
2026-06-18T13:05:11.705Z DEBUG phase=pbp game_id=1022600045 source=json_cache rows=380 msg="pbp cache hit"
2026-06-18T13:05:11.728Z DEBUG phase=pbp game_id=1022600044 source=json_cache rows=408 msg="pbp cache hit"
2026-06-18T13:05:11.751Z DEBUG phase=pbp game_id=1022600046 source=json_cache rows=428 msg="pbp cache hit"
2026-06-18T13:05:11.776Z DEBUG phase=pbp game_id=1022600041 source=json_cache rows=450 msg="pbp cache hit"
2026-06-18T13:05:11.798Z DEBUG phase=pbp game_id=1022600042 source=json_cache rows=414 msg="pbp cache hit"
2026-06-18T13:05:11.821Z DEBUG phase=pbp game_id=1022600043 source=json_cache rows=405 msg="pbp cache hit"
2026-06-18T13:05:11.842Z DEBUG phase=pbp game_id=1022600038 source=json_cache rows=379 msg="pbp cache hit"
2026-06-18T13:05:11.867Z DEBUG phase=pbp game_id=1022600039 source=json_cache rows=462 msg="pbp cache hit"
2026-06-18T13:05:11.887Z DEBUG phase=pbp game_id=1022600040 source=json_cache rows=371 msg="pbp cache hit"
2026-06-18T13:05:11.909Z DEBUG phase=pbp game_id=1022600036 source=json_cache rows=395 msg="pbp cache hit"
2026-06-18T13:05:11.932Z DEBUG phase=pbp game_id=1022600037 source=json_cache rows=424 msg="pbp cache hit"
2026-06-18T13:05:11.954Z DEBUG phase=pbp game_id=1022600035 source=json_cache rows=399 msg="pbp cache hit"
2026-06-18T13:05:11.975Z DEBUG phase=pbp game_id=1022600033 source=json_cache rows=390 msg="pbp cache hit"
2026-06-18T13:05:11.997Z DEBUG phase=pbp game_id=1022600034 source=json_cache rows=409 msg="pbp cache hit"
2026-06-18T13:05:12.020Z DEBUG phase=pbp game_id=1022600032 source=json_cache rows=410 msg="pbp cache hit"
2026-06-18T13:05:12.048Z DEBUG phase=pbp game_id=1022600031 source=json_cache rows=403 msg="pbp cache hit"
2026-06-18T13:05:12.068Z DEBUG phase=pbp game_id=1022600029 source=json_cache rows=363 msg="pbp cache hit"
2026-06-18T13:05:12.092Z DEBUG phase=pbp game_id=1022600030 source=json_cache rows=426 msg="pbp cache hit"
2026-06-18T13:05:12.115Z DEBUG phase=pbp game_id=1022600027 source=json_cache rows=424 msg="pbp cache hit"
2026-06-18T13:05:12.137Z DEBUG phase=pbp game_id=1022600025 source=json_cache rows=409 msg="pbp cache hit"
2026-06-18T13:05:12.162Z DEBUG phase=pbp game_id=1022600026 source=json_cache rows=456 msg="pbp cache hit"
2026-06-18T13:05:12.185Z DEBUG phase=pbp game_id=1022600028 source=json_cache rows=423 msg="pbp cache hit"
2026-06-18T13:05:12.207Z DEBUG phase=pbp game_id=1022600021 source=json_cache rows=409 msg="pbp cache hit"
2026-06-18T13:05:12.234Z DEBUG phase=pbp game_id=1022600022 source=json_cache rows=501 msg="pbp cache hit"
2026-06-18T13:05:12.259Z DEBUG phase=pbp game_id=1022600024 source=json_cache rows=448 msg="pbp cache hit"
2026-06-18T13:05:12.279Z DEBUG phase=pbp game_id=1022600023 source=json_cache rows=379 msg="pbp cache hit"
2026-06-18T13:05:12.302Z DEBUG phase=pbp game_id=1022600020 source=json_cache rows=413 msg="pbp cache hit"
2026-06-18T13:05:12.323Z DEBUG phase=pbp game_id=1022600019 source=json_cache rows=373 msg="pbp cache hit"
2026-06-18T13:05:12.345Z DEBUG phase=pbp game_id=1022600016 source=json_cache rows=411 msg="pbp cache hit"
2026-06-18T13:05:12.373Z DEBUG phase=pbp game_id=1022600017 source=json_cache rows=408 msg="pbp cache hit"
2026-06-18T13:05:12.389Z DEBUG phase=pbp game_id=1022600015 source=json_cache rows=377 msg="pbp cache hit"
2026-06-18T13:05:12.411Z DEBUG phase=pbp game_id=1022600018 source=json_cache rows=394 msg="pbp cache hit"
2026-06-18T13:05:12.433Z DEBUG phase=pbp game_id=1022600012 source=json_cache rows=388 msg="pbp cache hit"
2026-06-18T13:05:12.456Z DEBUG phase=pbp game_id=1022600013 source=json_cache rows=430 msg="pbp cache hit"
2026-06-18T13:05:12.477Z DEBUG phase=pbp game_id=1022600014 source=json_cache rows=377 msg="pbp cache hit"
2026-06-18T13:05:12.500Z DEBUG phase=pbp game_id=1022600007 source=json_cache rows=435 msg="pbp cache hit"
2026-06-18T13:05:12.522Z DEBUG phase=pbp game_id=1022600009 source=json_cache rows=401 msg="pbp cache hit"
2026-06-18T13:06:30.511Z DEBUG phase=pbp game_id=1022600008 source=json_cache rows=487 msg="pbp cache hit"
2026-06-18T13:10:50.664Z DEBUG phase=pbp game_id=1022600011 source=json_cache rows=354 msg="pbp cache hit"
2026-06-18T13:15:10.812Z DEBUG phase=pbp game_id=1022600004 source=json_cache rows=437 msg="pbp cache hit"
2026-06-18T13:15:10.841Z DEBUG phase=pbp game_id=1022600005 source=json_cache rows=375 msg="pbp cache hit"
2026-06-18T13:15:10.863Z DEBUG phase=pbp game_id=1022600006 source=json_cache rows=417 msg="pbp cache hit"
2026-06-18T13:15:10.894Z DEBUG phase=pbp game_id=1022600010 source=json_cache rows=459 msg="pbp cache hit"
2026-06-18T13:15:10.918Z DEBUG phase=pbp game_id=1022600001 source=json_cache rows=448 msg="pbp cache hit"
2026-06-18T13:15:10.943Z DEBUG phase=pbp game_id=1022600002 source=json_cache rows=465 msg="pbp cache hit"
2026-06-18T13:15:10.966Z DEBUG phase=pbp game_id=1022600003 source=json_cache rows=423 msg="pbp cache hit"
2026-06-18T13:20:01.187Z WARN  phase=pbp game_id=1022600112 attempts=2 msg="pbp empty after retries"
2026-06-18T13:24:21.362Z WARN  phase=pbp game_id=1022600107 attempts=2 msg="pbp empty after retries"
2026-06-18T13:28:41.534Z WARN  phase=pbp game_id=1022600111 attempts=2 msg="pbp empty after retries"
2026-06-18T13:33:01.708Z WARN  phase=pbp game_id=1022600108 attempts=2 msg="pbp empty after retries"
2026-06-18T13:37:21.886Z WARN  phase=pbp game_id=1022600109 attempts=2 msg="pbp empty after retries"
2026-06-18T13:41:42.047Z WARN  phase=pbp game_id=1022600110 attempts=2 msg="pbp empty after retries"
2026-06-18T13:46:02.220Z WARN  phase=pbp game_id=1022600106 attempts=2 msg="pbp empty after retries"
2026-06-18T13:50:22.394Z WARN  phase=pbp game_id=1022600104 attempts=2 msg="pbp empty after retries"
2026-06-18T13:54:42.569Z WARN  phase=pbp game_id=1022600103 attempts=2 msg="pbp empty after retries"
2026-06-18T13:59:02.761Z WARN  phase=pbp game_id=1022600105 attempts=2 msg="pbp empty after retries"
2026-06-18T14:03:22.932Z WARN  phase=pbp game_id=1022600101 attempts=2 msg="pbp empty after retries"
2026-06-18T14:07:43.106Z WARN  phase=pbp game_id=1022600102 attempts=2 msg="pbp empty after retries"
2026-06-18T14:12:03.280Z WARN  phase=pbp game_id=1022600100 attempts=2 msg="pbp empty after retries"
2026-06-18T14:16:23.457Z WARN  phase=pbp game_id=1022600098 attempts=2 msg="pbp empty after retries"
2026-06-18T14:20:43.631Z WARN  phase=pbp game_id=1022600097 attempts=2 msg="pbp empty after retries"
2026-06-18T14:25:03.807Z WARN  phase=pbp game_id=1022600099 attempts=2 msg="pbp empty after retries"
2026-06-18T14:29:23.976Z WARN  phase=pbp game_id=1022600096 attempts=2 msg="pbp empty after retries"
2026-06-18T14:33:44.146Z WARN  phase=pbp game_id=1022600095 attempts=2 msg="pbp empty after retries"
2026-06-18T14:38:04.325Z WARN  phase=pbp game_id=1022600091 attempts=2 msg="pbp empty after retries"
2026-06-18T14:42:24.497Z WARN  phase=pbp game_id=1022600093 attempts=2 msg="pbp empty after retries"
2026-06-18T14:46:44.677Z WARN  phase=pbp game_id=1022600092 attempts=2 msg="pbp empty after retries"
2026-06-18T14:51:04.851Z WARN  phase=pbp game_id=1022600094 attempts=2 msg="pbp empty after retries"
2026-06-18T14:51:04.861Z INFO  phase=pbp season=2026 retried=22 recovered=0 still_failed=22 msg="pbp cool-off pass complete"
2026-06-18T14:51:13.581Z INFO  phase=pbp season=2026 rows=37030 games_total=112 games_ok=90 games_failed=22 msg="pbp ok"
2026-06-18T14:51:13.583Z INFO  phase=season 2026: pbp elapsed_s=12086.71 msg="phase end: season 2026: pbp"
2026-06-18T14:51:13.587Z INFO  phase=master schedule msg="phase start: master schedule"
2026-06-18T14:51:16.519Z INFO  phase=master_schedule rows=224 games=112 seasons_covered=1 msg="master schedule ok"
2026-06-18T14:51:16.520Z INFO  phase=master schedule elapsed_s=2.93 msg="phase end: master schedule"
2026-06-18T14:51:16.525Z INFO  phase=manifest upload msg="phase start: manifest upload"
2026-06-18T14:51:21.670Z INFO  phase=manifest upload elapsed_s=5.14 msg="phase end: manifest upload"
2026-06-18T14:51:21.701Z INFO  start_year=2026 end_year=2026 msg="pipeline complete"
