2026-07-14T09:28:28.609Z INFO  start_year=2026 end_year=2026 rescrape=FALSE run_id=20260714T092828Z log_path=logs/wnba_stats_01_pbp_2026_2026_20260714T092828Z.log msg="WNBA Stats pbp: seasons 2026-2026 | rescrape=FALSE"
2026-07-14T09:28:28.909Z INFO  n_proxies=50 msg="proxy pool loaded: 50 proxies"
2026-07-14T09:28:29.018Z INFO  phase=season 2026: schedule msg="phase start: season 2026: schedule"
2026-07-14T09:28:33.666Z INFO  phase=schedule season=2026 rows=352 games=176 msg="schedule ok"
2026-07-14T09:28:33.680Z INFO  phase=season 2026: schedule elapsed_s=4.66 msg="phase end: season 2026: schedule"
2026-07-14T09:28:33.697Z INFO  phase=season 2026: player_game_logs msg="phase start: season 2026: player_game_logs"
2026-07-14T09:28:38.032Z INFO  phase=player_game_logs season=2026 rows=3494 players=216 msg="player_game_logs ok"
2026-07-14T09:28:38.033Z INFO  phase=season 2026: player_game_logs elapsed_s=4.26 msg="phase end: season 2026: player_game_logs"
2026-07-14T09:28:38.037Z INFO  phase=season 2026: pbp msg="phase start: season 2026: pbp"
2026-07-14T09:32:58.266Z WARN  phase=pbp game_id=1022600175 attempts=2 msg="pbp empty after retries"
2026-07-14T09:37:18.445Z WARN  phase=pbp game_id=1022600176 attempts=2 msg="pbp empty after retries"
2026-07-14T09:41:38.626Z WARN  phase=pbp game_id=1022600172 attempts=2 msg="pbp empty after retries"
2026-07-14T09:45:58.801Z WARN  phase=pbp game_id=1022600173 attempts=2 msg="pbp empty after retries"
2026-07-14T09:50:18.968Z WARN  phase=pbp game_id=1022600171 attempts=2 msg="pbp empty after retries"
2026-07-14T09:54:39.138Z WARN  phase=pbp game_id=1022600174 attempts=2 msg="pbp empty after retries"
2026-07-14T09:58:59.309Z WARN  phase=pbp game_id=1022600168 attempts=2 msg="pbp empty after retries"
2026-07-14T10:03:19.482Z WARN  phase=pbp game_id=1022600169 attempts=2 msg="pbp empty after retries"
2026-07-14T10:07:39.654Z WARN  phase=pbp game_id=1022600170 attempts=2 msg="pbp empty after retries"
2026-07-14T10:11:59.821Z WARN  phase=pbp game_id=1022600166 attempts=2 msg="pbp empty after retries"
2026-07-14T10:16:19.988Z WARN  phase=pbp game_id=1022600167 attempts=2 msg="pbp empty after retries"
2026-07-14T10:20:40.156Z WARN  phase=pbp game_id=1022600165 attempts=2 msg="pbp empty after retries"
2026-07-14T10:25:00.319Z WARN  phase=pbp game_id=1022600164 attempts=2 msg="pbp empty after retries"
2026-07-14T10:29:20.488Z WARN  phase=pbp game_id=1022600163 attempts=2 msg="pbp empty after retries"
2026-07-14T10:33:40.661Z WARN  phase=pbp game_id=1022600162 attempts=2 msg="pbp empty after retries"
2026-07-14T10:38:00.833Z WARN  phase=pbp game_id=1022600161 attempts=2 msg="pbp empty after retries"
2026-07-14T10:42:21.001Z WARN  phase=pbp game_id=1022600159 attempts=2 msg="pbp empty after retries"
2026-07-14T10:46:41.175Z WARN  phase=pbp game_id=1022600160 attempts=2 msg="pbp empty after retries"
2026-07-14T10:51:01.347Z WARN  phase=pbp game_id=1022600158 attempts=2 msg="pbp empty after retries"
2026-07-14T10:55:21.520Z WARN  phase=pbp game_id=1022600157 attempts=2 msg="pbp empty after retries"
2026-07-14T10:59:41.693Z WARN  phase=pbp game_id=1022600156 attempts=2 msg="pbp empty after retries"
2026-07-14T11:04:01.865Z WARN  phase=pbp game_id=1022600155 attempts=2 msg="pbp empty after retries"
2026-07-14T11:08:22.034Z WARN  phase=pbp game_id=1022600154 attempts=2 msg="pbp empty after retries"
2026-07-14T11:12:42.201Z WARN  phase=pbp game_id=1022600152 attempts=2 msg="pbp empty after retries"
2026-07-14T11:17:02.374Z WARN  phase=pbp game_id=1022600153 attempts=2 msg="pbp empty after retries"
2026-07-14T11:21:22.545Z WARN  phase=pbp game_id=1022600150 attempts=2 msg="pbp empty after retries"
2026-07-14T11:25:42.718Z WARN  phase=pbp game_id=1022600151 attempts=2 msg="pbp empty after retries"
2026-07-14T11:30:02.892Z WARN  phase=pbp game_id=1022600148 attempts=2 msg="pbp empty after retries"
2026-07-14T11:34:23.054Z WARN  phase=pbp game_id=1022600149 attempts=2 msg="pbp empty after retries"
2026-07-14T11:38:43.226Z WARN  phase=pbp game_id=1022600145 attempts=2 msg="pbp empty after retries"
2026-07-14T11:43:03.400Z WARN  phase=pbp game_id=1022600146 attempts=2 msg="pbp empty after retries"
2026-07-14T11:47:23.568Z WARN  phase=pbp game_id=1022600147 attempts=2 msg="pbp empty after retries"
2026-07-14T11:47:23.605Z DEBUG phase=pbp game_id=1022600144 source=json_cache rows=383 msg="pbp cache hit"
2026-07-14T11:47:23.628Z DEBUG phase=pbp game_id=1022600141 source=json_cache rows=375 msg="pbp cache hit"
2026-07-14T11:47:23.654Z DEBUG phase=pbp game_id=1022600143 source=json_cache rows=435 msg="pbp cache hit"
2026-07-14T11:47:23.692Z DEBUG phase=pbp game_id=1022600142 source=json_cache rows=629 msg="pbp cache hit"
2026-07-14T11:47:23.717Z DEBUG phase=pbp game_id=1022600139 source=json_cache rows=433 msg="pbp cache hit"
2026-07-14T11:47:23.736Z DEBUG phase=pbp game_id=1022600140 source=json_cache rows=398 msg="pbp cache hit"
2026-07-14T11:47:23.754Z DEBUG phase=pbp game_id=1022600138 source=json_cache rows=398 msg="pbp cache hit"
2026-07-14T11:47:23.776Z DEBUG phase=pbp game_id=1022600135 source=json_cache rows=374 msg="pbp cache hit"
2026-07-14T11:47:23.802Z DEBUG phase=pbp game_id=1022600136 source=json_cache rows=423 msg="pbp cache hit"
2026-07-14T11:47:23.826Z DEBUG phase=pbp game_id=1022600137 source=json_cache rows=420 msg="pbp cache hit"
2026-07-14T11:47:23.849Z DEBUG phase=pbp game_id=1022600134 source=json_cache rows=397 msg="pbp cache hit"
2026-07-14T11:47:23.872Z DEBUG phase=pbp game_id=1022600133 source=json_cache rows=398 msg="pbp cache hit"
2026-07-14T11:47:23.891Z DEBUG phase=pbp game_id=1022600132 source=json_cache rows=437 msg="pbp cache hit"
2026-07-14T11:47:23.914Z DEBUG phase=pbp game_id=1022600128 source=json_cache rows=390 msg="pbp cache hit"
2026-07-14T11:47:23.940Z DEBUG phase=pbp game_id=1022600129 source=json_cache rows=434 msg="pbp cache hit"
2026-07-14T11:47:23.963Z DEBUG phase=pbp game_id=1022600131 source=json_cache rows=391 msg="pbp cache hit"
2026-07-14T11:47:23.988Z DEBUG phase=pbp game_id=1022600130 source=json_cache rows=427 msg="pbp cache hit"
2026-07-14T11:47:24.009Z DEBUG phase=pbp game_id=1022600127 source=json_cache rows=349 msg="pbp cache hit"
2026-07-14T11:47:24.036Z DEBUG phase=pbp game_id=1022600124 source=json_cache rows=449 msg="pbp cache hit"
2026-07-14T11:47:24.070Z DEBUG phase=pbp game_id=1022600123 source=json_cache rows=453 msg="pbp cache hit"
2026-07-14T11:47:24.096Z DEBUG phase=pbp game_id=1022600125 source=json_cache rows=421 msg="pbp cache hit"
2026-07-14T11:47:24.119Z DEBUG phase=pbp game_id=1022600126 source=json_cache rows=396 msg="pbp cache hit"
2026-07-14T11:47:24.142Z DEBUG phase=pbp game_id=1022600121 source=json_cache rows=408 msg="pbp cache hit"
2026-07-14T11:47:24.164Z DEBUG phase=pbp game_id=1022600122 source=json_cache rows=394 msg="pbp cache hit"
2026-07-14T11:47:24.183Z DEBUG phase=pbp game_id=1022600120 source=json_cache rows=339 msg="pbp cache hit"
2026-07-14T11:47:24.205Z DEBUG phase=pbp game_id=1022600118 source=json_cache rows=377 msg="pbp cache hit"
2026-07-14T11:47:24.230Z DEBUG phase=pbp game_id=1022600117 source=json_cache rows=457 msg="pbp cache hit"
2026-07-14T11:47:24.254Z DEBUG phase=pbp game_id=1022600119 source=json_cache rows=427 msg="pbp cache hit"
2026-07-14T11:47:24.277Z DEBUG phase=pbp game_id=1022600116 source=json_cache rows=410 msg="pbp cache hit"
2026-07-14T11:47:24.300Z DEBUG phase=pbp game_id=1022600114 source=json_cache rows=407 msg="pbp cache hit"
2026-07-14T11:47:24.323Z DEBUG phase=pbp game_id=1022600115 source=json_cache rows=415 msg="pbp cache hit"
2026-07-14T11:47:24.347Z DEBUG phase=pbp game_id=1022600113 source=json_cache rows=436 msg="pbp cache hit"
2026-07-14T11:47:24.369Z DEBUG phase=pbp game_id=1022600108 source=json_cache rows=391 msg="pbp cache hit"
2026-07-14T11:47:24.393Z DEBUG phase=pbp game_id=1022600112 source=json_cache rows=409 msg="pbp cache hit"
2026-07-14T11:47:24.414Z DEBUG phase=pbp game_id=1022600111 source=json_cache rows=367 msg="pbp cache hit"
2026-07-14T11:47:24.435Z DEBUG phase=pbp game_id=1022600109 source=json_cache rows=364 msg="pbp cache hit"
2026-07-14T11:47:24.457Z DEBUG phase=pbp game_id=1022600107 source=json_cache rows=383 msg="pbp cache hit"
2026-07-14T11:47:24.486Z DEBUG phase=pbp game_id=1022600110 source=json_cache rows=406 msg="pbp cache hit"
2026-07-14T11:47:24.511Z DEBUG phase=pbp game_id=1022600106 source=json_cache rows=425 msg="pbp cache hit"
2026-07-14T11:47:24.533Z DEBUG phase=pbp game_id=1022600105 source=json_cache rows=391 msg="pbp cache hit"
2026-07-14T11:47:24.554Z DEBUG phase=pbp game_id=1022600103 source=json_cache rows=365 msg="pbp cache hit"
2026-07-14T11:47:24.577Z DEBUG phase=pbp game_id=1022600104 source=json_cache rows=418 msg="pbp cache hit"
2026-07-14T11:47:24.603Z DEBUG phase=pbp game_id=1022600102 source=json_cache rows=415 msg="pbp cache hit"
2026-07-14T11:47:24.626Z DEBUG phase=pbp game_id=1022600101 source=json_cache rows=400 msg="pbp cache hit"
2026-07-14T11:47:24.647Z DEBUG phase=pbp game_id=1022600097 source=json_cache rows=387 msg="pbp cache hit"
2026-07-14T11:47:24.671Z DEBUG phase=pbp game_id=1022600099 source=json_cache rows=421 msg="pbp cache hit"
2026-07-14T11:47:24.695Z DEBUG phase=pbp game_id=1022600100 source=json_cache rows=433 msg="pbp cache hit"
2026-07-14T11:47:24.711Z DEBUG phase=pbp game_id=1022600098 source=json_cache rows=372 msg="pbp cache hit"
2026-07-14T11:47:24.733Z DEBUG phase=pbp game_id=1022600096 source=json_cache rows=408 msg="pbp cache hit"
2026-07-14T11:47:24.756Z DEBUG phase=pbp game_id=1022600095 source=json_cache rows=411 msg="pbp cache hit"
2026-07-14T11:47:24.780Z DEBUG phase=pbp game_id=1022600092 source=json_cache rows=435 msg="pbp cache hit"
2026-07-14T11:47:24.809Z DEBUG phase=pbp game_id=1022600091 source=json_cache rows=519 msg="pbp cache hit"
2026-07-14T11:47:24.830Z DEBUG phase=pbp game_id=1022600093 source=json_cache rows=366 msg="pbp cache hit"
2026-07-14T11:47:24.858Z DEBUG phase=pbp game_id=1022600094 source=json_cache rows=401 msg="pbp cache hit"
2026-07-14T11:47:24.880Z DEBUG phase=pbp game_id=1022600089 source=json_cache rows=501 msg="pbp cache hit"
2026-07-14T11:47:24.897Z DEBUG phase=pbp game_id=1022600090 source=json_cache rows=417 msg="pbp cache hit"
2026-07-14T11:47:24.914Z DEBUG phase=pbp game_id=1022600086 source=json_cache rows=385 msg="pbp cache hit"
2026-07-14T11:47:24.930Z DEBUG phase=pbp game_id=1022600088 source=json_cache rows=382 msg="pbp cache hit"
2026-07-14T11:47:24.945Z DEBUG phase=pbp game_id=1022600087 source=json_cache rows=371 msg="pbp cache hit"
2026-07-14T11:47:24.962Z DEBUG phase=pbp game_id=1022600085 source=json_cache rows=391 msg="pbp cache hit"
2026-07-14T11:47:24.979Z DEBUG phase=pbp game_id=1022600084 source=json_cache rows=417 msg="pbp cache hit"
2026-07-14T11:47:24.997Z DEBUG phase=pbp game_id=1022600083 source=json_cache rows=435 msg="pbp cache hit"
2026-07-14T11:47:25.016Z DEBUG phase=pbp game_id=1022600081 source=json_cache rows=446 msg="pbp cache hit"
2026-07-14T11:47:25.034Z DEBUG phase=pbp game_id=1022600082 source=json_cache rows=438 msg="pbp cache hit"
2026-07-14T11:47:25.055Z DEBUG phase=pbp game_id=1022600077 source=json_cache rows=391 msg="pbp cache hit"
2026-07-14T11:47:25.080Z DEBUG phase=pbp game_id=1022600080 source=json_cache rows=440 msg="pbp cache hit"
2026-07-14T11:47:25.114Z DEBUG phase=pbp game_id=1022600079 source=json_cache rows=454 msg="pbp cache hit"
2026-07-14T11:47:25.135Z DEBUG phase=pbp game_id=1022600078 source=json_cache rows=387 msg="pbp cache hit"
2026-07-14T11:47:25.163Z DEBUG phase=pbp game_id=1022600075 source=json_cache rows=382 msg="pbp cache hit"
2026-07-14T11:47:25.186Z DEBUG phase=pbp game_id=1022600076 source=json_cache rows=399 msg="pbp cache hit"
2026-07-14T11:47:25.210Z DEBUG phase=pbp game_id=1022600074 source=json_cache rows=417 msg="pbp cache hit"
2026-07-14T11:47:25.233Z DEBUG phase=pbp game_id=1022600072 source=json_cache rows=406 msg="pbp cache hit"
2026-07-14T11:47:25.255Z DEBUG phase=pbp game_id=1022600073 source=json_cache rows=391 msg="pbp cache hit"
2026-07-14T11:47:25.276Z DEBUG phase=pbp game_id=1022600070 source=json_cache rows=375 msg="pbp cache hit"
2026-07-14T11:47:25.298Z DEBUG phase=pbp game_id=1022600071 source=json_cache rows=402 msg="pbp cache hit"
2026-07-14T11:47:25.320Z DEBUG phase=pbp game_id=1022600069 source=json_cache rows=400 msg="pbp cache hit"
2026-07-14T11:47:25.345Z DEBUG phase=pbp game_id=1022600067 source=json_cache rows=444 msg="pbp cache hit"
2026-07-14T11:47:25.366Z DEBUG phase=pbp game_id=1022600066 source=json_cache rows=383 msg="pbp cache hit"
2026-07-14T11:47:25.387Z DEBUG phase=pbp game_id=1022600068 source=json_cache rows=382 msg="pbp cache hit"
2026-07-14T11:47:25.407Z DEBUG phase=pbp game_id=1022600065 source=json_cache rows=356 msg="pbp cache hit"
2026-07-14T11:47:25.430Z DEBUG phase=pbp game_id=1022600064 source=json_cache rows=421 msg="pbp cache hit"
2026-07-14T11:48:43.393Z DEBUG phase=pbp game_id=1022600063 source=json_cache rows=416 msg="pbp cache hit"
2026-07-14T11:53:03.562Z DEBUG phase=pbp game_id=1022600062 source=json_cache rows=432 msg="pbp cache hit"
2026-07-14T11:57:23.759Z DEBUG phase=pbp game_id=1022600060 source=json_cache rows=391 msg="pbp cache hit"
2026-07-14T11:57:23.796Z DEBUG phase=pbp game_id=1022600061 source=json_cache rows=449 msg="pbp cache hit"
2026-07-14T11:57:23.825Z DEBUG phase=pbp game_id=1022600057 source=json_cache rows=416 msg="pbp cache hit"
2026-07-14T11:57:23.853Z DEBUG phase=pbp game_id=1022600056 source=json_cache rows=386 msg="pbp cache hit"
2026-07-14T11:57:23.881Z DEBUG phase=pbp game_id=1022600058 source=json_cache rows=414 msg="pbp cache hit"
2026-07-14T11:57:23.909Z DEBUG phase=pbp game_id=1022600059 source=json_cache rows=389 msg="pbp cache hit"
2026-07-14T11:57:23.939Z DEBUG phase=pbp game_id=1022600055 source=json_cache rows=439 msg="pbp cache hit"
2026-07-14T11:57:23.964Z DEBUG phase=pbp game_id=1022600054 source=json_cache rows=375 msg="pbp cache hit"
2026-07-14T11:57:23.990Z DEBUG phase=pbp game_id=1022600049 source=json_cache rows=396 msg="pbp cache hit"
2026-07-14T11:57:24.041Z DEBUG phase=pbp game_id=1022600052 source=json_cache rows=418 msg="pbp cache hit"
2026-07-14T11:57:24.071Z DEBUG phase=pbp game_id=1022600050 source=json_cache rows=425 msg="pbp cache hit"
2026-07-14T11:57:24.099Z DEBUG phase=pbp game_id=1022600053 source=json_cache rows=406 msg="pbp cache hit"
2026-07-14T11:57:24.123Z DEBUG phase=pbp game_id=1022600051 source=json_cache rows=357 msg="pbp cache hit"
2026-07-14T11:57:24.152Z DEBUG phase=pbp game_id=1022600048 source=json_cache rows=435 msg="pbp cache hit"
2026-07-14T11:57:24.180Z DEBUG phase=pbp game_id=1022600047 source=json_cache rows=414 msg="pbp cache hit"
2026-07-14T11:57:24.206Z DEBUG phase=pbp game_id=1022600045 source=json_cache rows=380 msg="pbp cache hit"
2026-07-14T11:57:24.233Z DEBUG phase=pbp game_id=1022600046 source=json_cache rows=428 msg="pbp cache hit"
2026-07-14T11:57:24.259Z DEBUG phase=pbp game_id=1022600044 source=json_cache rows=408 msg="pbp cache hit"
2026-07-14T11:57:24.287Z DEBUG phase=pbp game_id=1022600041 source=json_cache rows=450 msg="pbp cache hit"
2026-07-14T11:57:24.314Z DEBUG phase=pbp game_id=1022600043 source=json_cache rows=405 msg="pbp cache hit"
2026-07-14T11:57:24.347Z DEBUG phase=pbp game_id=1022600042 source=json_cache rows=414 msg="pbp cache hit"
2026-07-14T11:57:24.373Z DEBUG phase=pbp game_id=1022600038 source=json_cache rows=379 msg="pbp cache hit"
2026-07-14T11:57:24.396Z DEBUG phase=pbp game_id=1022600040 source=json_cache rows=371 msg="pbp cache hit"
2026-07-14T11:57:24.426Z DEBUG phase=pbp game_id=1022600039 source=json_cache rows=462 msg="pbp cache hit"
2026-07-14T11:57:24.452Z DEBUG phase=pbp game_id=1022600035 source=json_cache rows=399 msg="pbp cache hit"
2026-07-14T11:57:24.477Z DEBUG phase=pbp game_id=1022600036 source=json_cache rows=395 msg="pbp cache hit"
2026-07-14T11:57:24.506Z DEBUG phase=pbp game_id=1022600037 source=json_cache rows=424 msg="pbp cache hit"
2026-07-14T11:57:24.532Z DEBUG phase=pbp game_id=1022600034 source=json_cache rows=409 msg="pbp cache hit"
2026-07-14T11:57:24.560Z DEBUG phase=pbp game_id=1022600032 source=json_cache rows=410 msg="pbp cache hit"
2026-07-14T11:57:24.586Z DEBUG phase=pbp game_id=1022600033 source=json_cache rows=390 msg="pbp cache hit"
2026-07-14T11:57:24.613Z DEBUG phase=pbp game_id=1022600031 source=json_cache rows=403 msg="pbp cache hit"
2026-07-14T11:57:24.647Z DEBUG phase=pbp game_id=1022600030 source=json_cache rows=426 msg="pbp cache hit"
2026-07-14T11:57:24.671Z DEBUG phase=pbp game_id=1022600029 source=json_cache rows=363 msg="pbp cache hit"
2026-07-14T11:57:24.699Z DEBUG phase=pbp game_id=1022600027 source=json_cache rows=424 msg="pbp cache hit"
2026-07-14T11:57:24.728Z DEBUG phase=pbp game_id=1022600026 source=json_cache rows=456 msg="pbp cache hit"
2026-07-14T11:57:24.754Z DEBUG phase=pbp game_id=1022600028 source=json_cache rows=423 msg="pbp cache hit"
2026-07-14T11:57:24.781Z DEBUG phase=pbp game_id=1022600025 source=json_cache rows=409 msg="pbp cache hit"
2026-07-14T11:57:24.808Z DEBUG phase=pbp game_id=1022600021 source=json_cache rows=409 msg="pbp cache hit"
2026-07-14T11:57:24.837Z DEBUG phase=pbp game_id=1022600024 source=json_cache rows=448 msg="pbp cache hit"
2026-07-14T11:57:24.876Z DEBUG phase=pbp game_id=1022600022 source=json_cache rows=501 msg="pbp cache hit"
2026-07-14T11:57:24.900Z DEBUG phase=pbp game_id=1022600023 source=json_cache rows=379 msg="pbp cache hit"
2026-07-14T11:57:24.924Z DEBUG phase=pbp game_id=1022600019 source=json_cache rows=373 msg="pbp cache hit"
2026-07-14T11:57:24.951Z DEBUG phase=pbp game_id=1022600020 source=json_cache rows=413 msg="pbp cache hit"
2026-07-14T11:57:24.976Z DEBUG phase=pbp game_id=1022600017 source=json_cache rows=408 msg="pbp cache hit"
2026-07-14T11:57:25.003Z DEBUG phase=pbp game_id=1022600016 source=json_cache rows=411 msg="pbp cache hit"
2026-07-14T11:57:25.028Z DEBUG phase=pbp game_id=1022600018 source=json_cache rows=394 msg="pbp cache hit"
2026-07-14T11:57:25.047Z DEBUG phase=pbp game_id=1022600015 source=json_cache rows=377 msg="pbp cache hit"
2026-07-14T11:57:25.077Z DEBUG phase=pbp game_id=1022600014 source=json_cache rows=377 msg="pbp cache hit"
2026-07-14T11:57:25.106Z DEBUG phase=pbp game_id=1022600013 source=json_cache rows=430 msg="pbp cache hit"
2026-07-14T11:57:25.140Z DEBUG phase=pbp game_id=1022600012 source=json_cache rows=388 msg="pbp cache hit"
2026-07-14T11:57:25.171Z DEBUG phase=pbp game_id=1022600008 source=json_cache rows=487 msg="pbp cache hit"
2026-07-14T11:57:25.195Z DEBUG phase=pbp game_id=1022600011 source=json_cache rows=354 msg="pbp cache hit"
2026-07-14T11:57:25.221Z DEBUG phase=pbp game_id=1022600009 source=json_cache rows=401 msg="pbp cache hit"
2026-07-14T11:57:25.250Z DEBUG phase=pbp game_id=1022600007 source=json_cache rows=435 msg="pbp cache hit"
2026-07-14T11:57:25.285Z DEBUG phase=pbp game_id=1022600004 source=json_cache rows=437 msg="pbp cache hit"
2026-07-14T11:57:25.313Z DEBUG phase=pbp game_id=1022600006 source=json_cache rows=417 msg="pbp cache hit"
2026-07-14T11:57:25.338Z DEBUG phase=pbp game_id=1022600005 source=json_cache rows=375 msg="pbp cache hit"
2026-07-14T11:57:25.368Z DEBUG phase=pbp game_id=1022600010 source=json_cache rows=459 msg="pbp cache hit"
2026-07-14T11:57:25.396Z DEBUG phase=pbp game_id=1022600003 source=json_cache rows=423 msg="pbp cache hit"
2026-07-14T11:57:25.426Z DEBUG phase=pbp game_id=1022600001 source=json_cache rows=448 msg="pbp cache hit"
2026-07-14T11:57:25.562Z DEBUG phase=pbp game_id=1022600002 source=json_cache rows=465 msg="pbp cache hit"
2026-07-14T12:02:15.780Z WARN  phase=pbp game_id=1022600175 attempts=2 msg="pbp empty after retries"
2026-07-14T12:06:35.952Z WARN  phase=pbp game_id=1022600176 attempts=2 msg="pbp empty after retries"
2026-07-14T12:10:56.112Z WARN  phase=pbp game_id=1022600172 attempts=2 msg="pbp empty after retries"
2026-07-14T12:15:16.275Z WARN  phase=pbp game_id=1022600173 attempts=2 msg="pbp empty after retries"
2026-07-14T12:19:36.447Z WARN  phase=pbp game_id=1022600171 attempts=2 msg="pbp empty after retries"
2026-07-14T12:23:56.618Z WARN  phase=pbp game_id=1022600174 attempts=2 msg="pbp empty after retries"
2026-07-14T12:28:16.787Z WARN  phase=pbp game_id=1022600168 attempts=2 msg="pbp empty after retries"
2026-07-14T12:32:36.957Z WARN  phase=pbp game_id=1022600169 attempts=2 msg="pbp empty after retries"
2026-07-14T12:36:57.123Z WARN  phase=pbp game_id=1022600170 attempts=2 msg="pbp empty after retries"
2026-07-14T12:41:17.314Z WARN  phase=pbp game_id=1022600166 attempts=2 msg="pbp empty after retries"
2026-07-14T12:45:37.480Z WARN  phase=pbp game_id=1022600167 attempts=2 msg="pbp empty after retries"
2026-07-14T12:49:57.652Z WARN  phase=pbp game_id=1022600165 attempts=2 msg="pbp empty after retries"
2026-07-14T12:54:17.823Z WARN  phase=pbp game_id=1022600164 attempts=2 msg="pbp empty after retries"
2026-07-14T12:58:37.993Z WARN  phase=pbp game_id=1022600163 attempts=2 msg="pbp empty after retries"
2026-07-14T13:02:58.161Z WARN  phase=pbp game_id=1022600162 attempts=2 msg="pbp empty after retries"
2026-07-14T13:07:18.345Z WARN  phase=pbp game_id=1022600161 attempts=2 msg="pbp empty after retries"
2026-07-14T13:11:38.518Z WARN  phase=pbp game_id=1022600159 attempts=2 msg="pbp empty after retries"
2026-07-14T13:15:58.695Z WARN  phase=pbp game_id=1022600160 attempts=2 msg="pbp empty after retries"
2026-07-14T13:20:18.864Z WARN  phase=pbp game_id=1022600158 attempts=2 msg="pbp empty after retries"
2026-07-14T13:24:39.016Z WARN  phase=pbp game_id=1022600157 attempts=2 msg="pbp empty after retries"
2026-07-14T13:28:59.184Z WARN  phase=pbp game_id=1022600156 attempts=2 msg="pbp empty after retries"
2026-07-14T13:33:19.354Z WARN  phase=pbp game_id=1022600155 attempts=2 msg="pbp empty after retries"
2026-07-14T13:37:39.521Z WARN  phase=pbp game_id=1022600154 attempts=2 msg="pbp empty after retries"
2026-07-14T13:41:59.692Z WARN  phase=pbp game_id=1022600152 attempts=2 msg="pbp empty after retries"
2026-07-14T13:46:19.859Z WARN  phase=pbp game_id=1022600153 attempts=2 msg="pbp empty after retries"
2026-07-14T13:50:40.029Z WARN  phase=pbp game_id=1022600150 attempts=2 msg="pbp empty after retries"
2026-07-14T13:55:00.197Z WARN  phase=pbp game_id=1022600151 attempts=2 msg="pbp empty after retries"
2026-07-14T13:59:20.367Z WARN  phase=pbp game_id=1022600148 attempts=2 msg="pbp empty after retries"
2026-07-14T14:03:40.539Z WARN  phase=pbp game_id=1022600149 attempts=2 msg="pbp empty after retries"
2026-07-14T14:08:00.711Z WARN  phase=pbp game_id=1022600145 attempts=2 msg="pbp empty after retries"
2026-07-14T14:12:20.880Z WARN  phase=pbp game_id=1022600146 attempts=2 msg="pbp empty after retries"
2026-07-14T14:16:41.049Z WARN  phase=pbp game_id=1022600147 attempts=2 msg="pbp empty after retries"
2026-07-14T14:16:41.059Z INFO  phase=pbp season=2026 retried=32 recovered=0 still_failed=32 msg="pbp cool-off pass complete"
2026-07-14T14:16:52.327Z INFO  phase=pbp season=2026 rows=59207 games_total=176 games_ok=144 games_failed=32 msg="pbp ok"
2026-07-14T14:16:52.329Z INFO  phase=season 2026: pbp elapsed_s=17294.29 msg="phase end: season 2026: pbp"
2026-07-14T14:16:52.333Z INFO  phase=master schedule msg="phase start: master schedule"
2026-07-14T14:16:54.408Z INFO  phase=master_schedule rows=352 games=176 seasons_covered=1 msg="master schedule ok"
2026-07-14T14:16:54.409Z INFO  phase=master schedule elapsed_s=2.07 msg="phase end: master schedule"
2026-07-14T14:16:54.413Z INFO  phase=manifest upload msg="phase start: manifest upload"
2026-07-14T14:16:57.970Z INFO  phase=manifest upload elapsed_s=3.55 msg="phase end: manifest upload"
2026-07-14T14:16:58.000Z INFO  start_year=2026 end_year=2026 msg="pipeline complete"
