2026-06-08T12:16:54.351Z INFO  start_year=2026 end_year=2026 rescrape=FALSE run_id=20260608T121654Z log_path=logs/wnba_stats_01_pbp_2026_2026_20260608T121654Z.log msg="WNBA Stats pbp: seasons 2026-2026 | rescrape=FALSE"
2026-06-08T12:16:54.771Z INFO  n_proxies=50 msg="proxy pool loaded: 50 proxies"
2026-06-08T12:16:54.884Z INFO  phase=season 2026: schedule msg="phase start: season 2026: schedule"
2026-06-08T12:16:59.365Z INFO  phase=schedule season=2026 rows=164 games=82 msg="schedule ok"
2026-06-08T12:16:59.367Z INFO  phase=season 2026: schedule elapsed_s=4.48 msg="phase end: season 2026: schedule"
2026-06-08T12:16:59.471Z INFO  phase=season 2026: player_game_logs msg="phase start: season 2026: player_game_logs"
2026-06-08T12:17:05.187Z INFO  phase=player_game_logs season=2026 rows=1634 players=199 msg="player_game_logs ok"
2026-06-08T12:17:05.188Z INFO  phase=season 2026: player_game_logs elapsed_s=5.72 msg="phase end: season 2026: player_game_logs"
2026-06-08T12:17:05.192Z INFO  phase=season 2026: pbp msg="phase start: season 2026: pbp"
2026-06-08T12:21:25.418Z WARN  phase=pbp game_id=1022600081 attempts=2 msg="pbp empty after retries"
2026-06-08T12:25:45.587Z WARN  phase=pbp game_id=1022600082 attempts=2 msg="pbp empty after retries"
2026-06-08T12:25:45.627Z DEBUG phase=pbp game_id=1022600077 source=json_cache rows=391 msg="pbp cache hit"
2026-06-08T12:25:45.649Z DEBUG phase=pbp game_id=1022600078 source=json_cache rows=387 msg="pbp cache hit"
2026-06-08T12:25:45.676Z DEBUG phase=pbp game_id=1022600079 source=json_cache rows=454 msg="pbp cache hit"
2026-06-08T12:25:45.701Z DEBUG phase=pbp game_id=1022600080 source=json_cache rows=440 msg="pbp cache hit"
2026-06-08T12:25:45.725Z DEBUG phase=pbp game_id=1022600076 source=json_cache rows=399 msg="pbp cache hit"
2026-06-08T12:25:45.750Z DEBUG phase=pbp game_id=1022600074 source=json_cache rows=417 msg="pbp cache hit"
2026-06-08T12:25:45.773Z DEBUG phase=pbp game_id=1022600075 source=json_cache rows=382 msg="pbp cache hit"
2026-06-08T12:25:45.802Z DEBUG phase=pbp game_id=1022600072 source=json_cache rows=406 msg="pbp cache hit"
2026-06-08T12:25:45.825Z DEBUG phase=pbp game_id=1022600073 source=json_cache rows=391 msg="pbp cache hit"
2026-06-08T12:25:45.847Z DEBUG phase=pbp game_id=1022600070 source=json_cache rows=375 msg="pbp cache hit"
2026-06-08T12:25:45.871Z DEBUG phase=pbp game_id=1022600071 source=json_cache rows=402 msg="pbp cache hit"
2026-06-08T12:25:45.893Z DEBUG phase=pbp game_id=1022600068 source=json_cache rows=382 msg="pbp cache hit"
2026-06-08T12:25:45.916Z DEBUG phase=pbp game_id=1022600069 source=json_cache rows=400 msg="pbp cache hit"
2026-06-08T12:25:45.941Z DEBUG phase=pbp game_id=1022600067 source=json_cache rows=444 msg="pbp cache hit"
2026-06-08T12:25:45.962Z DEBUG phase=pbp game_id=1022600066 source=json_cache rows=383 msg="pbp cache hit"
2026-06-08T12:25:45.983Z DEBUG phase=pbp game_id=1022600065 source=json_cache rows=356 msg="pbp cache hit"
2026-06-08T12:25:46.007Z DEBUG phase=pbp game_id=1022600064 source=json_cache rows=421 msg="pbp cache hit"
2026-06-08T12:25:46.031Z DEBUG phase=pbp game_id=1022600063 source=json_cache rows=416 msg="pbp cache hit"
2026-06-08T12:25:46.057Z DEBUG phase=pbp game_id=1022600062 source=json_cache rows=432 msg="pbp cache hit"
2026-06-08T12:25:46.081Z DEBUG phase=pbp game_id=1022600060 source=json_cache rows=391 msg="pbp cache hit"
2026-06-08T12:25:46.109Z DEBUG phase=pbp game_id=1022600061 source=json_cache rows=449 msg="pbp cache hit"
2026-06-08T12:25:46.133Z DEBUG phase=pbp game_id=1022600056 source=json_cache rows=386 msg="pbp cache hit"
2026-06-08T12:25:46.159Z DEBUG phase=pbp game_id=1022600057 source=json_cache rows=416 msg="pbp cache hit"
2026-06-08T12:25:46.183Z DEBUG phase=pbp game_id=1022600059 source=json_cache rows=389 msg="pbp cache hit"
2026-06-08T12:25:46.208Z DEBUG phase=pbp game_id=1022600058 source=json_cache rows=414 msg="pbp cache hit"
2026-06-08T12:25:46.231Z DEBUG phase=pbp game_id=1022600054 source=json_cache rows=375 msg="pbp cache hit"
2026-06-08T12:25:46.257Z DEBUG phase=pbp game_id=1022600055 source=json_cache rows=439 msg="pbp cache hit"
2026-06-08T12:25:46.287Z DEBUG phase=pbp game_id=1022600049 source=json_cache rows=396 msg="pbp cache hit"
2026-06-08T12:25:46.311Z DEBUG phase=pbp game_id=1022600052 source=json_cache rows=418 msg="pbp cache hit"
2026-06-08T12:25:46.335Z DEBUG phase=pbp game_id=1022600050 source=json_cache rows=425 msg="pbp cache hit"
2026-06-08T12:25:46.359Z DEBUG phase=pbp game_id=1022600053 source=json_cache rows=406 msg="pbp cache hit"
2026-06-08T12:25:46.380Z DEBUG phase=pbp game_id=1022600051 source=json_cache rows=357 msg="pbp cache hit"
2026-06-08T12:25:46.404Z DEBUG phase=pbp game_id=1022600047 source=json_cache rows=414 msg="pbp cache hit"
2026-06-08T12:25:46.429Z DEBUG phase=pbp game_id=1022600048 source=json_cache rows=435 msg="pbp cache hit"
2026-06-08T12:25:46.451Z DEBUG phase=pbp game_id=1022600045 source=json_cache rows=380 msg="pbp cache hit"
2026-06-08T12:25:46.475Z DEBUG phase=pbp game_id=1022600046 source=json_cache rows=428 msg="pbp cache hit"
2026-06-08T12:25:46.499Z DEBUG phase=pbp game_id=1022600044 source=json_cache rows=408 msg="pbp cache hit"
2026-06-08T12:25:46.524Z DEBUG phase=pbp game_id=1022600042 source=json_cache rows=414 msg="pbp cache hit"
2026-06-08T12:25:46.551Z DEBUG phase=pbp game_id=1022600041 source=json_cache rows=450 msg="pbp cache hit"
2026-06-08T12:25:46.575Z DEBUG phase=pbp game_id=1022600043 source=json_cache rows=405 msg="pbp cache hit"
2026-06-08T12:25:46.598Z DEBUG phase=pbp game_id=1022600038 source=json_cache rows=379 msg="pbp cache hit"
2026-06-08T12:25:46.624Z DEBUG phase=pbp game_id=1022600039 source=json_cache rows=462 msg="pbp cache hit"
2026-06-08T12:25:46.647Z DEBUG phase=pbp game_id=1022600040 source=json_cache rows=371 msg="pbp cache hit"
2026-06-08T12:25:46.670Z DEBUG phase=pbp game_id=1022600036 source=json_cache rows=395 msg="pbp cache hit"
2026-06-08T12:25:46.695Z DEBUG phase=pbp game_id=1022600037 source=json_cache rows=424 msg="pbp cache hit"
2026-06-08T12:25:46.726Z DEBUG phase=pbp game_id=1022600035 source=json_cache rows=399 msg="pbp cache hit"
2026-06-08T12:25:46.751Z DEBUG phase=pbp game_id=1022600034 source=json_cache rows=409 msg="pbp cache hit"
2026-06-08T12:25:46.776Z DEBUG phase=pbp game_id=1022600032 source=json_cache rows=410 msg="pbp cache hit"
2026-06-08T12:25:46.801Z DEBUG phase=pbp game_id=1022600033 source=json_cache rows=390 msg="pbp cache hit"
2026-06-08T12:25:46.825Z DEBUG phase=pbp game_id=1022600031 source=json_cache rows=403 msg="pbp cache hit"
2026-06-08T12:25:46.851Z DEBUG phase=pbp game_id=1022600030 source=json_cache rows=426 msg="pbp cache hit"
2026-06-08T12:25:46.874Z DEBUG phase=pbp game_id=1022600029 source=json_cache rows=363 msg="pbp cache hit"
2026-06-08T12:25:46.898Z DEBUG phase=pbp game_id=1022600027 source=json_cache rows=424 msg="pbp cache hit"
2026-06-08T12:25:46.926Z DEBUG phase=pbp game_id=1022600026 source=json_cache rows=456 msg="pbp cache hit"
2026-06-08T12:25:46.950Z DEBUG phase=pbp game_id=1022600025 source=json_cache rows=409 msg="pbp cache hit"
2026-06-08T12:25:46.977Z DEBUG phase=pbp game_id=1022600028 source=json_cache rows=423 msg="pbp cache hit"
2026-06-08T12:25:47.007Z DEBUG phase=pbp game_id=1022600022 source=json_cache rows=501 msg="pbp cache hit"
2026-06-08T12:25:47.030Z DEBUG phase=pbp game_id=1022600023 source=json_cache rows=379 msg="pbp cache hit"
2026-06-08T12:25:47.055Z DEBUG phase=pbp game_id=1022600021 source=json_cache rows=409 msg="pbp cache hit"
2026-06-08T12:25:47.082Z DEBUG phase=pbp game_id=1022600024 source=json_cache rows=448 msg="pbp cache hit"
2026-06-08T12:25:47.103Z DEBUG phase=pbp game_id=1022600019 source=json_cache rows=373 msg="pbp cache hit"
2026-06-08T12:25:47.133Z DEBUG phase=pbp game_id=1022600020 source=json_cache rows=413 msg="pbp cache hit"
2026-06-08T12:25:47.156Z DEBUG phase=pbp game_id=1022600017 source=json_cache rows=408 msg="pbp cache hit"
2026-06-08T12:25:47.181Z DEBUG phase=pbp game_id=1022600016 source=json_cache rows=411 msg="pbp cache hit"
2026-06-08T12:25:47.199Z DEBUG phase=pbp game_id=1022600015 source=json_cache rows=377 msg="pbp cache hit"
2026-06-08T12:25:47.222Z DEBUG phase=pbp game_id=1022600018 source=json_cache rows=394 msg="pbp cache hit"
2026-06-08T12:25:47.248Z DEBUG phase=pbp game_id=1022600013 source=json_cache rows=430 msg="pbp cache hit"
2026-06-08T12:25:47.271Z DEBUG phase=pbp game_id=1022600012 source=json_cache rows=388 msg="pbp cache hit"
2026-06-08T12:25:47.294Z DEBUG phase=pbp game_id=1022600014 source=json_cache rows=377 msg="pbp cache hit"
2026-06-08T12:25:47.322Z DEBUG phase=pbp game_id=1022600008 source=json_cache rows=487 msg="pbp cache hit"
2026-06-08T12:25:47.343Z DEBUG phase=pbp game_id=1022600011 source=json_cache rows=354 msg="pbp cache hit"
2026-06-08T12:25:47.367Z DEBUG phase=pbp game_id=1022600009 source=json_cache rows=401 msg="pbp cache hit"
2026-06-08T12:25:47.392Z DEBUG phase=pbp game_id=1022600007 source=json_cache rows=435 msg="pbp cache hit"
2026-06-08T12:25:47.417Z DEBUG phase=pbp game_id=1022600004 source=json_cache rows=437 msg="pbp cache hit"
2026-06-08T12:25:47.439Z DEBUG phase=pbp game_id=1022600005 source=json_cache rows=375 msg="pbp cache hit"
2026-06-08T12:25:47.466Z DEBUG phase=pbp game_id=1022600010 source=json_cache rows=459 msg="pbp cache hit"
2026-06-08T12:25:47.495Z DEBUG phase=pbp game_id=1022600006 source=json_cache rows=417 msg="pbp cache hit"
2026-06-08T12:25:47.521Z DEBUG phase=pbp game_id=1022600001 source=json_cache rows=448 msg="pbp cache hit"
2026-06-08T12:25:47.556Z DEBUG phase=pbp game_id=1022600002 source=json_cache rows=465 msg="pbp cache hit"
2026-06-08T12:25:47.581Z DEBUG phase=pbp game_id=1022600003 source=json_cache rows=423 msg="pbp cache hit"
2026-06-08T12:30:37.804Z WARN  phase=pbp game_id=1022600081 attempts=2 msg="pbp empty after retries"
2026-06-08T12:34:57.965Z WARN  phase=pbp game_id=1022600082 attempts=2 msg="pbp empty after retries"
2026-06-08T12:34:57.975Z INFO  phase=pbp season=2026 retried=2 recovered=0 still_failed=2 msg="pbp cool-off pass complete"
2026-06-08T12:35:05.783Z INFO  phase=pbp season=2026 rows=32827 games_total=82 games_ok=80 games_failed=2 msg="pbp ok"
2026-06-08T12:35:05.785Z INFO  phase=season 2026: pbp elapsed_s=1080.59 msg="phase end: season 2026: pbp"
2026-06-08T12:35:05.789Z INFO  phase=master schedule msg="phase start: master schedule"
2026-06-08T12:35:08.487Z INFO  phase=master_schedule rows=164 games=82 seasons_covered=1 msg="master schedule ok"
2026-06-08T12:35:08.488Z INFO  phase=master schedule elapsed_s=2.7 msg="phase end: master schedule"
2026-06-08T12:35:08.493Z INFO  phase=manifest upload msg="phase start: manifest upload"
2026-06-08T12:35:13.416Z INFO  phase=manifest upload elapsed_s=4.92 msg="phase end: manifest upload"
2026-06-08T12:35:13.448Z INFO  start_year=2026 end_year=2026 msg="pipeline complete"
