2026-06-24T10:45:41.716Z INFO  start_year=2026 end_year=2026 rescrape=FALSE run_id=20260624T104541Z log_path=logs/wnba_stats_01_pbp_2026_2026_20260624T104541Z.log msg="WNBA Stats pbp: seasons 2026-2026 | rescrape=FALSE"
2026-06-24T10:45:42.036Z INFO  n_proxies=50 msg="proxy pool loaded: 50 proxies"
2026-06-24T10:45:42.146Z INFO  phase=season 2026: schedule msg="phase start: season 2026: schedule"
2026-06-24T10:45:46.311Z INFO  phase=schedule season=2026 rows=254 games=127 msg="schedule ok"
2026-06-24T10:45:46.313Z INFO  phase=season 2026: schedule elapsed_s=4.17 msg="phase end: season 2026: schedule"
2026-06-24T10:45:46.408Z INFO  phase=season 2026: player_game_logs msg="phase start: season 2026: player_game_logs"
2026-06-24T10:45:50.603Z INFO  phase=player_game_logs season=2026 rows=2525 players=205 msg="player_game_logs ok"
2026-06-24T10:45:50.605Z INFO  phase=season 2026: player_game_logs elapsed_s=4.2 msg="phase end: season 2026: player_game_logs"
2026-06-24T10:45:50.609Z INFO  phase=season 2026: pbp msg="phase start: season 2026: pbp"
2026-06-24T10:50:10.825Z WARN  phase=pbp game_id=1022600127 attempts=2 msg="pbp empty after retries"
2026-06-24T10:54:30.996Z WARN  phase=pbp game_id=1022600126 attempts=2 msg="pbp empty after retries"
2026-06-24T10:58:51.171Z WARN  phase=pbp game_id=1022600125 attempts=2 msg="pbp empty after retries"
2026-06-24T11:03:11.337Z WARN  phase=pbp game_id=1022600124 attempts=2 msg="pbp empty after retries"
2026-06-24T11:07:31.503Z WARN  phase=pbp game_id=1022600123 attempts=2 msg="pbp empty after retries"
2026-06-24T11:11:51.670Z WARN  phase=pbp game_id=1022600121 attempts=2 msg="pbp empty after retries"
2026-06-24T11:16:11.838Z WARN  phase=pbp game_id=1022600122 attempts=2 msg="pbp empty after retries"
2026-06-24T11:20:32.007Z WARN  phase=pbp game_id=1022600120 attempts=2 msg="pbp empty after retries"
2026-06-24T11:24:52.168Z WARN  phase=pbp game_id=1022600119 attempts=2 msg="pbp empty after retries"
2026-06-24T11:29:12.336Z WARN  phase=pbp game_id=1022600118 attempts=2 msg="pbp empty after retries"
2026-06-24T11:33:32.502Z WARN  phase=pbp game_id=1022600117 attempts=2 msg="pbp empty after retries"
2026-06-24T11:37:52.669Z WARN  phase=pbp game_id=1022600116 attempts=2 msg="pbp empty after retries"
2026-06-24T11:42:12.840Z WARN  phase=pbp game_id=1022600114 attempts=2 msg="pbp empty after retries"
2026-06-24T11:46:33.002Z WARN  phase=pbp game_id=1022600115 attempts=2 msg="pbp empty after retries"
2026-06-24T11:50:53.173Z WARN  phase=pbp game_id=1022600113 attempts=2 msg="pbp empty after retries"
2026-06-24T11:55:13.341Z WARN  phase=pbp game_id=1022600112 attempts=2 msg="pbp empty after retries"
2026-06-24T11:59:33.502Z WARN  phase=pbp game_id=1022600111 attempts=2 msg="pbp empty after retries"
2026-06-24T12:03:53.670Z WARN  phase=pbp game_id=1022600110 attempts=2 msg="pbp empty after retries"
2026-06-24T12:08:13.845Z WARN  phase=pbp game_id=1022600107 attempts=2 msg="pbp empty after retries"
2026-06-24T12:12:34.020Z WARN  phase=pbp game_id=1022600109 attempts=2 msg="pbp empty after retries"
2026-06-24T12:16:54.186Z WARN  phase=pbp game_id=1022600108 attempts=2 msg="pbp empty after retries"
2026-06-24T12:21:14.353Z WARN  phase=pbp game_id=1022600106 attempts=2 msg="pbp empty after retries"
2026-06-24T12:25:34.518Z WARN  phase=pbp game_id=1022600104 attempts=2 msg="pbp empty after retries"
2026-06-24T12:29:54.686Z WARN  phase=pbp game_id=1022600105 attempts=2 msg="pbp empty after retries"
2026-06-24T12:34:14.858Z WARN  phase=pbp game_id=1022600103 attempts=2 msg="pbp empty after retries"
2026-06-24T12:38:35.024Z WARN  phase=pbp game_id=1022600101 attempts=2 msg="pbp empty after retries"
2026-06-24T12:42:55.198Z WARN  phase=pbp game_id=1022600102 attempts=2 msg="pbp empty after retries"
2026-06-24T12:47:15.363Z WARN  phase=pbp game_id=1022600099 attempts=2 msg="pbp empty after retries"
2026-06-24T12:51:35.537Z WARN  phase=pbp game_id=1022600100 attempts=2 msg="pbp empty after retries"
2026-06-24T12:55:55.706Z WARN  phase=pbp game_id=1022600097 attempts=2 msg="pbp empty after retries"
2026-06-24T13:00:15.877Z WARN  phase=pbp game_id=1022600098 attempts=2 msg="pbp empty after retries"
2026-06-24T13:04:36.043Z WARN  phase=pbp game_id=1022600096 attempts=2 msg="pbp empty after retries"
2026-06-24T13:08:56.213Z WARN  phase=pbp game_id=1022600095 attempts=2 msg="pbp empty after retries"
2026-06-24T13:13:16.378Z WARN  phase=pbp game_id=1022600092 attempts=2 msg="pbp empty after retries"
2026-06-24T13:17:36.545Z WARN  phase=pbp game_id=1022600093 attempts=2 msg="pbp empty after retries"
2026-06-24T13:21:56.714Z WARN  phase=pbp game_id=1022600091 attempts=2 msg="pbp empty after retries"
2026-06-24T13:26:16.882Z WARN  phase=pbp game_id=1022600094 attempts=2 msg="pbp empty after retries"
2026-06-24T13:26:16.910Z DEBUG phase=pbp game_id=1022600090 source=json_cache rows=417 msg="pbp cache hit"
2026-06-24T13:26:16.931Z DEBUG phase=pbp game_id=1022600089 source=json_cache rows=501 msg="pbp cache hit"
2026-06-24T13:26:16.947Z DEBUG phase=pbp game_id=1022600088 source=json_cache rows=382 msg="pbp cache hit"
2026-06-24T13:26:16.964Z DEBUG phase=pbp game_id=1022600086 source=json_cache rows=385 msg="pbp cache hit"
2026-06-24T13:26:16.980Z DEBUG phase=pbp game_id=1022600087 source=json_cache rows=371 msg="pbp cache hit"
2026-06-24T13:26:16.996Z DEBUG phase=pbp game_id=1022600085 source=json_cache rows=391 msg="pbp cache hit"
2026-06-24T13:26:17.014Z DEBUG phase=pbp game_id=1022600084 source=json_cache rows=417 msg="pbp cache hit"
2026-06-24T13:26:17.033Z DEBUG phase=pbp game_id=1022600083 source=json_cache rows=435 msg="pbp cache hit"
2026-06-24T13:26:17.051Z DEBUG phase=pbp game_id=1022600082 source=json_cache rows=438 msg="pbp cache hit"
2026-06-24T13:26:17.071Z DEBUG phase=pbp game_id=1022600081 source=json_cache rows=446 msg="pbp cache hit"
2026-06-24T13:26:17.097Z DEBUG phase=pbp game_id=1022600079 source=json_cache rows=454 msg="pbp cache hit"
2026-06-24T13:26:17.119Z DEBUG phase=pbp game_id=1022600078 source=json_cache rows=387 msg="pbp cache hit"
2026-06-24T13:26:17.144Z DEBUG phase=pbp game_id=1022600080 source=json_cache rows=440 msg="pbp cache hit"
2026-06-24T13:26:17.166Z DEBUG phase=pbp game_id=1022600077 source=json_cache rows=391 msg="pbp cache hit"
2026-06-24T13:26:17.189Z DEBUG phase=pbp game_id=1022600076 source=json_cache rows=399 msg="pbp cache hit"
2026-06-24T13:26:17.211Z DEBUG phase=pbp game_id=1022600075 source=json_cache rows=382 msg="pbp cache hit"
2026-06-24T13:26:17.235Z DEBUG phase=pbp game_id=1022600074 source=json_cache rows=417 msg="pbp cache hit"
2026-06-24T13:26:17.258Z DEBUG phase=pbp game_id=1022600072 source=json_cache rows=406 msg="pbp cache hit"
2026-06-24T13:26:17.289Z DEBUG phase=pbp game_id=1022600073 source=json_cache rows=391 msg="pbp cache hit"
2026-06-24T13:26:17.312Z DEBUG phase=pbp game_id=1022600071 source=json_cache rows=402 msg="pbp cache hit"
2026-06-24T13:26:17.333Z DEBUG phase=pbp game_id=1022600070 source=json_cache rows=375 msg="pbp cache hit"
2026-06-24T13:26:17.363Z DEBUG phase=pbp game_id=1022600069 source=json_cache rows=400 msg="pbp cache hit"
2026-06-24T13:26:17.384Z DEBUG phase=pbp game_id=1022600066 source=json_cache rows=383 msg="pbp cache hit"
2026-06-24T13:26:17.409Z DEBUG phase=pbp game_id=1022600067 source=json_cache rows=444 msg="pbp cache hit"
2026-06-24T13:26:17.429Z DEBUG phase=pbp game_id=1022600068 source=json_cache rows=382 msg="pbp cache hit"
2026-06-24T13:26:17.449Z DEBUG phase=pbp game_id=1022600065 source=json_cache rows=356 msg="pbp cache hit"
2026-06-24T13:26:17.472Z DEBUG phase=pbp game_id=1022600064 source=json_cache rows=421 msg="pbp cache hit"
2026-06-24T13:26:17.495Z DEBUG phase=pbp game_id=1022600063 source=json_cache rows=416 msg="pbp cache hit"
2026-06-24T13:26:17.519Z DEBUG phase=pbp game_id=1022600061 source=json_cache rows=449 msg="pbp cache hit"
2026-06-24T13:26:17.543Z DEBUG phase=pbp game_id=1022600062 source=json_cache rows=432 msg="pbp cache hit"
2026-06-24T13:26:17.564Z DEBUG phase=pbp game_id=1022600060 source=json_cache rows=391 msg="pbp cache hit"
2026-06-24T13:26:17.587Z DEBUG phase=pbp game_id=1022600058 source=json_cache rows=414 msg="pbp cache hit"
2026-06-24T13:26:17.608Z DEBUG phase=pbp game_id=1022600056 source=json_cache rows=386 msg="pbp cache hit"
2026-06-24T13:26:17.631Z DEBUG phase=pbp game_id=1022600057 source=json_cache rows=416 msg="pbp cache hit"
2026-06-24T13:26:17.653Z DEBUG phase=pbp game_id=1022600059 source=json_cache rows=389 msg="pbp cache hit"
2026-06-24T13:26:17.677Z DEBUG phase=pbp game_id=1022600055 source=json_cache rows=439 msg="pbp cache hit"
2026-06-24T13:26:17.697Z DEBUG phase=pbp game_id=1022600054 source=json_cache rows=375 msg="pbp cache hit"
2026-06-24T13:26:17.719Z DEBUG phase=pbp game_id=1022600049 source=json_cache rows=396 msg="pbp cache hit"
2026-06-24T13:26:17.741Z DEBUG phase=pbp game_id=1022600053 source=json_cache rows=406 msg="pbp cache hit"
2026-06-24T13:26:17.761Z DEBUG phase=pbp game_id=1022600051 source=json_cache rows=357 msg="pbp cache hit"
2026-06-24T13:26:17.805Z DEBUG phase=pbp game_id=1022600052 source=json_cache rows=418 msg="pbp cache hit"
2026-06-24T13:26:17.830Z DEBUG phase=pbp game_id=1022600050 source=json_cache rows=425 msg="pbp cache hit"
2026-06-24T13:26:17.854Z DEBUG phase=pbp game_id=1022600048 source=json_cache rows=435 msg="pbp cache hit"
2026-06-24T13:26:17.877Z DEBUG phase=pbp game_id=1022600047 source=json_cache rows=414 msg="pbp cache hit"
2026-06-24T13:26:17.899Z DEBUG phase=pbp game_id=1022600044 source=json_cache rows=408 msg="pbp cache hit"
2026-06-24T13:26:17.922Z DEBUG phase=pbp game_id=1022600046 source=json_cache rows=428 msg="pbp cache hit"
2026-06-24T13:26:17.942Z DEBUG phase=pbp game_id=1022600045 source=json_cache rows=380 msg="pbp cache hit"
2026-06-24T13:26:17.965Z DEBUG phase=pbp game_id=1022600042 source=json_cache rows=414 msg="pbp cache hit"
2026-06-24T13:26:17.989Z DEBUG phase=pbp game_id=1022600041 source=json_cache rows=450 msg="pbp cache hit"
2026-06-24T13:26:18.011Z DEBUG phase=pbp game_id=1022600043 source=json_cache rows=405 msg="pbp cache hit"
2026-06-24T13:26:18.032Z DEBUG phase=pbp game_id=1022600040 source=json_cache rows=371 msg="pbp cache hit"
2026-06-24T13:26:18.056Z DEBUG phase=pbp game_id=1022600039 source=json_cache rows=462 msg="pbp cache hit"
2026-06-24T13:26:18.078Z DEBUG phase=pbp game_id=1022600038 source=json_cache rows=379 msg="pbp cache hit"
2026-06-24T13:26:18.101Z DEBUG phase=pbp game_id=1022600037 source=json_cache rows=424 msg="pbp cache hit"
2026-06-24T13:26:18.124Z DEBUG phase=pbp game_id=1022600035 source=json_cache rows=399 msg="pbp cache hit"
2026-06-24T13:26:18.146Z DEBUG phase=pbp game_id=1022600036 source=json_cache rows=395 msg="pbp cache hit"
2026-06-24T13:26:18.169Z DEBUG phase=pbp game_id=1022600032 source=json_cache rows=410 msg="pbp cache hit"
2026-06-24T13:26:18.197Z DEBUG phase=pbp game_id=1022600034 source=json_cache rows=409 msg="pbp cache hit"
2026-06-24T13:26:18.219Z DEBUG phase=pbp game_id=1022600033 source=json_cache rows=390 msg="pbp cache hit"
2026-06-24T13:26:18.241Z DEBUG phase=pbp game_id=1022600031 source=json_cache rows=403 msg="pbp cache hit"
2026-06-24T13:26:18.261Z DEBUG phase=pbp game_id=1022600029 source=json_cache rows=363 msg="pbp cache hit"
2026-06-24T13:26:18.284Z DEBUG phase=pbp game_id=1022600030 source=json_cache rows=426 msg="pbp cache hit"
2026-06-24T13:26:18.307Z DEBUG phase=pbp game_id=1022600028 source=json_cache rows=423 msg="pbp cache hit"
2026-06-24T13:26:18.330Z DEBUG phase=pbp game_id=1022600027 source=json_cache rows=424 msg="pbp cache hit"
2026-06-24T13:26:18.354Z DEBUG phase=pbp game_id=1022600026 source=json_cache rows=456 msg="pbp cache hit"
2026-06-24T13:26:18.377Z DEBUG phase=pbp game_id=1022600025 source=json_cache rows=409 msg="pbp cache hit"
2026-06-24T13:26:18.401Z DEBUG phase=pbp game_id=1022600024 source=json_cache rows=448 msg="pbp cache hit"
2026-06-24T13:26:18.422Z DEBUG phase=pbp game_id=1022600023 source=json_cache rows=379 msg="pbp cache hit"
2026-06-24T13:26:18.449Z DEBUG phase=pbp game_id=1022600022 source=json_cache rows=501 msg="pbp cache hit"
2026-06-24T13:26:18.471Z DEBUG phase=pbp game_id=1022600021 source=json_cache rows=409 msg="pbp cache hit"
2026-06-24T13:26:18.494Z DEBUG phase=pbp game_id=1022600020 source=json_cache rows=413 msg="pbp cache hit"
2026-06-24T13:26:18.514Z DEBUG phase=pbp game_id=1022600019 source=json_cache rows=373 msg="pbp cache hit"
2026-06-24T13:26:18.543Z DEBUG phase=pbp game_id=1022600016 source=json_cache rows=411 msg="pbp cache hit"
2026-06-24T13:26:18.566Z DEBUG phase=pbp game_id=1022600018 source=json_cache rows=394 msg="pbp cache hit"
2026-06-24T13:26:18.590Z DEBUG phase=pbp game_id=1022600017 source=json_cache rows=408 msg="pbp cache hit"
2026-06-24T13:26:18.606Z DEBUG phase=pbp game_id=1022600015 source=json_cache rows=377 msg="pbp cache hit"
2026-06-24T13:26:18.630Z DEBUG phase=pbp game_id=1022600013 source=json_cache rows=430 msg="pbp cache hit"
2026-06-24T13:26:18.652Z DEBUG phase=pbp game_id=1022600014 source=json_cache rows=377 msg="pbp cache hit"
2026-06-24T13:26:18.674Z DEBUG phase=pbp game_id=1022600012 source=json_cache rows=388 msg="pbp cache hit"
2026-06-24T13:26:18.698Z DEBUG phase=pbp game_id=1022600007 source=json_cache rows=435 msg="pbp cache hit"
2026-06-24T13:26:18.718Z DEBUG phase=pbp game_id=1022600011 source=json_cache rows=354 msg="pbp cache hit"
2026-06-24T13:27:36.712Z DEBUG phase=pbp game_id=1022600008 source=json_cache rows=487 msg="pbp cache hit"
2026-06-24T13:31:56.820Z DEBUG phase=pbp game_id=1022600009 source=json_cache rows=401 msg="pbp cache hit"
2026-06-24T13:36:17.047Z DEBUG phase=pbp game_id=1022600006 source=json_cache rows=417 msg="pbp cache hit"
2026-06-24T13:36:17.077Z DEBUG phase=pbp game_id=1022600005 source=json_cache rows=375 msg="pbp cache hit"
2026-06-24T13:36:17.107Z DEBUG phase=pbp game_id=1022600004 source=json_cache rows=437 msg="pbp cache hit"
2026-06-24T13:36:17.133Z DEBUG phase=pbp game_id=1022600010 source=json_cache rows=459 msg="pbp cache hit"
2026-06-24T13:36:17.157Z DEBUG phase=pbp game_id=1022600001 source=json_cache rows=448 msg="pbp cache hit"
2026-06-24T13:36:17.181Z DEBUG phase=pbp game_id=1022600003 source=json_cache rows=423 msg="pbp cache hit"
2026-06-24T13:36:17.206Z DEBUG phase=pbp game_id=1022600002 source=json_cache rows=465 msg="pbp cache hit"
2026-06-24T13:41:07.425Z WARN  phase=pbp game_id=1022600127 attempts=2 msg="pbp empty after retries"
2026-06-24T13:45:27.593Z WARN  phase=pbp game_id=1022600126 attempts=2 msg="pbp empty after retries"
2026-06-24T13:49:47.764Z WARN  phase=pbp game_id=1022600125 attempts=2 msg="pbp empty after retries"
2026-06-24T13:54:07.933Z WARN  phase=pbp game_id=1022600124 attempts=2 msg="pbp empty after retries"
2026-06-24T13:58:28.105Z WARN  phase=pbp game_id=1022600123 attempts=2 msg="pbp empty after retries"
2026-06-24T14:02:48.273Z WARN  phase=pbp game_id=1022600121 attempts=2 msg="pbp empty after retries"
2026-06-24T14:07:08.444Z WARN  phase=pbp game_id=1022600122 attempts=2 msg="pbp empty after retries"
2026-06-24T14:11:28.610Z WARN  phase=pbp game_id=1022600120 attempts=2 msg="pbp empty after retries"
2026-06-24T14:15:48.779Z WARN  phase=pbp game_id=1022600119 attempts=2 msg="pbp empty after retries"
2026-06-24T14:20:08.951Z WARN  phase=pbp game_id=1022600118 attempts=2 msg="pbp empty after retries"
2026-06-24T14:24:29.123Z WARN  phase=pbp game_id=1022600117 attempts=2 msg="pbp empty after retries"
2026-06-24T14:28:49.294Z WARN  phase=pbp game_id=1022600116 attempts=2 msg="pbp empty after retries"
2026-06-24T14:33:09.461Z WARN  phase=pbp game_id=1022600114 attempts=2 msg="pbp empty after retries"
2026-06-24T14:37:29.634Z WARN  phase=pbp game_id=1022600115 attempts=2 msg="pbp empty after retries"
2026-06-24T14:41:49.804Z WARN  phase=pbp game_id=1022600113 attempts=2 msg="pbp empty after retries"
2026-06-24T14:46:10.072Z WARN  phase=pbp game_id=1022600112 attempts=2 msg="pbp empty after retries"
2026-06-24T14:50:30.244Z WARN  phase=pbp game_id=1022600111 attempts=2 msg="pbp empty after retries"
2026-06-24T14:54:50.410Z WARN  phase=pbp game_id=1022600110 attempts=2 msg="pbp empty after retries"
2026-06-24T14:59:10.572Z WARN  phase=pbp game_id=1022600107 attempts=2 msg="pbp empty after retries"
2026-06-24T15:03:30.742Z WARN  phase=pbp game_id=1022600109 attempts=2 msg="pbp empty after retries"
2026-06-24T15:07:50.910Z WARN  phase=pbp game_id=1022600108 attempts=2 msg="pbp empty after retries"
2026-06-24T15:12:11.078Z WARN  phase=pbp game_id=1022600106 attempts=2 msg="pbp empty after retries"
2026-06-24T15:16:31.241Z WARN  phase=pbp game_id=1022600104 attempts=2 msg="pbp empty after retries"
2026-06-24T15:20:51.406Z WARN  phase=pbp game_id=1022600105 attempts=2 msg="pbp empty after retries"
2026-06-24T15:25:11.570Z WARN  phase=pbp game_id=1022600103 attempts=2 msg="pbp empty after retries"
2026-06-24T15:29:31.741Z WARN  phase=pbp game_id=1022600101 attempts=2 msg="pbp empty after retries"
2026-06-24T15:33:51.899Z WARN  phase=pbp game_id=1022600102 attempts=2 msg="pbp empty after retries"
2026-06-24T15:38:12.058Z WARN  phase=pbp game_id=1022600099 attempts=2 msg="pbp empty after retries"
2026-06-24T15:42:32.224Z WARN  phase=pbp game_id=1022600100 attempts=2 msg="pbp empty after retries"
2026-06-24T15:46:52.387Z WARN  phase=pbp game_id=1022600097 attempts=2 msg="pbp empty after retries"
2026-06-24T15:51:12.549Z WARN  phase=pbp game_id=1022600098 attempts=2 msg="pbp empty after retries"
2026-06-24T15:55:32.711Z WARN  phase=pbp game_id=1022600096 attempts=2 msg="pbp empty after retries"
2026-06-24T15:59:52.876Z WARN  phase=pbp game_id=1022600095 attempts=2 msg="pbp empty after retries"
2026-06-24T16:04:13.043Z WARN  phase=pbp game_id=1022600092 attempts=2 msg="pbp empty after retries"
2026-06-24T16:08:33.210Z WARN  phase=pbp game_id=1022600093 attempts=2 msg="pbp empty after retries"
2026-06-24T16:12:53.372Z WARN  phase=pbp game_id=1022600091 attempts=2 msg="pbp empty after retries"
2026-06-24T16:17:13.547Z WARN  phase=pbp game_id=1022600094 attempts=2 msg="pbp empty after retries"
2026-06-24T16:17:13.557Z INFO  phase=pbp season=2026 retried=37 recovered=0 still_failed=37 msg="pbp cool-off pass complete"
2026-06-24T16:17:21.413Z INFO  phase=pbp season=2026 rows=37045 games_total=127 games_ok=90 games_failed=37 msg="pbp ok"
2026-06-24T16:17:21.415Z INFO  phase=season 2026: pbp elapsed_s=19890.8 msg="phase end: season 2026: pbp"
2026-06-24T16:17:21.419Z INFO  phase=master schedule msg="phase start: master schedule"
2026-06-24T16:17:23.654Z INFO  phase=master_schedule rows=254 games=127 seasons_covered=1 msg="master schedule ok"
2026-06-24T16:17:23.655Z INFO  phase=master schedule elapsed_s=2.23 msg="phase end: master schedule"
2026-06-24T16:17:23.660Z INFO  phase=manifest upload msg="phase start: manifest upload"
2026-06-24T16:17:28.204Z INFO  phase=manifest upload elapsed_s=4.54 msg="phase end: manifest upload"
2026-06-24T16:17:28.235Z INFO  start_year=2026 end_year=2026 msg="pipeline complete"
