2026-05-12T07:48:54.085Z INFO  start_year=2026 end_year=2026 rescrape=FALSE run_id=20260512T074854Z log_path=logs/wnba_stats_01_pbp_2026_2026_20260512T074854Z.log msg="WNBA Stats pbp: seasons 2026-2026 | rescrape=FALSE"
2026-05-12T07:48:54.474Z INFO  n_proxies=50 msg="proxy pool loaded: 50 proxies"
2026-05-12T07:48:54.656Z INFO  phase=season 2026: schedule msg="phase start: season 2026: schedule"
2026-05-12T07:48:58.075Z INFO  phase=schedule season=2026 rows=22 games=11 msg="schedule ok"
2026-05-12T07:48:58.077Z INFO  phase=season 2026: schedule elapsed_s=3.42 msg="phase end: season 2026: schedule"
2026-05-12T07:48:58.095Z INFO  phase=season 2026: player_game_logs msg="phase start: season 2026: player_game_logs"
2026-05-12T07:49:01.209Z INFO  phase=player_game_logs season=2026 rows=222 players=156 msg="player_game_logs ok"
2026-05-12T07:49:01.213Z INFO  phase=season 2026: player_game_logs elapsed_s=3.11 msg="phase end: season 2026: player_game_logs"
2026-05-12T07:49:01.222Z INFO  phase=season 2026: pbp msg="phase start: season 2026: pbp"
2026-05-12T07:49:01.313Z DEBUG phase=pbp game_id=1022600008 source=json_cache rows=487 msg="pbp cache hit"
2026-05-12T07:49:01.336Z DEBUG phase=pbp game_id=1022600011 source=json_cache rows=354 msg="pbp cache hit"
2026-05-12T07:49:01.362Z DEBUG phase=pbp game_id=1022600009 source=json_cache rows=401 msg="pbp cache hit"
2026-05-12T07:49:01.392Z DEBUG phase=pbp game_id=1022600007 source=json_cache rows=435 msg="pbp cache hit"
2026-05-12T07:49:01.419Z DEBUG phase=pbp game_id=1022600006 source=json_cache rows=417 msg="pbp cache hit"
2026-05-12T07:49:01.453Z DEBUG phase=pbp game_id=1022600010 source=json_cache rows=459 msg="pbp cache hit"
2026-05-12T07:49:01.474Z DEBUG phase=pbp game_id=1022600004 source=json_cache rows=437 msg="pbp cache hit"
2026-05-12T07:49:01.497Z DEBUG phase=pbp game_id=1022600005 source=json_cache rows=375 msg="pbp cache hit"
2026-05-12T07:49:01.528Z DEBUG phase=pbp game_id=1022600002 source=json_cache rows=465 msg="pbp cache hit"
2026-05-12T07:49:01.565Z DEBUG phase=pbp game_id=1022600003 source=json_cache rows=423 msg="pbp cache hit"
2026-05-12T07:49:01.594Z DEBUG phase=pbp game_id=1022600001 source=json_cache rows=448 msg="pbp cache hit"
2026-05-12T07:49:04.853Z INFO  phase=pbp season=2026 rows=4701 games_total=11 games_ok=11 games_failed=0 msg="pbp ok"
2026-05-12T07:49:04.856Z INFO  phase=season 2026: pbp elapsed_s=3.63 msg="phase end: season 2026: pbp"
2026-05-12T07:49:04.865Z INFO  phase=master schedule msg="phase start: master schedule"
2026-05-12T07:49:07.585Z INFO  phase=master_schedule rows=642 games=321 seasons_covered=2 msg="master schedule ok"
2026-05-12T07:49:07.588Z INFO  phase=master schedule elapsed_s=2.72 msg="phase end: master schedule"
2026-05-12T07:49:07.598Z INFO  phase=manifest upload msg="phase start: manifest upload"
2026-05-12T07:49:13.758Z INFO  phase=manifest upload elapsed_s=6.16 msg="phase end: manifest upload"
2026-05-12T07:49:13.811Z INFO  start_year=2026 end_year=2026 msg="pipeline complete"
