2026-06-30T10:55:47.988Z INFO  start_year=2026 end_year=2026 rescrape=FALSE run_id=20260630T105547Z log_path=logs/wnba_stats_01_pbp_2026_2026_20260630T105547Z.log msg="WNBA Stats pbp: seasons 2026-2026 | rescrape=FALSE"
2026-06-30T10:55:48.390Z INFO  n_proxies=50 msg="proxy pool loaded: 50 proxies"
2026-06-30T10:55:48.494Z INFO  phase=season 2026: schedule msg="phase start: season 2026: schedule"
2026-06-30T10:55:53.071Z INFO  phase=schedule season=2026 rows=288 games=144 msg="schedule ok"
2026-06-30T10:55:53.073Z INFO  phase=season 2026: schedule elapsed_s=4.58 msg="phase end: season 2026: schedule"
2026-06-30T10:55:53.101Z INFO  phase=season 2026: player_game_logs msg="phase start: season 2026: player_game_logs"
2026-06-30T10:55:57.702Z INFO  phase=player_game_logs season=2026 rows=2861 players=208 msg="player_game_logs ok"
2026-06-30T10:55:57.704Z INFO  phase=season 2026: player_game_logs elapsed_s=4.6 msg="phase end: season 2026: player_game_logs"
2026-06-30T10:55:57.708Z INFO  phase=season 2026: pbp msg="phase start: season 2026: pbp"
2026-06-30T10:56:04.952Z DEBUG phase=pbp game_id=1022600141 rows=375 elapsed_s=7.15 attempt=1 source=api msg="pbp ok"
2026-06-30T10:56:12.354Z DEBUG phase=pbp game_id=1022600142 rows=629 elapsed_s=7.37 attempt=1 source=api msg="pbp ok"
2026-06-30T10:56:19.241Z DEBUG phase=pbp game_id=1022600144 rows=383 elapsed_s=6.86 attempt=1 source=api msg="pbp ok"
2026-06-30T10:56:26.558Z DEBUG phase=pbp game_id=1022600143 rows=435 elapsed_s=7.29 attempt=1 source=api msg="pbp ok"
2026-06-30T10:56:27.510Z DEBUG phase=pbp game_id=1022600139 rows=433 elapsed_s=0.93 attempt=1 source=api msg="pbp ok"
2026-06-30T10:56:28.657Z DEBUG phase=pbp game_id=1022600138 rows=398 elapsed_s=1.14 attempt=1 source=api msg="pbp ok"
2026-06-30T10:56:29.624Z DEBUG phase=pbp game_id=1022600140 rows=398 elapsed_s=0.95 attempt=1 source=api msg="pbp ok"
2026-06-30T10:56:42.616Z DEBUG phase=pbp game_id=1022600137 rows=420 elapsed_s=12.97 attempt=1 source=api msg="pbp ok"
2026-06-30T10:56:50.498Z DEBUG phase=pbp game_id=1022600136 rows=423 elapsed_s=7.86 attempt=1 source=api msg="pbp ok"
2026-06-30T10:56:57.677Z DEBUG phase=pbp game_id=1022600135 rows=374 elapsed_s=7.16 attempt=1 source=api msg="pbp ok"
2026-06-30T10:57:12.696Z DEBUG phase=pbp game_id=1022600134 rows=397 elapsed_s=15 attempt=1 source=api msg="pbp ok"
2026-06-30T10:57:36.893Z DEBUG phase=pbp game_id=1022600133 rows=398 elapsed_s=24.18 attempt=1 source=api msg="pbp ok"
2026-06-30T10:58:09.988Z DEBUG phase=pbp game_id=1022600132 rows=437 elapsed_s=33.07 attempt=1 source=api msg="pbp ok"
2026-06-30T10:58:20.481Z DEBUG phase=pbp game_id=1022600130 rows=427 elapsed_s=10.47 attempt=1 source=api msg="pbp ok"
2026-06-30T10:58:30.674Z DEBUG phase=pbp game_id=1022600131 rows=391 elapsed_s=10.17 attempt=1 source=api msg="pbp ok"
2026-06-30T10:58:40.086Z DEBUG phase=pbp game_id=1022600128 rows=390 elapsed_s=9.39 attempt=1 source=api msg="pbp ok"
2026-06-30T10:58:47.625Z DEBUG phase=pbp game_id=1022600129 rows=434 elapsed_s=7.52 attempt=1 source=api msg="pbp ok"
2026-06-30T10:58:53.779Z DEBUG phase=pbp game_id=1022600127 rows=349 elapsed_s=6.13 attempt=1 source=api msg="pbp ok"
2026-06-30T10:59:04.646Z DEBUG phase=pbp game_id=1022600125 rows=421 elapsed_s=10.85 attempt=1 source=api msg="pbp ok"
2026-06-30T10:59:12.204Z DEBUG phase=pbp game_id=1022600126 rows=396 elapsed_s=7.53 attempt=1 source=api msg="pbp ok"
2026-06-30T10:59:20.085Z DEBUG phase=pbp game_id=1022600124 rows=449 elapsed_s=7.86 attempt=1 source=api msg="pbp ok"
2026-06-30T10:59:27.082Z DEBUG phase=pbp game_id=1022600123 rows=453 elapsed_s=6.97 attempt=1 source=api msg="pbp ok"
2026-06-30T10:59:34.871Z DEBUG phase=pbp game_id=1022600121 rows=408 elapsed_s=7.77 attempt=1 source=api msg="pbp ok"
2026-06-30T10:59:42.413Z DEBUG phase=pbp game_id=1022600122 rows=394 elapsed_s=7.52 attempt=1 source=api msg="pbp ok"
2026-06-30T10:59:49.883Z DEBUG phase=pbp game_id=1022600120 rows=339 elapsed_s=7.45 attempt=1 source=api msg="pbp ok"
2026-06-30T10:59:57.334Z DEBUG phase=pbp game_id=1022600118 rows=377 elapsed_s=7.43 attempt=1 source=api msg="pbp ok"
2026-06-30T11:00:08.228Z DEBUG phase=pbp game_id=1022600117 rows=457 elapsed_s=10.87 attempt=1 source=api msg="pbp ok"
2026-06-30T11:00:23.394Z DEBUG phase=pbp game_id=1022600119 rows=427 elapsed_s=15.14 attempt=1 source=api msg="pbp ok"
2026-06-30T11:00:37.826Z DEBUG phase=pbp game_id=1022600115 rows=415 elapsed_s=14.41 attempt=1 source=api msg="pbp ok"
2026-06-30T11:00:48.716Z DEBUG phase=pbp game_id=1022600116 rows=410 elapsed_s=10.87 attempt=1 source=api msg="pbp ok"
2026-06-30T11:00:57.417Z DEBUG phase=pbp game_id=1022600114 rows=407 elapsed_s=8.68 attempt=1 source=api msg="pbp ok"
2026-06-30T11:01:06.462Z DEBUG phase=pbp game_id=1022600113 rows=436 elapsed_s=9.03 attempt=1 source=api msg="pbp ok"
2026-06-30T11:01:15.153Z DEBUG phase=pbp game_id=1022600110 rows=406 elapsed_s=8.67 attempt=1 source=api msg="pbp ok"
2026-06-30T11:01:23.171Z DEBUG phase=pbp game_id=1022600107 rows=383 elapsed_s=8 attempt=1 source=api msg="pbp ok"
2026-06-30T11:01:35.977Z DEBUG phase=pbp game_id=1022600112 rows=409 elapsed_s=12.68 attempt=1 source=api msg="pbp ok"
2026-06-30T11:01:44.899Z DEBUG phase=pbp game_id=1022600108 rows=391 elapsed_s=8.9 attempt=1 source=api msg="pbp ok"
2026-06-30T11:01:51.032Z DEBUG phase=pbp game_id=1022600111 rows=367 elapsed_s=6.11 attempt=1 source=api msg="pbp ok"
2026-06-30T11:01:57.732Z DEBUG phase=pbp game_id=1022600109 rows=364 elapsed_s=6.68 attempt=1 source=api msg="pbp ok"
2026-06-30T11:02:05.026Z DEBUG phase=pbp game_id=1022600106 rows=425 elapsed_s=7.27 attempt=1 source=api msg="pbp ok"
2026-06-30T11:02:11.298Z DEBUG phase=pbp game_id=1022600104 rows=418 elapsed_s=6.25 attempt=1 source=api msg="pbp ok"
2026-06-30T11:02:17.411Z DEBUG phase=pbp game_id=1022600103 rows=365 elapsed_s=6.09 attempt=1 source=api msg="pbp ok"
2026-06-30T11:02:23.991Z DEBUG phase=pbp game_id=1022600105 rows=391 elapsed_s=6.56 attempt=1 source=api msg="pbp ok"
2026-06-30T11:02:31.449Z DEBUG phase=pbp game_id=1022600102 rows=415 elapsed_s=7.44 attempt=1 source=api msg="pbp ok"
2026-06-30T11:02:39.715Z DEBUG phase=pbp game_id=1022600101 rows=400 elapsed_s=8.24 attempt=1 source=api msg="pbp ok"
2026-06-30T11:02:53.795Z DEBUG phase=pbp game_id=1022600097 rows=387 elapsed_s=14.06 attempt=1 source=api msg="pbp ok"
2026-06-30T11:03:04.700Z DEBUG phase=pbp game_id=1022600099 rows=421 elapsed_s=10.88 attempt=1 source=api msg="pbp ok"
2026-06-30T11:03:20.974Z DEBUG phase=pbp game_id=1022600100 rows=433 elapsed_s=16.25 attempt=1 source=api msg="pbp ok"
2026-06-30T11:03:54.536Z DEBUG phase=pbp game_id=1022600098 rows=372 elapsed_s=33.54 attempt=1 source=api msg="pbp ok"
2026-06-30T11:04:27.524Z DEBUG phase=pbp game_id=1022600095 rows=411 elapsed_s=32.97 attempt=1 source=api msg="pbp ok"
2026-06-30T11:04:38.956Z DEBUG phase=pbp game_id=1022600096 rows=408 elapsed_s=11.41 attempt=1 source=api msg="pbp ok"
2026-06-30T11:04:52.949Z DEBUG phase=pbp game_id=1022600093 rows=366 elapsed_s=13.97 attempt=1 source=api msg="pbp ok"
2026-06-30T11:05:19.412Z DEBUG phase=pbp game_id=1022600091 rows=519 elapsed_s=26.44 attempt=1 source=api msg="pbp ok"
2026-06-30T11:05:28.377Z DEBUG phase=pbp game_id=1022600092 rows=435 elapsed_s=8.94 attempt=1 source=api msg="pbp ok"
2026-06-30T11:05:37.361Z DEBUG phase=pbp game_id=1022600094 rows=401 elapsed_s=8.96 attempt=1 source=api msg="pbp ok"
2026-06-30T11:05:37.405Z DEBUG phase=pbp game_id=1022600089 source=json_cache rows=501 msg="pbp cache hit"
2026-06-30T11:05:37.426Z DEBUG phase=pbp game_id=1022600090 source=json_cache rows=417 msg="pbp cache hit"
2026-06-30T11:05:37.445Z DEBUG phase=pbp game_id=1022600088 source=json_cache rows=382 msg="pbp cache hit"
2026-06-30T11:05:37.463Z DEBUG phase=pbp game_id=1022600086 source=json_cache rows=385 msg="pbp cache hit"
2026-06-30T11:05:37.481Z DEBUG phase=pbp game_id=1022600087 source=json_cache rows=371 msg="pbp cache hit"
2026-06-30T11:05:37.500Z DEBUG phase=pbp game_id=1022600085 source=json_cache rows=391 msg="pbp cache hit"
2026-06-30T11:05:37.521Z DEBUG phase=pbp game_id=1022600083 source=json_cache rows=435 msg="pbp cache hit"
2026-06-30T11:05:37.545Z DEBUG phase=pbp game_id=1022600084 source=json_cache rows=417 msg="pbp cache hit"
2026-06-30T11:05:37.566Z DEBUG phase=pbp game_id=1022600082 source=json_cache rows=438 msg="pbp cache hit"
2026-06-30T11:05:37.586Z DEBUG phase=pbp game_id=1022600081 source=json_cache rows=446 msg="pbp cache hit"
2026-06-30T11:05:37.614Z DEBUG phase=pbp game_id=1022600079 source=json_cache rows=454 msg="pbp cache hit"
2026-06-30T11:05:37.640Z DEBUG phase=pbp game_id=1022600078 source=json_cache rows=387 msg="pbp cache hit"
2026-06-30T11:05:37.666Z DEBUG phase=pbp game_id=1022600077 source=json_cache rows=391 msg="pbp cache hit"
2026-06-30T11:05:37.701Z DEBUG phase=pbp game_id=1022600080 source=json_cache rows=440 msg="pbp cache hit"
2026-06-30T11:05:37.728Z DEBUG phase=pbp game_id=1022600076 source=json_cache rows=399 msg="pbp cache hit"
2026-06-30T11:05:37.752Z DEBUG phase=pbp game_id=1022600075 source=json_cache rows=382 msg="pbp cache hit"
2026-06-30T11:05:37.780Z DEBUG phase=pbp game_id=1022600074 source=json_cache rows=417 msg="pbp cache hit"
2026-06-30T11:05:37.807Z DEBUG phase=pbp game_id=1022600073 source=json_cache rows=391 msg="pbp cache hit"
2026-06-30T11:05:37.935Z DEBUG phase=pbp game_id=1022600072 source=json_cache rows=406 msg="pbp cache hit"
2026-06-30T11:05:37.962Z DEBUG phase=pbp game_id=1022600071 source=json_cache rows=402 msg="pbp cache hit"
2026-06-30T11:05:37.987Z DEBUG phase=pbp game_id=1022600070 source=json_cache rows=375 msg="pbp cache hit"
2026-06-30T11:05:38.013Z DEBUG phase=pbp game_id=1022600066 source=json_cache rows=383 msg="pbp cache hit"
2026-06-30T11:05:38.042Z DEBUG phase=pbp game_id=1022600067 source=json_cache rows=444 msg="pbp cache hit"
2026-06-30T11:05:38.069Z DEBUG phase=pbp game_id=1022600069 source=json_cache rows=400 msg="pbp cache hit"
2026-06-30T11:05:38.096Z DEBUG phase=pbp game_id=1022600068 source=json_cache rows=382 msg="pbp cache hit"
2026-06-30T11:05:38.120Z DEBUG phase=pbp game_id=1022600065 source=json_cache rows=356 msg="pbp cache hit"
2026-06-30T11:05:38.147Z DEBUG phase=pbp game_id=1022600064 source=json_cache rows=421 msg="pbp cache hit"
2026-06-30T11:05:38.175Z DEBUG phase=pbp game_id=1022600063 source=json_cache rows=416 msg="pbp cache hit"
2026-06-30T11:05:38.213Z DEBUG phase=pbp game_id=1022600061 source=json_cache rows=449 msg="pbp cache hit"
2026-06-30T11:05:57.809Z DEBUG phase=pbp game_id=1022600060 source=json_cache rows=391 msg="pbp cache hit"
2026-06-30T11:06:05.054Z DEBUG phase=pbp game_id=1022600062 source=json_cache rows=432 msg="pbp cache hit"
2026-06-30T11:06:12.452Z DEBUG phase=pbp game_id=1022600056 source=json_cache rows=386 msg="pbp cache hit"
2026-06-30T11:06:19.335Z DEBUG phase=pbp game_id=1022600057 source=json_cache rows=416 msg="pbp cache hit"
2026-06-30T11:06:26.650Z DEBUG phase=pbp game_id=1022600059 source=json_cache rows=389 msg="pbp cache hit"
2026-06-30T11:06:27.595Z DEBUG phase=pbp game_id=1022600058 source=json_cache rows=414 msg="pbp cache hit"
2026-06-30T11:06:28.737Z DEBUG phase=pbp game_id=1022600055 source=json_cache rows=439 msg="pbp cache hit"
2026-06-30T11:06:29.710Z DEBUG phase=pbp game_id=1022600054 source=json_cache rows=375 msg="pbp cache hit"
2026-06-30T11:06:42.715Z DEBUG phase=pbp game_id=1022600050 source=json_cache rows=425 msg="pbp cache hit"
2026-06-30T11:06:50.588Z DEBUG phase=pbp game_id=1022600051 source=json_cache rows=357 msg="pbp cache hit"
2026-06-30T11:06:57.770Z DEBUG phase=pbp game_id=1022600052 source=json_cache rows=418 msg="pbp cache hit"
2026-06-30T11:07:12.789Z DEBUG phase=pbp game_id=1022600049 source=json_cache rows=396 msg="pbp cache hit"
2026-06-30T11:07:37.003Z DEBUG phase=pbp game_id=1022600053 source=json_cache rows=406 msg="pbp cache hit"
2026-06-30T11:08:10.099Z DEBUG phase=pbp game_id=1022600048 source=json_cache rows=435 msg="pbp cache hit"
2026-06-30T11:08:20.571Z DEBUG phase=pbp game_id=1022600047 source=json_cache rows=414 msg="pbp cache hit"
2026-06-30T11:08:30.771Z DEBUG phase=pbp game_id=1022600046 source=json_cache rows=428 msg="pbp cache hit"
2026-06-30T11:08:40.183Z DEBUG phase=pbp game_id=1022600044 source=json_cache rows=408 msg="pbp cache hit"
2026-06-30T11:08:47.718Z DEBUG phase=pbp game_id=1022600045 source=json_cache rows=380 msg="pbp cache hit"
2026-06-30T11:08:53.871Z DEBUG phase=pbp game_id=1022600043 source=json_cache rows=405 msg="pbp cache hit"
2026-06-30T11:09:04.736Z DEBUG phase=pbp game_id=1022600042 source=json_cache rows=414 msg="pbp cache hit"
2026-06-30T11:09:12.301Z DEBUG phase=pbp game_id=1022600041 source=json_cache rows=450 msg="pbp cache hit"
2026-06-30T11:09:20.178Z DEBUG phase=pbp game_id=1022600040 source=json_cache rows=371 msg="pbp cache hit"
2026-06-30T11:09:27.172Z DEBUG phase=pbp game_id=1022600038 source=json_cache rows=379 msg="pbp cache hit"
2026-06-30T11:09:34.967Z DEBUG phase=pbp game_id=1022600039 source=json_cache rows=462 msg="pbp cache hit"
2026-06-30T11:09:42.507Z DEBUG phase=pbp game_id=1022600037 source=json_cache rows=424 msg="pbp cache hit"
2026-06-30T11:09:49.981Z DEBUG phase=pbp game_id=1022600035 source=json_cache rows=399 msg="pbp cache hit"
2026-06-30T11:09:57.425Z DEBUG phase=pbp game_id=1022600036 source=json_cache rows=395 msg="pbp cache hit"
2026-06-30T11:10:08.328Z DEBUG phase=pbp game_id=1022600033 source=json_cache rows=390 msg="pbp cache hit"
2026-06-30T11:10:23.494Z DEBUG phase=pbp game_id=1022600034 source=json_cache rows=409 msg="pbp cache hit"
2026-06-30T11:10:37.926Z DEBUG phase=pbp game_id=1022600032 source=json_cache rows=410 msg="pbp cache hit"
2026-06-30T11:10:48.812Z DEBUG phase=pbp game_id=1022600031 source=json_cache rows=403 msg="pbp cache hit"
2026-06-30T11:10:57.509Z DEBUG phase=pbp game_id=1022600029 source=json_cache rows=363 msg="pbp cache hit"
2026-06-30T11:11:06.556Z DEBUG phase=pbp game_id=1022600030 source=json_cache rows=426 msg="pbp cache hit"
2026-06-30T11:11:15.248Z DEBUG phase=pbp game_id=1022600027 source=json_cache rows=424 msg="pbp cache hit"
2026-06-30T11:11:23.264Z DEBUG phase=pbp game_id=1022600025 source=json_cache rows=409 msg="pbp cache hit"
2026-06-30T11:11:36.078Z DEBUG phase=pbp game_id=1022600028 source=json_cache rows=423 msg="pbp cache hit"
2026-06-30T11:11:44.996Z DEBUG phase=pbp game_id=1022600026 source=json_cache rows=456 msg="pbp cache hit"
2026-06-30T11:11:51.122Z DEBUG phase=pbp game_id=1022600021 source=json_cache rows=409 msg="pbp cache hit"
2026-06-30T11:11:57.830Z DEBUG phase=pbp game_id=1022600022 source=json_cache rows=501 msg="pbp cache hit"
2026-06-30T11:12:05.119Z DEBUG phase=pbp game_id=1022600024 source=json_cache rows=448 msg="pbp cache hit"
2026-06-30T11:12:11.392Z DEBUG phase=pbp game_id=1022600023 source=json_cache rows=379 msg="pbp cache hit"
2026-06-30T11:12:17.502Z DEBUG phase=pbp game_id=1022600019 source=json_cache rows=373 msg="pbp cache hit"
2026-06-30T11:12:24.079Z DEBUG phase=pbp game_id=1022600020 source=json_cache rows=413 msg="pbp cache hit"
2026-06-30T11:12:31.538Z DEBUG phase=pbp game_id=1022600015 source=json_cache rows=377 msg="pbp cache hit"
2026-06-30T11:12:39.809Z DEBUG phase=pbp game_id=1022600018 source=json_cache rows=394 msg="pbp cache hit"
2026-06-30T11:12:53.895Z DEBUG phase=pbp game_id=1022600017 source=json_cache rows=408 msg="pbp cache hit"
2026-06-30T11:13:04.789Z DEBUG phase=pbp game_id=1022600016 source=json_cache rows=411 msg="pbp cache hit"
2026-06-30T11:13:21.078Z DEBUG phase=pbp game_id=1022600013 source=json_cache rows=430 msg="pbp cache hit"
2026-06-30T11:13:54.645Z DEBUG phase=pbp game_id=1022600014 source=json_cache rows=377 msg="pbp cache hit"
2026-06-30T11:14:27.632Z DEBUG phase=pbp game_id=1022600012 source=json_cache rows=388 msg="pbp cache hit"
2026-06-30T11:14:39.053Z DEBUG phase=pbp game_id=1022600009 source=json_cache rows=401 msg="pbp cache hit"
2026-06-30T11:14:53.054Z DEBUG phase=pbp game_id=1022600008 source=json_cache rows=487 msg="pbp cache hit"
2026-06-30T11:15:19.523Z DEBUG phase=pbp game_id=1022600007 source=json_cache rows=435 msg="pbp cache hit"
2026-06-30T11:15:28.468Z DEBUG phase=pbp game_id=1022600011 source=json_cache rows=354 msg="pbp cache hit"
2026-06-30T11:15:37.457Z DEBUG phase=pbp game_id=1022600004 source=json_cache rows=437 msg="pbp cache hit"
2026-06-30T11:15:37.490Z DEBUG phase=pbp game_id=1022600005 source=json_cache rows=375 msg="pbp cache hit"
2026-06-30T11:15:37.518Z DEBUG phase=pbp game_id=1022600006 source=json_cache rows=417 msg="pbp cache hit"
2026-06-30T11:15:37.549Z DEBUG phase=pbp game_id=1022600010 source=json_cache rows=459 msg="pbp cache hit"
2026-06-30T11:15:37.578Z DEBUG phase=pbp game_id=1022600002 source=json_cache rows=465 msg="pbp cache hit"
2026-06-30T11:15:37.604Z DEBUG phase=pbp game_id=1022600003 source=json_cache rows=423 msg="pbp cache hit"
2026-06-30T11:15:37.632Z DEBUG phase=pbp game_id=1022600001 source=json_cache rows=448 msg="pbp cache hit"
2026-06-30T11:15:49.300Z INFO  phase=pbp season=2026 rows=59175 games_total=144 games_ok=144 games_failed=0 msg="pbp ok"
2026-06-30T11:15:49.302Z INFO  phase=season 2026: pbp elapsed_s=1191.59 msg="phase end: season 2026: pbp"
2026-06-30T11:15:49.306Z INFO  phase=master schedule msg="phase start: master schedule"
2026-06-30T11:15:51.633Z INFO  phase=master_schedule rows=288 games=144 seasons_covered=1 msg="master schedule ok"
2026-06-30T11:15:51.635Z INFO  phase=master schedule elapsed_s=2.33 msg="phase end: master schedule"
2026-06-30T11:15:51.639Z INFO  phase=manifest upload msg="phase start: manifest upload"
2026-06-30T11:15:55.937Z INFO  phase=manifest upload elapsed_s=4.3 msg="phase end: manifest upload"
2026-06-30T11:15:55.966Z INFO  start_year=2026 end_year=2026 msg="pipeline complete"
