2026-05-12T05:30:55.342Z INFO  start_year=2025 end_year=2025 run_id=20260512T053055Z log_path=logs/wnba_stats_01_pbp_2025_2025_20260512T053055Z.log msg="WNBA Stats pbp: seasons 2025-2025"
2026-05-12T05:30:55.750Z INFO  n_proxies=50 msg="proxy pool loaded: 50 proxies"
2026-05-12T05:30:55.845Z INFO  phase=season 2025: schedule msg="phase start: season 2025: schedule"
2026-05-12T05:30:58.458Z INFO  phase=schedule season=2025 rows=620 games=310 msg="schedule ok"
2026-05-12T05:30:58.460Z INFO  phase=season 2025: schedule elapsed_s=2.61 msg="phase end: season 2025: schedule"
2026-05-12T05:30:58.472Z INFO  phase=season 2025: player_game_logs msg="phase start: season 2025: player_game_logs"
2026-05-12T05:31:13.099Z INFO  phase=player_game_logs season=2025 rows=5407 players=182 msg="player_game_logs ok"
2026-05-12T05:31:13.100Z INFO  phase=season 2025: player_game_logs elapsed_s=14.63 msg="phase end: season 2025: player_game_logs"
2026-05-12T05:31:13.102Z INFO  phase=season 2025: pbp msg="phase start: season 2025: pbp"
2026-05-12T05:31:24.797Z DEBUG phase=pbp game_id=1022500285 rows=369 elapsed_s=11.68 attempt=1 msg="pbp ok"
2026-05-12T05:31:50.146Z DEBUG phase=pbp game_id=1022500284 rows=369 elapsed_s=25.34 attempt=1 msg="pbp ok"
2026-05-12T05:32:06.647Z DEBUG phase=pbp game_id=1022500286 rows=361 elapsed_s=16.49 attempt=1 msg="pbp ok"
2026-05-12T05:32:23.128Z DEBUG phase=pbp game_id=1022500283 rows=335 elapsed_s=16.47 attempt=1 msg="pbp ok"
2026-05-12T05:32:37.071Z DEBUG phase=pbp game_id=1022500282 rows=375 elapsed_s=13.94 attempt=1 msg="pbp ok"
2026-05-12T05:32:53.534Z DEBUG phase=pbp game_id=1022500277 rows=359 elapsed_s=16.46 attempt=1 msg="pbp ok"
2026-05-12T05:33:05.737Z DEBUG phase=pbp game_id=1022500280 rows=380 elapsed_s=12.2 attempt=1 msg="pbp ok"
2026-05-12T05:33:20.886Z DEBUG phase=pbp game_id=1022500281 rows=357 elapsed_s=15.14 attempt=1 msg="pbp ok"
2026-05-12T05:33:30.235Z DEBUG phase=pbp game_id=1022500279 rows=337 elapsed_s=9.34 attempt=1 msg="pbp ok"
2026-05-12T05:33:43.640Z DEBUG phase=pbp game_id=1022500278 rows=350 elapsed_s=13.4 attempt=1 msg="pbp ok"
2026-05-12T05:34:13.235Z DEBUG phase=pbp game_id=1022500276 rows=356 elapsed_s=29.59 attempt=1 msg="pbp ok"
2026-05-12T05:34:13.771Z DEBUG phase=pbp game_id=1022500274 rows=410 elapsed_s=0.53 attempt=1 msg="pbp ok"
2026-05-12T05:34:48.558Z DEBUG phase=pbp game_id=1022500275 rows=344 elapsed_s=34.78 attempt=1 msg="pbp ok"
2026-05-12T05:35:01.295Z DEBUG phase=pbp game_id=1022500273 rows=379 elapsed_s=12.73 attempt=1 msg="pbp ok"
2026-05-12T05:35:10.299Z DEBUG phase=pbp game_id=1022500271 rows=422 elapsed_s=9 attempt=1 msg="pbp ok"
2026-05-12T05:35:42.360Z DEBUG phase=pbp game_id=1022500272 rows=358 elapsed_s=32.05 attempt=1 msg="pbp ok"
2026-05-12T05:35:59.825Z DEBUG phase=pbp game_id=1022500269 rows=388 elapsed_s=17.46 attempt=1 msg="pbp ok"
2026-05-12T05:36:12.061Z DEBUG phase=pbp game_id=1022500270 rows=356 elapsed_s=12.23 attempt=1 msg="pbp ok"
2026-05-12T05:36:12.759Z DEBUG phase=pbp game_id=1022500268 rows=369 elapsed_s=0.69 attempt=1 msg="pbp ok"
2026-05-12T05:36:24.379Z DEBUG phase=pbp game_id=1022500267 rows=328 elapsed_s=11.62 attempt=1 msg="pbp ok"
2026-05-12T05:36:40.082Z DEBUG phase=pbp game_id=1022500266 rows=395 elapsed_s=15.7 attempt=1 msg="pbp ok"
2026-05-12T05:36:57.646Z DEBUG phase=pbp game_id=1022500265 rows=376 elapsed_s=17.55 attempt=1 msg="pbp ok"
2026-05-12T05:37:13.972Z DEBUG phase=pbp game_id=1022500264 rows=378 elapsed_s=16.32 attempt=1 msg="pbp ok"
2026-05-12T05:37:33.787Z DEBUG phase=pbp game_id=1022500263 rows=385 elapsed_s=19.81 attempt=1 msg="pbp ok"
2026-05-12T05:37:47.463Z DEBUG phase=pbp game_id=1022500261 rows=370 elapsed_s=13.67 attempt=1 msg="pbp ok"
2026-05-12T05:38:02.293Z DEBUG phase=pbp game_id=1022500262 rows=365 elapsed_s=14.82 attempt=1 msg="pbp ok"
2026-05-12T05:38:02.832Z DEBUG phase=pbp game_id=1022500260 rows=379 elapsed_s=0.53 attempt=1 msg="pbp ok"
2026-05-12T05:38:33.536Z DEBUG phase=pbp game_id=1022500258 rows=370 elapsed_s=30.7 attempt=1 msg="pbp ok"
2026-05-12T05:38:49.194Z DEBUG phase=pbp game_id=1022500259 rows=364 elapsed_s=15.65 attempt=1 msg="pbp ok"
2026-05-12T05:39:07.276Z DEBUG phase=pbp game_id=1022500257 rows=346 elapsed_s=18.07 attempt=1 msg="pbp ok"
2026-05-12T05:39:23.210Z DEBUG phase=pbp game_id=1022500256 rows=401 elapsed_s=15.93 attempt=1 msg="pbp ok"
2026-05-12T05:39:42.668Z DEBUG phase=pbp game_id=1022500255 rows=352 elapsed_s=19.45 attempt=1 msg="pbp ok"
2026-05-12T05:39:56.576Z DEBUG phase=pbp game_id=1022500254 rows=385 elapsed_s=13.9 attempt=1 msg="pbp ok"
2026-05-12T05:40:11.421Z DEBUG phase=pbp game_id=1022500252 rows=383 elapsed_s=14.84 attempt=1 msg="pbp ok"
2026-05-12T05:40:23.732Z DEBUG phase=pbp game_id=1022500253 rows=361 elapsed_s=12.3 attempt=1 msg="pbp ok"
2026-05-12T05:40:35.772Z DEBUG phase=pbp game_id=1022500250 rows=353 elapsed_s=12.03 attempt=1 msg="pbp ok"
2026-05-12T05:40:50.206Z DEBUG phase=pbp game_id=1022500251 rows=388 elapsed_s=14.43 attempt=1 msg="pbp ok"
2026-05-12T05:41:08.130Z DEBUG phase=pbp game_id=1022500247 rows=344 elapsed_s=17.92 attempt=1 msg="pbp ok"
2026-05-12T05:41:31.896Z DEBUG phase=pbp game_id=1022500249 rows=389 elapsed_s=23.76 attempt=1 msg="pbp ok"
2026-05-12T05:41:55.060Z DEBUG phase=pbp game_id=1022500248 rows=382 elapsed_s=23.16 attempt=1 msg="pbp ok"
2026-05-12T05:42:06.380Z DEBUG phase=pbp game_id=1022500246 rows=400 elapsed_s=11.31 attempt=1 msg="pbp ok"
2026-05-12T05:42:22.633Z DEBUG phase=pbp game_id=1022500245 rows=363 elapsed_s=16.25 attempt=1 msg="pbp ok"
2026-05-12T05:42:23.400Z DEBUG phase=pbp game_id=1022500244 rows=372 elapsed_s=0.76 attempt=1 msg="pbp ok"
2026-05-12T05:42:42.161Z DEBUG phase=pbp game_id=1022500243 rows=365 elapsed_s=18.76 attempt=1 msg="pbp ok"
2026-05-12T05:43:00.162Z DEBUG phase=pbp game_id=1022500242 rows=389 elapsed_s=17.99 attempt=1 msg="pbp ok"
2026-05-12T05:43:12.257Z DEBUG phase=pbp game_id=1022500241 rows=372 elapsed_s=12.09 attempt=1 msg="pbp ok"
2026-05-12T05:43:49.414Z DEBUG phase=pbp game_id=1022500239 rows=362 elapsed_s=37.15 attempt=1 msg="pbp ok"
2026-05-12T05:44:04.030Z DEBUG phase=pbp game_id=1022500240 rows=368 elapsed_s=14.61 attempt=1 msg="pbp ok"
2026-05-12T05:44:24.146Z DEBUG phase=pbp game_id=1022500238 rows=375 elapsed_s=20.11 attempt=1 msg="pbp ok"
2026-05-12T05:44:48.275Z DEBUG phase=pbp game_id=1022500236 rows=379 elapsed_s=24.12 attempt=1 msg="pbp ok"
2026-05-12T05:45:05.309Z DEBUG phase=pbp game_id=1022500235 rows=360 elapsed_s=17.03 attempt=1 msg="pbp ok"
2026-05-12T05:45:29.129Z DEBUG phase=pbp game_id=1022500237 rows=379 elapsed_s=23.81 attempt=1 msg="pbp ok"
2026-05-12T05:45:43.407Z DEBUG phase=pbp game_id=1022500234 rows=377 elapsed_s=14.27 attempt=1 msg="pbp ok"
2026-05-12T05:46:01.899Z DEBUG phase=pbp game_id=1022500232 rows=346 elapsed_s=18.49 attempt=1 msg="pbp ok"
2026-05-12T05:46:02.323Z DEBUG phase=pbp game_id=1022500233 rows=378 elapsed_s=0.42 attempt=1 msg="pbp ok"
2026-05-12T05:46:20.261Z DEBUG phase=pbp game_id=1022500230 rows=382 elapsed_s=17.94 attempt=1 msg="pbp ok"
2026-05-12T05:46:20.743Z DEBUG phase=pbp game_id=1022500229 rows=393 elapsed_s=0.48 attempt=1 msg="pbp ok"
2026-05-12T05:46:41.848Z DEBUG phase=pbp game_id=1022500231 rows=362 elapsed_s=21.1 attempt=1 msg="pbp ok"
2026-05-12T05:46:57.051Z DEBUG phase=pbp game_id=1022500228 rows=368 elapsed_s=15.2 attempt=1 msg="pbp ok"
2026-05-12T05:46:57.444Z DEBUG phase=pbp game_id=1022500227 rows=348 elapsed_s=0.38 attempt=1 msg="pbp ok"
2026-05-12T05:47:17.173Z DEBUG phase=pbp game_id=1022500226 rows=385 elapsed_s=19.73 attempt=1 msg="pbp ok"
2026-05-12T05:47:30.414Z DEBUG phase=pbp game_id=1022500225 rows=356 elapsed_s=13.23 attempt=1 msg="pbp ok"
2026-05-12T05:47:52.077Z DEBUG phase=pbp game_id=1022500223 rows=356 elapsed_s=21.66 attempt=1 msg="pbp ok"
2026-05-12T05:47:52.545Z DEBUG phase=pbp game_id=1022500224 rows=384 elapsed_s=0.46 attempt=1 msg="pbp ok"
2026-05-12T05:48:06.371Z DEBUG phase=pbp game_id=1022500222 rows=378 elapsed_s=13.82 attempt=1 msg="pbp ok"
2026-05-12T05:48:41.493Z DEBUG phase=pbp game_id=1022500219 rows=378 elapsed_s=35.12 attempt=1 msg="pbp ok"
2026-05-12T05:49:23.733Z DEBUG phase=pbp game_id=1022500218 rows=449 elapsed_s=42.23 attempt=1 msg="pbp ok"
2026-05-12T05:49:24.301Z DEBUG phase=pbp game_id=1022500217 rows=357 elapsed_s=0.56 attempt=1 msg="pbp ok"
2026-05-12T05:49:24.771Z DEBUG phase=pbp game_id=1022500221 rows=361 elapsed_s=0.47 attempt=1 msg="pbp ok"
2026-05-12T05:49:25.261Z DEBUG phase=pbp game_id=1022500220 rows=383 elapsed_s=0.49 attempt=1 msg="pbp ok"
2026-05-12T05:49:34.462Z DEBUG phase=pbp game_id=1022500216 rows=395 elapsed_s=9.19 attempt=1 msg="pbp ok"
2026-05-12T05:50:11.737Z DEBUG phase=pbp game_id=1022500214 rows=386 elapsed_s=37.27 attempt=1 msg="pbp ok"
2026-05-12T05:50:12.333Z DEBUG phase=pbp game_id=1022500212 rows=343 elapsed_s=0.59 attempt=1 msg="pbp ok"
2026-05-12T05:50:47.069Z DEBUG phase=pbp game_id=1022500211 rows=389 elapsed_s=34.73 attempt=1 msg="pbp ok"
2026-05-12T05:51:06.198Z DEBUG phase=pbp game_id=1022500213 rows=401 elapsed_s=19.12 attempt=1 msg="pbp ok"
2026-05-12T05:51:06.661Z DEBUG phase=pbp game_id=1022500215 rows=375 elapsed_s=0.46 attempt=1 msg="pbp ok"
2026-05-12T05:51:27.918Z DEBUG phase=pbp game_id=1022500207 rows=372 elapsed_s=21.26 attempt=1 msg="pbp ok"
2026-05-12T05:51:42.228Z DEBUG phase=pbp game_id=1022500208 rows=339 elapsed_s=14.3 attempt=1 msg="pbp ok"
2026-05-12T05:52:08.630Z DEBUG phase=pbp game_id=1022500210 rows=364 elapsed_s=26.39 attempt=1 msg="pbp ok"
2026-05-12T05:52:26.087Z DEBUG phase=pbp game_id=1022500209 rows=375 elapsed_s=17.45 attempt=1 msg="pbp ok"
2026-05-12T05:52:45.903Z DEBUG phase=pbp game_id=1022500205 rows=383 elapsed_s=19.81 attempt=1 msg="pbp ok"
2026-05-12T05:53:07.310Z DEBUG phase=pbp game_id=1022500206 rows=366 elapsed_s=21.4 attempt=1 msg="pbp ok"
2026-05-12T05:53:26.335Z DEBUG phase=pbp game_id=1022500204 rows=353 elapsed_s=19.02 attempt=1 msg="pbp ok"
2026-05-12T05:53:26.851Z DEBUG phase=pbp game_id=1022500202 rows=398 elapsed_s=0.51 attempt=1 msg="pbp ok"
2026-05-12T05:53:43.694Z DEBUG phase=pbp game_id=1022500200 rows=410 elapsed_s=16.84 attempt=1 msg="pbp ok"
2026-05-12T05:53:55.441Z DEBUG phase=pbp game_id=1022500199 rows=338 elapsed_s=11.74 attempt=1 msg="pbp ok"
2026-05-12T05:54:12.489Z DEBUG phase=pbp game_id=1022500203 rows=360 elapsed_s=17.04 attempt=1 msg="pbp ok"
2026-05-12T05:54:12.955Z DEBUG phase=pbp game_id=1022500201 rows=364 elapsed_s=0.46 attempt=1 msg="pbp ok"
2026-05-12T05:54:29.780Z DEBUG phase=pbp game_id=1022500197 rows=343 elapsed_s=16.82 attempt=1 msg="pbp ok"
2026-05-12T05:54:30.265Z DEBUG phase=pbp game_id=1022500198 rows=352 elapsed_s=0.48 attempt=1 msg="pbp ok"
2026-05-12T05:54:53.780Z DEBUG phase=pbp game_id=1022500195 rows=360 elapsed_s=23.51 attempt=1 msg="pbp ok"
2026-05-12T05:55:06.211Z DEBUG phase=pbp game_id=1022500194 rows=392 elapsed_s=12.42 attempt=1 msg="pbp ok"
2026-05-12T05:55:06.665Z DEBUG phase=pbp game_id=1022500196 rows=372 elapsed_s=0.45 attempt=1 msg="pbp ok"
2026-05-12T05:55:22.729Z DEBUG phase=pbp game_id=1022500192 rows=379 elapsed_s=16.06 attempt=1 msg="pbp ok"
2026-05-12T05:55:40.475Z DEBUG phase=pbp game_id=1022500191 rows=358 elapsed_s=17.74 attempt=1 msg="pbp ok"
2026-05-12T05:55:57.165Z DEBUG phase=pbp game_id=1022500193 rows=417 elapsed_s=16.68 attempt=1 msg="pbp ok"
2026-05-12T05:55:57.531Z DEBUG phase=pbp game_id=1022500190 rows=393 elapsed_s=0.36 attempt=1 msg="pbp ok"
2026-05-12T05:55:58.054Z DEBUG phase=pbp game_id=1022500187 rows=357 elapsed_s=0.52 attempt=1 msg="pbp ok"
2026-05-12T05:56:15.406Z DEBUG phase=pbp game_id=1022500185 rows=369 elapsed_s=17.35 attempt=1 msg="pbp ok"
2026-05-12T05:56:30.175Z DEBUG phase=pbp game_id=1022500189 rows=393 elapsed_s=14.76 attempt=1 msg="pbp ok"
2026-05-12T05:56:44.029Z DEBUG phase=pbp game_id=1022500186 rows=358 elapsed_s=13.84 attempt=1 msg="pbp ok"
2026-05-12T05:56:55.573Z DEBUG phase=pbp game_id=1022500188 rows=396 elapsed_s=11.54 attempt=1 msg="pbp ok"
2026-05-12T05:57:08.952Z DEBUG phase=pbp game_id=1022500183 rows=403 elapsed_s=13.37 attempt=1 msg="pbp ok"
2026-05-12T05:57:15.244Z DEBUG phase=pbp game_id=1022500184 rows=370 elapsed_s=6.29 attempt=1 msg="pbp ok"
2026-05-12T05:57:40.272Z DEBUG phase=pbp game_id=1022500181 rows=404 elapsed_s=25.02 attempt=1 msg="pbp ok"
2026-05-12T05:57:49.718Z DEBUG phase=pbp game_id=1022500182 rows=391 elapsed_s=9.44 attempt=1 msg="pbp ok"
2026-05-12T05:58:00.153Z DEBUG phase=pbp game_id=1022500180 rows=400 elapsed_s=10.43 attempt=1 msg="pbp ok"
2026-05-12T05:58:07.989Z DEBUG phase=pbp game_id=1022500179 rows=349 elapsed_s=7.83 attempt=1 msg="pbp ok"
2026-05-12T05:58:08.598Z DEBUG phase=pbp game_id=1022500178 rows=480 elapsed_s=0.6 attempt=1 msg="pbp ok"
2026-05-12T05:58:25.343Z DEBUG phase=pbp game_id=1022500175 rows=386 elapsed_s=16.74 attempt=1 msg="pbp ok"
2026-05-12T05:58:36.255Z DEBUG phase=pbp game_id=1022500176 rows=352 elapsed_s=10.91 attempt=1 msg="pbp ok"
2026-05-12T05:58:47.900Z DEBUG phase=pbp game_id=1022500174 rows=365 elapsed_s=11.64 attempt=1 msg="pbp ok"
2026-05-12T05:59:04.034Z DEBUG phase=pbp game_id=1022500177 rows=385 elapsed_s=16.13 attempt=1 msg="pbp ok"
2026-05-12T05:59:20.385Z DEBUG phase=pbp game_id=1022500173 rows=366 elapsed_s=16.34 attempt=1 msg="pbp ok"
2026-05-12T05:59:21.702Z DEBUG phase=pbp game_id=1022500170 rows=464 elapsed_s=1.31 attempt=1 msg="pbp ok"
2026-05-12T05:59:41.247Z DEBUG phase=pbp game_id=1022500172 rows=378 elapsed_s=19.54 attempt=1 msg="pbp ok"
2026-05-12T05:59:52.169Z DEBUG phase=pbp game_id=1022500171 rows=339 elapsed_s=10.92 attempt=1 msg="pbp ok"
2026-05-12T05:59:52.720Z DEBUG phase=pbp game_id=1022500169 rows=392 elapsed_s=0.54 attempt=1 msg="pbp ok"
2026-05-12T06:00:13.915Z DEBUG phase=pbp game_id=1022500168 rows=404 elapsed_s=21.19 attempt=1 msg="pbp ok"
2026-05-12T06:00:28.766Z DEBUG phase=pbp game_id=1022500167 rows=367 elapsed_s=14.84 attempt=1 msg="pbp ok"
2026-05-12T06:00:37.640Z DEBUG phase=pbp game_id=1022500166 rows=382 elapsed_s=8.87 attempt=1 msg="pbp ok"
2026-05-12T06:00:45.110Z DEBUG phase=pbp game_id=1022500165 rows=375 elapsed_s=7.46 attempt=1 msg="pbp ok"
2026-05-12T06:00:45.603Z DEBUG phase=pbp game_id=1022500158 rows=368 elapsed_s=0.49 attempt=1 msg="pbp ok"
2026-05-12T06:00:55.942Z DEBUG phase=pbp game_id=1022500164 rows=367 elapsed_s=10.34 attempt=1 msg="pbp ok"
2026-05-12T06:01:09.589Z DEBUG phase=pbp game_id=1022500161 rows=383 elapsed_s=13.64 attempt=1 msg="pbp ok"
2026-05-12T06:01:19.781Z DEBUG phase=pbp game_id=1022500162 rows=424 elapsed_s=10.18 attempt=1 msg="pbp ok"
2026-05-12T06:01:29.121Z DEBUG phase=pbp game_id=1022500163 rows=394 elapsed_s=9.33 attempt=1 msg="pbp ok"
2026-05-12T06:01:39.480Z DEBUG phase=pbp game_id=1022500159 rows=383 elapsed_s=10.35 attempt=1 msg="pbp ok"
2026-05-12T06:01:53.005Z DEBUG phase=pbp game_id=1022500160 rows=386 elapsed_s=13.52 attempt=1 msg="pbp ok"
2026-05-12T06:01:53.713Z DEBUG phase=pbp game_id=1022500157 rows=390 elapsed_s=0.7 attempt=1 msg="pbp ok"
2026-05-12T06:02:03.225Z DEBUG phase=pbp game_id=1022500155 rows=414 elapsed_s=9.51 attempt=1 msg="pbp ok"
2026-05-12T06:02:11.795Z DEBUG phase=pbp game_id=1022500156 rows=410 elapsed_s=8.56 attempt=1 msg="pbp ok"
2026-05-12T06:02:21.364Z DEBUG phase=pbp game_id=1022500154 rows=374 elapsed_s=9.56 attempt=1 msg="pbp ok"
2026-05-12T06:02:21.886Z DEBUG phase=pbp game_id=1022500152 rows=422 elapsed_s=0.52 attempt=1 msg="pbp ok"
2026-05-12T06:02:38.801Z DEBUG phase=pbp game_id=1022500153 rows=395 elapsed_s=16.91 attempt=1 msg="pbp ok"
2026-05-12T06:02:44.212Z DEBUG phase=pbp game_id=1022500151 rows=380 elapsed_s=5.4 attempt=1 msg="pbp ok"
2026-05-12T06:02:53.770Z DEBUG phase=pbp game_id=1022500146 rows=372 elapsed_s=9.55 attempt=1 msg="pbp ok"
2026-05-12T06:03:04.479Z DEBUG phase=pbp game_id=1022500149 rows=402 elapsed_s=10.7 attempt=1 msg="pbp ok"
2026-05-12T06:03:13.302Z DEBUG phase=pbp game_id=1022500150 rows=395 elapsed_s=8.82 attempt=1 msg="pbp ok"
2026-05-12T06:03:13.781Z DEBUG phase=pbp game_id=1022500148 rows=379 elapsed_s=0.47 attempt=1 msg="pbp ok"
2026-05-12T06:03:26.387Z DEBUG phase=pbp game_id=1022500147 rows=393 elapsed_s=12.6 attempt=1 msg="pbp ok"
2026-05-12T06:03:34.966Z DEBUG phase=pbp game_id=1022500145 rows=421 elapsed_s=8.57 attempt=1 msg="pbp ok"
2026-05-12T06:03:43.387Z DEBUG phase=pbp game_id=1022500144 rows=364 elapsed_s=8.41 attempt=1 msg="pbp ok"
2026-05-12T06:03:53.575Z DEBUG phase=pbp game_id=1022500142 rows=395 elapsed_s=10.18 attempt=1 msg="pbp ok"
2026-05-12T06:04:03.516Z DEBUG phase=pbp game_id=1022500143 rows=390 elapsed_s=9.93 attempt=1 msg="pbp ok"
2026-05-12T06:04:12.923Z DEBUG phase=pbp game_id=1022500141 rows=379 elapsed_s=9.4 attempt=1 msg="pbp ok"
2026-05-12T06:04:20.330Z DEBUG phase=pbp game_id=1022500140 rows=384 elapsed_s=7.4 attempt=1 msg="pbp ok"
2026-05-12T06:04:32.428Z DEBUG phase=pbp game_id=1022500139 rows=405 elapsed_s=12.09 attempt=1 msg="pbp ok"
2026-05-12T06:04:41.376Z DEBUG phase=pbp game_id=1022500138 rows=390 elapsed_s=8.94 attempt=1 msg="pbp ok"
2026-05-12T06:04:41.789Z DEBUG phase=pbp game_id=1022500137 rows=361 elapsed_s=0.41 attempt=1 msg="pbp ok"
2026-05-12T06:04:54.765Z DEBUG phase=pbp game_id=1022500136 rows=405 elapsed_s=12.97 attempt=1 msg="pbp ok"
2026-05-12T06:05:04.891Z DEBUG phase=pbp game_id=1022500134 rows=413 elapsed_s=10.12 attempt=1 msg="pbp ok"
2026-05-12T06:05:13.726Z DEBUG phase=pbp game_id=1022500135 rows=377 elapsed_s=8.83 attempt=1 msg="pbp ok"
2026-05-12T06:05:26.169Z DEBUG phase=pbp game_id=1022500133 rows=388 elapsed_s=12.44 attempt=1 msg="pbp ok"
2026-05-12T06:05:34.313Z DEBUG phase=pbp game_id=1022500131 rows=393 elapsed_s=8.14 attempt=1 msg="pbp ok"
2026-05-12T06:05:34.750Z DEBUG phase=pbp game_id=1022500132 rows=416 elapsed_s=0.43 attempt=1 msg="pbp ok"
2026-05-12T06:05:46.946Z DEBUG phase=pbp game_id=1022500129 rows=397 elapsed_s=12.2 attempt=1 msg="pbp ok"
2026-05-12T06:05:56.695Z DEBUG phase=pbp game_id=1022500130 rows=358 elapsed_s=9.74 attempt=1 msg="pbp ok"
2026-05-12T06:06:06.383Z DEBUG phase=pbp game_id=1022500128 rows=395 elapsed_s=9.68 attempt=1 msg="pbp ok"
2026-05-12T06:06:15.206Z DEBUG phase=pbp game_id=1022500127 rows=352 elapsed_s=8.82 attempt=1 msg="pbp ok"
2026-05-12T06:06:25.512Z DEBUG phase=pbp game_id=1022500124 rows=403 elapsed_s=10.3 attempt=1 msg="pbp ok"
2026-05-12T06:06:36.370Z DEBUG phase=pbp game_id=1022500123 rows=358 elapsed_s=10.85 attempt=1 msg="pbp ok"
2026-05-12T06:06:36.745Z DEBUG phase=pbp game_id=1022500126 rows=400 elapsed_s=0.36 attempt=1 msg="pbp ok"
2026-05-12T06:06:52.704Z DEBUG phase=pbp game_id=1022500125 rows=361 elapsed_s=15.96 attempt=1 msg="pbp ok"
2026-05-12T06:07:02.567Z DEBUG phase=pbp game_id=1022500121 rows=444 elapsed_s=9.86 attempt=1 msg="pbp ok"
2026-05-12T06:07:16.218Z DEBUG phase=pbp game_id=1022500122 rows=396 elapsed_s=13.64 attempt=1 msg="pbp ok"
2026-05-12T06:07:24.755Z DEBUG phase=pbp game_id=1022500119 rows=371 elapsed_s=8.53 attempt=1 msg="pbp ok"
2026-05-12T06:07:25.205Z DEBUG phase=pbp game_id=1022500120 rows=417 elapsed_s=0.44 attempt=1 msg="pbp ok"
2026-05-12T06:07:37.448Z DEBUG phase=pbp game_id=1022500117 rows=370 elapsed_s=12.24 attempt=1 msg="pbp ok"
2026-05-12T06:07:37.934Z DEBUG phase=pbp game_id=1022500118 rows=393 elapsed_s=0.48 attempt=1 msg="pbp ok"
2026-05-12T06:08:05.219Z DEBUG phase=pbp game_id=1022500116 rows=346 elapsed_s=27.28 attempt=1 msg="pbp ok"
2026-05-12T06:08:13.632Z DEBUG phase=pbp game_id=1022500115 rows=338 elapsed_s=8.41 attempt=1 msg="pbp ok"
2026-05-12T06:08:21.390Z DEBUG phase=pbp game_id=1022500114 rows=390 elapsed_s=7.75 attempt=1 msg="pbp ok"
2026-05-12T06:08:29.793Z DEBUG phase=pbp game_id=1022500111 rows=364 elapsed_s=8.4 attempt=1 msg="pbp ok"
2026-05-12T06:08:41.847Z DEBUG phase=pbp game_id=1022500110 rows=371 elapsed_s=12.05 attempt=1 msg="pbp ok"
2026-05-12T06:08:42.334Z DEBUG phase=pbp game_id=1022500112 rows=430 elapsed_s=0.48 attempt=1 msg="pbp ok"
2026-05-12T06:08:49.974Z DEBUG phase=pbp game_id=1022500109 rows=387 elapsed_s=7.64 attempt=1 msg="pbp ok"
2026-05-12T06:08:54.947Z DEBUG phase=pbp game_id=1022500113 rows=377 elapsed_s=4.97 attempt=1 msg="pbp ok"
2026-05-12T06:09:02.771Z DEBUG phase=pbp game_id=1022500108 rows=381 elapsed_s=7.82 attempt=1 msg="pbp ok"
2026-05-12T06:09:13.751Z DEBUG phase=pbp game_id=1022500104 rows=394 elapsed_s=10.97 attempt=1 msg="pbp ok"
2026-05-12T06:09:21.608Z DEBUG phase=pbp game_id=1022500105 rows=381 elapsed_s=7.85 attempt=1 msg="pbp ok"
2026-05-12T06:09:29.984Z DEBUG phase=pbp game_id=1022500106 rows=399 elapsed_s=8.37 attempt=1 msg="pbp ok"
2026-05-12T06:09:30.394Z DEBUG phase=pbp game_id=1022500107 rows=385 elapsed_s=0.4 attempt=1 msg="pbp ok"
2026-05-12T06:09:42.320Z DEBUG phase=pbp game_id=1022500103 rows=392 elapsed_s=11.92 attempt=1 msg="pbp ok"
2026-05-12T06:09:46.813Z DEBUG phase=pbp game_id=1022500102 rows=382 elapsed_s=4.49 attempt=1 msg="pbp ok"
2026-05-12T06:09:54.396Z DEBUG phase=pbp game_id=1022500099 rows=378 elapsed_s=7.58 attempt=1 msg="pbp ok"
2026-05-12T06:10:02.336Z DEBUG phase=pbp game_id=1022500098 rows=450 elapsed_s=7.93 attempt=1 msg="pbp ok"
2026-05-12T06:10:11.545Z DEBUG phase=pbp game_id=1022500101 rows=378 elapsed_s=9.2 attempt=1 msg="pbp ok"
2026-05-12T06:10:19.771Z DEBUG phase=pbp game_id=1022500100 rows=408 elapsed_s=8.22 attempt=1 msg="pbp ok"
2026-05-12T06:10:24.489Z DEBUG phase=pbp game_id=1022500097 rows=375 elapsed_s=4.71 attempt=1 msg="pbp ok"
2026-05-12T06:10:32.332Z DEBUG phase=pbp game_id=1022500096 rows=420 elapsed_s=7.83 attempt=1 msg="pbp ok"
2026-05-12T06:10:42.415Z DEBUG phase=pbp game_id=1022500094 rows=379 elapsed_s=10.08 attempt=1 msg="pbp ok"
2026-05-12T06:10:55.963Z DEBUG phase=pbp game_id=1022500095 rows=378 elapsed_s=13.54 attempt=1 msg="pbp ok"
2026-05-12T06:11:03.819Z DEBUG phase=pbp game_id=1022500092 rows=392 elapsed_s=7.85 attempt=1 msg="pbp ok"
2026-05-12T06:11:12.595Z DEBUG phase=pbp game_id=1022500091 rows=436 elapsed_s=8.77 attempt=1 msg="pbp ok"
2026-05-12T06:11:45.822Z DEBUG phase=pbp game_id=1022500090 rows=398 elapsed_s=33.22 attempt=1 msg="pbp ok"
2026-05-12T06:11:53.576Z DEBUG phase=pbp game_id=1022500093 rows=406 elapsed_s=7.75 attempt=1 msg="pbp ok"
2026-05-12T06:12:01.298Z DEBUG phase=pbp game_id=1022500087 rows=387 elapsed_s=7.72 attempt=1 msg="pbp ok"
2026-05-12T06:12:13.754Z DEBUG phase=pbp game_id=1022500089 rows=426 elapsed_s=12.45 attempt=1 msg="pbp ok"
2026-05-12T06:12:21.311Z DEBUG phase=pbp game_id=1022500088 rows=384 elapsed_s=7.55 attempt=1 msg="pbp ok"
2026-05-12T06:12:29.627Z DEBUG phase=pbp game_id=1022500086 rows=498 elapsed_s=8.31 attempt=1 msg="pbp ok"
2026-05-12T06:12:42.291Z DEBUG phase=pbp game_id=1022500085 rows=403 elapsed_s=12.66 attempt=1 msg="pbp ok"
2026-05-12T06:13:27.955Z DEBUG phase=pbp game_id=1022500084 rows=376 elapsed_s=45.66 attempt=1 msg="pbp ok"
2026-05-12T06:13:28.790Z DEBUG phase=pbp game_id=1022500083 rows=376 elapsed_s=0.83 attempt=1 msg="pbp ok"
2026-05-12T06:13:29.609Z DEBUG phase=pbp game_id=1022500081 rows=428 elapsed_s=0.82 attempt=1 msg="pbp ok"
2026-05-12T06:13:30.409Z DEBUG phase=pbp game_id=1022500082 rows=364 elapsed_s=0.79 attempt=1 msg="pbp ok"
2026-05-12T06:13:31.228Z DEBUG phase=pbp game_id=1022500080 rows=397 elapsed_s=0.82 attempt=1 msg="pbp ok"
2026-05-12T06:13:32.157Z DEBUG phase=pbp game_id=1022500078 rows=424 elapsed_s=0.93 attempt=1 msg="pbp ok"
2026-05-12T06:13:32.994Z DEBUG phase=pbp game_id=1022500079 rows=393 elapsed_s=0.83 attempt=1 msg="pbp ok"
2026-05-12T06:13:33.799Z DEBUG phase=pbp game_id=1022500077 rows=403 elapsed_s=0.8 attempt=1 msg="pbp ok"
2026-05-12T06:13:34.524Z DEBUG phase=pbp game_id=1022500071 rows=409 elapsed_s=0.72 attempt=1 msg="pbp ok"
2026-05-12T06:13:35.260Z DEBUG phase=pbp game_id=1022500072 rows=386 elapsed_s=0.73 attempt=1 msg="pbp ok"
2026-05-12T06:13:35.668Z DEBUG phase=pbp game_id=1022500074 rows=392 elapsed_s=0.4 attempt=1 msg="pbp ok"
2026-05-12T06:13:36.256Z DEBUG phase=pbp game_id=1022500073 rows=391 elapsed_s=0.59 attempt=1 msg="pbp ok"
2026-05-12T06:15:33.648Z WARN  phase=pbp game_id=1022500076 attempts=3 msg="pbp empty after retries"
2026-05-12T06:17:30.870Z WARN  phase=pbp game_id=1022500075 attempts=3 msg="pbp empty after retries"
2026-05-12T06:19:28.077Z WARN  phase=pbp game_id=1022500070 attempts=3 msg="pbp empty after retries"
2026-05-12T06:21:25.455Z WARN  phase=pbp game_id=1022500069 attempts=3 msg="pbp empty after retries"
