2026-07-16T09:40:08.417Z INFO  start_year=2026 end_year=2026 rescrape=FALSE run_id=20260716T094008Z log_path=logs/wnba_stats_01_pbp_2026_2026_20260716T094008Z.log msg="WNBA Stats pbp: seasons 2026-2026 | rescrape=FALSE"
2026-07-16T09:40:08.868Z INFO  n_proxies=50 msg="proxy pool loaded: 50 proxies"
2026-07-16T09:40:08.975Z INFO  phase=season 2026: schedule msg="phase start: season 2026: schedule"
2026-07-16T09:40:12.854Z INFO  phase=schedule season=2026 rows=362 games=181 msg="schedule ok"
2026-07-16T09:40:12.856Z INFO  phase=season 2026: schedule elapsed_s=3.88 msg="phase end: season 2026: schedule"
2026-07-16T09:40:12.887Z INFO  phase=season 2026: player_game_logs msg="phase start: season 2026: player_game_logs"
2026-07-16T09:40:17.246Z INFO  phase=player_game_logs season=2026 rows=3592 players=217 msg="player_game_logs ok"
2026-07-16T09:40:17.248Z INFO  phase=season 2026: player_game_logs elapsed_s=4.26 msg="phase end: season 2026: player_game_logs"
2026-07-16T09:40:17.252Z INFO  phase=season 2026: pbp msg="phase start: season 2026: pbp"
2026-07-16T09:44:37.491Z WARN  phase=pbp game_id=1022600180 attempts=2 msg="pbp empty after retries"
2026-07-16T09:48:57.664Z WARN  phase=pbp game_id=1022600181 attempts=2 msg="pbp empty after retries"
2026-07-16T09:53:17.838Z WARN  phase=pbp game_id=1022600179 attempts=2 msg="pbp empty after retries"
2026-07-16T09:57:38.020Z WARN  phase=pbp game_id=1022600178 attempts=2 msg="pbp empty after retries"
2026-07-16T10:01:58.206Z WARN  phase=pbp game_id=1022600177 attempts=2 msg="pbp empty after retries"
2026-07-16T10:06:18.375Z WARN  phase=pbp game_id=1022600175 attempts=2 msg="pbp empty after retries"
2026-07-16T10:10:38.543Z WARN  phase=pbp game_id=1022600176 attempts=2 msg="pbp empty after retries"
2026-07-16T10:14:58.726Z WARN  phase=pbp game_id=1022600173 attempts=2 msg="pbp empty after retries"
2026-07-16T10:19:18.904Z WARN  phase=pbp game_id=1022600171 attempts=2 msg="pbp empty after retries"
2026-07-16T10:23:39.073Z WARN  phase=pbp game_id=1022600172 attempts=2 msg="pbp empty after retries"
2026-07-16T10:27:59.238Z WARN  phase=pbp game_id=1022600174 attempts=2 msg="pbp empty after retries"
2026-07-16T10:32:19.407Z WARN  phase=pbp game_id=1022600169 attempts=2 msg="pbp empty after retries"
2026-07-16T10:36:39.579Z WARN  phase=pbp game_id=1022600170 attempts=2 msg="pbp empty after retries"
2026-07-16T10:40:59.750Z WARN  phase=pbp game_id=1022600168 attempts=2 msg="pbp empty after retries"
2026-07-16T10:45:19.918Z WARN  phase=pbp game_id=1022600165 attempts=2 msg="pbp empty after retries"
2026-07-16T10:49:40.088Z WARN  phase=pbp game_id=1022600167 attempts=2 msg="pbp empty after retries"
2026-07-16T10:54:00.262Z WARN  phase=pbp game_id=1022600166 attempts=2 msg="pbp empty after retries"
2026-07-16T10:58:20.441Z WARN  phase=pbp game_id=1022600163 attempts=2 msg="pbp empty after retries"
2026-07-16T11:02:40.613Z WARN  phase=pbp game_id=1022600164 attempts=2 msg="pbp empty after retries"
2026-07-16T11:07:00.787Z WARN  phase=pbp game_id=1022600162 attempts=2 msg="pbp empty after retries"
2026-07-16T11:11:20.951Z WARN  phase=pbp game_id=1022600160 attempts=2 msg="pbp empty after retries"
2026-07-16T11:15:41.121Z WARN  phase=pbp game_id=1022600161 attempts=2 msg="pbp empty after retries"
2026-07-16T11:20:01.287Z WARN  phase=pbp game_id=1022600159 attempts=2 msg="pbp empty after retries"
2026-07-16T11:24:21.462Z WARN  phase=pbp game_id=1022600157 attempts=2 msg="pbp empty after retries"
2026-07-16T11:28:41.637Z WARN  phase=pbp game_id=1022600158 attempts=2 msg="pbp empty after retries"
2026-07-16T11:33:01.809Z WARN  phase=pbp game_id=1022600156 attempts=2 msg="pbp empty after retries"
2026-07-16T11:37:21.969Z WARN  phase=pbp game_id=1022600154 attempts=2 msg="pbp empty after retries"
2026-07-16T11:41:42.137Z WARN  phase=pbp game_id=1022600155 attempts=2 msg="pbp empty after retries"
2026-07-16T11:46:02.310Z WARN  phase=pbp game_id=1022600153 attempts=2 msg="pbp empty after retries"
2026-07-16T11:50:22.471Z WARN  phase=pbp game_id=1022600152 attempts=2 msg="pbp empty after retries"
2026-07-16T11:54:42.644Z WARN  phase=pbp game_id=1022600150 attempts=2 msg="pbp empty after retries"
2026-07-16T11:59:02.811Z WARN  phase=pbp game_id=1022600151 attempts=2 msg="pbp empty after retries"
2026-07-16T12:03:22.981Z WARN  phase=pbp game_id=1022600148 attempts=2 msg="pbp empty after retries"
2026-07-16T12:07:43.149Z WARN  phase=pbp game_id=1022600149 attempts=2 msg="pbp empty after retries"
2026-07-16T12:12:03.319Z WARN  phase=pbp game_id=1022600145 attempts=2 msg="pbp empty after retries"
2026-07-16T12:16:23.492Z WARN  phase=pbp game_id=1022600146 attempts=2 msg="pbp empty after retries"
2026-07-16T12:20:43.667Z WARN  phase=pbp game_id=1022600147 attempts=2 msg="pbp empty after retries"
2026-07-16T12:20:43.704Z DEBUG phase=pbp game_id=1022600141 source=json_cache rows=375 msg="pbp cache hit"
2026-07-16T12:20:43.739Z DEBUG phase=pbp game_id=1022600142 source=json_cache rows=629 msg="pbp cache hit"
2026-07-16T12:20:43.764Z DEBUG phase=pbp game_id=1022600143 source=json_cache rows=435 msg="pbp cache hit"
2026-07-16T12:20:43.787Z DEBUG phase=pbp game_id=1022600144 source=json_cache rows=383 msg="pbp cache hit"
2026-07-16T12:20:43.806Z DEBUG phase=pbp game_id=1022600140 source=json_cache rows=398 msg="pbp cache hit"
2026-07-16T12:20:43.831Z DEBUG phase=pbp game_id=1022600138 source=json_cache rows=398 msg="pbp cache hit"
2026-07-16T12:20:43.858Z DEBUG phase=pbp game_id=1022600139 source=json_cache rows=433 msg="pbp cache hit"
2026-07-16T12:20:43.880Z DEBUG phase=pbp game_id=1022600135 source=json_cache rows=374 msg="pbp cache hit"
2026-07-16T12:20:43.906Z DEBUG phase=pbp game_id=1022600136 source=json_cache rows=423 msg="pbp cache hit"
2026-07-16T12:20:43.931Z DEBUG phase=pbp game_id=1022600137 source=json_cache rows=420 msg="pbp cache hit"
2026-07-16T12:20:43.950Z DEBUG phase=pbp game_id=1022600132 source=json_cache rows=437 msg="pbp cache hit"
2026-07-16T12:20:43.975Z DEBUG phase=pbp game_id=1022600133 source=json_cache rows=398 msg="pbp cache hit"
2026-07-16T12:20:43.999Z DEBUG phase=pbp game_id=1022600134 source=json_cache rows=397 msg="pbp cache hit"
2026-07-16T12:20:44.025Z DEBUG phase=pbp game_id=1022600130 source=json_cache rows=427 msg="pbp cache hit"
2026-07-16T12:20:44.050Z DEBUG phase=pbp game_id=1022600128 source=json_cache rows=390 msg="pbp cache hit"
2026-07-16T12:20:44.074Z DEBUG phase=pbp game_id=1022600131 source=json_cache rows=391 msg="pbp cache hit"
2026-07-16T12:20:44.101Z DEBUG phase=pbp game_id=1022600129 source=json_cache rows=434 msg="pbp cache hit"
2026-07-16T12:20:44.122Z DEBUG phase=pbp game_id=1022600127 source=json_cache rows=349 msg="pbp cache hit"
2026-07-16T12:20:44.150Z DEBUG phase=pbp game_id=1022600124 source=json_cache rows=449 msg="pbp cache hit"
2026-07-16T12:20:44.174Z DEBUG phase=pbp game_id=1022600126 source=json_cache rows=396 msg="pbp cache hit"
2026-07-16T12:20:44.220Z DEBUG phase=pbp game_id=1022600125 source=json_cache rows=421 msg="pbp cache hit"
2026-07-16T12:20:44.247Z DEBUG phase=pbp game_id=1022600123 source=json_cache rows=453 msg="pbp cache hit"
2026-07-16T12:20:44.271Z DEBUG phase=pbp game_id=1022600121 source=json_cache rows=408 msg="pbp cache hit"
2026-07-16T12:20:44.294Z DEBUG phase=pbp game_id=1022600122 source=json_cache rows=394 msg="pbp cache hit"
2026-07-16T12:20:44.313Z DEBUG phase=pbp game_id=1022600120 source=json_cache rows=339 msg="pbp cache hit"
2026-07-16T12:20:44.335Z DEBUG phase=pbp game_id=1022600118 source=json_cache rows=377 msg="pbp cache hit"
2026-07-16T12:20:44.360Z DEBUG phase=pbp game_id=1022600119 source=json_cache rows=427 msg="pbp cache hit"
2026-07-16T12:20:44.386Z DEBUG phase=pbp game_id=1022600117 source=json_cache rows=457 msg="pbp cache hit"
2026-07-16T12:20:44.410Z DEBUG phase=pbp game_id=1022600116 source=json_cache rows=410 msg="pbp cache hit"
2026-07-16T12:20:44.434Z DEBUG phase=pbp game_id=1022600114 source=json_cache rows=407 msg="pbp cache hit"
2026-07-16T12:20:44.458Z DEBUG phase=pbp game_id=1022600115 source=json_cache rows=415 msg="pbp cache hit"
2026-07-16T12:20:44.483Z DEBUG phase=pbp game_id=1022600113 source=json_cache rows=436 msg="pbp cache hit"
2026-07-16T12:20:44.504Z DEBUG phase=pbp game_id=1022600109 source=json_cache rows=364 msg="pbp cache hit"
2026-07-16T12:20:44.527Z DEBUG phase=pbp game_id=1022600108 source=json_cache rows=391 msg="pbp cache hit"
2026-07-16T12:20:44.550Z DEBUG phase=pbp game_id=1022600107 source=json_cache rows=383 msg="pbp cache hit"
2026-07-16T12:20:44.573Z DEBUG phase=pbp game_id=1022600112 source=json_cache rows=409 msg="pbp cache hit"
2026-07-16T12:20:44.597Z DEBUG phase=pbp game_id=1022600110 source=json_cache rows=406 msg="pbp cache hit"
2026-07-16T12:20:44.618Z DEBUG phase=pbp game_id=1022600111 source=json_cache rows=367 msg="pbp cache hit"
2026-07-16T12:20:44.643Z DEBUG phase=pbp game_id=1022600106 source=json_cache rows=425 msg="pbp cache hit"
2026-07-16T12:20:44.671Z DEBUG phase=pbp game_id=1022600103 source=json_cache rows=365 msg="pbp cache hit"
2026-07-16T12:20:44.694Z DEBUG phase=pbp game_id=1022600105 source=json_cache rows=391 msg="pbp cache hit"
2026-07-16T12:20:44.719Z DEBUG phase=pbp game_id=1022600104 source=json_cache rows=418 msg="pbp cache hit"
2026-07-16T12:20:44.743Z DEBUG phase=pbp game_id=1022600101 source=json_cache rows=400 msg="pbp cache hit"
2026-07-16T12:20:44.767Z DEBUG phase=pbp game_id=1022600102 source=json_cache rows=415 msg="pbp cache hit"
2026-07-16T12:20:44.791Z DEBUG phase=pbp game_id=1022600099 source=json_cache rows=421 msg="pbp cache hit"
2026-07-16T12:20:44.808Z DEBUG phase=pbp game_id=1022600098 source=json_cache rows=372 msg="pbp cache hit"
2026-07-16T12:20:44.830Z DEBUG phase=pbp game_id=1022600097 source=json_cache rows=387 msg="pbp cache hit"
2026-07-16T12:20:44.856Z DEBUG phase=pbp game_id=1022600100 source=json_cache rows=433 msg="pbp cache hit"
2026-07-16T12:20:44.879Z DEBUG phase=pbp game_id=1022600096 source=json_cache rows=408 msg="pbp cache hit"
2026-07-16T12:20:44.903Z DEBUG phase=pbp game_id=1022600095 source=json_cache rows=411 msg="pbp cache hit"
2026-07-16T12:20:44.933Z DEBUG phase=pbp game_id=1022600091 source=json_cache rows=519 msg="pbp cache hit"
2026-07-16T12:20:44.956Z DEBUG phase=pbp game_id=1022600094 source=json_cache rows=401 msg="pbp cache hit"
2026-07-16T12:20:44.982Z DEBUG phase=pbp game_id=1022600092 source=json_cache rows=435 msg="pbp cache hit"
2026-07-16T12:20:45.003Z DEBUG phase=pbp game_id=1022600093 source=json_cache rows=366 msg="pbp cache hit"
2026-07-16T12:20:45.025Z DEBUG phase=pbp game_id=1022600089 source=json_cache rows=501 msg="pbp cache hit"
2026-07-16T12:20:45.043Z DEBUG phase=pbp game_id=1022600090 source=json_cache rows=417 msg="pbp cache hit"
2026-07-16T12:20:45.067Z DEBUG phase=pbp game_id=1022600087 source=json_cache rows=371 msg="pbp cache hit"
2026-07-16T12:20:45.084Z DEBUG phase=pbp game_id=1022600088 source=json_cache rows=382 msg="pbp cache hit"
2026-07-16T12:20:45.102Z DEBUG phase=pbp game_id=1022600086 source=json_cache rows=385 msg="pbp cache hit"
2026-07-16T12:20:45.119Z DEBUG phase=pbp game_id=1022600085 source=json_cache rows=391 msg="pbp cache hit"
2026-07-16T12:20:45.138Z DEBUG phase=pbp game_id=1022600084 source=json_cache rows=417 msg="pbp cache hit"
2026-07-16T12:20:45.157Z DEBUG phase=pbp game_id=1022600083 source=json_cache rows=435 msg="pbp cache hit"
2026-07-16T12:20:45.176Z DEBUG phase=pbp game_id=1022600081 source=json_cache rows=446 msg="pbp cache hit"
2026-07-16T12:20:45.195Z DEBUG phase=pbp game_id=1022600082 source=json_cache rows=438 msg="pbp cache hit"
2026-07-16T12:20:45.218Z DEBUG phase=pbp game_id=1022600077 source=json_cache rows=391 msg="pbp cache hit"
2026-07-16T12:20:45.243Z DEBUG phase=pbp game_id=1022600080 source=json_cache rows=440 msg="pbp cache hit"
2026-07-16T12:20:45.270Z DEBUG phase=pbp game_id=1022600079 source=json_cache rows=454 msg="pbp cache hit"
2026-07-16T12:20:45.292Z DEBUG phase=pbp game_id=1022600078 source=json_cache rows=387 msg="pbp cache hit"
2026-07-16T12:20:45.316Z DEBUG phase=pbp game_id=1022600076 source=json_cache rows=399 msg="pbp cache hit"
2026-07-16T12:20:45.338Z DEBUG phase=pbp game_id=1022600075 source=json_cache rows=382 msg="pbp cache hit"
2026-07-16T12:20:45.362Z DEBUG phase=pbp game_id=1022600074 source=json_cache rows=417 msg="pbp cache hit"
2026-07-16T12:20:45.385Z DEBUG phase=pbp game_id=1022600073 source=json_cache rows=391 msg="pbp cache hit"
2026-07-16T12:20:45.416Z DEBUG phase=pbp game_id=1022600072 source=json_cache rows=406 msg="pbp cache hit"
2026-07-16T12:20:45.440Z DEBUG phase=pbp game_id=1022600071 source=json_cache rows=402 msg="pbp cache hit"
2026-07-16T12:20:45.462Z DEBUG phase=pbp game_id=1022600070 source=json_cache rows=375 msg="pbp cache hit"
2026-07-16T12:20:45.488Z DEBUG phase=pbp game_id=1022600067 source=json_cache rows=444 msg="pbp cache hit"
2026-07-16T12:20:45.510Z DEBUG phase=pbp game_id=1022600066 source=json_cache rows=383 msg="pbp cache hit"
2026-07-16T12:20:45.533Z DEBUG phase=pbp game_id=1022600068 source=json_cache rows=382 msg="pbp cache hit"
2026-07-16T12:20:45.556Z DEBUG phase=pbp game_id=1022600069 source=json_cache rows=400 msg="pbp cache hit"
2026-07-16T12:20:45.580Z DEBUG phase=pbp game_id=1022600064 source=json_cache rows=421 msg="pbp cache hit"
2026-07-16T12:20:45.601Z DEBUG phase=pbp game_id=1022600065 source=json_cache rows=356 msg="pbp cache hit"
2026-07-16T12:22:03.425Z DEBUG phase=pbp game_id=1022600063 source=json_cache rows=416 msg="pbp cache hit"
2026-07-16T12:26:23.583Z DEBUG phase=pbp game_id=1022600060 source=json_cache rows=391 msg="pbp cache hit"
2026-07-16T12:30:43.810Z DEBUG phase=pbp game_id=1022600061 source=json_cache rows=449 msg="pbp cache hit"
2026-07-16T12:30:43.844Z DEBUG phase=pbp game_id=1022600062 source=json_cache rows=432 msg="pbp cache hit"
2026-07-16T12:30:43.876Z DEBUG phase=pbp game_id=1022600059 source=json_cache rows=389 msg="pbp cache hit"
2026-07-16T12:30:43.901Z DEBUG phase=pbp game_id=1022600056 source=json_cache rows=386 msg="pbp cache hit"
2026-07-16T12:30:43.925Z DEBUG phase=pbp game_id=1022600057 source=json_cache rows=416 msg="pbp cache hit"
2026-07-16T12:30:43.949Z DEBUG phase=pbp game_id=1022600058 source=json_cache rows=414 msg="pbp cache hit"
2026-07-16T12:30:43.971Z DEBUG phase=pbp game_id=1022600054 source=json_cache rows=375 msg="pbp cache hit"
2026-07-16T12:30:43.997Z DEBUG phase=pbp game_id=1022600055 source=json_cache rows=439 msg="pbp cache hit"
2026-07-16T12:30:44.019Z DEBUG phase=pbp game_id=1022600051 source=json_cache rows=357 msg="pbp cache hit"
2026-07-16T12:30:44.046Z DEBUG phase=pbp game_id=1022600052 source=json_cache rows=418 msg="pbp cache hit"
2026-07-16T12:30:44.072Z DEBUG phase=pbp game_id=1022600049 source=json_cache rows=396 msg="pbp cache hit"
2026-07-16T12:30:44.100Z DEBUG phase=pbp game_id=1022600050 source=json_cache rows=425 msg="pbp cache hit"
2026-07-16T12:30:44.128Z DEBUG phase=pbp game_id=1022600053 source=json_cache rows=406 msg="pbp cache hit"
2026-07-16T12:30:44.157Z DEBUG phase=pbp game_id=1022600048 source=json_cache rows=435 msg="pbp cache hit"
2026-07-16T12:30:44.192Z DEBUG phase=pbp game_id=1022600047 source=json_cache rows=414 msg="pbp cache hit"
2026-07-16T12:30:44.219Z DEBUG phase=pbp game_id=1022600044 source=json_cache rows=408 msg="pbp cache hit"
2026-07-16T12:30:44.248Z DEBUG phase=pbp game_id=1022600046 source=json_cache rows=428 msg="pbp cache hit"
2026-07-16T12:30:44.273Z DEBUG phase=pbp game_id=1022600045 source=json_cache rows=380 msg="pbp cache hit"
2026-07-16T12:30:44.300Z DEBUG phase=pbp game_id=1022600042 source=json_cache rows=414 msg="pbp cache hit"
2026-07-16T12:30:44.329Z DEBUG phase=pbp game_id=1022600041 source=json_cache rows=450 msg="pbp cache hit"
2026-07-16T12:30:44.355Z DEBUG phase=pbp game_id=1022600043 source=json_cache rows=405 msg="pbp cache hit"
2026-07-16T12:30:44.386Z DEBUG phase=pbp game_id=1022600039 source=json_cache rows=462 msg="pbp cache hit"
2026-07-16T12:30:44.410Z DEBUG phase=pbp game_id=1022600040 source=json_cache rows=371 msg="pbp cache hit"
2026-07-16T12:30:44.435Z DEBUG phase=pbp game_id=1022600038 source=json_cache rows=379 msg="pbp cache hit"
2026-07-16T12:30:44.470Z DEBUG phase=pbp game_id=1022600037 source=json_cache rows=424 msg="pbp cache hit"
2026-07-16T12:30:44.497Z DEBUG phase=pbp game_id=1022600035 source=json_cache rows=399 msg="pbp cache hit"
2026-07-16T12:30:44.522Z DEBUG phase=pbp game_id=1022600036 source=json_cache rows=395 msg="pbp cache hit"
2026-07-16T12:30:44.546Z DEBUG phase=pbp game_id=1022600033 source=json_cache rows=390 msg="pbp cache hit"
2026-07-16T12:30:44.572Z DEBUG phase=pbp game_id=1022600034 source=json_cache rows=409 msg="pbp cache hit"
2026-07-16T12:30:44.598Z DEBUG phase=pbp game_id=1022600032 source=json_cache rows=410 msg="pbp cache hit"
2026-07-16T12:30:44.623Z DEBUG phase=pbp game_id=1022600031 source=json_cache rows=403 msg="pbp cache hit"
2026-07-16T12:30:44.646Z DEBUG phase=pbp game_id=1022600029 source=json_cache rows=363 msg="pbp cache hit"
2026-07-16T12:30:44.673Z DEBUG phase=pbp game_id=1022600030 source=json_cache rows=426 msg="pbp cache hit"
2026-07-16T12:30:44.699Z DEBUG phase=pbp game_id=1022600027 source=json_cache rows=424 msg="pbp cache hit"
2026-07-16T12:30:44.734Z DEBUG phase=pbp game_id=1022600026 source=json_cache rows=456 msg="pbp cache hit"
2026-07-16T12:30:44.760Z DEBUG phase=pbp game_id=1022600025 source=json_cache rows=409 msg="pbp cache hit"
2026-07-16T12:30:44.787Z DEBUG phase=pbp game_id=1022600028 source=json_cache rows=423 msg="pbp cache hit"
2026-07-16T12:30:44.812Z DEBUG phase=pbp game_id=1022600021 source=json_cache rows=409 msg="pbp cache hit"
2026-07-16T12:30:44.842Z DEBUG phase=pbp game_id=1022600022 source=json_cache rows=501 msg="pbp cache hit"
2026-07-16T12:30:44.870Z DEBUG phase=pbp game_id=1022600024 source=json_cache rows=448 msg="pbp cache hit"
2026-07-16T12:30:44.894Z DEBUG phase=pbp game_id=1022600023 source=json_cache rows=379 msg="pbp cache hit"
2026-07-16T12:30:44.916Z DEBUG phase=pbp game_id=1022600019 source=json_cache rows=373 msg="pbp cache hit"
2026-07-16T12:30:44.947Z DEBUG phase=pbp game_id=1022600020 source=json_cache rows=413 msg="pbp cache hit"
2026-07-16T12:30:44.972Z DEBUG phase=pbp game_id=1022600016 source=json_cache rows=411 msg="pbp cache hit"
2026-07-16T12:30:44.997Z DEBUG phase=pbp game_id=1022600018 source=json_cache rows=394 msg="pbp cache hit"
2026-07-16T12:30:45.014Z DEBUG phase=pbp game_id=1022600015 source=json_cache rows=377 msg="pbp cache hit"
2026-07-16T12:30:45.038Z DEBUG phase=pbp game_id=1022600017 source=json_cache rows=408 msg="pbp cache hit"
2026-07-16T12:30:45.065Z DEBUG phase=pbp game_id=1022600013 source=json_cache rows=430 msg="pbp cache hit"
2026-07-16T12:30:45.088Z DEBUG phase=pbp game_id=1022600012 source=json_cache rows=388 msg="pbp cache hit"
2026-07-16T12:30:45.119Z DEBUG phase=pbp game_id=1022600014 source=json_cache rows=377 msg="pbp cache hit"
2026-07-16T12:30:45.148Z DEBUG phase=pbp game_id=1022600008 source=json_cache rows=487 msg="pbp cache hit"
2026-07-16T12:30:45.174Z DEBUG phase=pbp game_id=1022600007 source=json_cache rows=435 msg="pbp cache hit"
2026-07-16T12:30:45.195Z DEBUG phase=pbp game_id=1022600011 source=json_cache rows=354 msg="pbp cache hit"
2026-07-16T12:30:45.220Z DEBUG phase=pbp game_id=1022600009 source=json_cache rows=401 msg="pbp cache hit"
2026-07-16T12:30:45.242Z DEBUG phase=pbp game_id=1022600005 source=json_cache rows=375 msg="pbp cache hit"
2026-07-16T12:30:45.275Z DEBUG phase=pbp game_id=1022600004 source=json_cache rows=437 msg="pbp cache hit"
2026-07-16T12:30:45.300Z DEBUG phase=pbp game_id=1022600006 source=json_cache rows=417 msg="pbp cache hit"
2026-07-16T12:30:45.328Z DEBUG phase=pbp game_id=1022600010 source=json_cache rows=459 msg="pbp cache hit"
2026-07-16T12:30:45.354Z DEBUG phase=pbp game_id=1022600003 source=json_cache rows=423 msg="pbp cache hit"
2026-07-16T12:30:45.381Z DEBUG phase=pbp game_id=1022600002 source=json_cache rows=465 msg="pbp cache hit"
2026-07-16T12:30:45.538Z DEBUG phase=pbp game_id=1022600001 source=json_cache rows=448 msg="pbp cache hit"
2026-07-16T12:35:35.763Z WARN  phase=pbp game_id=1022600180 attempts=2 msg="pbp empty after retries"
2026-07-16T12:39:55.933Z WARN  phase=pbp game_id=1022600181 attempts=2 msg="pbp empty after retries"
2026-07-16T12:44:16.095Z WARN  phase=pbp game_id=1022600179 attempts=2 msg="pbp empty after retries"
2026-07-16T12:48:36.264Z WARN  phase=pbp game_id=1022600178 attempts=2 msg="pbp empty after retries"
2026-07-16T12:52:56.434Z WARN  phase=pbp game_id=1022600177 attempts=2 msg="pbp empty after retries"
2026-07-16T12:57:16.605Z WARN  phase=pbp game_id=1022600175 attempts=2 msg="pbp empty after retries"
2026-07-16T13:01:36.772Z WARN  phase=pbp game_id=1022600176 attempts=2 msg="pbp empty after retries"
2026-07-16T13:05:56.935Z WARN  phase=pbp game_id=1022600173 attempts=2 msg="pbp empty after retries"
2026-07-16T13:10:17.106Z WARN  phase=pbp game_id=1022600171 attempts=2 msg="pbp empty after retries"
2026-07-16T13:14:37.273Z WARN  phase=pbp game_id=1022600172 attempts=2 msg="pbp empty after retries"
2026-07-16T13:18:57.455Z WARN  phase=pbp game_id=1022600174 attempts=2 msg="pbp empty after retries"
2026-07-16T13:23:17.629Z WARN  phase=pbp game_id=1022600169 attempts=2 msg="pbp empty after retries"
2026-07-16T13:27:37.795Z WARN  phase=pbp game_id=1022600170 attempts=2 msg="pbp empty after retries"
2026-07-16T13:31:57.963Z WARN  phase=pbp game_id=1022600168 attempts=2 msg="pbp empty after retries"
2026-07-16T13:36:18.131Z WARN  phase=pbp game_id=1022600165 attempts=2 msg="pbp empty after retries"
2026-07-16T13:40:38.299Z WARN  phase=pbp game_id=1022600167 attempts=2 msg="pbp empty after retries"
2026-07-16T13:44:58.467Z WARN  phase=pbp game_id=1022600166 attempts=2 msg="pbp empty after retries"
2026-07-16T13:49:18.631Z WARN  phase=pbp game_id=1022600163 attempts=2 msg="pbp empty after retries"
2026-07-16T13:53:38.804Z WARN  phase=pbp game_id=1022600164 attempts=2 msg="pbp empty after retries"
2026-07-16T13:57:58.973Z WARN  phase=pbp game_id=1022600162 attempts=2 msg="pbp empty after retries"
2026-07-16T14:02:19.142Z WARN  phase=pbp game_id=1022600160 attempts=2 msg="pbp empty after retries"
2026-07-16T14:06:39.316Z WARN  phase=pbp game_id=1022600161 attempts=2 msg="pbp empty after retries"
2026-07-16T14:10:59.481Z WARN  phase=pbp game_id=1022600159 attempts=2 msg="pbp empty after retries"
2026-07-16T14:15:19.655Z WARN  phase=pbp game_id=1022600157 attempts=2 msg="pbp empty after retries"
2026-07-16T14:19:39.828Z WARN  phase=pbp game_id=1022600158 attempts=2 msg="pbp empty after retries"
2026-07-16T14:23:59.999Z WARN  phase=pbp game_id=1022600156 attempts=2 msg="pbp empty after retries"
2026-07-16T14:28:20.164Z WARN  phase=pbp game_id=1022600154 attempts=2 msg="pbp empty after retries"
2026-07-16T14:32:40.331Z WARN  phase=pbp game_id=1022600155 attempts=2 msg="pbp empty after retries"
2026-07-16T14:37:00.501Z WARN  phase=pbp game_id=1022600153 attempts=2 msg="pbp empty after retries"
2026-07-16T14:41:20.672Z WARN  phase=pbp game_id=1022600152 attempts=2 msg="pbp empty after retries"
2026-07-16T14:45:40.848Z WARN  phase=pbp game_id=1022600150 attempts=2 msg="pbp empty after retries"
2026-07-16T14:50:01.020Z WARN  phase=pbp game_id=1022600151 attempts=2 msg="pbp empty after retries"
2026-07-16T14:54:21.188Z WARN  phase=pbp game_id=1022600148 attempts=2 msg="pbp empty after retries"
2026-07-16T14:58:41.358Z WARN  phase=pbp game_id=1022600149 attempts=2 msg="pbp empty after retries"
2026-07-16T15:03:01.528Z WARN  phase=pbp game_id=1022600145 attempts=2 msg="pbp empty after retries"
2026-07-16T15:07:21.701Z WARN  phase=pbp game_id=1022600146 attempts=2 msg="pbp empty after retries"
2026-07-16T15:11:41.874Z WARN  phase=pbp game_id=1022600147 attempts=2 msg="pbp empty after retries"
2026-07-16T15:11:41.884Z INFO  phase=pbp season=2026 retried=37 recovered=0 still_failed=37 msg="pbp cool-off pass complete"
2026-07-16T15:11:53.475Z INFO  phase=pbp season=2026 rows=59212 games_total=181 games_ok=144 games_failed=37 msg="pbp ok"
2026-07-16T15:11:53.476Z INFO  phase=season 2026: pbp elapsed_s=19896.22 msg="phase end: season 2026: pbp"
2026-07-16T15:11:53.480Z INFO  phase=master schedule msg="phase start: master schedule"
2026-07-16T15:11:55.764Z INFO  phase=master_schedule rows=362 games=181 seasons_covered=1 msg="master schedule ok"
2026-07-16T15:11:55.766Z INFO  phase=master schedule elapsed_s=2.28 msg="phase end: master schedule"
2026-07-16T15:11:55.770Z INFO  phase=manifest upload msg="phase start: manifest upload"
2026-07-16T15:12:00.341Z INFO  phase=manifest upload elapsed_s=4.57 msg="phase end: manifest upload"
2026-07-16T15:12:00.372Z INFO  start_year=2026 end_year=2026 msg="pipeline complete"
