2026-06-07T10:22:22.467Z INFO  start_year=2026 end_year=2026 rescrape=FALSE run_id=20260607T102222Z log_path=logs/wnba_stats_01_pbp_2026_2026_20260607T102222Z.log msg="WNBA Stats pbp: seasons 2026-2026 | rescrape=FALSE"
2026-06-07T10:22:22.868Z INFO  n_proxies=50 msg="proxy pool loaded: 50 proxies"
2026-06-07T10:22:22.974Z INFO  phase=season 2026: schedule msg="phase start: season 2026: schedule"
2026-06-07T10:22:26.675Z INFO  phase=schedule season=2026 rows=160 games=80 msg="schedule ok"
2026-06-07T10:22:26.677Z INFO  phase=season 2026: schedule elapsed_s=3.7 msg="phase end: season 2026: schedule"
2026-06-07T10:22:26.800Z INFO  phase=season 2026: player_game_logs msg="phase start: season 2026: player_game_logs"
2026-06-07T10:22:31.561Z INFO  phase=player_game_logs season=2026 rows=1595 players=198 msg="player_game_logs ok"
2026-06-07T10:22:31.563Z INFO  phase=season 2026: player_game_logs elapsed_s=4.76 msg="phase end: season 2026: player_game_logs"
2026-06-07T10:22:31.567Z INFO  phase=season 2026: pbp msg="phase start: season 2026: pbp"
2026-06-07T10:22:39.750Z DEBUG phase=pbp game_id=1022600078 rows=387 elapsed_s=8.09 attempt=1 source=api msg="pbp ok"
2026-06-07T10:22:47.840Z DEBUG phase=pbp game_id=1022600080 rows=440 elapsed_s=8.06 attempt=1 source=api msg="pbp ok"
2026-06-07T10:22:57.152Z DEBUG phase=pbp game_id=1022600077 rows=391 elapsed_s=9.29 attempt=1 source=api msg="pbp ok"
2026-06-07T10:23:08.904Z DEBUG phase=pbp game_id=1022600079 rows=454 elapsed_s=11.73 attempt=1 source=api msg="pbp ok"
2026-06-07T10:23:20.548Z DEBUG phase=pbp game_id=1022600074 rows=417 elapsed_s=11.62 attempt=1 source=api msg="pbp ok"
2026-06-07T10:23:30.067Z DEBUG phase=pbp game_id=1022600075 rows=382 elapsed_s=9.5 attempt=1 source=api msg="pbp ok"
2026-06-07T10:23:41.827Z DEBUG phase=pbp game_id=1022600076 rows=399 elapsed_s=11.74 attempt=1 source=api msg="pbp ok"
2026-06-07T10:23:49.882Z DEBUG phase=pbp game_id=1022600073 rows=391 elapsed_s=8.04 attempt=1 source=api msg="pbp ok"
2026-06-07T10:24:01.482Z DEBUG phase=pbp game_id=1022600072 rows=406 elapsed_s=11.58 attempt=1 source=api msg="pbp ok"
2026-06-07T10:24:16.520Z DEBUG phase=pbp game_id=1022600071 rows=402 elapsed_s=15.01 attempt=1 source=api msg="pbp ok"
2026-06-07T10:24:27.459Z DEBUG phase=pbp game_id=1022600070 rows=375 elapsed_s=10.92 attempt=1 source=api msg="pbp ok"
2026-06-07T10:24:37.500Z DEBUG phase=pbp game_id=1022600067 rows=444 elapsed_s=10.02 attempt=1 source=api msg="pbp ok"
2026-06-07T10:24:51.618Z DEBUG phase=pbp game_id=1022600069 rows=400 elapsed_s=14.1 attempt=1 source=api msg="pbp ok"
2026-06-07T10:25:00.517Z DEBUG phase=pbp game_id=1022600066 rows=383 elapsed_s=8.88 attempt=1 source=api msg="pbp ok"
2026-06-07T10:25:11.726Z DEBUG phase=pbp game_id=1022600068 rows=382 elapsed_s=11.19 attempt=1 source=api msg="pbp ok"
2026-06-07T10:25:22.479Z DEBUG phase=pbp game_id=1022600064 rows=421 elapsed_s=10.72 attempt=1 source=api msg="pbp ok"
2026-06-07T10:25:31.418Z DEBUG phase=pbp game_id=1022600065 rows=356 elapsed_s=8.92 attempt=1 source=api msg="pbp ok"
2026-06-07T10:25:43.889Z DEBUG phase=pbp game_id=1022600063 rows=416 elapsed_s=12.45 attempt=1 source=api msg="pbp ok"
2026-06-07T10:25:54.364Z DEBUG phase=pbp game_id=1022600061 rows=449 elapsed_s=10.45 attempt=1 source=api msg="pbp ok"
2026-06-07T10:26:02.943Z DEBUG phase=pbp game_id=1022600060 rows=391 elapsed_s=8.56 attempt=1 source=api msg="pbp ok"
2026-06-07T10:26:14.456Z DEBUG phase=pbp game_id=1022600062 rows=432 elapsed_s=11.49 attempt=1 source=api msg="pbp ok"
2026-06-07T10:26:14.490Z DEBUG phase=pbp game_id=1022600056 source=json_cache rows=386 msg="pbp cache hit"
2026-06-07T10:26:14.517Z DEBUG phase=pbp game_id=1022600057 source=json_cache rows=416 msg="pbp cache hit"
2026-06-07T10:26:14.542Z DEBUG phase=pbp game_id=1022600059 source=json_cache rows=389 msg="pbp cache hit"
2026-06-07T10:26:14.568Z DEBUG phase=pbp game_id=1022600058 source=json_cache rows=414 msg="pbp cache hit"
2026-06-07T10:26:14.593Z DEBUG phase=pbp game_id=1022600054 source=json_cache rows=375 msg="pbp cache hit"
2026-06-07T10:26:14.627Z DEBUG phase=pbp game_id=1022600055 source=json_cache rows=439 msg="pbp cache hit"
2026-06-07T10:26:14.655Z DEBUG phase=pbp game_id=1022600053 source=json_cache rows=406 msg="pbp cache hit"
2026-06-07T10:26:14.684Z DEBUG phase=pbp game_id=1022600050 source=json_cache rows=425 msg="pbp cache hit"
2026-06-07T10:26:14.709Z DEBUG phase=pbp game_id=1022600051 source=json_cache rows=357 msg="pbp cache hit"
2026-06-07T10:26:14.737Z DEBUG phase=pbp game_id=1022600052 source=json_cache rows=418 msg="pbp cache hit"
2026-06-07T10:26:14.763Z DEBUG phase=pbp game_id=1022600049 source=json_cache rows=396 msg="pbp cache hit"
2026-06-07T10:26:14.791Z DEBUG phase=pbp game_id=1022600047 source=json_cache rows=414 msg="pbp cache hit"
2026-06-07T10:26:14.819Z DEBUG phase=pbp game_id=1022600048 source=json_cache rows=435 msg="pbp cache hit"
2026-06-07T10:26:14.851Z DEBUG phase=pbp game_id=1022600045 source=json_cache rows=380 msg="pbp cache hit"
2026-06-07T10:26:14.879Z DEBUG phase=pbp game_id=1022600044 source=json_cache rows=408 msg="pbp cache hit"
2026-06-07T10:26:14.908Z DEBUG phase=pbp game_id=1022600046 source=json_cache rows=428 msg="pbp cache hit"
2026-06-07T10:26:14.939Z DEBUG phase=pbp game_id=1022600041 source=json_cache rows=450 msg="pbp cache hit"
2026-06-07T10:26:14.966Z DEBUG phase=pbp game_id=1022600043 source=json_cache rows=405 msg="pbp cache hit"
2026-06-07T10:26:14.994Z DEBUG phase=pbp game_id=1022600042 source=json_cache rows=414 msg="pbp cache hit"
2026-06-07T10:26:15.021Z DEBUG phase=pbp game_id=1022600038 source=json_cache rows=379 msg="pbp cache hit"
2026-06-07T10:26:15.057Z DEBUG phase=pbp game_id=1022600039 source=json_cache rows=462 msg="pbp cache hit"
2026-06-07T10:26:15.083Z DEBUG phase=pbp game_id=1022600040 source=json_cache rows=371 msg="pbp cache hit"
2026-06-07T10:26:15.112Z DEBUG phase=pbp game_id=1022600037 source=json_cache rows=424 msg="pbp cache hit"
2026-06-07T10:26:15.139Z DEBUG phase=pbp game_id=1022600036 source=json_cache rows=395 msg="pbp cache hit"
2026-06-07T10:26:15.167Z DEBUG phase=pbp game_id=1022600035 source=json_cache rows=399 msg="pbp cache hit"
2026-06-07T10:26:15.192Z DEBUG phase=pbp game_id=1022600033 source=json_cache rows=390 msg="pbp cache hit"
2026-06-07T10:26:15.237Z DEBUG phase=pbp game_id=1022600034 source=json_cache rows=409 msg="pbp cache hit"
2026-06-07T10:26:15.266Z DEBUG phase=pbp game_id=1022600032 source=json_cache rows=410 msg="pbp cache hit"
2026-06-07T10:26:15.293Z DEBUG phase=pbp game_id=1022600031 source=json_cache rows=403 msg="pbp cache hit"
2026-06-07T10:26:15.318Z DEBUG phase=pbp game_id=1022600029 source=json_cache rows=363 msg="pbp cache hit"
2026-06-07T10:26:15.347Z DEBUG phase=pbp game_id=1022600030 source=json_cache rows=426 msg="pbp cache hit"
2026-06-07T10:26:15.375Z DEBUG phase=pbp game_id=1022600025 source=json_cache rows=409 msg="pbp cache hit"
2026-06-07T10:26:15.404Z DEBUG phase=pbp game_id=1022600027 source=json_cache rows=424 msg="pbp cache hit"
2026-06-07T10:26:15.442Z DEBUG phase=pbp game_id=1022600026 source=json_cache rows=456 msg="pbp cache hit"
2026-06-07T10:26:15.471Z DEBUG phase=pbp game_id=1022600028 source=json_cache rows=423 msg="pbp cache hit"
2026-06-07T10:26:15.502Z DEBUG phase=pbp game_id=1022600024 source=json_cache rows=448 msg="pbp cache hit"
2026-06-07T10:26:15.529Z DEBUG phase=pbp game_id=1022600023 source=json_cache rows=379 msg="pbp cache hit"
2026-06-07T10:26:15.557Z DEBUG phase=pbp game_id=1022600021 source=json_cache rows=409 msg="pbp cache hit"
2026-06-07T10:26:15.692Z DEBUG phase=pbp game_id=1022600022 source=json_cache rows=501 msg="pbp cache hit"
2026-06-07T10:26:15.727Z DEBUG phase=pbp game_id=1022600020 source=json_cache rows=413 msg="pbp cache hit"
2026-06-07T10:26:15.752Z DEBUG phase=pbp game_id=1022600019 source=json_cache rows=373 msg="pbp cache hit"
2026-06-07T10:26:15.779Z DEBUG phase=pbp game_id=1022600017 source=json_cache rows=408 msg="pbp cache hit"
2026-06-07T10:26:15.800Z DEBUG phase=pbp game_id=1022600015 source=json_cache rows=377 msg="pbp cache hit"
2026-06-07T10:26:15.826Z DEBUG phase=pbp game_id=1022600016 source=json_cache rows=411 msg="pbp cache hit"
2026-06-07T10:26:15.853Z DEBUG phase=pbp game_id=1022600018 source=json_cache rows=394 msg="pbp cache hit"
2026-06-07T10:26:15.880Z DEBUG phase=pbp game_id=1022600012 source=json_cache rows=388 msg="pbp cache hit"
2026-06-07T10:26:15.908Z DEBUG phase=pbp game_id=1022600013 source=json_cache rows=430 msg="pbp cache hit"
2026-06-07T10:26:15.933Z DEBUG phase=pbp game_id=1022600014 source=json_cache rows=377 msg="pbp cache hit"
2026-06-07T10:26:15.958Z DEBUG phase=pbp game_id=1022600011 source=json_cache rows=354 msg="pbp cache hit"
2026-06-07T10:26:15.991Z DEBUG phase=pbp game_id=1022600008 source=json_cache rows=487 msg="pbp cache hit"
2026-06-07T10:26:16.018Z DEBUG phase=pbp game_id=1022600009 source=json_cache rows=401 msg="pbp cache hit"
2026-06-07T10:26:16.048Z DEBUG phase=pbp game_id=1022600007 source=json_cache rows=435 msg="pbp cache hit"
2026-06-07T10:26:16.078Z DEBUG phase=pbp game_id=1022600006 source=json_cache rows=417 msg="pbp cache hit"
2026-06-07T10:26:16.103Z DEBUG phase=pbp game_id=1022600005 source=json_cache rows=375 msg="pbp cache hit"
2026-06-07T10:26:16.138Z DEBUG phase=pbp game_id=1022600004 source=json_cache rows=437 msg="pbp cache hit"
2026-06-07T10:26:16.167Z DEBUG phase=pbp game_id=1022600010 source=json_cache rows=459 msg="pbp cache hit"
2026-06-07T10:26:16.196Z DEBUG phase=pbp game_id=1022600001 source=json_cache rows=448 msg="pbp cache hit"
2026-06-07T10:26:16.227Z DEBUG phase=pbp game_id=1022600002 source=json_cache rows=465 msg="pbp cache hit"
2026-06-07T10:26:16.254Z DEBUG phase=pbp game_id=1022600003 source=json_cache rows=423 msg="pbp cache hit"
2026-06-07T10:26:23.647Z INFO  phase=pbp season=2026 rows=32825 games_total=80 games_ok=80 games_failed=0 msg="pbp ok"
2026-06-07T10:26:23.648Z INFO  phase=season 2026: pbp elapsed_s=232.08 msg="phase end: season 2026: pbp"
2026-06-07T10:26:23.653Z INFO  phase=master schedule msg="phase start: master schedule"
2026-06-07T10:26:25.681Z INFO  phase=master_schedule rows=160 games=80 seasons_covered=1 msg="master schedule ok"
2026-06-07T10:26:25.682Z INFO  phase=master schedule elapsed_s=2.03 msg="phase end: master schedule"
2026-06-07T10:26:25.686Z INFO  phase=manifest upload msg="phase start: manifest upload"
2026-06-07T10:26:29.814Z INFO  phase=manifest upload elapsed_s=4.13 msg="phase end: manifest upload"
2026-06-07T10:26:29.844Z INFO  start_year=2026 end_year=2026 msg="pipeline complete"
