2026-07-05T10:06:02.860Z INFO  start_year=2026 end_year=2026 rescrape=FALSE run_id=20260705T100602Z log_path=logs/wnba_stats_01_pbp_2026_2026_20260705T100602Z.log msg="WNBA Stats pbp: seasons 2026-2026 | rescrape=FALSE"
2026-07-05T10:06:03.121Z INFO  n_proxies=50 msg="proxy pool loaded: 50 proxies"
2026-07-05T10:06:03.234Z INFO  phase=season 2026: schedule msg="phase start: season 2026: schedule"
2026-07-05T10:06:06.457Z INFO  phase=schedule season=2026 rows=302 games=151 msg="schedule ok"
2026-07-05T10:06:06.459Z INFO  phase=season 2026: schedule elapsed_s=3.22 msg="phase end: season 2026: schedule"
2026-07-05T10:06:06.490Z INFO  phase=season 2026: player_game_logs msg="phase start: season 2026: player_game_logs"
2026-07-05T10:06:10.260Z INFO  phase=player_game_logs season=2026 rows=2998 players=209 msg="player_game_logs ok"
2026-07-05T10:06:10.262Z INFO  phase=season 2026: player_game_logs elapsed_s=3.77 msg="phase end: season 2026: player_game_logs"
2026-07-05T10:06:10.266Z INFO  phase=season 2026: pbp msg="phase start: season 2026: pbp"
2026-07-05T10:10:30.493Z WARN  phase=pbp game_id=1022600151 attempts=2 msg="pbp empty after retries"
2026-07-05T10:14:50.669Z WARN  phase=pbp game_id=1022600150 attempts=2 msg="pbp empty after retries"
2026-07-05T10:19:10.848Z WARN  phase=pbp game_id=1022600148 attempts=2 msg="pbp empty after retries"
2026-07-05T10:23:31.022Z WARN  phase=pbp game_id=1022600149 attempts=2 msg="pbp empty after retries"
2026-07-05T10:27:51.194Z WARN  phase=pbp game_id=1022600146 attempts=2 msg="pbp empty after retries"
2026-07-05T10:32:11.367Z WARN  phase=pbp game_id=1022600147 attempts=2 msg="pbp empty after retries"
2026-07-05T10:36:31.538Z WARN  phase=pbp game_id=1022600145 attempts=2 msg="pbp empty after retries"
2026-07-05T10:36:31.571Z DEBUG phase=pbp game_id=1022600144 source=json_cache rows=383 msg="pbp cache hit"
2026-07-05T10:36:31.592Z DEBUG phase=pbp game_id=1022600141 source=json_cache rows=375 msg="pbp cache hit"
2026-07-05T10:36:31.617Z DEBUG phase=pbp game_id=1022600143 source=json_cache rows=435 msg="pbp cache hit"
2026-07-05T10:36:31.655Z DEBUG phase=pbp game_id=1022600142 source=json_cache rows=629 msg="pbp cache hit"
2026-07-05T10:36:31.676Z DEBUG phase=pbp game_id=1022600138 source=json_cache rows=398 msg="pbp cache hit"
2026-07-05T10:36:31.701Z DEBUG phase=pbp game_id=1022600139 source=json_cache rows=433 msg="pbp cache hit"
2026-07-05T10:36:31.718Z DEBUG phase=pbp game_id=1022600140 source=json_cache rows=398 msg="pbp cache hit"
2026-07-05T10:36:31.741Z DEBUG phase=pbp game_id=1022600137 source=json_cache rows=420 msg="pbp cache hit"
2026-07-05T10:36:31.765Z DEBUG phase=pbp game_id=1022600136 source=json_cache rows=423 msg="pbp cache hit"
2026-07-05T10:36:31.786Z DEBUG phase=pbp game_id=1022600135 source=json_cache rows=374 msg="pbp cache hit"
2026-07-05T10:36:31.805Z DEBUG phase=pbp game_id=1022600132 source=json_cache rows=437 msg="pbp cache hit"
2026-07-05T10:36:31.828Z DEBUG phase=pbp game_id=1022600133 source=json_cache rows=398 msg="pbp cache hit"
2026-07-05T10:36:31.851Z DEBUG phase=pbp game_id=1022600134 source=json_cache rows=397 msg="pbp cache hit"
2026-07-05T10:36:31.876Z DEBUG phase=pbp game_id=1022600130 source=json_cache rows=427 msg="pbp cache hit"
2026-07-05T10:36:31.901Z DEBUG phase=pbp game_id=1022600129 source=json_cache rows=434 msg="pbp cache hit"
2026-07-05T10:36:31.924Z DEBUG phase=pbp game_id=1022600131 source=json_cache rows=391 msg="pbp cache hit"
2026-07-05T10:36:31.947Z DEBUG phase=pbp game_id=1022600128 source=json_cache rows=390 msg="pbp cache hit"
2026-07-05T10:36:31.968Z DEBUG phase=pbp game_id=1022600127 source=json_cache rows=349 msg="pbp cache hit"
2026-07-05T10:36:31.995Z DEBUG phase=pbp game_id=1022600124 source=json_cache rows=449 msg="pbp cache hit"
2026-07-05T10:36:32.027Z DEBUG phase=pbp game_id=1022600126 source=json_cache rows=396 msg="pbp cache hit"
2026-07-05T10:36:32.052Z DEBUG phase=pbp game_id=1022600125 source=json_cache rows=421 msg="pbp cache hit"
2026-07-05T10:36:32.081Z DEBUG phase=pbp game_id=1022600123 source=json_cache rows=453 msg="pbp cache hit"
2026-07-05T10:36:32.105Z DEBUG phase=pbp game_id=1022600121 source=json_cache rows=408 msg="pbp cache hit"
2026-07-05T10:36:32.131Z DEBUG phase=pbp game_id=1022600122 source=json_cache rows=394 msg="pbp cache hit"
2026-07-05T10:36:32.159Z DEBUG phase=pbp game_id=1022600120 source=json_cache rows=339 msg="pbp cache hit"
2026-07-05T10:36:32.187Z DEBUG phase=pbp game_id=1022600117 source=json_cache rows=457 msg="pbp cache hit"
2026-07-05T10:36:32.212Z DEBUG phase=pbp game_id=1022600119 source=json_cache rows=427 msg="pbp cache hit"
2026-07-05T10:36:32.234Z DEBUG phase=pbp game_id=1022600118 source=json_cache rows=377 msg="pbp cache hit"
2026-07-05T10:36:32.258Z DEBUG phase=pbp game_id=1022600114 source=json_cache rows=407 msg="pbp cache hit"
2026-07-05T10:36:32.282Z DEBUG phase=pbp game_id=1022600116 source=json_cache rows=410 msg="pbp cache hit"
2026-07-05T10:36:32.307Z DEBUG phase=pbp game_id=1022600115 source=json_cache rows=415 msg="pbp cache hit"
2026-07-05T10:36:32.332Z DEBUG phase=pbp game_id=1022600113 source=json_cache rows=436 msg="pbp cache hit"
2026-07-05T10:36:32.354Z DEBUG phase=pbp game_id=1022600107 source=json_cache rows=383 msg="pbp cache hit"
2026-07-05T10:36:32.375Z DEBUG phase=pbp game_id=1022600109 source=json_cache rows=364 msg="pbp cache hit"
2026-07-05T10:36:32.396Z DEBUG phase=pbp game_id=1022600111 source=json_cache rows=367 msg="pbp cache hit"
2026-07-05T10:36:32.419Z DEBUG phase=pbp game_id=1022600112 source=json_cache rows=409 msg="pbp cache hit"
2026-07-05T10:36:32.441Z DEBUG phase=pbp game_id=1022600108 source=json_cache rows=391 msg="pbp cache hit"
2026-07-05T10:36:32.465Z DEBUG phase=pbp game_id=1022600110 source=json_cache rows=406 msg="pbp cache hit"
2026-07-05T10:36:32.490Z DEBUG phase=pbp game_id=1022600106 source=json_cache rows=425 msg="pbp cache hit"
2026-07-05T10:36:32.514Z DEBUG phase=pbp game_id=1022600104 source=json_cache rows=418 msg="pbp cache hit"
2026-07-05T10:36:32.537Z DEBUG phase=pbp game_id=1022600105 source=json_cache rows=391 msg="pbp cache hit"
2026-07-05T10:36:32.565Z DEBUG phase=pbp game_id=1022600103 source=json_cache rows=365 msg="pbp cache hit"
2026-07-05T10:36:32.589Z DEBUG phase=pbp game_id=1022600102 source=json_cache rows=415 msg="pbp cache hit"
2026-07-05T10:36:32.613Z DEBUG phase=pbp game_id=1022600101 source=json_cache rows=400 msg="pbp cache hit"
2026-07-05T10:36:32.638Z DEBUG phase=pbp game_id=1022600100 source=json_cache rows=433 msg="pbp cache hit"
2026-07-05T10:36:32.661Z DEBUG phase=pbp game_id=1022600097 source=json_cache rows=387 msg="pbp cache hit"
2026-07-05T10:36:32.685Z DEBUG phase=pbp game_id=1022600099 source=json_cache rows=421 msg="pbp cache hit"
2026-07-05T10:36:32.702Z DEBUG phase=pbp game_id=1022600098 source=json_cache rows=372 msg="pbp cache hit"
2026-07-05T10:36:32.725Z DEBUG phase=pbp game_id=1022600095 source=json_cache rows=411 msg="pbp cache hit"
2026-07-05T10:36:32.748Z DEBUG phase=pbp game_id=1022600096 source=json_cache rows=408 msg="pbp cache hit"
2026-07-05T10:36:32.774Z DEBUG phase=pbp game_id=1022600092 source=json_cache rows=435 msg="pbp cache hit"
2026-07-05T10:36:32.799Z DEBUG phase=pbp game_id=1022600094 source=json_cache rows=401 msg="pbp cache hit"
2026-07-05T10:36:32.821Z DEBUG phase=pbp game_id=1022600093 source=json_cache rows=366 msg="pbp cache hit"
2026-07-05T10:36:32.851Z DEBUG phase=pbp game_id=1022600091 source=json_cache rows=519 msg="pbp cache hit"
2026-07-05T10:36:32.871Z DEBUG phase=pbp game_id=1022600090 source=json_cache rows=417 msg="pbp cache hit"
2026-07-05T10:36:32.892Z DEBUG phase=pbp game_id=1022600089 source=json_cache rows=501 msg="pbp cache hit"
2026-07-05T10:36:32.909Z DEBUG phase=pbp game_id=1022600086 source=json_cache rows=385 msg="pbp cache hit"
2026-07-05T10:36:32.930Z DEBUG phase=pbp game_id=1022600087 source=json_cache rows=371 msg="pbp cache hit"
2026-07-05T10:36:32.947Z DEBUG phase=pbp game_id=1022600088 source=json_cache rows=382 msg="pbp cache hit"
2026-07-05T10:36:32.965Z DEBUG phase=pbp game_id=1022600084 source=json_cache rows=417 msg="pbp cache hit"
2026-07-05T10:36:32.983Z DEBUG phase=pbp game_id=1022600083 source=json_cache rows=435 msg="pbp cache hit"
2026-07-05T10:36:33.000Z DEBUG phase=pbp game_id=1022600085 source=json_cache rows=391 msg="pbp cache hit"
2026-07-05T10:36:33.019Z DEBUG phase=pbp game_id=1022600082 source=json_cache rows=438 msg="pbp cache hit"
2026-07-05T10:36:33.038Z DEBUG phase=pbp game_id=1022600081 source=json_cache rows=446 msg="pbp cache hit"
2026-07-05T10:36:33.060Z DEBUG phase=pbp game_id=1022600078 source=json_cache rows=387 msg="pbp cache hit"
2026-07-05T10:36:33.084Z DEBUG phase=pbp game_id=1022600077 source=json_cache rows=391 msg="pbp cache hit"
2026-07-05T10:36:33.108Z DEBUG phase=pbp game_id=1022600080 source=json_cache rows=440 msg="pbp cache hit"
2026-07-05T10:36:33.134Z DEBUG phase=pbp game_id=1022600079 source=json_cache rows=454 msg="pbp cache hit"
2026-07-05T10:36:33.156Z DEBUG phase=pbp game_id=1022600075 source=json_cache rows=382 msg="pbp cache hit"
2026-07-05T10:36:33.181Z DEBUG phase=pbp game_id=1022600074 source=json_cache rows=417 msg="pbp cache hit"
2026-07-05T10:36:33.205Z DEBUG phase=pbp game_id=1022600076 source=json_cache rows=399 msg="pbp cache hit"
2026-07-05T10:36:33.229Z DEBUG phase=pbp game_id=1022600072 source=json_cache rows=406 msg="pbp cache hit"
2026-07-05T10:36:33.258Z DEBUG phase=pbp game_id=1022600073 source=json_cache rows=391 msg="pbp cache hit"
2026-07-05T10:36:33.281Z DEBUG phase=pbp game_id=1022600071 source=json_cache rows=402 msg="pbp cache hit"
2026-07-05T10:36:33.303Z DEBUG phase=pbp game_id=1022600070 source=json_cache rows=375 msg="pbp cache hit"
2026-07-05T10:36:33.329Z DEBUG phase=pbp game_id=1022600067 source=json_cache rows=444 msg="pbp cache hit"
2026-07-05T10:36:33.352Z DEBUG phase=pbp game_id=1022600066 source=json_cache rows=383 msg="pbp cache hit"
2026-07-05T10:36:33.373Z DEBUG phase=pbp game_id=1022600068 source=json_cache rows=382 msg="pbp cache hit"
2026-07-05T10:36:33.395Z DEBUG phase=pbp game_id=1022600069 source=json_cache rows=400 msg="pbp cache hit"
2026-07-05T10:36:33.420Z DEBUG phase=pbp game_id=1022600064 source=json_cache rows=421 msg="pbp cache hit"
2026-07-05T10:36:33.440Z DEBUG phase=pbp game_id=1022600065 source=json_cache rows=356 msg="pbp cache hit"
2026-07-05T10:37:51.350Z DEBUG phase=pbp game_id=1022600063 source=json_cache rows=416 msg="pbp cache hit"
2026-07-05T10:42:11.554Z DEBUG phase=pbp game_id=1022600061 source=json_cache rows=449 msg="pbp cache hit"
2026-07-05T10:46:31.668Z DEBUG phase=pbp game_id=1022600060 source=json_cache rows=391 msg="pbp cache hit"
2026-07-05T10:46:31.708Z DEBUG phase=pbp game_id=1022600062 source=json_cache rows=432 msg="pbp cache hit"
2026-07-05T10:46:31.730Z DEBUG phase=pbp game_id=1022600056 source=json_cache rows=386 msg="pbp cache hit"
2026-07-05T10:46:31.754Z DEBUG phase=pbp game_id=1022600058 source=json_cache rows=414 msg="pbp cache hit"
2026-07-05T10:46:31.777Z DEBUG phase=pbp game_id=1022600057 source=json_cache rows=416 msg="pbp cache hit"
2026-07-05T10:46:31.800Z DEBUG phase=pbp game_id=1022600059 source=json_cache rows=389 msg="pbp cache hit"
2026-07-05T10:46:31.827Z DEBUG phase=pbp game_id=1022600055 source=json_cache rows=439 msg="pbp cache hit"
2026-07-05T10:46:31.849Z DEBUG phase=pbp game_id=1022600054 source=json_cache rows=375 msg="pbp cache hit"
2026-07-05T10:46:31.873Z DEBUG phase=pbp game_id=1022600052 source=json_cache rows=418 msg="pbp cache hit"
2026-07-05T10:46:31.898Z DEBUG phase=pbp game_id=1022600050 source=json_cache rows=425 msg="pbp cache hit"
2026-07-05T10:46:31.922Z DEBUG phase=pbp game_id=1022600053 source=json_cache rows=406 msg="pbp cache hit"
2026-07-05T10:46:31.945Z DEBUG phase=pbp game_id=1022600049 source=json_cache rows=396 msg="pbp cache hit"
2026-07-05T10:46:31.972Z DEBUG phase=pbp game_id=1022600051 source=json_cache rows=357 msg="pbp cache hit"
2026-07-05T10:46:31.995Z DEBUG phase=pbp game_id=1022600047 source=json_cache rows=414 msg="pbp cache hit"
2026-07-05T10:46:32.021Z DEBUG phase=pbp game_id=1022600048 source=json_cache rows=435 msg="pbp cache hit"
2026-07-05T10:46:32.054Z DEBUG phase=pbp game_id=1022600044 source=json_cache rows=408 msg="pbp cache hit"
2026-07-05T10:46:32.080Z DEBUG phase=pbp game_id=1022600046 source=json_cache rows=428 msg="pbp cache hit"
2026-07-05T10:46:32.102Z DEBUG phase=pbp game_id=1022600045 source=json_cache rows=380 msg="pbp cache hit"
2026-07-05T10:46:32.127Z DEBUG phase=pbp game_id=1022600041 source=json_cache rows=450 msg="pbp cache hit"
2026-07-05T10:46:32.150Z DEBUG phase=pbp game_id=1022600043 source=json_cache rows=405 msg="pbp cache hit"
2026-07-05T10:46:32.173Z DEBUG phase=pbp game_id=1022600042 source=json_cache rows=414 msg="pbp cache hit"
2026-07-05T10:46:32.194Z DEBUG phase=pbp game_id=1022600040 source=json_cache rows=371 msg="pbp cache hit"
2026-07-05T10:46:32.221Z DEBUG phase=pbp game_id=1022600038 source=json_cache rows=379 msg="pbp cache hit"
2026-07-05T10:46:32.247Z DEBUG phase=pbp game_id=1022600039 source=json_cache rows=462 msg="pbp cache hit"
2026-07-05T10:46:32.270Z DEBUG phase=pbp game_id=1022600036 source=json_cache rows=395 msg="pbp cache hit"
2026-07-05T10:46:32.293Z DEBUG phase=pbp game_id=1022600035 source=json_cache rows=399 msg="pbp cache hit"
2026-07-05T10:46:32.318Z DEBUG phase=pbp game_id=1022600037 source=json_cache rows=424 msg="pbp cache hit"
2026-07-05T10:46:32.341Z DEBUG phase=pbp game_id=1022600033 source=json_cache rows=390 msg="pbp cache hit"
2026-07-05T10:46:32.367Z DEBUG phase=pbp game_id=1022600032 source=json_cache rows=410 msg="pbp cache hit"
2026-07-05T10:46:32.391Z DEBUG phase=pbp game_id=1022600034 source=json_cache rows=409 msg="pbp cache hit"
2026-07-05T10:46:32.420Z DEBUG phase=pbp game_id=1022600031 source=json_cache rows=403 msg="pbp cache hit"
2026-07-05T10:46:32.444Z DEBUG phase=pbp game_id=1022600029 source=json_cache rows=363 msg="pbp cache hit"
2026-07-05T10:46:32.468Z DEBUG phase=pbp game_id=1022600030 source=json_cache rows=426 msg="pbp cache hit"
2026-07-05T10:46:32.495Z DEBUG phase=pbp game_id=1022600026 source=json_cache rows=456 msg="pbp cache hit"
2026-07-05T10:46:32.520Z DEBUG phase=pbp game_id=1022600028 source=json_cache rows=423 msg="pbp cache hit"
2026-07-05T10:46:32.544Z DEBUG phase=pbp game_id=1022600025 source=json_cache rows=409 msg="pbp cache hit"
2026-07-05T10:46:32.568Z DEBUG phase=pbp game_id=1022600027 source=json_cache rows=424 msg="pbp cache hit"
2026-07-05T10:46:32.602Z DEBUG phase=pbp game_id=1022600022 source=json_cache rows=501 msg="pbp cache hit"
2026-07-05T10:46:32.626Z DEBUG phase=pbp game_id=1022600021 source=json_cache rows=409 msg="pbp cache hit"
2026-07-05T10:46:32.648Z DEBUG phase=pbp game_id=1022600023 source=json_cache rows=379 msg="pbp cache hit"
2026-07-05T10:46:32.673Z DEBUG phase=pbp game_id=1022600024 source=json_cache rows=448 msg="pbp cache hit"
2026-07-05T10:46:32.696Z DEBUG phase=pbp game_id=1022600020 source=json_cache rows=413 msg="pbp cache hit"
2026-07-05T10:46:32.718Z DEBUG phase=pbp game_id=1022600019 source=json_cache rows=373 msg="pbp cache hit"
2026-07-05T10:46:32.741Z DEBUG phase=pbp game_id=1022600016 source=json_cache rows=411 msg="pbp cache hit"
2026-07-05T10:46:32.779Z DEBUG phase=pbp game_id=1022600015 source=json_cache rows=377 msg="pbp cache hit"
2026-07-05T10:46:32.803Z DEBUG phase=pbp game_id=1022600018 source=json_cache rows=394 msg="pbp cache hit"
2026-07-05T10:46:32.827Z DEBUG phase=pbp game_id=1022600017 source=json_cache rows=408 msg="pbp cache hit"
2026-07-05T10:46:32.849Z DEBUG phase=pbp game_id=1022600014 source=json_cache rows=377 msg="pbp cache hit"
2026-07-05T10:46:32.871Z DEBUG phase=pbp game_id=1022600012 source=json_cache rows=388 msg="pbp cache hit"
2026-07-05T10:46:32.895Z DEBUG phase=pbp game_id=1022600013 source=json_cache rows=430 msg="pbp cache hit"
2026-07-05T10:46:32.923Z DEBUG phase=pbp game_id=1022600008 source=json_cache rows=487 msg="pbp cache hit"
2026-07-05T10:46:32.944Z DEBUG phase=pbp game_id=1022600011 source=json_cache rows=354 msg="pbp cache hit"
2026-07-05T10:46:32.968Z DEBUG phase=pbp game_id=1022600009 source=json_cache rows=401 msg="pbp cache hit"
2026-07-05T10:46:33.000Z DEBUG phase=pbp game_id=1022600007 source=json_cache rows=435 msg="pbp cache hit"
2026-07-05T10:46:33.028Z DEBUG phase=pbp game_id=1022600010 source=json_cache rows=459 msg="pbp cache hit"
2026-07-05T10:46:33.055Z DEBUG phase=pbp game_id=1022600006 source=json_cache rows=417 msg="pbp cache hit"
2026-07-05T10:46:33.082Z DEBUG phase=pbp game_id=1022600004 source=json_cache rows=437 msg="pbp cache hit"
2026-07-05T10:46:33.104Z DEBUG phase=pbp game_id=1022600005 source=json_cache rows=375 msg="pbp cache hit"
2026-07-05T10:46:33.129Z DEBUG phase=pbp game_id=1022600001 source=json_cache rows=448 msg="pbp cache hit"
2026-07-05T10:46:33.156Z DEBUG phase=pbp game_id=1022600002 source=json_cache rows=465 msg="pbp cache hit"
2026-07-05T10:46:33.180Z DEBUG phase=pbp game_id=1022600003 source=json_cache rows=423 msg="pbp cache hit"
2026-07-05T10:51:23.406Z WARN  phase=pbp game_id=1022600151 attempts=2 msg="pbp empty after retries"
2026-07-05T10:55:43.577Z WARN  phase=pbp game_id=1022600150 attempts=2 msg="pbp empty after retries"
2026-07-05T11:00:03.751Z WARN  phase=pbp game_id=1022600148 attempts=2 msg="pbp empty after retries"
2026-07-05T11:04:23.926Z WARN  phase=pbp game_id=1022600149 attempts=2 msg="pbp empty after retries"
2026-07-05T11:08:44.100Z WARN  phase=pbp game_id=1022600146 attempts=2 msg="pbp empty after retries"
2026-07-05T11:13:04.273Z WARN  phase=pbp game_id=1022600147 attempts=2 msg="pbp empty after retries"
2026-07-05T11:17:24.434Z WARN  phase=pbp game_id=1022600145 attempts=2 msg="pbp empty after retries"
2026-07-05T11:17:24.444Z INFO  phase=pbp season=2026 retried=7 recovered=0 still_failed=7 msg="pbp cool-off pass complete"
2026-07-05T11:17:35.618Z INFO  phase=pbp season=2026 rows=59182 games_total=151 games_ok=144 games_failed=7 msg="pbp ok"
2026-07-05T11:17:35.620Z INFO  phase=season 2026: pbp elapsed_s=4285.35 msg="phase end: season 2026: pbp"
2026-07-05T11:17:35.625Z INFO  phase=master schedule msg="phase start: master schedule"
2026-07-05T11:17:37.148Z INFO  phase=master_schedule rows=302 games=151 seasons_covered=1 msg="master schedule ok"
2026-07-05T11:17:37.150Z INFO  phase=master schedule elapsed_s=1.52 msg="phase end: master schedule"
2026-07-05T11:17:37.154Z INFO  phase=manifest upload msg="phase start: manifest upload"
2026-07-05T11:17:40.186Z INFO  phase=manifest upload elapsed_s=3.03 msg="phase end: manifest upload"
2026-07-05T11:17:40.222Z INFO  start_year=2026 end_year=2026 msg="pipeline complete"
