2026-07-10T10:55:44.673Z INFO  start_year=2026 end_year=2026 rescrape=FALSE run_id=20260710T105544Z log_path=logs/wnba_stats_01_pbp_2026_2026_20260710T105544Z.log msg="WNBA Stats pbp: seasons 2026-2026 | rescrape=FALSE"
2026-07-10T10:55:45.152Z INFO  n_proxies=50 msg="proxy pool loaded: 50 proxies"
2026-07-10T10:55:45.256Z INFO  phase=season 2026: schedule msg="phase start: season 2026: schedule"
2026-07-10T10:55:49.637Z INFO  phase=schedule season=2026 rows=328 games=164 msg="schedule ok"
2026-07-10T10:55:49.639Z INFO  phase=season 2026: schedule elapsed_s=4.38 msg="phase end: season 2026: schedule"
2026-07-10T10:55:49.671Z INFO  phase=season 2026: player_game_logs msg="phase start: season 2026: player_game_logs"
2026-07-10T10:55:54.224Z INFO  phase=player_game_logs season=2026 rows=3254 players=213 msg="player_game_logs ok"
2026-07-10T10:55:54.226Z INFO  phase=season 2026: player_game_logs elapsed_s=4.44 msg="phase end: season 2026: player_game_logs"
2026-07-10T10:55:54.230Z INFO  phase=season 2026: pbp msg="phase start: season 2026: pbp"
2026-07-10T11:00:14.449Z WARN  phase=pbp game_id=1022600164 attempts=2 msg="pbp empty after retries"
2026-07-10T11:04:34.610Z WARN  phase=pbp game_id=1022600163 attempts=2 msg="pbp empty after retries"
2026-07-10T11:08:54.777Z WARN  phase=pbp game_id=1022600162 attempts=2 msg="pbp empty after retries"
2026-07-10T11:13:14.940Z WARN  phase=pbp game_id=1022600160 attempts=2 msg="pbp empty after retries"
2026-07-10T11:17:35.104Z WARN  phase=pbp game_id=1022600161 attempts=2 msg="pbp empty after retries"
2026-07-10T11:21:55.270Z WARN  phase=pbp game_id=1022600159 attempts=2 msg="pbp empty after retries"
2026-07-10T11:26:15.440Z WARN  phase=pbp game_id=1022600158 attempts=2 msg="pbp empty after retries"
2026-07-10T11:30:35.592Z WARN  phase=pbp game_id=1022600157 attempts=2 msg="pbp empty after retries"
2026-07-10T11:34:55.754Z WARN  phase=pbp game_id=1022600155 attempts=2 msg="pbp empty after retries"
2026-07-10T11:39:15.918Z WARN  phase=pbp game_id=1022600156 attempts=2 msg="pbp empty after retries"
2026-07-10T11:43:36.080Z WARN  phase=pbp game_id=1022600154 attempts=2 msg="pbp empty after retries"
2026-07-10T11:47:56.244Z WARN  phase=pbp game_id=1022600152 attempts=2 msg="pbp empty after retries"
2026-07-10T11:52:16.402Z WARN  phase=pbp game_id=1022600153 attempts=2 msg="pbp empty after retries"
2026-07-10T11:56:36.560Z WARN  phase=pbp game_id=1022600150 attempts=2 msg="pbp empty after retries"
2026-07-10T12:00:56.721Z WARN  phase=pbp game_id=1022600151 attempts=2 msg="pbp empty after retries"
2026-07-10T12:05:16.879Z WARN  phase=pbp game_id=1022600149 attempts=2 msg="pbp empty after retries"
2026-07-10T12:09:37.043Z WARN  phase=pbp game_id=1022600148 attempts=2 msg="pbp empty after retries"
2026-07-10T12:13:57.210Z WARN  phase=pbp game_id=1022600146 attempts=2 msg="pbp empty after retries"
2026-07-10T12:18:17.365Z WARN  phase=pbp game_id=1022600147 attempts=2 msg="pbp empty after retries"
2026-07-10T12:22:37.513Z WARN  phase=pbp game_id=1022600145 attempts=2 msg="pbp empty after retries"
2026-07-10T12:22:37.546Z DEBUG phase=pbp game_id=1022600143 source=json_cache rows=435 msg="pbp cache hit"
2026-07-10T12:22:37.571Z DEBUG phase=pbp game_id=1022600141 source=json_cache rows=375 msg="pbp cache hit"
2026-07-10T12:22:37.593Z DEBUG phase=pbp game_id=1022600144 source=json_cache rows=383 msg="pbp cache hit"
2026-07-10T12:22:37.627Z DEBUG phase=pbp game_id=1022600142 source=json_cache rows=629 msg="pbp cache hit"
2026-07-10T12:22:37.644Z DEBUG phase=pbp game_id=1022600140 source=json_cache rows=398 msg="pbp cache hit"
2026-07-10T12:22:37.669Z DEBUG phase=pbp game_id=1022600139 source=json_cache rows=433 msg="pbp cache hit"
2026-07-10T12:22:37.686Z DEBUG phase=pbp game_id=1022600138 source=json_cache rows=398 msg="pbp cache hit"
2026-07-10T12:22:37.707Z DEBUG phase=pbp game_id=1022600135 source=json_cache rows=374 msg="pbp cache hit"
2026-07-10T12:22:37.730Z DEBUG phase=pbp game_id=1022600136 source=json_cache rows=423 msg="pbp cache hit"
2026-07-10T12:22:37.753Z DEBUG phase=pbp game_id=1022600137 source=json_cache rows=420 msg="pbp cache hit"
2026-07-10T12:22:37.776Z DEBUG phase=pbp game_id=1022600133 source=json_cache rows=398 msg="pbp cache hit"
2026-07-10T12:22:37.798Z DEBUG phase=pbp game_id=1022600134 source=json_cache rows=397 msg="pbp cache hit"
2026-07-10T12:22:37.817Z DEBUG phase=pbp game_id=1022600132 source=json_cache rows=437 msg="pbp cache hit"
2026-07-10T12:22:37.838Z DEBUG phase=pbp game_id=1022600131 source=json_cache rows=391 msg="pbp cache hit"
2026-07-10T12:22:37.863Z DEBUG phase=pbp game_id=1022600129 source=json_cache rows=434 msg="pbp cache hit"
2026-07-10T12:22:37.885Z DEBUG phase=pbp game_id=1022600128 source=json_cache rows=390 msg="pbp cache hit"
2026-07-10T12:22:37.908Z DEBUG phase=pbp game_id=1022600130 source=json_cache rows=427 msg="pbp cache hit"
2026-07-10T12:22:37.928Z DEBUG phase=pbp game_id=1022600127 source=json_cache rows=349 msg="pbp cache hit"
2026-07-10T12:22:37.952Z DEBUG phase=pbp game_id=1022600124 source=json_cache rows=449 msg="pbp cache hit"
2026-07-10T12:22:37.973Z DEBUG phase=pbp game_id=1022600126 source=json_cache rows=396 msg="pbp cache hit"
2026-07-10T12:22:37.996Z DEBUG phase=pbp game_id=1022600125 source=json_cache rows=421 msg="pbp cache hit"
2026-07-10T12:22:38.020Z DEBUG phase=pbp game_id=1022600123 source=json_cache rows=453 msg="pbp cache hit"
2026-07-10T12:22:38.049Z DEBUG phase=pbp game_id=1022600121 source=json_cache rows=408 msg="pbp cache hit"
2026-07-10T12:22:38.076Z DEBUG phase=pbp game_id=1022600120 source=json_cache rows=339 msg="pbp cache hit"
2026-07-10T12:22:38.098Z DEBUG phase=pbp game_id=1022600122 source=json_cache rows=394 msg="pbp cache hit"
2026-07-10T12:22:38.119Z DEBUG phase=pbp game_id=1022600118 source=json_cache rows=377 msg="pbp cache hit"
2026-07-10T12:22:38.143Z DEBUG phase=pbp game_id=1022600117 source=json_cache rows=457 msg="pbp cache hit"
2026-07-10T12:22:38.167Z DEBUG phase=pbp game_id=1022600119 source=json_cache rows=427 msg="pbp cache hit"
2026-07-10T12:22:38.189Z DEBUG phase=pbp game_id=1022600114 source=json_cache rows=407 msg="pbp cache hit"
2026-07-10T12:22:38.211Z DEBUG phase=pbp game_id=1022600115 source=json_cache rows=415 msg="pbp cache hit"
2026-07-10T12:22:38.234Z DEBUG phase=pbp game_id=1022600116 source=json_cache rows=410 msg="pbp cache hit"
2026-07-10T12:22:38.258Z DEBUG phase=pbp game_id=1022600113 source=json_cache rows=436 msg="pbp cache hit"
2026-07-10T12:22:38.280Z DEBUG phase=pbp game_id=1022600110 source=json_cache rows=406 msg="pbp cache hit"
2026-07-10T12:22:38.301Z DEBUG phase=pbp game_id=1022600111 source=json_cache rows=367 msg="pbp cache hit"
2026-07-10T12:22:38.322Z DEBUG phase=pbp game_id=1022600107 source=json_cache rows=383 msg="pbp cache hit"
2026-07-10T12:22:38.345Z DEBUG phase=pbp game_id=1022600112 source=json_cache rows=409 msg="pbp cache hit"
2026-07-10T12:22:38.365Z DEBUG phase=pbp game_id=1022600108 source=json_cache rows=391 msg="pbp cache hit"
2026-07-10T12:22:38.386Z DEBUG phase=pbp game_id=1022600109 source=json_cache rows=364 msg="pbp cache hit"
2026-07-10T12:22:38.409Z DEBUG phase=pbp game_id=1022600106 source=json_cache rows=425 msg="pbp cache hit"
2026-07-10T12:22:38.429Z DEBUG phase=pbp game_id=1022600103 source=json_cache rows=365 msg="pbp cache hit"
2026-07-10T12:22:38.450Z DEBUG phase=pbp game_id=1022600105 source=json_cache rows=391 msg="pbp cache hit"
2026-07-10T12:22:38.479Z DEBUG phase=pbp game_id=1022600104 source=json_cache rows=418 msg="pbp cache hit"
2026-07-10T12:22:38.501Z DEBUG phase=pbp game_id=1022600101 source=json_cache rows=400 msg="pbp cache hit"
2026-07-10T12:22:38.524Z DEBUG phase=pbp game_id=1022600102 source=json_cache rows=415 msg="pbp cache hit"
2026-07-10T12:22:38.546Z DEBUG phase=pbp game_id=1022600097 source=json_cache rows=387 msg="pbp cache hit"
2026-07-10T12:22:38.569Z DEBUG phase=pbp game_id=1022600100 source=json_cache rows=433 msg="pbp cache hit"
2026-07-10T12:22:38.584Z DEBUG phase=pbp game_id=1022600098 source=json_cache rows=372 msg="pbp cache hit"
2026-07-10T12:22:38.607Z DEBUG phase=pbp game_id=1022600099 source=json_cache rows=421 msg="pbp cache hit"
2026-07-10T12:22:38.629Z DEBUG phase=pbp game_id=1022600096 source=json_cache rows=408 msg="pbp cache hit"
2026-07-10T12:22:38.651Z DEBUG phase=pbp game_id=1022600095 source=json_cache rows=411 msg="pbp cache hit"
2026-07-10T12:22:38.671Z DEBUG phase=pbp game_id=1022600093 source=json_cache rows=366 msg="pbp cache hit"
2026-07-10T12:22:38.699Z DEBUG phase=pbp game_id=1022600091 source=json_cache rows=519 msg="pbp cache hit"
2026-07-10T12:22:38.721Z DEBUG phase=pbp game_id=1022600094 source=json_cache rows=401 msg="pbp cache hit"
2026-07-10T12:22:38.744Z DEBUG phase=pbp game_id=1022600092 source=json_cache rows=435 msg="pbp cache hit"
2026-07-10T12:22:38.761Z DEBUG phase=pbp game_id=1022600090 source=json_cache rows=417 msg="pbp cache hit"
2026-07-10T12:22:38.780Z DEBUG phase=pbp game_id=1022600089 source=json_cache rows=501 msg="pbp cache hit"
2026-07-10T12:22:38.797Z DEBUG phase=pbp game_id=1022600086 source=json_cache rows=385 msg="pbp cache hit"
2026-07-10T12:22:38.813Z DEBUG phase=pbp game_id=1022600088 source=json_cache rows=382 msg="pbp cache hit"
2026-07-10T12:22:38.836Z DEBUG phase=pbp game_id=1022600087 source=json_cache rows=371 msg="pbp cache hit"
2026-07-10T12:22:38.855Z DEBUG phase=pbp game_id=1022600083 source=json_cache rows=435 msg="pbp cache hit"
2026-07-10T12:22:38.872Z DEBUG phase=pbp game_id=1022600085 source=json_cache rows=391 msg="pbp cache hit"
2026-07-10T12:22:38.889Z DEBUG phase=pbp game_id=1022600084 source=json_cache rows=417 msg="pbp cache hit"
2026-07-10T12:22:38.909Z DEBUG phase=pbp game_id=1022600082 source=json_cache rows=438 msg="pbp cache hit"
2026-07-10T12:22:38.928Z DEBUG phase=pbp game_id=1022600081 source=json_cache rows=446 msg="pbp cache hit"
2026-07-10T12:22:38.953Z DEBUG phase=pbp game_id=1022600079 source=json_cache rows=454 msg="pbp cache hit"
2026-07-10T12:22:38.976Z DEBUG phase=pbp game_id=1022600080 source=json_cache rows=440 msg="pbp cache hit"
2026-07-10T12:22:38.998Z DEBUG phase=pbp game_id=1022600078 source=json_cache rows=387 msg="pbp cache hit"
2026-07-10T12:22:39.020Z DEBUG phase=pbp game_id=1022600077 source=json_cache rows=391 msg="pbp cache hit"
2026-07-10T12:22:39.042Z DEBUG phase=pbp game_id=1022600076 source=json_cache rows=399 msg="pbp cache hit"
2026-07-10T12:22:39.066Z DEBUG phase=pbp game_id=1022600074 source=json_cache rows=417 msg="pbp cache hit"
2026-07-10T12:22:39.087Z DEBUG phase=pbp game_id=1022600075 source=json_cache rows=382 msg="pbp cache hit"
2026-07-10T12:22:39.109Z DEBUG phase=pbp game_id=1022600073 source=json_cache rows=391 msg="pbp cache hit"
2026-07-10T12:22:39.131Z DEBUG phase=pbp game_id=1022600072 source=json_cache rows=406 msg="pbp cache hit"
2026-07-10T12:22:39.153Z DEBUG phase=pbp game_id=1022600071 source=json_cache rows=402 msg="pbp cache hit"
2026-07-10T12:22:39.180Z DEBUG phase=pbp game_id=1022600070 source=json_cache rows=375 msg="pbp cache hit"
2026-07-10T12:22:39.201Z DEBUG phase=pbp game_id=1022600069 source=json_cache rows=400 msg="pbp cache hit"
2026-07-10T12:22:39.225Z DEBUG phase=pbp game_id=1022600067 source=json_cache rows=444 msg="pbp cache hit"
2026-07-10T12:22:39.246Z DEBUG phase=pbp game_id=1022600066 source=json_cache rows=383 msg="pbp cache hit"
2026-07-10T12:22:39.267Z DEBUG phase=pbp game_id=1022600068 source=json_cache rows=382 msg="pbp cache hit"
2026-07-10T12:22:39.290Z DEBUG phase=pbp game_id=1022600064 source=json_cache rows=421 msg="pbp cache hit"
2026-07-10T12:22:39.310Z DEBUG phase=pbp game_id=1022600065 source=json_cache rows=356 msg="pbp cache hit"
2026-07-10T12:23:57.361Z DEBUG phase=pbp game_id=1022600063 source=json_cache rows=416 msg="pbp cache hit"
2026-07-10T12:28:17.551Z DEBUG phase=pbp game_id=1022600062 source=json_cache rows=432 msg="pbp cache hit"
2026-07-10T12:32:37.630Z DEBUG phase=pbp game_id=1022600060 source=json_cache rows=391 msg="pbp cache hit"
2026-07-10T12:32:37.663Z DEBUG phase=pbp game_id=1022600061 source=json_cache rows=449 msg="pbp cache hit"
2026-07-10T12:32:37.686Z DEBUG phase=pbp game_id=1022600058 source=json_cache rows=414 msg="pbp cache hit"
2026-07-10T12:32:37.709Z DEBUG phase=pbp game_id=1022600056 source=json_cache rows=386 msg="pbp cache hit"
2026-07-10T12:32:37.737Z DEBUG phase=pbp game_id=1022600057 source=json_cache rows=416 msg="pbp cache hit"
2026-07-10T12:32:37.760Z DEBUG phase=pbp game_id=1022600059 source=json_cache rows=389 msg="pbp cache hit"
2026-07-10T12:32:37.785Z DEBUG phase=pbp game_id=1022600055 source=json_cache rows=439 msg="pbp cache hit"
2026-07-10T12:32:37.807Z DEBUG phase=pbp game_id=1022600054 source=json_cache rows=375 msg="pbp cache hit"
2026-07-10T12:32:37.827Z DEBUG phase=pbp game_id=1022600051 source=json_cache rows=357 msg="pbp cache hit"
2026-07-10T12:32:37.851Z DEBUG phase=pbp game_id=1022600050 source=json_cache rows=425 msg="pbp cache hit"
2026-07-10T12:32:37.873Z DEBUG phase=pbp game_id=1022600049 source=json_cache rows=396 msg="pbp cache hit"
2026-07-10T12:32:37.896Z DEBUG phase=pbp game_id=1022600053 source=json_cache rows=406 msg="pbp cache hit"
2026-07-10T12:32:37.922Z DEBUG phase=pbp game_id=1022600052 source=json_cache rows=418 msg="pbp cache hit"
2026-07-10T12:32:37.945Z DEBUG phase=pbp game_id=1022600047 source=json_cache rows=414 msg="pbp cache hit"
2026-07-10T12:32:37.969Z DEBUG phase=pbp game_id=1022600048 source=json_cache rows=435 msg="pbp cache hit"
2026-07-10T12:32:37.992Z DEBUG phase=pbp game_id=1022600046 source=json_cache rows=428 msg="pbp cache hit"
2026-07-10T12:32:38.021Z DEBUG phase=pbp game_id=1022600044 source=json_cache rows=408 msg="pbp cache hit"
2026-07-10T12:32:38.043Z DEBUG phase=pbp game_id=1022600045 source=json_cache rows=380 msg="pbp cache hit"
2026-07-10T12:32:38.066Z DEBUG phase=pbp game_id=1022600042 source=json_cache rows=414 msg="pbp cache hit"
2026-07-10T12:32:38.095Z DEBUG phase=pbp game_id=1022600043 source=json_cache rows=405 msg="pbp cache hit"
2026-07-10T12:32:38.120Z DEBUG phase=pbp game_id=1022600041 source=json_cache rows=450 msg="pbp cache hit"
2026-07-10T12:32:38.141Z DEBUG phase=pbp game_id=1022600038 source=json_cache rows=379 msg="pbp cache hit"
2026-07-10T12:32:38.167Z DEBUG phase=pbp game_id=1022600039 source=json_cache rows=462 msg="pbp cache hit"
2026-07-10T12:32:38.189Z DEBUG phase=pbp game_id=1022600040 source=json_cache rows=371 msg="pbp cache hit"
2026-07-10T12:32:38.212Z DEBUG phase=pbp game_id=1022600037 source=json_cache rows=424 msg="pbp cache hit"
2026-07-10T12:32:38.235Z DEBUG phase=pbp game_id=1022600035 source=json_cache rows=399 msg="pbp cache hit"
2026-07-10T12:32:38.264Z DEBUG phase=pbp game_id=1022600036 source=json_cache rows=395 msg="pbp cache hit"
2026-07-10T12:32:38.288Z DEBUG phase=pbp game_id=1022600034 source=json_cache rows=409 msg="pbp cache hit"
2026-07-10T12:32:38.311Z DEBUG phase=pbp game_id=1022600033 source=json_cache rows=390 msg="pbp cache hit"
2026-07-10T12:32:38.334Z DEBUG phase=pbp game_id=1022600032 source=json_cache rows=410 msg="pbp cache hit"
2026-07-10T12:32:38.357Z DEBUG phase=pbp game_id=1022600031 source=json_cache rows=403 msg="pbp cache hit"
2026-07-10T12:32:38.378Z DEBUG phase=pbp game_id=1022600029 source=json_cache rows=363 msg="pbp cache hit"
2026-07-10T12:32:38.402Z DEBUG phase=pbp game_id=1022600030 source=json_cache rows=426 msg="pbp cache hit"
2026-07-10T12:32:38.426Z DEBUG phase=pbp game_id=1022600028 source=json_cache rows=423 msg="pbp cache hit"
2026-07-10T12:32:38.451Z DEBUG phase=pbp game_id=1022600027 source=json_cache rows=424 msg="pbp cache hit"
2026-07-10T12:32:38.477Z DEBUG phase=pbp game_id=1022600026 source=json_cache rows=456 msg="pbp cache hit"
2026-07-10T12:32:38.505Z DEBUG phase=pbp game_id=1022600025 source=json_cache rows=409 msg="pbp cache hit"
2026-07-10T12:32:38.529Z DEBUG phase=pbp game_id=1022600021 source=json_cache rows=409 msg="pbp cache hit"
2026-07-10T12:32:38.551Z DEBUG phase=pbp game_id=1022600023 source=json_cache rows=379 msg="pbp cache hit"
2026-07-10T12:32:38.579Z DEBUG phase=pbp game_id=1022600022 source=json_cache rows=501 msg="pbp cache hit"
2026-07-10T12:32:38.604Z DEBUG phase=pbp game_id=1022600024 source=json_cache rows=448 msg="pbp cache hit"
2026-07-10T12:32:38.625Z DEBUG phase=pbp game_id=1022600019 source=json_cache rows=373 msg="pbp cache hit"
2026-07-10T12:32:38.649Z DEBUG phase=pbp game_id=1022600020 source=json_cache rows=413 msg="pbp cache hit"
2026-07-10T12:32:38.672Z DEBUG phase=pbp game_id=1022600017 source=json_cache rows=408 msg="pbp cache hit"
2026-07-10T12:32:38.701Z DEBUG phase=pbp game_id=1022600018 source=json_cache rows=394 msg="pbp cache hit"
2026-07-10T12:32:38.725Z DEBUG phase=pbp game_id=1022600016 source=json_cache rows=411 msg="pbp cache hit"
2026-07-10T12:32:38.742Z DEBUG phase=pbp game_id=1022600015 source=json_cache rows=377 msg="pbp cache hit"
2026-07-10T12:32:38.764Z DEBUG phase=pbp game_id=1022600012 source=json_cache rows=388 msg="pbp cache hit"
2026-07-10T12:32:38.789Z DEBUG phase=pbp game_id=1022600013 source=json_cache rows=430 msg="pbp cache hit"
2026-07-10T12:32:38.811Z DEBUG phase=pbp game_id=1022600014 source=json_cache rows=377 msg="pbp cache hit"
2026-07-10T12:32:38.833Z DEBUG phase=pbp game_id=1022600009 source=json_cache rows=401 msg="pbp cache hit"
2026-07-10T12:32:38.866Z DEBUG phase=pbp game_id=1022600008 source=json_cache rows=487 msg="pbp cache hit"
2026-07-10T12:32:38.891Z DEBUG phase=pbp game_id=1022600007 source=json_cache rows=435 msg="pbp cache hit"
2026-07-10T12:32:38.912Z DEBUG phase=pbp game_id=1022600011 source=json_cache rows=354 msg="pbp cache hit"
2026-07-10T12:32:38.937Z DEBUG phase=pbp game_id=1022600004 source=json_cache rows=437 msg="pbp cache hit"
2026-07-10T12:32:38.958Z DEBUG phase=pbp game_id=1022600005 source=json_cache rows=375 msg="pbp cache hit"
2026-07-10T12:32:38.982Z DEBUG phase=pbp game_id=1022600006 source=json_cache rows=417 msg="pbp cache hit"
2026-07-10T12:32:39.040Z DEBUG phase=pbp game_id=1022600010 source=json_cache rows=459 msg="pbp cache hit"
2026-07-10T12:32:39.068Z DEBUG phase=pbp game_id=1022600001 source=json_cache rows=448 msg="pbp cache hit"
2026-07-10T12:32:39.093Z DEBUG phase=pbp game_id=1022600003 source=json_cache rows=423 msg="pbp cache hit"
2026-07-10T12:32:39.120Z DEBUG phase=pbp game_id=1022600002 source=json_cache rows=465 msg="pbp cache hit"
2026-07-10T12:37:29.316Z WARN  phase=pbp game_id=1022600164 attempts=2 msg="pbp empty after retries"
2026-07-10T12:41:49.473Z WARN  phase=pbp game_id=1022600163 attempts=2 msg="pbp empty after retries"
2026-07-10T12:46:09.628Z WARN  phase=pbp game_id=1022600162 attempts=2 msg="pbp empty after retries"
2026-07-10T12:50:29.786Z WARN  phase=pbp game_id=1022600160 attempts=2 msg="pbp empty after retries"
2026-07-10T12:54:49.954Z WARN  phase=pbp game_id=1022600161 attempts=2 msg="pbp empty after retries"
2026-07-10T12:59:10.117Z WARN  phase=pbp game_id=1022600159 attempts=2 msg="pbp empty after retries"
2026-07-10T13:03:30.281Z WARN  phase=pbp game_id=1022600158 attempts=2 msg="pbp empty after retries"
2026-07-10T13:07:50.576Z WARN  phase=pbp game_id=1022600157 attempts=2 msg="pbp empty after retries"
2026-07-10T13:12:10.733Z WARN  phase=pbp game_id=1022600155 attempts=2 msg="pbp empty after retries"
2026-07-10T13:16:30.891Z WARN  phase=pbp game_id=1022600156 attempts=2 msg="pbp empty after retries"
2026-07-10T13:20:51.051Z WARN  phase=pbp game_id=1022600154 attempts=2 msg="pbp empty after retries"
2026-07-10T13:25:11.209Z WARN  phase=pbp game_id=1022600152 attempts=2 msg="pbp empty after retries"
2026-07-10T13:29:31.367Z WARN  phase=pbp game_id=1022600153 attempts=2 msg="pbp empty after retries"
2026-07-10T13:33:51.512Z WARN  phase=pbp game_id=1022600150 attempts=2 msg="pbp empty after retries"
2026-07-10T13:38:11.656Z WARN  phase=pbp game_id=1022600151 attempts=2 msg="pbp empty after retries"
2026-07-10T13:42:31.815Z WARN  phase=pbp game_id=1022600149 attempts=2 msg="pbp empty after retries"
2026-07-10T13:46:51.963Z WARN  phase=pbp game_id=1022600148 attempts=2 msg="pbp empty after retries"
2026-07-10T13:51:12.121Z WARN  phase=pbp game_id=1022600146 attempts=2 msg="pbp empty after retries"
2026-07-10T13:55:32.278Z WARN  phase=pbp game_id=1022600147 attempts=2 msg="pbp empty after retries"
2026-07-10T13:59:52.438Z WARN  phase=pbp game_id=1022600145 attempts=2 msg="pbp empty after retries"
2026-07-10T13:59:52.447Z INFO  phase=pbp season=2026 retried=20 recovered=0 still_failed=20 msg="pbp cool-off pass complete"
2026-07-10T14:00:02.881Z INFO  phase=pbp season=2026 rows=59195 games_total=164 games_ok=144 games_failed=20 msg="pbp ok"
2026-07-10T14:00:02.883Z INFO  phase=season 2026: pbp elapsed_s=11048.65 msg="phase end: season 2026: pbp"
2026-07-10T14:00:02.887Z INFO  phase=master schedule msg="phase start: master schedule"
2026-07-10T14:00:05.562Z INFO  phase=master_schedule rows=328 games=164 seasons_covered=1 msg="master schedule ok"
2026-07-10T14:00:05.564Z INFO  phase=master schedule elapsed_s=2.67 msg="phase end: master schedule"
2026-07-10T14:00:05.567Z INFO  phase=manifest upload msg="phase start: manifest upload"
2026-07-10T14:00:10.511Z INFO  phase=manifest upload elapsed_s=4.94 msg="phase end: manifest upload"
2026-07-10T14:00:10.541Z INFO  start_year=2026 end_year=2026 msg="pipeline complete"
