2026-06-05T11:15:10.064Z INFO  start_year=2026 end_year=2026 rescrape=FALSE run_id=20260605T111510Z log_path=logs/wnba_stats_01_pbp_2026_2026_20260605T111510Z.log msg="WNBA Stats pbp: seasons 2026-2026 | rescrape=FALSE"
2026-06-05T11:15:10.399Z INFO  n_proxies=50 msg="proxy pool loaded: 50 proxies"
2026-06-05T11:15:10.518Z INFO  phase=season 2026: schedule msg="phase start: season 2026: schedule"
2026-06-05T11:15:14.311Z INFO  phase=schedule season=2026 rows=146 games=73 msg="schedule ok"
2026-06-05T11:15:14.314Z INFO  phase=season 2026: schedule elapsed_s=3.79 msg="phase end: season 2026: schedule"
2026-06-05T11:15:14.333Z INFO  phase=season 2026: player_game_logs msg="phase start: season 2026: player_game_logs"
2026-06-05T11:15:19.519Z INFO  phase=player_game_logs season=2026 rows=1457 players=197 msg="player_game_logs ok"
2026-06-05T11:15:19.521Z INFO  phase=season 2026: player_game_logs elapsed_s=5.19 msg="phase end: season 2026: player_game_logs"
2026-06-05T11:15:19.525Z INFO  phase=season 2026: pbp msg="phase start: season 2026: pbp"
2026-06-05T11:19:39.765Z WARN  phase=pbp game_id=1022600073 attempts=2 msg="pbp empty after retries"
2026-06-05T11:23:59.953Z WARN  phase=pbp game_id=1022600072 attempts=2 msg="pbp empty after retries"
2026-06-05T11:28:20.148Z WARN  phase=pbp game_id=1022600071 attempts=2 msg="pbp empty after retries"
2026-06-05T11:32:40.326Z WARN  phase=pbp game_id=1022600070 attempts=2 msg="pbp empty after retries"
2026-06-05T11:37:00.507Z WARN  phase=pbp game_id=1022600066 attempts=2 msg="pbp empty after retries"
2026-06-05T11:41:20.686Z WARN  phase=pbp game_id=1022600067 attempts=2 msg="pbp empty after retries"
2026-06-05T11:45:40.866Z WARN  phase=pbp game_id=1022600069 attempts=2 msg="pbp empty after retries"
2026-06-05T11:50:01.053Z WARN  phase=pbp game_id=1022600068 attempts=2 msg="pbp empty after retries"
2026-06-05T11:54:21.233Z WARN  phase=pbp game_id=1022600064 attempts=2 msg="pbp empty after retries"
2026-06-05T11:58:41.421Z WARN  phase=pbp game_id=1022600065 attempts=2 msg="pbp empty after retries"
2026-06-05T12:03:01.606Z WARN  phase=pbp game_id=1022600063 attempts=2 msg="pbp empty after retries"
2026-06-05T12:07:21.790Z WARN  phase=pbp game_id=1022600061 attempts=2 msg="pbp empty after retries"
2026-06-05T12:11:41.980Z WARN  phase=pbp game_id=1022600062 attempts=2 msg="pbp empty after retries"
2026-06-05T12:16:02.172Z WARN  phase=pbp game_id=1022600060 attempts=2 msg="pbp empty after retries"
2026-06-05T12:16:02.212Z DEBUG phase=pbp game_id=1022600056 source=json_cache rows=386 msg="pbp cache hit"
2026-06-05T12:16:02.241Z DEBUG phase=pbp game_id=1022600058 source=json_cache rows=414 msg="pbp cache hit"
2026-06-05T12:16:02.266Z DEBUG phase=pbp game_id=1022600059 source=json_cache rows=389 msg="pbp cache hit"
2026-06-05T12:16:02.295Z DEBUG phase=pbp game_id=1022600057 source=json_cache rows=416 msg="pbp cache hit"
2026-06-05T12:16:02.325Z DEBUG phase=pbp game_id=1022600055 source=json_cache rows=439 msg="pbp cache hit"
2026-06-05T12:16:02.350Z DEBUG phase=pbp game_id=1022600054 source=json_cache rows=375 msg="pbp cache hit"
2026-06-05T12:16:02.383Z DEBUG phase=pbp game_id=1022600050 source=json_cache rows=425 msg="pbp cache hit"
2026-06-05T12:16:02.412Z DEBUG phase=pbp game_id=1022600052 source=json_cache rows=418 msg="pbp cache hit"
2026-06-05T12:16:02.440Z DEBUG phase=pbp game_id=1022600049 source=json_cache rows=396 msg="pbp cache hit"
2026-06-05T12:16:02.468Z DEBUG phase=pbp game_id=1022600053 source=json_cache rows=406 msg="pbp cache hit"
2026-06-05T12:16:02.492Z DEBUG phase=pbp game_id=1022600051 source=json_cache rows=357 msg="pbp cache hit"
2026-06-05T12:16:02.519Z DEBUG phase=pbp game_id=1022600047 source=json_cache rows=414 msg="pbp cache hit"
2026-06-05T12:16:02.547Z DEBUG phase=pbp game_id=1022600048 source=json_cache rows=435 msg="pbp cache hit"
2026-06-05T12:16:02.576Z DEBUG phase=pbp game_id=1022600046 source=json_cache rows=428 msg="pbp cache hit"
2026-06-05T12:16:02.603Z DEBUG phase=pbp game_id=1022600044 source=json_cache rows=408 msg="pbp cache hit"
2026-06-05T12:16:02.630Z DEBUG phase=pbp game_id=1022600045 source=json_cache rows=380 msg="pbp cache hit"
2026-06-05T12:16:02.660Z DEBUG phase=pbp game_id=1022600042 source=json_cache rows=414 msg="pbp cache hit"
2026-06-05T12:16:02.691Z DEBUG phase=pbp game_id=1022600041 source=json_cache rows=450 msg="pbp cache hit"
2026-06-05T12:16:02.721Z DEBUG phase=pbp game_id=1022600043 source=json_cache rows=405 msg="pbp cache hit"
2026-06-05T12:16:02.749Z DEBUG phase=pbp game_id=1022600040 source=json_cache rows=371 msg="pbp cache hit"
2026-06-05T12:16:02.781Z DEBUG phase=pbp game_id=1022600039 source=json_cache rows=462 msg="pbp cache hit"
2026-06-05T12:16:02.808Z DEBUG phase=pbp game_id=1022600038 source=json_cache rows=379 msg="pbp cache hit"
2026-06-05T12:16:02.838Z DEBUG phase=pbp game_id=1022600037 source=json_cache rows=424 msg="pbp cache hit"
2026-06-05T12:16:02.866Z DEBUG phase=pbp game_id=1022600035 source=json_cache rows=399 msg="pbp cache hit"
2026-06-05T12:16:02.895Z DEBUG phase=pbp game_id=1022600036 source=json_cache rows=395 msg="pbp cache hit"
2026-06-05T12:16:02.922Z DEBUG phase=pbp game_id=1022600034 source=json_cache rows=409 msg="pbp cache hit"
2026-06-05T12:16:02.958Z DEBUG phase=pbp game_id=1022600032 source=json_cache rows=410 msg="pbp cache hit"
2026-06-05T12:16:02.986Z DEBUG phase=pbp game_id=1022600033 source=json_cache rows=390 msg="pbp cache hit"
2026-06-05T12:16:03.016Z DEBUG phase=pbp game_id=1022600031 source=json_cache rows=403 msg="pbp cache hit"
2026-06-05T12:16:03.042Z DEBUG phase=pbp game_id=1022600029 source=json_cache rows=363 msg="pbp cache hit"
2026-06-05T12:16:03.072Z DEBUG phase=pbp game_id=1022600030 source=json_cache rows=426 msg="pbp cache hit"
2026-06-05T12:16:03.100Z DEBUG phase=pbp game_id=1022600028 source=json_cache rows=423 msg="pbp cache hit"
2026-06-05T12:16:03.128Z DEBUG phase=pbp game_id=1022600025 source=json_cache rows=409 msg="pbp cache hit"
2026-06-05T12:16:03.161Z DEBUG phase=pbp game_id=1022600026 source=json_cache rows=456 msg="pbp cache hit"
2026-06-05T12:16:03.190Z DEBUG phase=pbp game_id=1022600027 source=json_cache rows=424 msg="pbp cache hit"
2026-06-05T12:16:03.221Z DEBUG phase=pbp game_id=1022600024 source=json_cache rows=448 msg="pbp cache hit"
2026-06-05T12:16:03.247Z DEBUG phase=pbp game_id=1022600023 source=json_cache rows=379 msg="pbp cache hit"
2026-06-05T12:16:03.283Z DEBUG phase=pbp game_id=1022600022 source=json_cache rows=501 msg="pbp cache hit"
2026-06-05T12:16:03.320Z DEBUG phase=pbp game_id=1022600021 source=json_cache rows=409 msg="pbp cache hit"
2026-06-05T12:16:03.349Z DEBUG phase=pbp game_id=1022600020 source=json_cache rows=413 msg="pbp cache hit"
2026-06-05T12:16:03.374Z DEBUG phase=pbp game_id=1022600019 source=json_cache rows=373 msg="pbp cache hit"
2026-06-05T12:16:03.402Z DEBUG phase=pbp game_id=1022600016 source=json_cache rows=411 msg="pbp cache hit"
2026-06-05T12:16:03.429Z DEBUG phase=pbp game_id=1022600018 source=json_cache rows=394 msg="pbp cache hit"
2026-06-05T12:16:03.451Z DEBUG phase=pbp game_id=1022600015 source=json_cache rows=377 msg="pbp cache hit"
2026-06-05T12:16:03.486Z DEBUG phase=pbp game_id=1022600017 source=json_cache rows=408 msg="pbp cache hit"
2026-06-05T12:16:03.513Z DEBUG phase=pbp game_id=1022600014 source=json_cache rows=377 msg="pbp cache hit"
2026-06-05T12:16:03.544Z DEBUG phase=pbp game_id=1022600013 source=json_cache rows=430 msg="pbp cache hit"
2026-06-05T12:16:03.571Z DEBUG phase=pbp game_id=1022600012 source=json_cache rows=388 msg="pbp cache hit"
2026-06-05T12:16:03.601Z DEBUG phase=pbp game_id=1022600007 source=json_cache rows=435 msg="pbp cache hit"
2026-06-05T12:16:03.636Z DEBUG phase=pbp game_id=1022600008 source=json_cache rows=487 msg="pbp cache hit"
2026-06-05T12:16:03.662Z DEBUG phase=pbp game_id=1022600011 source=json_cache rows=354 msg="pbp cache hit"
2026-06-05T12:16:03.691Z DEBUG phase=pbp game_id=1022600009 source=json_cache rows=401 msg="pbp cache hit"
2026-06-05T12:16:03.723Z DEBUG phase=pbp game_id=1022600004 source=json_cache rows=437 msg="pbp cache hit"
2026-06-05T12:16:03.751Z DEBUG phase=pbp game_id=1022600005 source=json_cache rows=375 msg="pbp cache hit"
2026-06-05T12:16:03.785Z DEBUG phase=pbp game_id=1022600010 source=json_cache rows=459 msg="pbp cache hit"
2026-06-05T12:16:03.815Z DEBUG phase=pbp game_id=1022600006 source=json_cache rows=417 msg="pbp cache hit"
2026-06-05T12:16:03.846Z DEBUG phase=pbp game_id=1022600003 source=json_cache rows=423 msg="pbp cache hit"
2026-06-05T12:16:03.878Z DEBUG phase=pbp game_id=1022600001 source=json_cache rows=448 msg="pbp cache hit"
2026-06-05T12:16:03.910Z DEBUG phase=pbp game_id=1022600002 source=json_cache rows=465 msg="pbp cache hit"
2026-06-05T12:20:54.150Z WARN  phase=pbp game_id=1022600073 attempts=2 msg="pbp empty after retries"
2026-06-05T12:25:14.356Z WARN  phase=pbp game_id=1022600072 attempts=2 msg="pbp empty after retries"
2026-06-05T12:29:34.548Z WARN  phase=pbp game_id=1022600071 attempts=2 msg="pbp empty after retries"
2026-06-05T12:33:54.731Z WARN  phase=pbp game_id=1022600070 attempts=2 msg="pbp empty after retries"
2026-06-05T12:38:14.923Z WARN  phase=pbp game_id=1022600066 attempts=2 msg="pbp empty after retries"
2026-06-05T12:42:35.113Z WARN  phase=pbp game_id=1022600067 attempts=2 msg="pbp empty after retries"
2026-06-05T12:46:55.304Z WARN  phase=pbp game_id=1022600069 attempts=2 msg="pbp empty after retries"
2026-06-05T12:51:15.495Z WARN  phase=pbp game_id=1022600068 attempts=2 msg="pbp empty after retries"
2026-06-05T12:55:35.677Z WARN  phase=pbp game_id=1022600064 attempts=2 msg="pbp empty after retries"
2026-06-05T12:59:55.866Z WARN  phase=pbp game_id=1022600065 attempts=2 msg="pbp empty after retries"
2026-06-05T13:04:16.058Z WARN  phase=pbp game_id=1022600063 attempts=2 msg="pbp empty after retries"
2026-06-05T13:08:36.251Z WARN  phase=pbp game_id=1022600061 attempts=2 msg="pbp empty after retries"
2026-06-05T13:12:56.443Z WARN  phase=pbp game_id=1022600062 attempts=2 msg="pbp empty after retries"
2026-06-05T13:17:16.631Z WARN  phase=pbp game_id=1022600060 attempts=2 msg="pbp empty after retries"
2026-06-05T13:17:16.642Z INFO  phase=pbp season=2026 retried=14 recovered=0 still_failed=14 msg="pbp cool-off pass complete"
2026-06-05T13:17:23.524Z INFO  phase=pbp season=2026 rows=24321 games_total=73 games_ok=59 games_failed=14 msg="pbp ok"
2026-06-05T13:17:23.526Z INFO  phase=season 2026: pbp elapsed_s=7324 msg="phase end: season 2026: pbp"
2026-06-05T13:17:23.531Z INFO  phase=master schedule msg="phase start: master schedule"
2026-06-05T13:17:25.839Z INFO  phase=master_schedule rows=146 games=73 seasons_covered=1 msg="master schedule ok"
2026-06-05T13:17:25.841Z INFO  phase=master schedule elapsed_s=2.31 msg="phase end: master schedule"
2026-06-05T13:17:25.845Z INFO  phase=manifest upload msg="phase start: manifest upload"
2026-06-05T13:17:30.565Z INFO  phase=manifest upload elapsed_s=4.72 msg="phase end: manifest upload"
2026-06-05T13:17:30.602Z INFO  start_year=2026 end_year=2026 msg="pipeline complete"
