2026-05-30T14:21:57.933Z INFO  start_year=2026 end_year=2026 rescrape=FALSE run_id=20260530T142157Z log_path=logs/wnba_stats_01_pbp_2026_2026_20260530T142157Z.log msg="WNBA Stats pbp: seasons 2026-2026 | rescrape=FALSE"
2026-05-30T14:21:58.388Z INFO  n_proxies=50 msg="proxy pool loaded: 50 proxies"
2026-05-30T14:21:58.491Z INFO  phase=season 2026: schedule msg="phase start: season 2026: schedule"
2026-05-30T14:22:05.611Z INFO  phase=schedule season=2026 rows=118 games=59 msg="schedule ok"
2026-05-30T14:22:05.612Z INFO  phase=season 2026: schedule elapsed_s=7.12 msg="phase end: season 2026: schedule"
2026-05-30T14:22:05.709Z INFO  phase=season 2026: player_game_logs msg="phase start: season 2026: player_game_logs"
2026-05-30T14:22:16.838Z INFO  phase=player_game_logs season=2026 rows=1177 players=195 msg="player_game_logs ok"
2026-05-30T14:22:16.840Z INFO  phase=season 2026: player_game_logs elapsed_s=11.13 msg="phase end: season 2026: player_game_logs"
2026-05-30T14:22:16.844Z INFO  phase=season 2026: pbp msg="phase start: season 2026: pbp"
2026-05-30T14:22:37.869Z DEBUG phase=pbp game_id=1022600059 rows=389 elapsed_s=20.93 attempt=1 source=api msg="pbp ok"
2026-05-30T14:23:19.051Z DEBUG phase=pbp game_id=1022600057 rows=416 elapsed_s=41.16 attempt=1 source=api msg="pbp ok"
2026-05-30T14:23:19.787Z DEBUG phase=pbp game_id=1022600058 rows=414 elapsed_s=0.71 attempt=1 source=api msg="pbp ok"
2026-05-30T14:23:40.287Z DEBUG phase=pbp game_id=1022600056 rows=386 elapsed_s=20.49 attempt=1 source=api msg="pbp ok"
2026-05-30T14:23:40.997Z DEBUG phase=pbp game_id=1022600055 rows=439 elapsed_s=0.69 attempt=1 source=api msg="pbp ok"
2026-05-30T14:24:01.510Z DEBUG phase=pbp game_id=1022600054 rows=375 elapsed_s=20.5 attempt=1 source=api msg="pbp ok"
2026-05-30T14:24:02.192Z DEBUG phase=pbp game_id=1022600052 rows=418 elapsed_s=0.66 attempt=1 source=api msg="pbp ok"
2026-05-30T14:24:02.785Z DEBUG phase=pbp game_id=1022600050 rows=425 elapsed_s=0.58 attempt=1 source=api msg="pbp ok"
2026-05-30T14:24:03.473Z DEBUG phase=pbp game_id=1022600049 rows=396 elapsed_s=0.68 attempt=1 source=api msg="pbp ok"
2026-05-30T14:24:03.969Z DEBUG phase=pbp game_id=1022600051 rows=357 elapsed_s=0.48 attempt=1 source=api msg="pbp ok"
2026-05-30T14:24:04.879Z DEBUG phase=pbp game_id=1022600053 rows=406 elapsed_s=0.9 attempt=1 source=api msg="pbp ok"
2026-05-30T14:24:25.407Z DEBUG phase=pbp game_id=1022600048 rows=435 elapsed_s=20.51 attempt=1 source=api msg="pbp ok"
2026-05-30T14:24:25.933Z DEBUG phase=pbp game_id=1022600047 rows=414 elapsed_s=0.51 attempt=1 source=api msg="pbp ok"
2026-05-30T14:24:26.552Z DEBUG phase=pbp game_id=1022600046 rows=428 elapsed_s=0.61 attempt=1 source=api msg="pbp ok"
2026-05-30T14:24:27.144Z DEBUG phase=pbp game_id=1022600044 rows=408 elapsed_s=0.58 attempt=1 source=api msg="pbp ok"
2026-05-30T14:24:47.727Z DEBUG phase=pbp game_id=1022600045 rows=380 elapsed_s=20.57 attempt=1 source=api msg="pbp ok"
2026-05-30T14:24:48.436Z DEBUG phase=pbp game_id=1022600042 rows=414 elapsed_s=0.69 attempt=1 source=api msg="pbp ok"
2026-05-30T14:25:28.965Z DEBUG phase=pbp game_id=1022600041 rows=450 elapsed_s=40.51 attempt=1 source=api msg="pbp ok"
2026-05-30T14:25:49.483Z DEBUG phase=pbp game_id=1022600043 rows=405 elapsed_s=20.5 attempt=1 source=api msg="pbp ok"
2026-05-30T14:25:50.392Z DEBUG phase=pbp game_id=1022600038 rows=379 elapsed_s=0.89 attempt=1 source=api msg="pbp ok"
2026-05-30T14:25:50.950Z DEBUG phase=pbp game_id=1022600039 rows=462 elapsed_s=0.54 attempt=1 source=api msg="pbp ok"
2026-05-30T14:25:51.691Z DEBUG phase=pbp game_id=1022600040 rows=371 elapsed_s=0.73 attempt=1 source=api msg="pbp ok"
2026-05-30T14:26:12.290Z DEBUG phase=pbp game_id=1022600037 rows=424 elapsed_s=20.58 attempt=1 source=api msg="pbp ok"
2026-05-30T14:26:32.837Z DEBUG phase=pbp game_id=1022600035 rows=399 elapsed_s=20.53 attempt=1 source=api msg="pbp ok"
2026-05-30T14:26:33.383Z DEBUG phase=pbp game_id=1022600036 rows=395 elapsed_s=0.53 attempt=1 source=api msg="pbp ok"
2026-05-30T14:26:33.965Z DEBUG phase=pbp game_id=1022600034 rows=409 elapsed_s=0.56 attempt=1 source=api msg="pbp ok"
2026-05-30T14:26:34.609Z DEBUG phase=pbp game_id=1022600033 rows=390 elapsed_s=0.63 attempt=1 source=api msg="pbp ok"
2026-05-30T14:26:35.212Z DEBUG phase=pbp game_id=1022600032 rows=410 elapsed_s=0.59 attempt=1 source=api msg="pbp ok"
2026-05-30T14:26:55.837Z DEBUG phase=pbp game_id=1022600031 rows=403 elapsed_s=20.61 attempt=1 source=api msg="pbp ok"
2026-05-30T14:26:56.400Z DEBUG phase=pbp game_id=1022600029 rows=363 elapsed_s=0.54 attempt=1 source=api msg="pbp ok"
2026-05-30T14:26:56.994Z DEBUG phase=pbp game_id=1022600030 rows=426 elapsed_s=0.58 attempt=1 source=api msg="pbp ok"
2026-05-30T14:26:57.617Z DEBUG phase=pbp game_id=1022600026 rows=456 elapsed_s=0.61 attempt=1 source=api msg="pbp ok"
2026-05-30T14:26:58.213Z DEBUG phase=pbp game_id=1022600025 rows=409 elapsed_s=0.57 attempt=1 source=api msg="pbp ok"
2026-05-30T14:27:18.698Z DEBUG phase=pbp game_id=1022600027 rows=424 elapsed_s=20.47 attempt=1 source=api msg="pbp ok"
2026-05-30T14:27:19.226Z DEBUG phase=pbp game_id=1022600028 rows=423 elapsed_s=0.51 attempt=1 source=api msg="pbp ok"
2026-05-30T14:27:39.773Z DEBUG phase=pbp game_id=1022600022 rows=501 elapsed_s=20.53 attempt=1 source=api msg="pbp ok"
2026-05-30T14:27:40.375Z DEBUG phase=pbp game_id=1022600024 rows=448 elapsed_s=0.58 attempt=1 source=api msg="pbp ok"
2026-05-30T14:28:00.952Z DEBUG phase=pbp game_id=1022600023 rows=379 elapsed_s=20.56 attempt=1 source=api msg="pbp ok"
2026-05-30T14:28:21.481Z DEBUG phase=pbp game_id=1022600021 rows=409 elapsed_s=20.51 attempt=1 source=api msg="pbp ok"
2026-05-30T14:28:42.217Z DEBUG phase=pbp game_id=1022600019 rows=373 elapsed_s=20.72 attempt=1 source=api msg="pbp ok"
2026-05-30T14:28:42.963Z DEBUG phase=pbp game_id=1022600020 rows=413 elapsed_s=0.73 attempt=1 source=api msg="pbp ok"
2026-05-30T14:28:43.562Z DEBUG phase=pbp game_id=1022600015 rows=377 elapsed_s=0.59 attempt=1 source=api msg="pbp ok"
2026-05-30T14:29:04.100Z DEBUG phase=pbp game_id=1022600017 rows=408 elapsed_s=20.53 attempt=1 source=api msg="pbp ok"
2026-05-30T14:29:25.253Z DEBUG phase=pbp game_id=1022600016 rows=411 elapsed_s=21.13 attempt=1 source=api msg="pbp ok"
2026-05-30T14:29:25.837Z DEBUG phase=pbp game_id=1022600018 rows=394 elapsed_s=0.56 attempt=1 source=api msg="pbp ok"
2026-05-30T14:29:46.369Z DEBUG phase=pbp game_id=1022600014 rows=377 elapsed_s=20.52 attempt=1 source=api msg="pbp ok"
2026-05-30T14:30:06.978Z DEBUG phase=pbp game_id=1022600013 rows=430 elapsed_s=20.59 attempt=1 source=api msg="pbp ok"
2026-05-30T14:31:07.499Z DEBUG phase=pbp game_id=1022600012 rows=388 elapsed_s=60.49 attempt=1 source=api msg="pbp ok"
2026-05-30T14:31:28.102Z DEBUG phase=pbp game_id=1022600007 rows=435 elapsed_s=20.58 attempt=1 source=api msg="pbp ok"
2026-05-30T14:32:08.819Z DEBUG phase=pbp game_id=1022600011 rows=354 elapsed_s=40.7 attempt=1 source=api msg="pbp ok"
2026-05-30T14:32:09.401Z DEBUG phase=pbp game_id=1022600009 rows=401 elapsed_s=0.56 attempt=1 source=api msg="pbp ok"
2026-05-30T14:32:29.932Z DEBUG phase=pbp game_id=1022600008 rows=487 elapsed_s=20.51 attempt=1 source=api msg="pbp ok"
2026-05-30T14:32:50.518Z DEBUG phase=pbp game_id=1022600006 rows=417 elapsed_s=20.57 attempt=1 source=api msg="pbp ok"
2026-05-30T14:33:11.113Z DEBUG phase=pbp game_id=1022600010 rows=459 elapsed_s=20.57 attempt=1 source=api msg="pbp ok"
2026-05-30T14:33:11.789Z DEBUG phase=pbp game_id=1022600004 rows=437 elapsed_s=0.66 attempt=1 source=api msg="pbp ok"
2026-05-30T14:33:12.396Z DEBUG phase=pbp game_id=1022600005 rows=375 elapsed_s=0.59 attempt=1 source=api msg="pbp ok"
2026-05-30T14:33:52.900Z DEBUG phase=pbp game_id=1022600002 rows=465 elapsed_s=40.48 attempt=1 source=api msg="pbp ok"
2026-05-30T14:34:33.420Z DEBUG phase=pbp game_id=1022600001 rows=448 elapsed_s=40.5 attempt=1 source=api msg="pbp ok"
2026-05-30T14:34:34.189Z DEBUG phase=pbp game_id=1022600003 rows=423 elapsed_s=0.75 attempt=1 source=api msg="pbp ok"
2026-05-30T14:34:40.276Z INFO  phase=pbp season=2026 rows=24307 games_total=59 games_ok=59 games_failed=0 msg="pbp ok"
2026-05-30T14:34:40.277Z INFO  phase=season 2026: pbp elapsed_s=743.43 msg="phase end: season 2026: pbp"
2026-05-30T14:34:40.282Z INFO  phase=master schedule msg="phase start: master schedule"
2026-05-30T14:34:42.349Z INFO  phase=master_schedule rows=118 games=59 seasons_covered=1 msg="master schedule ok"
2026-05-30T14:34:42.351Z INFO  phase=master schedule elapsed_s=2.07 msg="phase end: master schedule"
2026-05-30T14:34:42.355Z INFO  phase=manifest upload msg="phase start: manifest upload"
2026-05-30T14:34:46.530Z INFO  phase=manifest upload elapsed_s=4.17 msg="phase end: manifest upload"
2026-05-30T14:34:46.559Z INFO  start_year=2026 end_year=2026 msg="pipeline complete"
