2026-05-12T06:37:05.142Z INFO  start_year=2025 end_year=2025 rescrape=TRUE run_id=20260512T063705Z log_path=logs/wnba_stats_01_pbp_2025_2025_20260512T063705Z.log msg="WNBA Stats pbp: seasons 2025-2025 | rescrape=TRUE"
2026-05-12T06:37:05.532Z INFO  n_proxies=50 msg="proxy pool loaded: 50 proxies"
2026-05-12T06:37:05.673Z INFO  phase=season 2025: schedule msg="phase start: season 2025: schedule"
2026-05-12T06:37:09.054Z INFO  phase=schedule season=2025 rows=620 games=310 msg="schedule ok"
2026-05-12T06:37:09.055Z INFO  phase=season 2025: schedule elapsed_s=3.38 msg="phase end: season 2025: schedule"
2026-05-12T06:37:09.079Z INFO  phase=season 2025: player_game_logs msg="phase start: season 2025: player_game_logs"
2026-05-12T06:37:13.096Z INFO  phase=player_game_logs season=2025 rows=5407 players=182 msg="player_game_logs ok"
2026-05-12T06:37:13.098Z INFO  phase=season 2025: player_game_logs elapsed_s=4.02 msg="phase end: season 2025: player_game_logs"
2026-05-12T06:37:13.100Z INFO  phase=season 2025: pbp msg="phase start: season 2025: pbp"
2026-05-12T06:37:13.914Z DEBUG phase=pbp game_id=1022500285 rows=369 elapsed_s=0.75 attempt=1 source=api msg="pbp ok"
2026-05-12T06:37:14.413Z DEBUG phase=pbp game_id=1022500284 rows=369 elapsed_s=0.49 attempt=1 source=api msg="pbp ok"
2026-05-12T06:37:14.794Z DEBUG phase=pbp game_id=1022500286 rows=361 elapsed_s=0.36 attempt=1 source=api msg="pbp ok"
2026-05-12T06:37:15.316Z DEBUG phase=pbp game_id=1022500283 rows=335 elapsed_s=0.51 attempt=1 source=api msg="pbp ok"
2026-05-12T06:37:15.973Z DEBUG phase=pbp game_id=1022500282 rows=375 elapsed_s=0.65 attempt=1 source=api msg="pbp ok"
2026-05-12T06:38:35.021Z ERROR phase=season 2025: pbp msg="phase error: the condition has length > 1"
2026-05-12T06:38:35.023Z INFO  phase=season 2025: pbp elapsed_s=81.92 msg="phase end: season 2025: pbp"
2026-05-12T06:38:35.027Z INFO  phase=master schedule msg="phase start: master schedule"
2026-05-12T06:38:37.385Z INFO  phase=master_schedule rows=620 games=310 seasons_covered=1 msg="master schedule ok"
2026-05-12T06:38:37.386Z INFO  phase=master schedule elapsed_s=2.36 msg="phase end: master schedule"
2026-05-12T06:38:37.390Z INFO  phase=manifest upload msg="phase start: manifest upload"
2026-05-12T06:38:40.681Z INFO  phase=manifest upload elapsed_s=3.29 msg="phase end: manifest upload"
2026-05-12T06:38:40.688Z INFO  start_year=2025 end_year=2025 msg="pipeline complete"
