2026-06-23T10:58:56.974Z INFO  start_year=2026 end_year=2026 rescrape=FALSE run_id=20260623T105856Z log_path=logs/wnba_stats_01_pbp_2026_2026_20260623T105856Z.log msg="WNBA Stats pbp: seasons 2026-2026 | rescrape=FALSE"
2026-06-23T10:58:57.431Z INFO  n_proxies=50 msg="proxy pool loaded: 50 proxies"
2026-06-23T10:58:57.542Z INFO  phase=season 2026: schedule msg="phase start: season 2026: schedule"
2026-06-23T10:59:01.952Z INFO  phase=schedule season=2026 rows=252 games=126 msg="schedule ok"
2026-06-23T10:59:01.965Z INFO  phase=season 2026: schedule elapsed_s=4.42 msg="phase end: season 2026: schedule"
2026-06-23T10:59:02.058Z INFO  phase=season 2026: player_game_logs msg="phase start: season 2026: player_game_logs"
2026-06-23T10:59:06.847Z INFO  phase=player_game_logs season=2026 rows=2508 players=205 msg="player_game_logs ok"
2026-06-23T10:59:06.849Z INFO  phase=season 2026: player_game_logs elapsed_s=4.79 msg="phase end: season 2026: player_game_logs"
2026-06-23T10:59:06.853Z INFO  phase=season 2026: pbp msg="phase start: season 2026: pbp"
2026-06-23T11:03:27.082Z WARN  phase=pbp game_id=1022600126 attempts=2 msg="pbp empty after retries"
2026-06-23T11:07:47.256Z WARN  phase=pbp game_id=1022600123 attempts=2 msg="pbp empty after retries"
2026-06-23T11:12:07.429Z WARN  phase=pbp game_id=1022600125 attempts=2 msg="pbp empty after retries"
2026-06-23T11:16:27.597Z WARN  phase=pbp game_id=1022600124 attempts=2 msg="pbp empty after retries"
2026-06-23T11:20:47.761Z WARN  phase=pbp game_id=1022600120 attempts=2 msg="pbp empty after retries"
2026-06-23T11:25:07.924Z WARN  phase=pbp game_id=1022600121 attempts=2 msg="pbp empty after retries"
2026-06-23T11:29:28.094Z WARN  phase=pbp game_id=1022600122 attempts=2 msg="pbp empty after retries"
2026-06-23T11:33:48.264Z WARN  phase=pbp game_id=1022600118 attempts=2 msg="pbp empty after retries"
2026-06-23T11:38:08.433Z WARN  phase=pbp game_id=1022600117 attempts=2 msg="pbp empty after retries"
2026-06-23T11:42:28.593Z WARN  phase=pbp game_id=1022600119 attempts=2 msg="pbp empty after retries"
2026-06-23T11:46:48.765Z WARN  phase=pbp game_id=1022600114 attempts=2 msg="pbp empty after retries"
2026-06-23T11:51:08.936Z WARN  phase=pbp game_id=1022600116 attempts=2 msg="pbp empty after retries"
2026-06-23T11:55:29.108Z WARN  phase=pbp game_id=1022600115 attempts=2 msg="pbp empty after retries"
2026-06-23T11:59:49.280Z WARN  phase=pbp game_id=1022600113 attempts=2 msg="pbp empty after retries"
2026-06-23T12:04:09.447Z WARN  phase=pbp game_id=1022600112 attempts=2 msg="pbp empty after retries"
2026-06-23T12:08:29.614Z WARN  phase=pbp game_id=1022600107 attempts=2 msg="pbp empty after retries"
2026-06-23T12:12:49.777Z WARN  phase=pbp game_id=1022600110 attempts=2 msg="pbp empty after retries"
2026-06-23T12:17:09.954Z WARN  phase=pbp game_id=1022600111 attempts=2 msg="pbp empty after retries"
2026-06-23T12:21:30.127Z WARN  phase=pbp game_id=1022600109 attempts=2 msg="pbp empty after retries"
2026-06-23T12:25:50.299Z WARN  phase=pbp game_id=1022600108 attempts=2 msg="pbp empty after retries"
2026-06-23T12:30:10.469Z WARN  phase=pbp game_id=1022600106 attempts=2 msg="pbp empty after retries"
2026-06-23T12:34:30.640Z WARN  phase=pbp game_id=1022600104 attempts=2 msg="pbp empty after retries"
2026-06-23T12:38:50.813Z WARN  phase=pbp game_id=1022600103 attempts=2 msg="pbp empty after retries"
2026-06-23T12:43:10.986Z WARN  phase=pbp game_id=1022600105 attempts=2 msg="pbp empty after retries"
2026-06-23T12:47:31.153Z WARN  phase=pbp game_id=1022600101 attempts=2 msg="pbp empty after retries"
2026-06-23T12:51:51.324Z WARN  phase=pbp game_id=1022600102 attempts=2 msg="pbp empty after retries"
2026-06-23T12:56:11.492Z WARN  phase=pbp game_id=1022600099 attempts=2 msg="pbp empty after retries"
2026-06-23T13:00:31.664Z WARN  phase=pbp game_id=1022600098 attempts=2 msg="pbp empty after retries"
2026-06-23T13:04:51.825Z WARN  phase=pbp game_id=1022600100 attempts=2 msg="pbp empty after retries"
2026-06-23T13:09:11.999Z WARN  phase=pbp game_id=1022600097 attempts=2 msg="pbp empty after retries"
2026-06-23T13:13:32.172Z WARN  phase=pbp game_id=1022600096 attempts=2 msg="pbp empty after retries"
2026-06-23T13:17:52.337Z WARN  phase=pbp game_id=1022600095 attempts=2 msg="pbp empty after retries"
2026-06-23T13:22:12.508Z WARN  phase=pbp game_id=1022600093 attempts=2 msg="pbp empty after retries"
2026-06-23T13:26:32.680Z WARN  phase=pbp game_id=1022600092 attempts=2 msg="pbp empty after retries"
2026-06-23T13:30:52.853Z WARN  phase=pbp game_id=1022600091 attempts=2 msg="pbp empty after retries"
2026-06-23T13:35:13.029Z WARN  phase=pbp game_id=1022600094 attempts=2 msg="pbp empty after retries"
2026-06-23T13:35:13.059Z DEBUG phase=pbp game_id=1022600090 source=json_cache rows=417 msg="pbp cache hit"
2026-06-23T13:35:13.080Z DEBUG phase=pbp game_id=1022600089 source=json_cache rows=501 msg="pbp cache hit"
2026-06-23T13:35:13.096Z DEBUG phase=pbp game_id=1022600088 source=json_cache rows=382 msg="pbp cache hit"
2026-06-23T13:35:13.113Z DEBUG phase=pbp game_id=1022600086 source=json_cache rows=385 msg="pbp cache hit"
2026-06-23T13:35:13.129Z DEBUG phase=pbp game_id=1022600087 source=json_cache rows=371 msg="pbp cache hit"
2026-06-23T13:35:13.147Z DEBUG phase=pbp game_id=1022600084 source=json_cache rows=417 msg="pbp cache hit"
2026-06-23T13:35:13.166Z DEBUG phase=pbp game_id=1022600083 source=json_cache rows=435 msg="pbp cache hit"
2026-06-23T13:35:13.183Z DEBUG phase=pbp game_id=1022600085 source=json_cache rows=391 msg="pbp cache hit"
2026-06-23T13:35:13.202Z DEBUG phase=pbp game_id=1022600082 source=json_cache rows=438 msg="pbp cache hit"
2026-06-23T13:35:13.221Z DEBUG phase=pbp game_id=1022600081 source=json_cache rows=446 msg="pbp cache hit"
2026-06-23T13:35:13.243Z DEBUG phase=pbp game_id=1022600078 source=json_cache rows=387 msg="pbp cache hit"
2026-06-23T13:35:13.266Z DEBUG phase=pbp game_id=1022600077 source=json_cache rows=391 msg="pbp cache hit"
2026-06-23T13:35:13.292Z DEBUG phase=pbp game_id=1022600079 source=json_cache rows=454 msg="pbp cache hit"
2026-06-23T13:35:13.318Z DEBUG phase=pbp game_id=1022600080 source=json_cache rows=440 msg="pbp cache hit"
2026-06-23T13:35:13.340Z DEBUG phase=pbp game_id=1022600075 source=json_cache rows=382 msg="pbp cache hit"
2026-06-23T13:35:13.363Z DEBUG phase=pbp game_id=1022600076 source=json_cache rows=399 msg="pbp cache hit"
2026-06-23T13:35:13.387Z DEBUG phase=pbp game_id=1022600074 source=json_cache rows=417 msg="pbp cache hit"
2026-06-23T13:35:13.410Z DEBUG phase=pbp game_id=1022600072 source=json_cache rows=406 msg="pbp cache hit"
2026-06-23T13:35:13.432Z DEBUG phase=pbp game_id=1022600073 source=json_cache rows=391 msg="pbp cache hit"
2026-06-23T13:35:13.456Z DEBUG phase=pbp game_id=1022600071 source=json_cache rows=402 msg="pbp cache hit"
2026-06-23T13:35:13.477Z DEBUG phase=pbp game_id=1022600070 source=json_cache rows=375 msg="pbp cache hit"
2026-06-23T13:35:13.507Z DEBUG phase=pbp game_id=1022600069 source=json_cache rows=400 msg="pbp cache hit"
2026-06-23T13:35:13.530Z DEBUG phase=pbp game_id=1022600068 source=json_cache rows=382 msg="pbp cache hit"
2026-06-23T13:35:13.551Z DEBUG phase=pbp game_id=1022600066 source=json_cache rows=383 msg="pbp cache hit"
2026-06-23T13:35:13.576Z DEBUG phase=pbp game_id=1022600067 source=json_cache rows=444 msg="pbp cache hit"
2026-06-23T13:35:13.596Z DEBUG phase=pbp game_id=1022600065 source=json_cache rows=356 msg="pbp cache hit"
2026-06-23T13:35:13.619Z DEBUG phase=pbp game_id=1022600064 source=json_cache rows=421 msg="pbp cache hit"
2026-06-23T13:35:13.642Z DEBUG phase=pbp game_id=1022600063 source=json_cache rows=416 msg="pbp cache hit"
2026-06-23T13:35:13.666Z DEBUG phase=pbp game_id=1022600062 source=json_cache rows=432 msg="pbp cache hit"
2026-06-23T13:35:13.687Z DEBUG phase=pbp game_id=1022600060 source=json_cache rows=391 msg="pbp cache hit"
2026-06-23T13:35:13.712Z DEBUG phase=pbp game_id=1022600061 source=json_cache rows=449 msg="pbp cache hit"
2026-06-23T13:35:13.735Z DEBUG phase=pbp game_id=1022600058 source=json_cache rows=414 msg="pbp cache hit"
2026-06-23T13:35:13.756Z DEBUG phase=pbp game_id=1022600056 source=json_cache rows=386 msg="pbp cache hit"
2026-06-23T13:35:13.778Z DEBUG phase=pbp game_id=1022600059 source=json_cache rows=389 msg="pbp cache hit"
2026-06-23T13:35:13.801Z DEBUG phase=pbp game_id=1022600057 source=json_cache rows=416 msg="pbp cache hit"
2026-06-23T13:35:13.821Z DEBUG phase=pbp game_id=1022600054 source=json_cache rows=375 msg="pbp cache hit"
2026-06-23T13:35:13.845Z DEBUG phase=pbp game_id=1022600055 source=json_cache rows=439 msg="pbp cache hit"
2026-06-23T13:35:13.868Z DEBUG phase=pbp game_id=1022600052 source=json_cache rows=418 msg="pbp cache hit"
2026-06-23T13:35:13.892Z DEBUG phase=pbp game_id=1022600050 source=json_cache rows=425 msg="pbp cache hit"
2026-06-23T13:35:13.911Z DEBUG phase=pbp game_id=1022600051 source=json_cache rows=357 msg="pbp cache hit"
2026-06-23T13:35:13.955Z DEBUG phase=pbp game_id=1022600053 source=json_cache rows=406 msg="pbp cache hit"
2026-06-23T13:35:13.978Z DEBUG phase=pbp game_id=1022600049 source=json_cache rows=396 msg="pbp cache hit"
2026-06-23T13:35:14.001Z DEBUG phase=pbp game_id=1022600047 source=json_cache rows=414 msg="pbp cache hit"
2026-06-23T13:35:14.024Z DEBUG phase=pbp game_id=1022600048 source=json_cache rows=435 msg="pbp cache hit"
2026-06-23T13:35:14.045Z DEBUG phase=pbp game_id=1022600045 source=json_cache rows=380 msg="pbp cache hit"
2026-06-23T13:35:14.067Z DEBUG phase=pbp game_id=1022600044 source=json_cache rows=408 msg="pbp cache hit"
2026-06-23T13:35:14.090Z DEBUG phase=pbp game_id=1022600046 source=json_cache rows=428 msg="pbp cache hit"
2026-06-23T13:35:14.114Z DEBUG phase=pbp game_id=1022600042 source=json_cache rows=414 msg="pbp cache hit"
2026-06-23T13:35:14.138Z DEBUG phase=pbp game_id=1022600041 source=json_cache rows=450 msg="pbp cache hit"
2026-06-23T13:35:14.161Z DEBUG phase=pbp game_id=1022600043 source=json_cache rows=405 msg="pbp cache hit"
2026-06-23T13:35:14.182Z DEBUG phase=pbp game_id=1022600038 source=json_cache rows=379 msg="pbp cache hit"
2026-06-23T13:35:14.207Z DEBUG phase=pbp game_id=1022600039 source=json_cache rows=462 msg="pbp cache hit"
2026-06-23T13:35:14.227Z DEBUG phase=pbp game_id=1022600040 source=json_cache rows=371 msg="pbp cache hit"
2026-06-23T13:35:14.250Z DEBUG phase=pbp game_id=1022600036 source=json_cache rows=395 msg="pbp cache hit"
2026-06-23T13:35:14.273Z DEBUG phase=pbp game_id=1022600037 source=json_cache rows=424 msg="pbp cache hit"
2026-06-23T13:35:14.296Z DEBUG phase=pbp game_id=1022600035 source=json_cache rows=399 msg="pbp cache hit"
2026-06-23T13:35:14.318Z DEBUG phase=pbp game_id=1022600032 source=json_cache rows=410 msg="pbp cache hit"
2026-06-23T13:35:14.348Z DEBUG phase=pbp game_id=1022600034 source=json_cache rows=409 msg="pbp cache hit"
2026-06-23T13:35:14.370Z DEBUG phase=pbp game_id=1022600033 source=json_cache rows=390 msg="pbp cache hit"
2026-06-23T13:35:14.392Z DEBUG phase=pbp game_id=1022600031 source=json_cache rows=403 msg="pbp cache hit"
2026-06-23T13:35:14.415Z DEBUG phase=pbp game_id=1022600030 source=json_cache rows=426 msg="pbp cache hit"
2026-06-23T13:35:14.435Z DEBUG phase=pbp game_id=1022600029 source=json_cache rows=363 msg="pbp cache hit"
2026-06-23T13:35:14.461Z DEBUG phase=pbp game_id=1022600026 source=json_cache rows=456 msg="pbp cache hit"
2026-06-23T13:35:14.491Z DEBUG phase=pbp game_id=1022600025 source=json_cache rows=409 msg="pbp cache hit"
2026-06-23T13:35:14.515Z DEBUG phase=pbp game_id=1022600027 source=json_cache rows=424 msg="pbp cache hit"
2026-06-23T13:35:14.538Z DEBUG phase=pbp game_id=1022600028 source=json_cache rows=423 msg="pbp cache hit"
2026-06-23T13:35:14.559Z DEBUG phase=pbp game_id=1022600023 source=json_cache rows=379 msg="pbp cache hit"
2026-06-23T13:35:14.584Z DEBUG phase=pbp game_id=1022600024 source=json_cache rows=448 msg="pbp cache hit"
2026-06-23T13:35:14.611Z DEBUG phase=pbp game_id=1022600022 source=json_cache rows=501 msg="pbp cache hit"
2026-06-23T13:35:14.634Z DEBUG phase=pbp game_id=1022600021 source=json_cache rows=409 msg="pbp cache hit"
2026-06-23T13:35:14.654Z DEBUG phase=pbp game_id=1022600019 source=json_cache rows=373 msg="pbp cache hit"
2026-06-23T13:35:14.677Z DEBUG phase=pbp game_id=1022600020 source=json_cache rows=413 msg="pbp cache hit"
2026-06-23T13:35:14.706Z DEBUG phase=pbp game_id=1022600018 source=json_cache rows=394 msg="pbp cache hit"
2026-06-23T13:35:14.722Z DEBUG phase=pbp game_id=1022600015 source=json_cache rows=377 msg="pbp cache hit"
2026-06-23T13:35:14.744Z DEBUG phase=pbp game_id=1022600016 source=json_cache rows=411 msg="pbp cache hit"
2026-06-23T13:35:14.767Z DEBUG phase=pbp game_id=1022600017 source=json_cache rows=408 msg="pbp cache hit"
2026-06-23T13:35:14.788Z DEBUG phase=pbp game_id=1022600014 source=json_cache rows=377 msg="pbp cache hit"
2026-06-23T13:35:14.809Z DEBUG phase=pbp game_id=1022600012 source=json_cache rows=388 msg="pbp cache hit"
2026-06-23T13:35:14.833Z DEBUG phase=pbp game_id=1022600013 source=json_cache rows=430 msg="pbp cache hit"
2026-06-23T13:35:14.859Z DEBUG phase=pbp game_id=1022600008 source=json_cache rows=487 msg="pbp cache hit"
2026-06-23T13:35:14.882Z DEBUG phase=pbp game_id=1022600009 source=json_cache rows=401 msg="pbp cache hit"
2026-06-23T13:36:32.842Z DEBUG phase=pbp game_id=1022600007 source=json_cache rows=435 msg="pbp cache hit"
2026-06-23T13:40:52.989Z DEBUG phase=pbp game_id=1022600011 source=json_cache rows=354 msg="pbp cache hit"
2026-06-23T13:45:13.160Z DEBUG phase=pbp game_id=1022600005 source=json_cache rows=375 msg="pbp cache hit"
2026-06-23T13:45:13.193Z DEBUG phase=pbp game_id=1022600010 source=json_cache rows=459 msg="pbp cache hit"
2026-06-23T13:45:13.224Z DEBUG phase=pbp game_id=1022600004 source=json_cache rows=437 msg="pbp cache hit"
2026-06-23T13:45:13.247Z DEBUG phase=pbp game_id=1022600006 source=json_cache rows=417 msg="pbp cache hit"
2026-06-23T13:45:13.273Z DEBUG phase=pbp game_id=1022600001 source=json_cache rows=448 msg="pbp cache hit"
2026-06-23T13:45:13.298Z DEBUG phase=pbp game_id=1022600002 source=json_cache rows=465 msg="pbp cache hit"
2026-06-23T13:45:13.322Z DEBUG phase=pbp game_id=1022600003 source=json_cache rows=423 msg="pbp cache hit"
2026-06-23T13:50:03.545Z WARN  phase=pbp game_id=1022600126 attempts=2 msg="pbp empty after retries"
2026-06-23T13:54:23.720Z WARN  phase=pbp game_id=1022600123 attempts=2 msg="pbp empty after retries"
2026-06-23T13:58:43.890Z WARN  phase=pbp game_id=1022600125 attempts=2 msg="pbp empty after retries"
2026-06-23T14:03:04.064Z WARN  phase=pbp game_id=1022600124 attempts=2 msg="pbp empty after retries"
2026-06-23T14:07:24.238Z WARN  phase=pbp game_id=1022600120 attempts=2 msg="pbp empty after retries"
2026-06-23T14:11:44.411Z WARN  phase=pbp game_id=1022600121 attempts=2 msg="pbp empty after retries"
2026-06-23T14:16:04.586Z WARN  phase=pbp game_id=1022600122 attempts=2 msg="pbp empty after retries"
2026-06-23T14:20:24.753Z WARN  phase=pbp game_id=1022600118 attempts=2 msg="pbp empty after retries"
2026-06-23T14:24:44.925Z WARN  phase=pbp game_id=1022600117 attempts=2 msg="pbp empty after retries"
2026-06-23T14:29:05.101Z WARN  phase=pbp game_id=1022600119 attempts=2 msg="pbp empty after retries"
2026-06-23T14:33:25.278Z WARN  phase=pbp game_id=1022600114 attempts=2 msg="pbp empty after retries"
2026-06-23T14:37:45.449Z WARN  phase=pbp game_id=1022600116 attempts=2 msg="pbp empty after retries"
2026-06-23T14:42:05.616Z WARN  phase=pbp game_id=1022600115 attempts=2 msg="pbp empty after retries"
2026-06-23T14:46:25.789Z WARN  phase=pbp game_id=1022600113 attempts=2 msg="pbp empty after retries"
2026-06-23T14:50:45.969Z WARN  phase=pbp game_id=1022600112 attempts=2 msg="pbp empty after retries"
2026-06-23T14:55:06.243Z WARN  phase=pbp game_id=1022600107 attempts=2 msg="pbp empty after retries"
2026-06-23T14:59:26.410Z WARN  phase=pbp game_id=1022600110 attempts=2 msg="pbp empty after retries"
2026-06-23T15:03:46.561Z WARN  phase=pbp game_id=1022600111 attempts=2 msg="pbp empty after retries"
2026-06-23T15:08:06.729Z WARN  phase=pbp game_id=1022600109 attempts=2 msg="pbp empty after retries"
2026-06-23T15:12:26.896Z WARN  phase=pbp game_id=1022600108 attempts=2 msg="pbp empty after retries"
2026-06-23T15:16:47.059Z WARN  phase=pbp game_id=1022600106 attempts=2 msg="pbp empty after retries"
2026-06-23T15:21:07.229Z WARN  phase=pbp game_id=1022600104 attempts=2 msg="pbp empty after retries"
2026-06-23T15:25:27.395Z WARN  phase=pbp game_id=1022600103 attempts=2 msg="pbp empty after retries"
2026-06-23T15:29:47.553Z WARN  phase=pbp game_id=1022600105 attempts=2 msg="pbp empty after retries"
2026-06-23T15:34:07.706Z WARN  phase=pbp game_id=1022600101 attempts=2 msg="pbp empty after retries"
2026-06-23T15:38:27.876Z WARN  phase=pbp game_id=1022600102 attempts=2 msg="pbp empty after retries"
2026-06-23T15:42:48.047Z WARN  phase=pbp game_id=1022600099 attempts=2 msg="pbp empty after retries"
2026-06-23T15:47:08.219Z WARN  phase=pbp game_id=1022600098 attempts=2 msg="pbp empty after retries"
2026-06-23T15:51:28.386Z WARN  phase=pbp game_id=1022600100 attempts=2 msg="pbp empty after retries"
2026-06-23T15:55:48.542Z WARN  phase=pbp game_id=1022600097 attempts=2 msg="pbp empty after retries"
2026-06-23T16:00:08.702Z WARN  phase=pbp game_id=1022600096 attempts=2 msg="pbp empty after retries"
2026-06-23T16:04:28.873Z WARN  phase=pbp game_id=1022600095 attempts=2 msg="pbp empty after retries"
2026-06-23T16:08:49.044Z WARN  phase=pbp game_id=1022600093 attempts=2 msg="pbp empty after retries"
2026-06-23T16:13:09.206Z WARN  phase=pbp game_id=1022600092 attempts=2 msg="pbp empty after retries"
2026-06-23T16:17:29.375Z WARN  phase=pbp game_id=1022600091 attempts=2 msg="pbp empty after retries"
2026-06-23T16:21:49.539Z WARN  phase=pbp game_id=1022600094 attempts=2 msg="pbp empty after retries"
2026-06-23T16:21:49.549Z INFO  phase=pbp season=2026 retried=36 recovered=0 still_failed=36 msg="pbp cool-off pass complete"
2026-06-23T16:21:57.841Z INFO  phase=pbp season=2026 rows=37044 games_total=126 games_ok=90 games_failed=36 msg="pbp ok"
2026-06-23T16:21:57.842Z INFO  phase=season 2026: pbp elapsed_s=19370.99 msg="phase end: season 2026: pbp"
2026-06-23T16:21:57.847Z INFO  phase=master schedule msg="phase start: master schedule"
2026-06-23T16:22:00.363Z INFO  phase=master_schedule rows=252 games=126 seasons_covered=1 msg="master schedule ok"
2026-06-23T16:22:00.364Z INFO  phase=master schedule elapsed_s=2.52 msg="phase end: master schedule"
2026-06-23T16:22:00.368Z INFO  phase=manifest upload msg="phase start: manifest upload"
2026-06-23T16:22:05.333Z INFO  phase=manifest upload elapsed_s=4.96 msg="phase end: manifest upload"
2026-06-23T16:22:05.364Z INFO  start_year=2026 end_year=2026 msg="pipeline complete"
