2026-06-11T11:39:37.168Z INFO  start_year=2026 end_year=2026 rescrape=FALSE run_id=20260611T113937Z log_path=logs/wnba_stats_01_pbp_2026_2026_20260611T113937Z.log msg="WNBA Stats pbp: seasons 2026-2026 | rescrape=FALSE"
2026-06-11T11:39:37.419Z INFO  n_proxies=50 msg="proxy pool loaded: 50 proxies"
2026-06-11T11:39:37.528Z INFO  phase=season 2026: schedule msg="phase start: season 2026: schedule"
2026-06-11T11:39:42.387Z INFO  phase=schedule season=2026 rows=180 games=90 msg="schedule ok"
2026-06-11T11:39:42.389Z INFO  phase=season 2026: schedule elapsed_s=4.86 msg="phase end: season 2026: schedule"
2026-06-11T11:39:42.509Z INFO  phase=season 2026: player_game_logs msg="phase start: season 2026: player_game_logs"
2026-06-11T11:39:47.131Z INFO  phase=player_game_logs season=2026 rows=1791 players=201 msg="player_game_logs ok"
2026-06-11T11:39:47.133Z INFO  phase=season 2026: player_game_logs elapsed_s=4.62 msg="phase end: season 2026: player_game_logs"
2026-06-11T11:39:47.136Z INFO  phase=season 2026: pbp msg="phase start: season 2026: pbp"
2026-06-11T11:40:30.421Z DEBUG phase=pbp game_id=1022600090 rows=417 elapsed_s=43.19 attempt=1 source=api msg="pbp ok"
2026-06-11T11:41:03.468Z DEBUG phase=pbp game_id=1022600089 rows=501 elapsed_s=33.02 attempt=1 source=api msg="pbp ok"
2026-06-11T11:41:36.745Z DEBUG phase=pbp game_id=1022600087 rows=371 elapsed_s=33.25 attempt=1 source=api msg="pbp ok"
2026-06-11T11:42:29.717Z DEBUG phase=pbp game_id=1022600086 rows=385 elapsed_s=52.95 attempt=1 source=api msg="pbp ok"
2026-06-11T11:43:03.240Z DEBUG phase=pbp game_id=1022600088 rows=382 elapsed_s=33.5 attempt=1 source=api msg="pbp ok"
2026-06-11T11:43:56.959Z DEBUG phase=pbp game_id=1022600083 rows=435 elapsed_s=53.7 attempt=1 source=api msg="pbp ok"
2026-06-11T11:45:10.946Z DEBUG phase=pbp game_id=1022600085 rows=391 elapsed_s=73.97 attempt=1 source=api msg="pbp ok"
2026-06-11T11:45:44.393Z DEBUG phase=pbp game_id=1022600084 rows=417 elapsed_s=33.42 attempt=1 source=api msg="pbp ok"
2026-06-11T11:46:45.521Z DEBUG phase=pbp game_id=1022600081 rows=446 elapsed_s=61.11 attempt=1 source=api msg="pbp ok"
2026-06-11T11:47:19.225Z DEBUG phase=pbp game_id=1022600082 rows=438 elapsed_s=33.68 attempt=1 source=api msg="pbp ok"
2026-06-11T11:47:19.266Z DEBUG phase=pbp game_id=1022600080 source=json_cache rows=440 msg="pbp cache hit"
2026-06-11T11:47:19.294Z DEBUG phase=pbp game_id=1022600079 source=json_cache rows=454 msg="pbp cache hit"
2026-06-11T11:47:19.319Z DEBUG phase=pbp game_id=1022600077 source=json_cache rows=391 msg="pbp cache hit"
2026-06-11T11:47:19.344Z DEBUG phase=pbp game_id=1022600078 source=json_cache rows=387 msg="pbp cache hit"
2026-06-11T11:47:19.371Z DEBUG phase=pbp game_id=1022600074 source=json_cache rows=417 msg="pbp cache hit"
2026-06-11T11:47:19.397Z DEBUG phase=pbp game_id=1022600076 source=json_cache rows=399 msg="pbp cache hit"
2026-06-11T11:47:19.423Z DEBUG phase=pbp game_id=1022600075 source=json_cache rows=382 msg="pbp cache hit"
2026-06-11T11:47:19.448Z DEBUG phase=pbp game_id=1022600073 source=json_cache rows=391 msg="pbp cache hit"
2026-06-11T11:47:19.475Z DEBUG phase=pbp game_id=1022600072 source=json_cache rows=406 msg="pbp cache hit"
2026-06-11T11:47:19.501Z DEBUG phase=pbp game_id=1022600071 source=json_cache rows=402 msg="pbp cache hit"
2026-06-11T11:47:19.526Z DEBUG phase=pbp game_id=1022600070 source=json_cache rows=375 msg="pbp cache hit"
2026-06-11T11:47:19.552Z DEBUG phase=pbp game_id=1022600069 source=json_cache rows=400 msg="pbp cache hit"
2026-06-11T11:47:19.582Z DEBUG phase=pbp game_id=1022600067 source=json_cache rows=444 msg="pbp cache hit"
2026-06-11T11:47:19.607Z DEBUG phase=pbp game_id=1022600066 source=json_cache rows=383 msg="pbp cache hit"
2026-06-11T11:47:19.638Z DEBUG phase=pbp game_id=1022600068 source=json_cache rows=382 msg="pbp cache hit"
2026-06-11T11:47:19.661Z DEBUG phase=pbp game_id=1022600065 source=json_cache rows=356 msg="pbp cache hit"
2026-06-11T11:47:19.688Z DEBUG phase=pbp game_id=1022600064 source=json_cache rows=421 msg="pbp cache hit"
2026-06-11T11:47:19.715Z DEBUG phase=pbp game_id=1022600063 source=json_cache rows=416 msg="pbp cache hit"
2026-06-11T11:47:19.739Z DEBUG phase=pbp game_id=1022600060 source=json_cache rows=391 msg="pbp cache hit"
2026-06-11T11:47:19.768Z DEBUG phase=pbp game_id=1022600061 source=json_cache rows=449 msg="pbp cache hit"
2026-06-11T11:47:19.797Z DEBUG phase=pbp game_id=1022600062 source=json_cache rows=432 msg="pbp cache hit"
2026-06-11T11:47:19.823Z DEBUG phase=pbp game_id=1022600057 source=json_cache rows=416 msg="pbp cache hit"
2026-06-11T11:47:19.848Z DEBUG phase=pbp game_id=1022600056 source=json_cache rows=386 msg="pbp cache hit"
2026-06-11T11:47:19.873Z DEBUG phase=pbp game_id=1022600058 source=json_cache rows=414 msg="pbp cache hit"
2026-06-11T11:47:19.898Z DEBUG phase=pbp game_id=1022600059 source=json_cache rows=389 msg="pbp cache hit"
2026-06-11T11:47:19.926Z DEBUG phase=pbp game_id=1022600055 source=json_cache rows=439 msg="pbp cache hit"
2026-06-11T11:47:19.958Z DEBUG phase=pbp game_id=1022600054 source=json_cache rows=375 msg="pbp cache hit"
2026-06-11T11:47:19.985Z DEBUG phase=pbp game_id=1022600052 source=json_cache rows=418 msg="pbp cache hit"
2026-06-11T11:47:20.013Z DEBUG phase=pbp game_id=1022600053 source=json_cache rows=406 msg="pbp cache hit"
2026-06-11T11:47:20.040Z DEBUG phase=pbp game_id=1022600049 source=json_cache rows=396 msg="pbp cache hit"
2026-06-11T11:47:20.062Z DEBUG phase=pbp game_id=1022600051 source=json_cache rows=357 msg="pbp cache hit"
2026-06-11T11:47:20.089Z DEBUG phase=pbp game_id=1022600050 source=json_cache rows=425 msg="pbp cache hit"
2026-06-11T11:47:20.115Z DEBUG phase=pbp game_id=1022600047 source=json_cache rows=414 msg="pbp cache hit"
2026-06-11T11:47:20.143Z DEBUG phase=pbp game_id=1022600048 source=json_cache rows=435 msg="pbp cache hit"
2026-06-11T11:47:20.170Z DEBUG phase=pbp game_id=1022600046 source=json_cache rows=428 msg="pbp cache hit"
2026-06-11T11:47:20.195Z DEBUG phase=pbp game_id=1022600045 source=json_cache rows=380 msg="pbp cache hit"
2026-06-11T11:47:20.221Z DEBUG phase=pbp game_id=1022600044 source=json_cache rows=408 msg="pbp cache hit"
2026-06-11T11:47:20.257Z DEBUG phase=pbp game_id=1022600041 source=json_cache rows=450 msg="pbp cache hit"
2026-06-11T11:47:20.283Z DEBUG phase=pbp game_id=1022600043 source=json_cache rows=405 msg="pbp cache hit"
2026-06-11T11:47:20.310Z DEBUG phase=pbp game_id=1022600042 source=json_cache rows=414 msg="pbp cache hit"
2026-06-11T11:47:20.335Z DEBUG phase=pbp game_id=1022600038 source=json_cache rows=379 msg="pbp cache hit"
2026-06-11T11:47:20.365Z DEBUG phase=pbp game_id=1022600039 source=json_cache rows=462 msg="pbp cache hit"
2026-06-11T11:47:20.389Z DEBUG phase=pbp game_id=1022600040 source=json_cache rows=371 msg="pbp cache hit"
2026-06-11T11:47:20.416Z DEBUG phase=pbp game_id=1022600036 source=json_cache rows=395 msg="pbp cache hit"
2026-06-11T11:47:20.444Z DEBUG phase=pbp game_id=1022600037 source=json_cache rows=424 msg="pbp cache hit"
2026-06-11T11:47:20.470Z DEBUG phase=pbp game_id=1022600035 source=json_cache rows=399 msg="pbp cache hit"
2026-06-11T11:47:20.503Z DEBUG phase=pbp game_id=1022600034 source=json_cache rows=409 msg="pbp cache hit"
2026-06-11T11:47:20.530Z DEBUG phase=pbp game_id=1022600032 source=json_cache rows=410 msg="pbp cache hit"
2026-06-11T11:47:20.556Z DEBUG phase=pbp game_id=1022600033 source=json_cache rows=390 msg="pbp cache hit"
2026-06-11T11:47:20.582Z DEBUG phase=pbp game_id=1022600031 source=json_cache rows=403 msg="pbp cache hit"
2026-06-11T11:47:20.606Z DEBUG phase=pbp game_id=1022600029 source=json_cache rows=363 msg="pbp cache hit"
2026-06-11T11:47:20.634Z DEBUG phase=pbp game_id=1022600030 source=json_cache rows=426 msg="pbp cache hit"
2026-06-11T11:47:20.661Z DEBUG phase=pbp game_id=1022600027 source=json_cache rows=424 msg="pbp cache hit"
2026-06-11T11:47:20.689Z DEBUG phase=pbp game_id=1022600028 source=json_cache rows=423 msg="pbp cache hit"
2026-06-11T11:47:20.716Z DEBUG phase=pbp game_id=1022600025 source=json_cache rows=409 msg="pbp cache hit"
2026-06-11T11:47:20.773Z DEBUG phase=pbp game_id=1022600026 source=json_cache rows=456 msg="pbp cache hit"
2026-06-11T11:47:20.801Z DEBUG phase=pbp game_id=1022600023 source=json_cache rows=379 msg="pbp cache hit"
2026-06-11T11:47:20.828Z DEBUG phase=pbp game_id=1022600021 source=json_cache rows=409 msg="pbp cache hit"
2026-06-11T11:47:20.862Z DEBUG phase=pbp game_id=1022600022 source=json_cache rows=501 msg="pbp cache hit"
2026-06-11T11:47:20.892Z DEBUG phase=pbp game_id=1022600024 source=json_cache rows=448 msg="pbp cache hit"
2026-06-11T11:47:20.920Z DEBUG phase=pbp game_id=1022600020 source=json_cache rows=413 msg="pbp cache hit"
2026-06-11T11:47:20.946Z DEBUG phase=pbp game_id=1022600019 source=json_cache rows=373 msg="pbp cache hit"
2026-06-11T11:47:20.973Z DEBUG phase=pbp game_id=1022600018 source=json_cache rows=394 msg="pbp cache hit"
2026-06-11T11:47:20.992Z DEBUG phase=pbp game_id=1022600015 source=json_cache rows=377 msg="pbp cache hit"
2026-06-11T11:47:21.019Z DEBUG phase=pbp game_id=1022600016 source=json_cache rows=411 msg="pbp cache hit"
2026-06-11T11:47:21.046Z DEBUG phase=pbp game_id=1022600017 source=json_cache rows=408 msg="pbp cache hit"
2026-06-11T11:47:21.071Z DEBUG phase=pbp game_id=1022600014 source=json_cache rows=377 msg="pbp cache hit"
2026-06-11T11:47:21.108Z DEBUG phase=pbp game_id=1022600013 source=json_cache rows=430 msg="pbp cache hit"
2026-06-11T11:47:21.135Z DEBUG phase=pbp game_id=1022600012 source=json_cache rows=388 msg="pbp cache hit"
2026-06-11T11:47:21.164Z DEBUG phase=pbp game_id=1022600007 source=json_cache rows=435 msg="pbp cache hit"
2026-06-11T11:47:21.196Z DEBUG phase=pbp game_id=1022600008 source=json_cache rows=487 msg="pbp cache hit"
2026-06-11T11:47:21.222Z DEBUG phase=pbp game_id=1022600011 source=json_cache rows=354 msg="pbp cache hit"
2026-06-11T11:47:21.251Z DEBUG phase=pbp game_id=1022600009 source=json_cache rows=401 msg="pbp cache hit"
2026-06-11T11:49:47.326Z DEBUG phase=pbp game_id=1022600005 source=json_cache rows=375 msg="pbp cache hit"
2026-06-11T11:50:30.552Z DEBUG phase=pbp game_id=1022600006 source=json_cache rows=417 msg="pbp cache hit"
2026-06-11T11:51:03.581Z DEBUG phase=pbp game_id=1022600010 source=json_cache rows=459 msg="pbp cache hit"
2026-06-11T11:51:36.865Z DEBUG phase=pbp game_id=1022600004 source=json_cache rows=437 msg="pbp cache hit"
2026-06-11T11:52:29.858Z DEBUG phase=pbp game_id=1022600003 source=json_cache rows=423 msg="pbp cache hit"
2026-06-11T11:53:03.335Z DEBUG phase=pbp game_id=1022600001 source=json_cache rows=448 msg="pbp cache hit"
2026-06-11T11:53:57.062Z DEBUG phase=pbp game_id=1022600002 source=json_cache rows=465 msg="pbp cache hit"
2026-06-11T11:54:05.270Z INFO  phase=pbp season=2026 rows=37008 games_total=90 games_ok=90 games_failed=0 msg="pbp ok"
2026-06-11T11:54:05.272Z INFO  phase=season 2026: pbp elapsed_s=858.13 msg="phase end: season 2026: pbp"
2026-06-11T11:54:05.276Z INFO  phase=master schedule msg="phase start: master schedule"
2026-06-11T11:54:07.381Z INFO  phase=master_schedule rows=180 games=90 seasons_covered=1 msg="master schedule ok"
2026-06-11T11:54:07.383Z INFO  phase=master schedule elapsed_s=2.11 msg="phase end: master schedule"
2026-06-11T11:54:07.387Z INFO  phase=manifest upload msg="phase start: manifest upload"
2026-06-11T11:54:11.409Z INFO  phase=manifest upload elapsed_s=4.02 msg="phase end: manifest upload"
2026-06-11T11:54:11.440Z INFO  start_year=2026 end_year=2026 msg="pipeline complete"
