2026-06-14T10:43:38.496Z INFO  start_year=2026 end_year=2026 rescrape=FALSE run_id=20260614T104338Z log_path=logs/wnba_stats_01_pbp_2026_2026_20260614T104338Z.log msg="WNBA Stats pbp: seasons 2026-2026 | rescrape=FALSE"
2026-06-14T10:43:38.830Z INFO  n_proxies=50 msg="proxy pool loaded: 50 proxies"
2026-06-14T10:43:38.939Z INFO  phase=season 2026: schedule msg="phase start: season 2026: schedule"
2026-06-14T10:43:43.875Z INFO  phase=schedule season=2026 rows=200 games=100 msg="schedule ok"
2026-06-14T10:43:43.889Z INFO  phase=season 2026: schedule elapsed_s=4.95 msg="phase end: season 2026: schedule"
2026-06-14T10:43:43.906Z INFO  phase=season 2026: player_game_logs msg="phase start: season 2026: player_game_logs"
2026-06-14T10:43:48.116Z INFO  phase=player_game_logs season=2026 rows=1989 players=201 msg="player_game_logs ok"
2026-06-14T10:43:48.117Z INFO  phase=season 2026: player_game_logs elapsed_s=4.13 msg="phase end: season 2026: player_game_logs"
2026-06-14T10:43:48.121Z INFO  phase=season 2026: pbp msg="phase start: season 2026: pbp"
2026-06-14T10:48:08.345Z WARN  phase=pbp game_id=1022600099 attempts=2 msg="pbp empty after retries"
2026-06-14T10:52:28.512Z WARN  phase=pbp game_id=1022600097 attempts=2 msg="pbp empty after retries"
2026-06-14T10:56:48.688Z WARN  phase=pbp game_id=1022600100 attempts=2 msg="pbp empty after retries"
2026-06-14T11:01:08.857Z WARN  phase=pbp game_id=1022600098 attempts=2 msg="pbp empty after retries"
2026-06-14T11:05:29.024Z WARN  phase=pbp game_id=1022600095 attempts=2 msg="pbp empty after retries"
2026-06-14T11:09:49.196Z WARN  phase=pbp game_id=1022600096 attempts=2 msg="pbp empty after retries"
2026-06-14T11:14:09.360Z WARN  phase=pbp game_id=1022600092 attempts=2 msg="pbp empty after retries"
2026-06-14T11:18:29.526Z WARN  phase=pbp game_id=1022600091 attempts=2 msg="pbp empty after retries"
2026-06-14T11:22:49.696Z WARN  phase=pbp game_id=1022600093 attempts=2 msg="pbp empty after retries"
2026-06-14T11:27:09.870Z WARN  phase=pbp game_id=1022600094 attempts=2 msg="pbp empty after retries"
2026-06-14T11:27:09.901Z DEBUG phase=pbp game_id=1022600089 source=json_cache rows=501 msg="pbp cache hit"
2026-06-14T11:27:09.919Z DEBUG phase=pbp game_id=1022600090 source=json_cache rows=417 msg="pbp cache hit"
2026-06-14T11:27:09.934Z DEBUG phase=pbp game_id=1022600087 source=json_cache rows=371 msg="pbp cache hit"
2026-06-14T11:27:09.950Z DEBUG phase=pbp game_id=1022600088 source=json_cache rows=382 msg="pbp cache hit"
2026-06-14T11:27:09.967Z DEBUG phase=pbp game_id=1022600086 source=json_cache rows=385 msg="pbp cache hit"
2026-06-14T11:27:09.983Z DEBUG phase=pbp game_id=1022600085 source=json_cache rows=391 msg="pbp cache hit"
2026-06-14T11:27:10.002Z DEBUG phase=pbp game_id=1022600083 source=json_cache rows=435 msg="pbp cache hit"
2026-06-14T11:27:10.020Z DEBUG phase=pbp game_id=1022600084 source=json_cache rows=417 msg="pbp cache hit"
2026-06-14T11:27:10.039Z DEBUG phase=pbp game_id=1022600082 source=json_cache rows=438 msg="pbp cache hit"
2026-06-14T11:27:10.058Z DEBUG phase=pbp game_id=1022600081 source=json_cache rows=446 msg="pbp cache hit"
2026-06-14T11:27:10.083Z DEBUG phase=pbp game_id=1022600080 source=json_cache rows=440 msg="pbp cache hit"
2026-06-14T11:27:10.114Z DEBUG phase=pbp game_id=1022600079 source=json_cache rows=454 msg="pbp cache hit"
2026-06-14T11:27:10.135Z DEBUG phase=pbp game_id=1022600078 source=json_cache rows=387 msg="pbp cache hit"
2026-06-14T11:27:10.156Z DEBUG phase=pbp game_id=1022600077 source=json_cache rows=391 msg="pbp cache hit"
2026-06-14T11:27:10.176Z DEBUG phase=pbp game_id=1022600075 source=json_cache rows=382 msg="pbp cache hit"
2026-06-14T11:27:10.198Z DEBUG phase=pbp game_id=1022600076 source=json_cache rows=399 msg="pbp cache hit"
2026-06-14T11:27:10.220Z DEBUG phase=pbp game_id=1022600074 source=json_cache rows=417 msg="pbp cache hit"
2026-06-14T11:27:10.241Z DEBUG phase=pbp game_id=1022600073 source=json_cache rows=391 msg="pbp cache hit"
2026-06-14T11:27:10.263Z DEBUG phase=pbp game_id=1022600072 source=json_cache rows=406 msg="pbp cache hit"
2026-06-14T11:27:10.283Z DEBUG phase=pbp game_id=1022600070 source=json_cache rows=375 msg="pbp cache hit"
2026-06-14T11:27:10.304Z DEBUG phase=pbp game_id=1022600071 source=json_cache rows=402 msg="pbp cache hit"
2026-06-14T11:27:10.326Z DEBUG phase=pbp game_id=1022600069 source=json_cache rows=400 msg="pbp cache hit"
2026-06-14T11:27:10.351Z DEBUG phase=pbp game_id=1022600067 source=json_cache rows=444 msg="pbp cache hit"
2026-06-14T11:27:10.373Z DEBUG phase=pbp game_id=1022600068 source=json_cache rows=382 msg="pbp cache hit"
2026-06-14T11:27:10.396Z DEBUG phase=pbp game_id=1022600066 source=json_cache rows=383 msg="pbp cache hit"
2026-06-14T11:27:10.417Z DEBUG phase=pbp game_id=1022600065 source=json_cache rows=356 msg="pbp cache hit"
2026-06-14T11:27:10.441Z DEBUG phase=pbp game_id=1022600064 source=json_cache rows=421 msg="pbp cache hit"
2026-06-14T11:27:10.465Z DEBUG phase=pbp game_id=1022600063 source=json_cache rows=416 msg="pbp cache hit"
2026-06-14T11:27:10.487Z DEBUG phase=pbp game_id=1022600060 source=json_cache rows=391 msg="pbp cache hit"
2026-06-14T11:27:10.513Z DEBUG phase=pbp game_id=1022600061 source=json_cache rows=449 msg="pbp cache hit"
2026-06-14T11:27:10.538Z DEBUG phase=pbp game_id=1022600062 source=json_cache rows=432 msg="pbp cache hit"
2026-06-14T11:27:10.565Z DEBUG phase=pbp game_id=1022600059 source=json_cache rows=389 msg="pbp cache hit"
2026-06-14T11:27:10.588Z DEBUG phase=pbp game_id=1022600057 source=json_cache rows=416 msg="pbp cache hit"
2026-06-14T11:27:10.609Z DEBUG phase=pbp game_id=1022600056 source=json_cache rows=386 msg="pbp cache hit"
2026-06-14T11:27:10.632Z DEBUG phase=pbp game_id=1022600058 source=json_cache rows=414 msg="pbp cache hit"
2026-06-14T11:27:10.655Z DEBUG phase=pbp game_id=1022600055 source=json_cache rows=439 msg="pbp cache hit"
2026-06-14T11:27:10.676Z DEBUG phase=pbp game_id=1022600054 source=json_cache rows=375 msg="pbp cache hit"
2026-06-14T11:27:10.698Z DEBUG phase=pbp game_id=1022600053 source=json_cache rows=406 msg="pbp cache hit"
2026-06-14T11:27:10.718Z DEBUG phase=pbp game_id=1022600051 source=json_cache rows=357 msg="pbp cache hit"
2026-06-14T11:27:10.740Z DEBUG phase=pbp game_id=1022600052 source=json_cache rows=418 msg="pbp cache hit"
2026-06-14T11:27:10.770Z DEBUG phase=pbp game_id=1022600049 source=json_cache rows=396 msg="pbp cache hit"
2026-06-14T11:27:10.793Z DEBUG phase=pbp game_id=1022600050 source=json_cache rows=425 msg="pbp cache hit"
2026-06-14T11:27:10.815Z DEBUG phase=pbp game_id=1022600047 source=json_cache rows=414 msg="pbp cache hit"
2026-06-14T11:27:10.839Z DEBUG phase=pbp game_id=1022600048 source=json_cache rows=435 msg="pbp cache hit"
2026-06-14T11:27:10.862Z DEBUG phase=pbp game_id=1022600046 source=json_cache rows=428 msg="pbp cache hit"
2026-06-14T11:27:10.885Z DEBUG phase=pbp game_id=1022600044 source=json_cache rows=408 msg="pbp cache hit"
2026-06-14T11:27:10.907Z DEBUG phase=pbp game_id=1022600045 source=json_cache rows=380 msg="pbp cache hit"
2026-06-14T11:27:10.930Z DEBUG phase=pbp game_id=1022600043 source=json_cache rows=405 msg="pbp cache hit"
2026-06-14T11:27:10.953Z DEBUG phase=pbp game_id=1022600042 source=json_cache rows=414 msg="pbp cache hit"
2026-06-14T11:27:10.985Z DEBUG phase=pbp game_id=1022600041 source=json_cache rows=450 msg="pbp cache hit"
2026-06-14T11:27:11.006Z DEBUG phase=pbp game_id=1022600038 source=json_cache rows=379 msg="pbp cache hit"
2026-06-14T11:27:11.032Z DEBUG phase=pbp game_id=1022600039 source=json_cache rows=462 msg="pbp cache hit"
2026-06-14T11:27:11.054Z DEBUG phase=pbp game_id=1022600040 source=json_cache rows=371 msg="pbp cache hit"
2026-06-14T11:27:11.076Z DEBUG phase=pbp game_id=1022600035 source=json_cache rows=399 msg="pbp cache hit"
2026-06-14T11:27:11.098Z DEBUG phase=pbp game_id=1022600036 source=json_cache rows=395 msg="pbp cache hit"
2026-06-14T11:27:11.123Z DEBUG phase=pbp game_id=1022600037 source=json_cache rows=424 msg="pbp cache hit"
2026-06-14T11:27:11.145Z DEBUG phase=pbp game_id=1022600033 source=json_cache rows=390 msg="pbp cache hit"
2026-06-14T11:27:11.169Z DEBUG phase=pbp game_id=1022600032 source=json_cache rows=410 msg="pbp cache hit"
2026-06-14T11:27:11.191Z DEBUG phase=pbp game_id=1022600034 source=json_cache rows=409 msg="pbp cache hit"
2026-06-14T11:27:11.213Z DEBUG phase=pbp game_id=1022600031 source=json_cache rows=403 msg="pbp cache hit"
2026-06-14T11:27:11.238Z DEBUG phase=pbp game_id=1022600030 source=json_cache rows=426 msg="pbp cache hit"
2026-06-14T11:27:11.260Z DEBUG phase=pbp game_id=1022600029 source=json_cache rows=363 msg="pbp cache hit"
2026-06-14T11:27:11.285Z DEBUG phase=pbp game_id=1022600025 source=json_cache rows=409 msg="pbp cache hit"
2026-06-14T11:27:11.309Z DEBUG phase=pbp game_id=1022600028 source=json_cache rows=423 msg="pbp cache hit"
2026-06-14T11:27:11.340Z DEBUG phase=pbp game_id=1022600026 source=json_cache rows=456 msg="pbp cache hit"
2026-06-14T11:27:11.364Z DEBUG phase=pbp game_id=1022600027 source=json_cache rows=424 msg="pbp cache hit"
2026-06-14T11:27:11.385Z DEBUG phase=pbp game_id=1022600023 source=json_cache rows=379 msg="pbp cache hit"
2026-06-14T11:27:11.410Z DEBUG phase=pbp game_id=1022600024 source=json_cache rows=448 msg="pbp cache hit"
2026-06-14T11:27:11.432Z DEBUG phase=pbp game_id=1022600021 source=json_cache rows=409 msg="pbp cache hit"
2026-06-14T11:27:11.459Z DEBUG phase=pbp game_id=1022600022 source=json_cache rows=501 msg="pbp cache hit"
2026-06-14T11:27:11.481Z DEBUG phase=pbp game_id=1022600020 source=json_cache rows=413 msg="pbp cache hit"
2026-06-14T11:27:11.502Z DEBUG phase=pbp game_id=1022600019 source=json_cache rows=373 msg="pbp cache hit"
2026-06-14T11:27:11.523Z DEBUG phase=pbp game_id=1022600018 source=json_cache rows=394 msg="pbp cache hit"
2026-06-14T11:27:11.545Z DEBUG phase=pbp game_id=1022600017 source=json_cache rows=408 msg="pbp cache hit"
2026-06-14T11:27:11.562Z DEBUG phase=pbp game_id=1022600015 source=json_cache rows=377 msg="pbp cache hit"
2026-06-14T11:27:11.584Z DEBUG phase=pbp game_id=1022600016 source=json_cache rows=411 msg="pbp cache hit"
2026-06-14T11:27:11.604Z DEBUG phase=pbp game_id=1022600014 source=json_cache rows=377 msg="pbp cache hit"
2026-06-14T11:27:11.628Z DEBUG phase=pbp game_id=1022600013 source=json_cache rows=430 msg="pbp cache hit"
2026-06-14T11:27:11.654Z DEBUG phase=pbp game_id=1022600012 source=json_cache rows=388 msg="pbp cache hit"
2026-06-14T11:27:11.674Z DEBUG phase=pbp game_id=1022600011 source=json_cache rows=354 msg="pbp cache hit"
2026-06-14T11:27:11.698Z DEBUG phase=pbp game_id=1022600007 source=json_cache rows=435 msg="pbp cache hit"
2026-06-14T11:28:29.628Z DEBUG phase=pbp game_id=1022600008 source=json_cache rows=487 msg="pbp cache hit"
2026-06-14T11:32:49.802Z DEBUG phase=pbp game_id=1022600009 source=json_cache rows=401 msg="pbp cache hit"
2026-06-14T11:37:10.056Z DEBUG phase=pbp game_id=1022600004 source=json_cache rows=437 msg="pbp cache hit"
2026-06-14T11:37:10.088Z DEBUG phase=pbp game_id=1022600010 source=json_cache rows=459 msg="pbp cache hit"
2026-06-14T11:37:10.111Z DEBUG phase=pbp game_id=1022600006 source=json_cache rows=417 msg="pbp cache hit"
2026-06-14T11:37:10.131Z DEBUG phase=pbp game_id=1022600005 source=json_cache rows=375 msg="pbp cache hit"
2026-06-14T11:37:10.154Z DEBUG phase=pbp game_id=1022600003 source=json_cache rows=423 msg="pbp cache hit"
2026-06-14T11:37:10.178Z DEBUG phase=pbp game_id=1022600002 source=json_cache rows=465 msg="pbp cache hit"
2026-06-14T11:37:10.203Z DEBUG phase=pbp game_id=1022600001 source=json_cache rows=448 msg="pbp cache hit"
2026-06-14T11:42:00.422Z WARN  phase=pbp game_id=1022600099 attempts=2 msg="pbp empty after retries"
2026-06-14T11:46:20.605Z WARN  phase=pbp game_id=1022600097 attempts=2 msg="pbp empty after retries"
2026-06-14T11:50:40.778Z WARN  phase=pbp game_id=1022600100 attempts=2 msg="pbp empty after retries"
2026-06-14T11:55:00.950Z WARN  phase=pbp game_id=1022600098 attempts=2 msg="pbp empty after retries"
2026-06-14T11:59:21.123Z WARN  phase=pbp game_id=1022600095 attempts=2 msg="pbp empty after retries"
2026-06-14T12:03:41.295Z WARN  phase=pbp game_id=1022600096 attempts=2 msg="pbp empty after retries"
2026-06-14T12:08:01.460Z WARN  phase=pbp game_id=1022600092 attempts=2 msg="pbp empty after retries"
2026-06-14T12:12:21.632Z WARN  phase=pbp game_id=1022600091 attempts=2 msg="pbp empty after retries"
2026-06-14T12:16:41.804Z WARN  phase=pbp game_id=1022600093 attempts=2 msg="pbp empty after retries"
2026-06-14T12:21:01.972Z WARN  phase=pbp game_id=1022600094 attempts=2 msg="pbp empty after retries"
2026-06-14T12:21:01.981Z INFO  phase=pbp season=2026 retried=10 recovered=0 still_failed=10 msg="pbp cool-off pass complete"
2026-06-14T12:21:09.436Z INFO  phase=pbp season=2026 rows=37018 games_total=100 games_ok=90 games_failed=10 msg="pbp ok"
2026-06-14T12:21:09.437Z INFO  phase=season 2026: pbp elapsed_s=5841.31 msg="phase end: season 2026: pbp"
2026-06-14T12:21:09.442Z INFO  phase=master schedule msg="phase start: master schedule"
2026-06-14T12:21:11.192Z INFO  phase=master_schedule rows=200 games=100 seasons_covered=1 msg="master schedule ok"
2026-06-14T12:21:11.194Z INFO  phase=master schedule elapsed_s=1.75 msg="phase end: master schedule"
2026-06-14T12:21:11.198Z INFO  phase=manifest upload msg="phase start: manifest upload"
2026-06-14T12:21:14.398Z INFO  phase=manifest upload elapsed_s=3.2 msg="phase end: manifest upload"
2026-06-14T12:21:14.434Z INFO  start_year=2026 end_year=2026 msg="pipeline complete"
