2026-06-03T12:19:19.753Z INFO  start_year=2026 end_year=2026 rescrape=FALSE run_id=20260603T121919Z log_path=logs/wnba_stats_01_pbp_2026_2026_20260603T121919Z.log msg="WNBA Stats pbp: seasons 2026-2026 | rescrape=FALSE"
2026-06-03T12:19:20.126Z INFO  n_proxies=50 msg="proxy pool loaded: 50 proxies"
2026-06-03T12:19:20.237Z INFO  phase=season 2026: schedule msg="phase start: season 2026: schedule"
2026-06-03T12:19:56.904Z INFO  phase=schedule season=2026 rows=138 games=69 msg="schedule ok"
2026-06-03T12:19:56.906Z INFO  phase=season 2026: schedule elapsed_s=36.67 msg="phase end: season 2026: schedule"
2026-06-03T12:19:57.005Z INFO  phase=season 2026: player_game_logs msg="phase start: season 2026: player_game_logs"
2026-06-03T12:20:06.003Z INFO  phase=player_game_logs season=2026 rows=1380 players=197 msg="player_game_logs ok"
2026-06-03T12:20:06.005Z INFO  phase=season 2026: player_game_logs elapsed_s=9 msg="phase end: season 2026: player_game_logs"
2026-06-03T12:20:06.009Z INFO  phase=season 2026: pbp msg="phase start: season 2026: pbp"
2026-06-03T12:24:26.236Z WARN  phase=pbp game_id=1022600067 attempts=2 msg="pbp empty after retries"
2026-06-03T12:28:46.409Z WARN  phase=pbp game_id=1022600066 attempts=2 msg="pbp empty after retries"
2026-06-03T12:33:06.589Z WARN  phase=pbp game_id=1022600069 attempts=2 msg="pbp empty after retries"
2026-06-03T12:37:26.765Z WARN  phase=pbp game_id=1022600068 attempts=2 msg="pbp empty after retries"
2026-06-03T12:41:46.941Z WARN  phase=pbp game_id=1022600065 attempts=2 msg="pbp empty after retries"
2026-06-03T12:46:07.109Z WARN  phase=pbp game_id=1022600064 attempts=2 msg="pbp empty after retries"
2026-06-03T12:50:27.278Z WARN  phase=pbp game_id=1022600063 attempts=2 msg="pbp empty after retries"
2026-06-03T12:54:47.450Z WARN  phase=pbp game_id=1022600060 attempts=2 msg="pbp empty after retries"
2026-06-03T12:59:07.624Z WARN  phase=pbp game_id=1022600061 attempts=2 msg="pbp empty after retries"
2026-06-03T13:03:27.789Z WARN  phase=pbp game_id=1022600062 attempts=2 msg="pbp empty after retries"
2026-06-03T13:03:27.821Z DEBUG phase=pbp game_id=1022600059 source=json_cache rows=389 msg="pbp cache hit"
2026-06-03T13:03:27.843Z DEBUG phase=pbp game_id=1022600058 source=json_cache rows=414 msg="pbp cache hit"
2026-06-03T13:03:27.866Z DEBUG phase=pbp game_id=1022600057 source=json_cache rows=416 msg="pbp cache hit"
2026-06-03T13:03:27.887Z DEBUG phase=pbp game_id=1022600056 source=json_cache rows=386 msg="pbp cache hit"
2026-06-03T13:03:27.909Z DEBUG phase=pbp game_id=1022600054 source=json_cache rows=375 msg="pbp cache hit"
2026-06-03T13:03:27.934Z DEBUG phase=pbp game_id=1022600055 source=json_cache rows=439 msg="pbp cache hit"
2026-06-03T13:03:27.956Z DEBUG phase=pbp game_id=1022600049 source=json_cache rows=396 msg="pbp cache hit"
2026-06-03T13:03:27.983Z DEBUG phase=pbp game_id=1022600053 source=json_cache rows=406 msg="pbp cache hit"
2026-06-03T13:03:28.006Z DEBUG phase=pbp game_id=1022600050 source=json_cache rows=425 msg="pbp cache hit"
2026-06-03T13:03:28.033Z DEBUG phase=pbp game_id=1022600051 source=json_cache rows=357 msg="pbp cache hit"
2026-06-03T13:03:28.056Z DEBUG phase=pbp game_id=1022600052 source=json_cache rows=418 msg="pbp cache hit"
2026-06-03T13:03:28.078Z DEBUG phase=pbp game_id=1022600047 source=json_cache rows=414 msg="pbp cache hit"
2026-06-03T13:03:28.101Z DEBUG phase=pbp game_id=1022600048 source=json_cache rows=435 msg="pbp cache hit"
2026-06-03T13:03:28.124Z DEBUG phase=pbp game_id=1022600046 source=json_cache rows=428 msg="pbp cache hit"
2026-06-03T13:03:28.147Z DEBUG phase=pbp game_id=1022600044 source=json_cache rows=408 msg="pbp cache hit"
2026-06-03T13:03:28.168Z DEBUG phase=pbp game_id=1022600045 source=json_cache rows=380 msg="pbp cache hit"
2026-06-03T13:03:28.191Z DEBUG phase=pbp game_id=1022600042 source=json_cache rows=414 msg="pbp cache hit"
2026-06-03T13:03:28.217Z DEBUG phase=pbp game_id=1022600041 source=json_cache rows=450 msg="pbp cache hit"
2026-06-03T13:03:28.240Z DEBUG phase=pbp game_id=1022600043 source=json_cache rows=405 msg="pbp cache hit"
2026-06-03T13:03:28.262Z DEBUG phase=pbp game_id=1022600038 source=json_cache rows=379 msg="pbp cache hit"
2026-06-03T13:03:28.288Z DEBUG phase=pbp game_id=1022600039 source=json_cache rows=462 msg="pbp cache hit"
2026-06-03T13:03:28.310Z DEBUG phase=pbp game_id=1022600040 source=json_cache rows=371 msg="pbp cache hit"
2026-06-03T13:03:28.332Z DEBUG phase=pbp game_id=1022600036 source=json_cache rows=395 msg="pbp cache hit"
2026-06-03T13:03:28.355Z DEBUG phase=pbp game_id=1022600035 source=json_cache rows=399 msg="pbp cache hit"
2026-06-03T13:03:28.379Z DEBUG phase=pbp game_id=1022600037 source=json_cache rows=424 msg="pbp cache hit"
2026-06-03T13:03:28.403Z DEBUG phase=pbp game_id=1022600032 source=json_cache rows=410 msg="pbp cache hit"
2026-06-03T13:03:28.426Z DEBUG phase=pbp game_id=1022600034 source=json_cache rows=409 msg="pbp cache hit"
2026-06-03T13:03:28.455Z DEBUG phase=pbp game_id=1022600033 source=json_cache rows=390 msg="pbp cache hit"
2026-06-03T13:03:28.477Z DEBUG phase=pbp game_id=1022600031 source=json_cache rows=403 msg="pbp cache hit"
2026-06-03T13:03:28.497Z DEBUG phase=pbp game_id=1022600029 source=json_cache rows=363 msg="pbp cache hit"
2026-06-03T13:03:28.521Z DEBUG phase=pbp game_id=1022600030 source=json_cache rows=426 msg="pbp cache hit"
2026-06-03T13:03:28.545Z DEBUG phase=pbp game_id=1022600028 source=json_cache rows=423 msg="pbp cache hit"
2026-06-03T13:03:28.567Z DEBUG phase=pbp game_id=1022600025 source=json_cache rows=409 msg="pbp cache hit"
2026-06-03T13:03:28.592Z DEBUG phase=pbp game_id=1022600027 source=json_cache rows=424 msg="pbp cache hit"
2026-06-03T13:03:28.618Z DEBUG phase=pbp game_id=1022600026 source=json_cache rows=456 msg="pbp cache hit"
2026-06-03T13:03:28.643Z DEBUG phase=pbp game_id=1022600024 source=json_cache rows=448 msg="pbp cache hit"
2026-06-03T13:03:28.664Z DEBUG phase=pbp game_id=1022600023 source=json_cache rows=379 msg="pbp cache hit"
2026-06-03T13:03:28.686Z DEBUG phase=pbp game_id=1022600021 source=json_cache rows=409 msg="pbp cache hit"
2026-06-03T13:03:28.714Z DEBUG phase=pbp game_id=1022600022 source=json_cache rows=501 msg="pbp cache hit"
2026-06-03T13:03:28.736Z DEBUG phase=pbp game_id=1022600020 source=json_cache rows=413 msg="pbp cache hit"
2026-06-03T13:03:28.757Z DEBUG phase=pbp game_id=1022600019 source=json_cache rows=373 msg="pbp cache hit"
2026-06-03T13:03:28.779Z DEBUG phase=pbp game_id=1022600016 source=json_cache rows=411 msg="pbp cache hit"
2026-06-03T13:03:28.802Z DEBUG phase=pbp game_id=1022600017 source=json_cache rows=408 msg="pbp cache hit"
2026-06-03T13:03:28.818Z DEBUG phase=pbp game_id=1022600015 source=json_cache rows=377 msg="pbp cache hit"
2026-06-03T13:03:28.840Z DEBUG phase=pbp game_id=1022600018 source=json_cache rows=394 msg="pbp cache hit"
2026-06-03T13:03:28.866Z DEBUG phase=pbp game_id=1022600014 source=json_cache rows=377 msg="pbp cache hit"
2026-06-03T13:03:28.890Z DEBUG phase=pbp game_id=1022600013 source=json_cache rows=430 msg="pbp cache hit"
2026-06-03T13:03:28.912Z DEBUG phase=pbp game_id=1022600012 source=json_cache rows=388 msg="pbp cache hit"
2026-06-03T13:03:28.939Z DEBUG phase=pbp game_id=1022600008 source=json_cache rows=487 msg="pbp cache hit"
2026-06-03T13:03:28.961Z DEBUG phase=pbp game_id=1022600009 source=json_cache rows=401 msg="pbp cache hit"
2026-06-03T13:03:28.981Z DEBUG phase=pbp game_id=1022600011 source=json_cache rows=354 msg="pbp cache hit"
2026-06-03T13:03:29.005Z DEBUG phase=pbp game_id=1022600007 source=json_cache rows=435 msg="pbp cache hit"
2026-06-03T13:03:29.032Z DEBUG phase=pbp game_id=1022600010 source=json_cache rows=459 msg="pbp cache hit"
2026-06-03T13:03:29.053Z DEBUG phase=pbp game_id=1022600005 source=json_cache rows=375 msg="pbp cache hit"
2026-06-03T13:03:29.077Z DEBUG phase=pbp game_id=1022600004 source=json_cache rows=437 msg="pbp cache hit"
2026-06-03T13:03:29.105Z DEBUG phase=pbp game_id=1022600006 source=json_cache rows=417 msg="pbp cache hit"
2026-06-03T13:03:29.130Z DEBUG phase=pbp game_id=1022600001 source=json_cache rows=448 msg="pbp cache hit"
2026-06-03T13:03:29.167Z DEBUG phase=pbp game_id=1022600002 source=json_cache rows=465 msg="pbp cache hit"
2026-06-03T13:03:29.190Z DEBUG phase=pbp game_id=1022600003 source=json_cache rows=423 msg="pbp cache hit"
2026-06-03T13:08:19.402Z WARN  phase=pbp game_id=1022600067 attempts=2 msg="pbp empty after retries"
2026-06-03T13:12:39.577Z WARN  phase=pbp game_id=1022600066 attempts=2 msg="pbp empty after retries"
2026-06-03T13:16:59.750Z WARN  phase=pbp game_id=1022600069 attempts=2 msg="pbp empty after retries"
2026-06-03T13:21:19.932Z WARN  phase=pbp game_id=1022600068 attempts=2 msg="pbp empty after retries"
2026-06-03T13:25:40.118Z WARN  phase=pbp game_id=1022600065 attempts=2 msg="pbp empty after retries"
2026-06-03T13:30:00.290Z WARN  phase=pbp game_id=1022600064 attempts=2 msg="pbp empty after retries"
2026-06-03T13:34:20.462Z WARN  phase=pbp game_id=1022600063 attempts=2 msg="pbp empty after retries"
2026-06-03T13:38:40.637Z WARN  phase=pbp game_id=1022600060 attempts=2 msg="pbp empty after retries"
2026-06-03T13:43:00.805Z WARN  phase=pbp game_id=1022600061 attempts=2 msg="pbp empty after retries"
2026-06-03T13:47:20.979Z WARN  phase=pbp game_id=1022600062 attempts=2 msg="pbp empty after retries"
2026-06-03T13:47:20.989Z INFO  phase=pbp season=2026 retried=10 recovered=0 still_failed=10 msg="pbp cool-off pass complete"
2026-06-03T13:47:27.844Z INFO  phase=pbp season=2026 rows=24317 games_total=69 games_ok=59 games_failed=10 msg="pbp ok"
2026-06-03T13:47:27.846Z INFO  phase=season 2026: pbp elapsed_s=5241.84 msg="phase end: season 2026: pbp"
2026-06-03T13:47:27.850Z INFO  phase=master schedule msg="phase start: master schedule"
2026-06-03T13:47:31.028Z INFO  phase=master_schedule rows=138 games=69 seasons_covered=1 msg="master schedule ok"
2026-06-03T13:47:31.029Z INFO  phase=master schedule elapsed_s=3.18 msg="phase end: master schedule"
2026-06-03T13:47:31.033Z INFO  phase=manifest upload msg="phase start: manifest upload"
2026-06-03T13:47:37.368Z INFO  phase=manifest upload elapsed_s=6.33 msg="phase end: manifest upload"
2026-06-03T13:47:37.399Z INFO  start_year=2026 end_year=2026 msg="pipeline complete"
