2026-07-09T10:50:36.694Z INFO  start_year=2026 end_year=2026 rescrape=FALSE run_id=20260709T105036Z log_path=logs/wnba_stats_01_pbp_2026_2026_20260709T105036Z.log msg="WNBA Stats pbp: seasons 2026-2026 | rescrape=FALSE"
2026-07-09T10:50:36.955Z INFO  n_proxies=50 msg="proxy pool loaded: 50 proxies"
2026-07-09T10:50:37.071Z INFO  phase=season 2026: schedule msg="phase start: season 2026: schedule"
2026-07-09T10:50:40.589Z INFO  phase=schedule season=2026 rows=322 games=161 msg="schedule ok"
2026-07-09T10:50:40.591Z INFO  phase=season 2026: schedule elapsed_s=3.52 msg="phase end: season 2026: schedule"
2026-07-09T10:50:40.622Z INFO  phase=season 2026: player_game_logs msg="phase start: season 2026: player_game_logs"
2026-07-09T10:50:44.672Z INFO  phase=player_game_logs season=2026 rows=3196 players=212 msg="player_game_logs ok"
2026-07-09T10:50:44.674Z INFO  phase=season 2026: player_game_logs elapsed_s=3.95 msg="phase end: season 2026: player_game_logs"
2026-07-09T10:50:44.678Z INFO  phase=season 2026: pbp msg="phase start: season 2026: pbp"
2026-07-09T10:55:04.922Z WARN  phase=pbp game_id=1022600159 attempts=2 msg="pbp empty after retries"
2026-07-09T10:59:25.105Z WARN  phase=pbp game_id=1022600160 attempts=2 msg="pbp empty after retries"
2026-07-09T11:03:45.287Z WARN  phase=pbp game_id=1022600161 attempts=2 msg="pbp empty after retries"
2026-07-09T11:08:05.467Z WARN  phase=pbp game_id=1022600157 attempts=2 msg="pbp empty after retries"
2026-07-09T11:12:25.640Z WARN  phase=pbp game_id=1022600158 attempts=2 msg="pbp empty after retries"
2026-07-09T11:16:45.814Z WARN  phase=pbp game_id=1022600155 attempts=2 msg="pbp empty after retries"
2026-07-09T11:21:05.993Z WARN  phase=pbp game_id=1022600156 attempts=2 msg="pbp empty after retries"
2026-07-09T11:25:26.172Z WARN  phase=pbp game_id=1022600154 attempts=2 msg="pbp empty after retries"
2026-07-09T11:29:46.349Z WARN  phase=pbp game_id=1022600153 attempts=2 msg="pbp empty after retries"
2026-07-09T11:34:06.524Z WARN  phase=pbp game_id=1022600152 attempts=2 msg="pbp empty after retries"
2026-07-09T11:38:26.697Z WARN  phase=pbp game_id=1022600151 attempts=2 msg="pbp empty after retries"
2026-07-09T11:42:46.879Z WARN  phase=pbp game_id=1022600150 attempts=2 msg="pbp empty after retries"
2026-07-09T11:47:07.066Z WARN  phase=pbp game_id=1022600148 attempts=2 msg="pbp empty after retries"
2026-07-09T11:51:27.243Z WARN  phase=pbp game_id=1022600149 attempts=2 msg="pbp empty after retries"
2026-07-09T11:55:47.431Z WARN  phase=pbp game_id=1022600146 attempts=2 msg="pbp empty after retries"
2026-07-09T12:00:07.606Z WARN  phase=pbp game_id=1022600145 attempts=2 msg="pbp empty after retries"
2026-07-09T12:04:27.781Z WARN  phase=pbp game_id=1022600147 attempts=2 msg="pbp empty after retries"
2026-07-09T12:04:27.820Z DEBUG phase=pbp game_id=1022600144 source=json_cache rows=383 msg="pbp cache hit"
2026-07-09T12:04:27.875Z DEBUG phase=pbp game_id=1022600142 source=json_cache rows=629 msg="pbp cache hit"
2026-07-09T12:04:27.903Z DEBUG phase=pbp game_id=1022600143 source=json_cache rows=435 msg="pbp cache hit"
2026-07-09T12:04:27.928Z DEBUG phase=pbp game_id=1022600141 source=json_cache rows=375 msg="pbp cache hit"
2026-07-09T12:04:27.955Z DEBUG phase=pbp game_id=1022600139 source=json_cache rows=433 msg="pbp cache hit"
2026-07-09T12:04:27.975Z DEBUG phase=pbp game_id=1022600138 source=json_cache rows=398 msg="pbp cache hit"
2026-07-09T12:04:27.995Z DEBUG phase=pbp game_id=1022600140 source=json_cache rows=398 msg="pbp cache hit"
2026-07-09T12:04:28.019Z DEBUG phase=pbp game_id=1022600135 source=json_cache rows=374 msg="pbp cache hit"
2026-07-09T12:04:28.047Z DEBUG phase=pbp game_id=1022600136 source=json_cache rows=423 msg="pbp cache hit"
2026-07-09T12:04:28.074Z DEBUG phase=pbp game_id=1022600137 source=json_cache rows=420 msg="pbp cache hit"
2026-07-09T12:04:28.095Z DEBUG phase=pbp game_id=1022600132 source=json_cache rows=437 msg="pbp cache hit"
2026-07-09T12:04:28.122Z DEBUG phase=pbp game_id=1022600133 source=json_cache rows=398 msg="pbp cache hit"
2026-07-09T12:04:28.149Z DEBUG phase=pbp game_id=1022600134 source=json_cache rows=397 msg="pbp cache hit"
2026-07-09T12:04:28.178Z DEBUG phase=pbp game_id=1022600129 source=json_cache rows=434 msg="pbp cache hit"
2026-07-09T12:04:28.204Z DEBUG phase=pbp game_id=1022600131 source=json_cache rows=391 msg="pbp cache hit"
2026-07-09T12:04:28.232Z DEBUG phase=pbp game_id=1022600130 source=json_cache rows=427 msg="pbp cache hit"
2026-07-09T12:04:28.259Z DEBUG phase=pbp game_id=1022600128 source=json_cache rows=390 msg="pbp cache hit"
2026-07-09T12:04:28.283Z DEBUG phase=pbp game_id=1022600127 source=json_cache rows=349 msg="pbp cache hit"
2026-07-09T12:04:28.307Z DEBUG phase=pbp game_id=1022600125 source=json_cache rows=421 msg="pbp cache hit"
2026-07-09T12:04:28.334Z DEBUG phase=pbp game_id=1022600124 source=json_cache rows=449 msg="pbp cache hit"
2026-07-09T12:04:28.361Z DEBUG phase=pbp game_id=1022600123 source=json_cache rows=453 msg="pbp cache hit"
2026-07-09T12:04:28.384Z DEBUG phase=pbp game_id=1022600126 source=json_cache rows=396 msg="pbp cache hit"
2026-07-09T12:04:28.414Z DEBUG phase=pbp game_id=1022600122 source=json_cache rows=394 msg="pbp cache hit"
2026-07-09T12:04:28.437Z DEBUG phase=pbp game_id=1022600121 source=json_cache rows=408 msg="pbp cache hit"
2026-07-09T12:04:28.456Z DEBUG phase=pbp game_id=1022600120 source=json_cache rows=339 msg="pbp cache hit"
2026-07-09T12:04:28.481Z DEBUG phase=pbp game_id=1022600117 source=json_cache rows=457 msg="pbp cache hit"
2026-07-09T12:04:28.502Z DEBUG phase=pbp game_id=1022600118 source=json_cache rows=377 msg="pbp cache hit"
2026-07-09T12:04:28.526Z DEBUG phase=pbp game_id=1022600119 source=json_cache rows=427 msg="pbp cache hit"
2026-07-09T12:04:28.549Z DEBUG phase=pbp game_id=1022600115 source=json_cache rows=415 msg="pbp cache hit"
2026-07-09T12:04:28.572Z DEBUG phase=pbp game_id=1022600114 source=json_cache rows=407 msg="pbp cache hit"
2026-07-09T12:04:28.594Z DEBUG phase=pbp game_id=1022600116 source=json_cache rows=410 msg="pbp cache hit"
2026-07-09T12:04:28.619Z DEBUG phase=pbp game_id=1022600113 source=json_cache rows=436 msg="pbp cache hit"
2026-07-09T12:04:28.640Z DEBUG phase=pbp game_id=1022600111 source=json_cache rows=367 msg="pbp cache hit"
2026-07-09T12:04:28.663Z DEBUG phase=pbp game_id=1022600110 source=json_cache rows=406 msg="pbp cache hit"
2026-07-09T12:04:28.686Z DEBUG phase=pbp game_id=1022600112 source=json_cache rows=409 msg="pbp cache hit"
2026-07-09T12:04:28.707Z DEBUG phase=pbp game_id=1022600109 source=json_cache rows=364 msg="pbp cache hit"
2026-07-09T12:04:28.728Z DEBUG phase=pbp game_id=1022600107 source=json_cache rows=383 msg="pbp cache hit"
2026-07-09T12:04:28.750Z DEBUG phase=pbp game_id=1022600108 source=json_cache rows=391 msg="pbp cache hit"
2026-07-09T12:04:28.774Z DEBUG phase=pbp game_id=1022600106 source=json_cache rows=425 msg="pbp cache hit"
2026-07-09T12:04:28.797Z DEBUG phase=pbp game_id=1022600104 source=json_cache rows=418 msg="pbp cache hit"
2026-07-09T12:04:28.824Z DEBUG phase=pbp game_id=1022600103 source=json_cache rows=365 msg="pbp cache hit"
2026-07-09T12:04:28.847Z DEBUG phase=pbp game_id=1022600105 source=json_cache rows=391 msg="pbp cache hit"
2026-07-09T12:04:28.870Z DEBUG phase=pbp game_id=1022600101 source=json_cache rows=400 msg="pbp cache hit"
2026-07-09T12:04:28.893Z DEBUG phase=pbp game_id=1022600102 source=json_cache rows=415 msg="pbp cache hit"
2026-07-09T12:04:28.916Z DEBUG phase=pbp game_id=1022600099 source=json_cache rows=421 msg="pbp cache hit"
2026-07-09T12:04:28.938Z DEBUG phase=pbp game_id=1022600097 source=json_cache rows=387 msg="pbp cache hit"
2026-07-09T12:04:28.962Z DEBUG phase=pbp game_id=1022600100 source=json_cache rows=433 msg="pbp cache hit"
2026-07-09T12:04:28.978Z DEBUG phase=pbp game_id=1022600098 source=json_cache rows=372 msg="pbp cache hit"
2026-07-09T12:04:29.000Z DEBUG phase=pbp game_id=1022600096 source=json_cache rows=408 msg="pbp cache hit"
2026-07-09T12:04:29.023Z DEBUG phase=pbp game_id=1022600095 source=json_cache rows=411 msg="pbp cache hit"
2026-07-09T12:04:29.047Z DEBUG phase=pbp game_id=1022600092 source=json_cache rows=435 msg="pbp cache hit"
2026-07-09T12:04:29.067Z DEBUG phase=pbp game_id=1022600093 source=json_cache rows=366 msg="pbp cache hit"
2026-07-09T12:04:29.090Z DEBUG phase=pbp game_id=1022600094 source=json_cache rows=401 msg="pbp cache hit"
2026-07-09T12:04:29.118Z DEBUG phase=pbp game_id=1022600091 source=json_cache rows=519 msg="pbp cache hit"
2026-07-09T12:04:29.139Z DEBUG phase=pbp game_id=1022600089 source=json_cache rows=501 msg="pbp cache hit"
2026-07-09T12:04:29.156Z DEBUG phase=pbp game_id=1022600090 source=json_cache rows=417 msg="pbp cache hit"
2026-07-09T12:04:29.173Z DEBUG phase=pbp game_id=1022600086 source=json_cache rows=385 msg="pbp cache hit"
2026-07-09T12:04:29.195Z DEBUG phase=pbp game_id=1022600087 source=json_cache rows=371 msg="pbp cache hit"
2026-07-09T12:04:29.212Z DEBUG phase=pbp game_id=1022600088 source=json_cache rows=382 msg="pbp cache hit"
2026-07-09T12:04:29.232Z DEBUG phase=pbp game_id=1022600083 source=json_cache rows=435 msg="pbp cache hit"
2026-07-09T12:04:29.249Z DEBUG phase=pbp game_id=1022600084 source=json_cache rows=417 msg="pbp cache hit"
2026-07-09T12:04:29.266Z DEBUG phase=pbp game_id=1022600085 source=json_cache rows=391 msg="pbp cache hit"
2026-07-09T12:04:29.284Z DEBUG phase=pbp game_id=1022600082 source=json_cache rows=438 msg="pbp cache hit"
2026-07-09T12:04:29.303Z DEBUG phase=pbp game_id=1022600081 source=json_cache rows=446 msg="pbp cache hit"
2026-07-09T12:04:29.328Z DEBUG phase=pbp game_id=1022600079 source=json_cache rows=454 msg="pbp cache hit"
2026-07-09T12:04:29.353Z DEBUG phase=pbp game_id=1022600080 source=json_cache rows=440 msg="pbp cache hit"
2026-07-09T12:04:29.375Z DEBUG phase=pbp game_id=1022600078 source=json_cache rows=387 msg="pbp cache hit"
2026-07-09T12:04:29.397Z DEBUG phase=pbp game_id=1022600077 source=json_cache rows=391 msg="pbp cache hit"
2026-07-09T12:04:29.418Z DEBUG phase=pbp game_id=1022600075 source=json_cache rows=382 msg="pbp cache hit"
2026-07-09T12:04:29.441Z DEBUG phase=pbp game_id=1022600074 source=json_cache rows=417 msg="pbp cache hit"
2026-07-09T12:04:29.463Z DEBUG phase=pbp game_id=1022600076 source=json_cache rows=399 msg="pbp cache hit"
2026-07-09T12:04:29.485Z DEBUG phase=pbp game_id=1022600073 source=json_cache rows=391 msg="pbp cache hit"
2026-07-09T12:04:29.507Z DEBUG phase=pbp game_id=1022600072 source=json_cache rows=406 msg="pbp cache hit"
2026-07-09T12:04:29.536Z DEBUG phase=pbp game_id=1022600070 source=json_cache rows=375 msg="pbp cache hit"
2026-07-09T12:04:29.558Z DEBUG phase=pbp game_id=1022600071 source=json_cache rows=402 msg="pbp cache hit"
2026-07-09T12:04:29.580Z DEBUG phase=pbp game_id=1022600068 source=json_cache rows=382 msg="pbp cache hit"
2026-07-09T12:04:29.603Z DEBUG phase=pbp game_id=1022600069 source=json_cache rows=400 msg="pbp cache hit"
2026-07-09T12:04:29.624Z DEBUG phase=pbp game_id=1022600066 source=json_cache rows=383 msg="pbp cache hit"
2026-07-09T12:04:29.650Z DEBUG phase=pbp game_id=1022600067 source=json_cache rows=444 msg="pbp cache hit"
2026-07-09T12:04:29.670Z DEBUG phase=pbp game_id=1022600065 source=json_cache rows=356 msg="pbp cache hit"
2026-07-09T12:04:29.694Z DEBUG phase=pbp game_id=1022600064 source=json_cache rows=421 msg="pbp cache hit"
2026-07-09T12:05:47.594Z DEBUG phase=pbp game_id=1022600063 source=json_cache rows=416 msg="pbp cache hit"
2026-07-09T12:10:07.733Z DEBUG phase=pbp game_id=1022600060 source=json_cache rows=391 msg="pbp cache hit"
2026-07-09T12:14:27.970Z DEBUG phase=pbp game_id=1022600061 source=json_cache rows=449 msg="pbp cache hit"
2026-07-09T12:14:28.003Z DEBUG phase=pbp game_id=1022600062 source=json_cache rows=432 msg="pbp cache hit"
2026-07-09T12:14:28.026Z DEBUG phase=pbp game_id=1022600058 source=json_cache rows=414 msg="pbp cache hit"
2026-07-09T12:14:28.056Z DEBUG phase=pbp game_id=1022600059 source=json_cache rows=389 msg="pbp cache hit"
2026-07-09T12:14:28.079Z DEBUG phase=pbp game_id=1022600057 source=json_cache rows=416 msg="pbp cache hit"
2026-07-09T12:14:28.101Z DEBUG phase=pbp game_id=1022600056 source=json_cache rows=386 msg="pbp cache hit"
2026-07-09T12:14:28.122Z DEBUG phase=pbp game_id=1022600054 source=json_cache rows=375 msg="pbp cache hit"
2026-07-09T12:14:28.147Z DEBUG phase=pbp game_id=1022600055 source=json_cache rows=439 msg="pbp cache hit"
2026-07-09T12:14:28.169Z DEBUG phase=pbp game_id=1022600051 source=json_cache rows=357 msg="pbp cache hit"
2026-07-09T12:14:28.194Z DEBUG phase=pbp game_id=1022600053 source=json_cache rows=406 msg="pbp cache hit"
2026-07-09T12:14:28.218Z DEBUG phase=pbp game_id=1022600049 source=json_cache rows=396 msg="pbp cache hit"
2026-07-09T12:14:28.245Z DEBUG phase=pbp game_id=1022600052 source=json_cache rows=418 msg="pbp cache hit"
2026-07-09T12:14:28.272Z DEBUG phase=pbp game_id=1022600050 source=json_cache rows=425 msg="pbp cache hit"
2026-07-09T12:14:28.299Z DEBUG phase=pbp game_id=1022600048 source=json_cache rows=435 msg="pbp cache hit"
2026-07-09T12:14:28.325Z DEBUG phase=pbp game_id=1022600047 source=json_cache rows=414 msg="pbp cache hit"
2026-07-09T12:14:28.359Z DEBUG phase=pbp game_id=1022600044 source=json_cache rows=408 msg="pbp cache hit"
2026-07-09T12:14:28.389Z DEBUG phase=pbp game_id=1022600046 source=json_cache rows=428 msg="pbp cache hit"
2026-07-09T12:14:28.413Z DEBUG phase=pbp game_id=1022600045 source=json_cache rows=380 msg="pbp cache hit"
2026-07-09T12:14:28.441Z DEBUG phase=pbp game_id=1022600042 source=json_cache rows=414 msg="pbp cache hit"
2026-07-09T12:14:28.467Z DEBUG phase=pbp game_id=1022600043 source=json_cache rows=405 msg="pbp cache hit"
2026-07-09T12:14:28.497Z DEBUG phase=pbp game_id=1022600041 source=json_cache rows=450 msg="pbp cache hit"
2026-07-09T12:14:28.526Z DEBUG phase=pbp game_id=1022600039 source=json_cache rows=462 msg="pbp cache hit"
2026-07-09T12:14:28.551Z DEBUG phase=pbp game_id=1022600040 source=json_cache rows=371 msg="pbp cache hit"
2026-07-09T12:14:28.577Z DEBUG phase=pbp game_id=1022600038 source=json_cache rows=379 msg="pbp cache hit"
2026-07-09T12:14:28.605Z DEBUG phase=pbp game_id=1022600035 source=json_cache rows=399 msg="pbp cache hit"
2026-07-09T12:14:28.639Z DEBUG phase=pbp game_id=1022600036 source=json_cache rows=395 msg="pbp cache hit"
2026-07-09T12:14:28.668Z DEBUG phase=pbp game_id=1022600037 source=json_cache rows=424 msg="pbp cache hit"
2026-07-09T12:14:28.695Z DEBUG phase=pbp game_id=1022600033 source=json_cache rows=390 msg="pbp cache hit"
2026-07-09T12:14:28.724Z DEBUG phase=pbp game_id=1022600032 source=json_cache rows=410 msg="pbp cache hit"
2026-07-09T12:14:28.751Z DEBUG phase=pbp game_id=1022600034 source=json_cache rows=409 msg="pbp cache hit"
2026-07-09T12:14:28.780Z DEBUG phase=pbp game_id=1022600031 source=json_cache rows=403 msg="pbp cache hit"
2026-07-09T12:14:28.806Z DEBUG phase=pbp game_id=1022600029 source=json_cache rows=363 msg="pbp cache hit"
2026-07-09T12:14:28.831Z DEBUG phase=pbp game_id=1022600030 source=json_cache rows=426 msg="pbp cache hit"
2026-07-09T12:14:28.855Z DEBUG phase=pbp game_id=1022600027 source=json_cache rows=424 msg="pbp cache hit"
2026-07-09T12:14:28.885Z DEBUG phase=pbp game_id=1022600028 source=json_cache rows=423 msg="pbp cache hit"
2026-07-09T12:14:28.910Z DEBUG phase=pbp game_id=1022600025 source=json_cache rows=409 msg="pbp cache hit"
2026-07-09T12:14:28.935Z DEBUG phase=pbp game_id=1022600026 source=json_cache rows=456 msg="pbp cache hit"
2026-07-09T12:14:28.958Z DEBUG phase=pbp game_id=1022600021 source=json_cache rows=409 msg="pbp cache hit"
2026-07-09T12:14:28.983Z DEBUG phase=pbp game_id=1022600024 source=json_cache rows=448 msg="pbp cache hit"
2026-07-09T12:14:29.004Z DEBUG phase=pbp game_id=1022600023 source=json_cache rows=379 msg="pbp cache hit"
2026-07-09T12:14:29.032Z DEBUG phase=pbp game_id=1022600022 source=json_cache rows=501 msg="pbp cache hit"
2026-07-09T12:14:29.055Z DEBUG phase=pbp game_id=1022600020 source=json_cache rows=413 msg="pbp cache hit"
2026-07-09T12:14:29.087Z DEBUG phase=pbp game_id=1022600019 source=json_cache rows=373 msg="pbp cache hit"
2026-07-09T12:14:29.112Z DEBUG phase=pbp game_id=1022600018 source=json_cache rows=394 msg="pbp cache hit"
2026-07-09T12:14:29.128Z DEBUG phase=pbp game_id=1022600015 source=json_cache rows=377 msg="pbp cache hit"
2026-07-09T12:14:29.151Z DEBUG phase=pbp game_id=1022600016 source=json_cache rows=411 msg="pbp cache hit"
2026-07-09T12:14:29.174Z DEBUG phase=pbp game_id=1022600017 source=json_cache rows=408 msg="pbp cache hit"
2026-07-09T12:14:29.198Z DEBUG phase=pbp game_id=1022600013 source=json_cache rows=430 msg="pbp cache hit"
2026-07-09T12:14:29.220Z DEBUG phase=pbp game_id=1022600012 source=json_cache rows=388 msg="pbp cache hit"
2026-07-09T12:14:29.247Z DEBUG phase=pbp game_id=1022600014 source=json_cache rows=377 msg="pbp cache hit"
2026-07-09T12:14:29.268Z DEBUG phase=pbp game_id=1022600011 source=json_cache rows=354 msg="pbp cache hit"
2026-07-09T12:14:29.292Z DEBUG phase=pbp game_id=1022600007 source=json_cache rows=435 msg="pbp cache hit"
2026-07-09T12:14:29.314Z DEBUG phase=pbp game_id=1022600009 source=json_cache rows=401 msg="pbp cache hit"
2026-07-09T12:14:29.341Z DEBUG phase=pbp game_id=1022600008 source=json_cache rows=487 msg="pbp cache hit"
2026-07-09T12:14:29.362Z DEBUG phase=pbp game_id=1022600005 source=json_cache rows=375 msg="pbp cache hit"
2026-07-09T12:14:29.432Z DEBUG phase=pbp game_id=1022600004 source=json_cache rows=437 msg="pbp cache hit"
2026-07-09T12:14:29.466Z DEBUG phase=pbp game_id=1022600010 source=json_cache rows=459 msg="pbp cache hit"
2026-07-09T12:14:29.489Z DEBUG phase=pbp game_id=1022600006 source=json_cache rows=417 msg="pbp cache hit"
2026-07-09T12:14:29.513Z DEBUG phase=pbp game_id=1022600003 source=json_cache rows=423 msg="pbp cache hit"
2026-07-09T12:14:29.538Z DEBUG phase=pbp game_id=1022600001 source=json_cache rows=448 msg="pbp cache hit"
2026-07-09T12:14:29.564Z DEBUG phase=pbp game_id=1022600002 source=json_cache rows=465 msg="pbp cache hit"
2026-07-09T12:19:19.783Z WARN  phase=pbp game_id=1022600159 attempts=2 msg="pbp empty after retries"
2026-07-09T12:23:39.965Z WARN  phase=pbp game_id=1022600160 attempts=2 msg="pbp empty after retries"
2026-07-09T12:28:00.147Z WARN  phase=pbp game_id=1022600161 attempts=2 msg="pbp empty after retries"
2026-07-09T12:32:20.327Z WARN  phase=pbp game_id=1022600157 attempts=2 msg="pbp empty after retries"
2026-07-09T12:36:40.497Z WARN  phase=pbp game_id=1022600158 attempts=2 msg="pbp empty after retries"
2026-07-09T12:41:00.665Z WARN  phase=pbp game_id=1022600155 attempts=2 msg="pbp empty after retries"
2026-07-09T12:45:20.844Z WARN  phase=pbp game_id=1022600156 attempts=2 msg="pbp empty after retries"
2026-07-09T12:49:41.024Z WARN  phase=pbp game_id=1022600154 attempts=2 msg="pbp empty after retries"
2026-07-09T12:54:01.203Z WARN  phase=pbp game_id=1022600153 attempts=2 msg="pbp empty after retries"
2026-07-09T12:58:21.385Z WARN  phase=pbp game_id=1022600152 attempts=2 msg="pbp empty after retries"
2026-07-09T13:02:41.650Z WARN  phase=pbp game_id=1022600151 attempts=2 msg="pbp empty after retries"
2026-07-09T13:07:01.822Z WARN  phase=pbp game_id=1022600150 attempts=2 msg="pbp empty after retries"
2026-07-09T13:11:21.993Z WARN  phase=pbp game_id=1022600148 attempts=2 msg="pbp empty after retries"
2026-07-09T13:15:42.178Z WARN  phase=pbp game_id=1022600149 attempts=2 msg="pbp empty after retries"
2026-07-09T13:20:02.351Z WARN  phase=pbp game_id=1022600146 attempts=2 msg="pbp empty after retries"
2026-07-09T13:24:22.526Z WARN  phase=pbp game_id=1022600145 attempts=2 msg="pbp empty after retries"
2026-07-09T13:28:42.690Z WARN  phase=pbp game_id=1022600147 attempts=2 msg="pbp empty after retries"
2026-07-09T13:28:42.706Z INFO  phase=pbp season=2026 retried=17 recovered=0 still_failed=17 msg="pbp cool-off pass complete"
2026-07-09T13:28:54.282Z INFO  phase=pbp season=2026 rows=59192 games_total=161 games_ok=144 games_failed=17 msg="pbp ok"
2026-07-09T13:28:54.284Z INFO  phase=season 2026: pbp elapsed_s=9489.6 msg="phase end: season 2026: pbp"
2026-07-09T13:28:54.288Z INFO  phase=master schedule msg="phase start: master schedule"
2026-07-09T13:28:56.345Z INFO  phase=master_schedule rows=322 games=161 seasons_covered=1 msg="master schedule ok"
2026-07-09T13:28:56.346Z INFO  phase=master schedule elapsed_s=2.06 msg="phase end: master schedule"
2026-07-09T13:28:56.351Z INFO  phase=manifest upload msg="phase start: manifest upload"
2026-07-09T13:29:00.290Z INFO  phase=manifest upload elapsed_s=3.94 msg="phase end: manifest upload"
2026-07-09T13:29:00.322Z INFO  start_year=2026 end_year=2026 msg="pipeline complete"
