2026-06-10T11:15:28.626Z INFO  start_year=2026 end_year=2026 rescrape=FALSE run_id=20260610T111528Z log_path=logs/wnba_stats_01_pbp_2026_2026_20260610T111528Z.log msg="WNBA Stats pbp: seasons 2026-2026 | rescrape=FALSE"
2026-06-10T11:15:28.904Z INFO  n_proxies=50 msg="proxy pool loaded: 50 proxies"
2026-06-10T11:15:29.025Z INFO  phase=season 2026: schedule msg="phase start: season 2026: schedule"
2026-06-10T11:15:37.145Z INFO  phase=schedule season=2026 rows=176 games=88 msg="schedule ok"
2026-06-10T11:15:37.147Z INFO  phase=season 2026: schedule elapsed_s=8.12 msg="phase end: season 2026: schedule"
2026-06-10T11:15:37.258Z INFO  phase=season 2026: player_game_logs msg="phase start: season 2026: player_game_logs"
2026-06-10T11:15:42.534Z INFO  phase=player_game_logs season=2026 rows=1752 players=201 msg="player_game_logs ok"
2026-06-10T11:15:42.536Z INFO  phase=season 2026: player_game_logs elapsed_s=5.28 msg="phase end: season 2026: player_game_logs"
2026-06-10T11:15:42.540Z INFO  phase=season 2026: pbp msg="phase start: season 2026: pbp"
2026-06-10T11:20:02.780Z WARN  phase=pbp game_id=1022600088 attempts=2 msg="pbp empty after retries"
2026-06-10T11:24:22.960Z WARN  phase=pbp game_id=1022600086 attempts=2 msg="pbp empty after retries"
2026-06-10T11:28:43.135Z WARN  phase=pbp game_id=1022600087 attempts=2 msg="pbp empty after retries"
2026-06-10T11:33:03.308Z WARN  phase=pbp game_id=1022600083 attempts=2 msg="pbp empty after retries"
2026-06-10T11:37:23.482Z WARN  phase=pbp game_id=1022600084 attempts=2 msg="pbp empty after retries"
2026-06-10T11:41:43.653Z WARN  phase=pbp game_id=1022600085 attempts=2 msg="pbp empty after retries"
2026-06-10T11:46:03.826Z WARN  phase=pbp game_id=1022600082 attempts=2 msg="pbp empty after retries"
2026-06-10T11:50:23.995Z WARN  phase=pbp game_id=1022600081 attempts=2 msg="pbp empty after retries"
2026-06-10T11:50:24.030Z DEBUG phase=pbp game_id=1022600079 source=json_cache rows=454 msg="pbp cache hit"
2026-06-10T11:50:24.051Z DEBUG phase=pbp game_id=1022600078 source=json_cache rows=387 msg="pbp cache hit"
2026-06-10T11:50:24.075Z DEBUG phase=pbp game_id=1022600080 source=json_cache rows=440 msg="pbp cache hit"
2026-06-10T11:50:24.097Z DEBUG phase=pbp game_id=1022600077 source=json_cache rows=391 msg="pbp cache hit"
2026-06-10T11:50:24.119Z DEBUG phase=pbp game_id=1022600076 source=json_cache rows=399 msg="pbp cache hit"
2026-06-10T11:50:24.145Z DEBUG phase=pbp game_id=1022600075 source=json_cache rows=382 msg="pbp cache hit"
2026-06-10T11:50:24.167Z DEBUG phase=pbp game_id=1022600074 source=json_cache rows=417 msg="pbp cache hit"
2026-06-10T11:50:24.188Z DEBUG phase=pbp game_id=1022600073 source=json_cache rows=391 msg="pbp cache hit"
2026-06-10T11:50:24.209Z DEBUG phase=pbp game_id=1022600072 source=json_cache rows=406 msg="pbp cache hit"
2026-06-10T11:50:24.229Z DEBUG phase=pbp game_id=1022600070 source=json_cache rows=375 msg="pbp cache hit"
2026-06-10T11:50:24.251Z DEBUG phase=pbp game_id=1022600071 source=json_cache rows=402 msg="pbp cache hit"
2026-06-10T11:50:24.273Z DEBUG phase=pbp game_id=1022600069 source=json_cache rows=400 msg="pbp cache hit"
2026-06-10T11:50:24.295Z DEBUG phase=pbp game_id=1022600066 source=json_cache rows=383 msg="pbp cache hit"
2026-06-10T11:50:24.320Z DEBUG phase=pbp game_id=1022600067 source=json_cache rows=444 msg="pbp cache hit"
2026-06-10T11:50:24.341Z DEBUG phase=pbp game_id=1022600068 source=json_cache rows=382 msg="pbp cache hit"
2026-06-10T11:50:24.365Z DEBUG phase=pbp game_id=1022600064 source=json_cache rows=421 msg="pbp cache hit"
2026-06-10T11:50:24.386Z DEBUG phase=pbp game_id=1022600065 source=json_cache rows=356 msg="pbp cache hit"
2026-06-10T11:50:24.410Z DEBUG phase=pbp game_id=1022600063 source=json_cache rows=416 msg="pbp cache hit"
2026-06-10T11:50:24.434Z DEBUG phase=pbp game_id=1022600062 source=json_cache rows=432 msg="pbp cache hit"
2026-06-10T11:50:24.460Z DEBUG phase=pbp game_id=1022600061 source=json_cache rows=449 msg="pbp cache hit"
2026-06-10T11:50:24.482Z DEBUG phase=pbp game_id=1022600060 source=json_cache rows=391 msg="pbp cache hit"
2026-06-10T11:50:24.506Z DEBUG phase=pbp game_id=1022600057 source=json_cache rows=416 msg="pbp cache hit"
2026-06-10T11:50:24.529Z DEBUG phase=pbp game_id=1022600058 source=json_cache rows=414 msg="pbp cache hit"
2026-06-10T11:50:24.552Z DEBUG phase=pbp game_id=1022600059 source=json_cache rows=389 msg="pbp cache hit"
2026-06-10T11:50:24.574Z DEBUG phase=pbp game_id=1022600056 source=json_cache rows=386 msg="pbp cache hit"
2026-06-10T11:50:24.605Z DEBUG phase=pbp game_id=1022600055 source=json_cache rows=439 msg="pbp cache hit"
2026-06-10T11:50:24.626Z DEBUG phase=pbp game_id=1022600054 source=json_cache rows=375 msg="pbp cache hit"
2026-06-10T11:50:24.649Z DEBUG phase=pbp game_id=1022600052 source=json_cache rows=418 msg="pbp cache hit"
2026-06-10T11:50:24.672Z DEBUG phase=pbp game_id=1022600050 source=json_cache rows=425 msg="pbp cache hit"
2026-06-10T11:50:24.694Z DEBUG phase=pbp game_id=1022600049 source=json_cache rows=396 msg="pbp cache hit"
2026-06-10T11:50:24.714Z DEBUG phase=pbp game_id=1022600051 source=json_cache rows=357 msg="pbp cache hit"
2026-06-10T11:50:24.736Z DEBUG phase=pbp game_id=1022600053 source=json_cache rows=406 msg="pbp cache hit"
2026-06-10T11:50:24.760Z DEBUG phase=pbp game_id=1022600048 source=json_cache rows=435 msg="pbp cache hit"
2026-06-10T11:50:24.783Z DEBUG phase=pbp game_id=1022600047 source=json_cache rows=414 msg="pbp cache hit"
2026-06-10T11:50:24.815Z DEBUG phase=pbp game_id=1022600044 source=json_cache rows=408 msg="pbp cache hit"
2026-06-10T11:50:24.841Z DEBUG phase=pbp game_id=1022600046 source=json_cache rows=428 msg="pbp cache hit"
2026-06-10T11:50:24.862Z DEBUG phase=pbp game_id=1022600045 source=json_cache rows=380 msg="pbp cache hit"
2026-06-10T11:50:24.885Z DEBUG phase=pbp game_id=1022600042 source=json_cache rows=414 msg="pbp cache hit"
2026-06-10T11:50:24.909Z DEBUG phase=pbp game_id=1022600041 source=json_cache rows=450 msg="pbp cache hit"
2026-06-10T11:50:24.931Z DEBUG phase=pbp game_id=1022600043 source=json_cache rows=405 msg="pbp cache hit"
2026-06-10T11:50:24.956Z DEBUG phase=pbp game_id=1022600039 source=json_cache rows=462 msg="pbp cache hit"
2026-06-10T11:50:24.977Z DEBUG phase=pbp game_id=1022600040 source=json_cache rows=371 msg="pbp cache hit"
2026-06-10T11:50:24.998Z DEBUG phase=pbp game_id=1022600038 source=json_cache rows=379 msg="pbp cache hit"
2026-06-10T11:50:25.026Z DEBUG phase=pbp game_id=1022600035 source=json_cache rows=399 msg="pbp cache hit"
2026-06-10T11:50:25.050Z DEBUG phase=pbp game_id=1022600037 source=json_cache rows=424 msg="pbp cache hit"
2026-06-10T11:50:25.073Z DEBUG phase=pbp game_id=1022600036 source=json_cache rows=395 msg="pbp cache hit"
2026-06-10T11:50:25.096Z DEBUG phase=pbp game_id=1022600033 source=json_cache rows=390 msg="pbp cache hit"
2026-06-10T11:50:25.119Z DEBUG phase=pbp game_id=1022600034 source=json_cache rows=409 msg="pbp cache hit"
2026-06-10T11:50:25.142Z DEBUG phase=pbp game_id=1022600032 source=json_cache rows=410 msg="pbp cache hit"
2026-06-10T11:50:25.164Z DEBUG phase=pbp game_id=1022600031 source=json_cache rows=403 msg="pbp cache hit"
2026-06-10T11:50:25.184Z DEBUG phase=pbp game_id=1022600029 source=json_cache rows=363 msg="pbp cache hit"
2026-06-10T11:50:25.208Z DEBUG phase=pbp game_id=1022600030 source=json_cache rows=426 msg="pbp cache hit"
2026-06-10T11:50:25.231Z DEBUG phase=pbp game_id=1022600025 source=json_cache rows=409 msg="pbp cache hit"
2026-06-10T11:50:25.254Z DEBUG phase=pbp game_id=1022600027 source=json_cache rows=424 msg="pbp cache hit"
2026-06-10T11:50:25.279Z DEBUG phase=pbp game_id=1022600026 source=json_cache rows=456 msg="pbp cache hit"
2026-06-10T11:50:25.303Z DEBUG phase=pbp game_id=1022600028 source=json_cache rows=423 msg="pbp cache hit"
2026-06-10T11:50:25.332Z DEBUG phase=pbp game_id=1022600022 source=json_cache rows=501 msg="pbp cache hit"
2026-06-10T11:50:25.355Z DEBUG phase=pbp game_id=1022600021 source=json_cache rows=409 msg="pbp cache hit"
2026-06-10T11:50:25.377Z DEBUG phase=pbp game_id=1022600023 source=json_cache rows=379 msg="pbp cache hit"
2026-06-10T11:50:25.409Z DEBUG phase=pbp game_id=1022600024 source=json_cache rows=448 msg="pbp cache hit"
2026-06-10T11:50:25.433Z DEBUG phase=pbp game_id=1022600020 source=json_cache rows=413 msg="pbp cache hit"
2026-06-10T11:50:25.455Z DEBUG phase=pbp game_id=1022600019 source=json_cache rows=373 msg="pbp cache hit"
2026-06-10T11:50:25.479Z DEBUG phase=pbp game_id=1022600016 source=json_cache rows=411 msg="pbp cache hit"
2026-06-10T11:50:25.502Z DEBUG phase=pbp game_id=1022600017 source=json_cache rows=408 msg="pbp cache hit"
2026-06-10T11:50:25.525Z DEBUG phase=pbp game_id=1022600018 source=json_cache rows=394 msg="pbp cache hit"
2026-06-10T11:50:25.544Z DEBUG phase=pbp game_id=1022600015 source=json_cache rows=377 msg="pbp cache hit"
2026-06-10T11:50:25.569Z DEBUG phase=pbp game_id=1022600014 source=json_cache rows=377 msg="pbp cache hit"
2026-06-10T11:50:25.594Z DEBUG phase=pbp game_id=1022600012 source=json_cache rows=388 msg="pbp cache hit"
2026-06-10T11:50:25.620Z DEBUG phase=pbp game_id=1022600013 source=json_cache rows=430 msg="pbp cache hit"
2026-06-10T11:50:25.648Z DEBUG phase=pbp game_id=1022600007 source=json_cache rows=435 msg="pbp cache hit"
2026-06-10T11:50:25.677Z DEBUG phase=pbp game_id=1022600008 source=json_cache rows=487 msg="pbp cache hit"
2026-06-10T11:50:25.700Z DEBUG phase=pbp game_id=1022600009 source=json_cache rows=401 msg="pbp cache hit"
2026-06-10T11:50:25.721Z DEBUG phase=pbp game_id=1022600011 source=json_cache rows=354 msg="pbp cache hit"
2026-06-10T11:50:25.747Z DEBUG phase=pbp game_id=1022600010 source=json_cache rows=459 msg="pbp cache hit"
2026-06-10T11:50:25.779Z DEBUG phase=pbp game_id=1022600004 source=json_cache rows=437 msg="pbp cache hit"
2026-06-10T11:50:25.803Z DEBUG phase=pbp game_id=1022600006 source=json_cache rows=417 msg="pbp cache hit"
2026-06-10T11:50:25.826Z DEBUG phase=pbp game_id=1022600005 source=json_cache rows=375 msg="pbp cache hit"
2026-06-10T11:50:25.853Z DEBUG phase=pbp game_id=1022600002 source=json_cache rows=465 msg="pbp cache hit"
2026-06-10T11:50:25.882Z DEBUG phase=pbp game_id=1022600001 source=json_cache rows=448 msg="pbp cache hit"
2026-06-10T11:50:25.906Z DEBUG phase=pbp game_id=1022600003 source=json_cache rows=423 msg="pbp cache hit"
2026-06-10T11:55:16.107Z WARN  phase=pbp game_id=1022600088 attempts=2 msg="pbp empty after retries"
2026-06-10T11:59:36.275Z WARN  phase=pbp game_id=1022600086 attempts=2 msg="pbp empty after retries"
2026-06-10T12:03:56.450Z WARN  phase=pbp game_id=1022600087 attempts=2 msg="pbp empty after retries"
2026-06-10T12:08:16.623Z WARN  phase=pbp game_id=1022600083 attempts=2 msg="pbp empty after retries"
2026-06-10T12:12:36.807Z WARN  phase=pbp game_id=1022600084 attempts=2 msg="pbp empty after retries"
2026-06-10T12:16:56.974Z WARN  phase=pbp game_id=1022600085 attempts=2 msg="pbp empty after retries"
2026-06-10T12:21:17.137Z WARN  phase=pbp game_id=1022600082 attempts=2 msg="pbp empty after retries"
2026-06-10T12:25:37.310Z WARN  phase=pbp game_id=1022600081 attempts=2 msg="pbp empty after retries"
2026-06-10T12:25:37.320Z INFO  phase=pbp season=2026 retried=8 recovered=0 still_failed=8 msg="pbp cool-off pass complete"
2026-06-10T12:25:45.055Z INFO  phase=pbp season=2026 rows=32833 games_total=88 games_ok=80 games_failed=8 msg="pbp ok"
2026-06-10T12:25:45.056Z INFO  phase=season 2026: pbp elapsed_s=4202.51 msg="phase end: season 2026: pbp"
2026-06-10T12:25:45.060Z INFO  phase=master schedule msg="phase start: master schedule"
2026-06-10T12:25:47.270Z INFO  phase=master_schedule rows=176 games=88 seasons_covered=1 msg="master schedule ok"
2026-06-10T12:25:47.272Z INFO  phase=master schedule elapsed_s=2.21 msg="phase end: master schedule"
2026-06-10T12:25:47.276Z INFO  phase=manifest upload msg="phase start: manifest upload"
2026-06-10T12:25:51.670Z INFO  phase=manifest upload elapsed_s=4.39 msg="phase end: manifest upload"
2026-06-10T12:25:51.702Z INFO  start_year=2026 end_year=2026 msg="pipeline complete"
