2026-06-22T13:11:55.735Z INFO  start_year=2026 end_year=2026 rescrape=FALSE run_id=20260622T131155Z log_path=logs/wnba_stats_01_pbp_2026_2026_20260622T131155Z.log msg="WNBA Stats pbp: seasons 2026-2026 | rescrape=FALSE"
2026-06-22T13:11:56.083Z INFO  n_proxies=50 msg="proxy pool loaded: 50 proxies"
2026-06-22T13:11:56.189Z INFO  phase=season 2026: schedule msg="phase start: season 2026: schedule"
2026-06-22T13:12:00.516Z INFO  phase=schedule season=2026 rows=244 games=122 msg="schedule ok"
2026-06-22T13:12:00.531Z INFO  phase=season 2026: schedule elapsed_s=4.34 msg="phase end: season 2026: schedule"
2026-06-22T13:12:00.547Z INFO  phase=season 2026: player_game_logs msg="phase start: season 2026: player_game_logs"
2026-06-22T13:12:05.184Z INFO  phase=player_game_logs season=2026 rows=2428 players=204 msg="player_game_logs ok"
2026-06-22T13:12:05.185Z INFO  phase=season 2026: player_game_logs elapsed_s=4.54 msg="phase end: season 2026: player_game_logs"
2026-06-22T13:12:05.188Z INFO  phase=season 2026: pbp msg="phase start: season 2026: pbp"
2026-06-22T13:16:25.417Z WARN  phase=pbp game_id=1022600120 attempts=2 msg="pbp empty after retries"
2026-06-22T13:20:45.584Z WARN  phase=pbp game_id=1022600121 attempts=2 msg="pbp empty after retries"
2026-06-22T13:25:05.756Z WARN  phase=pbp game_id=1022600122 attempts=2 msg="pbp empty after retries"
2026-06-22T13:29:25.921Z WARN  phase=pbp game_id=1022600119 attempts=2 msg="pbp empty after retries"
2026-06-22T13:33:46.085Z WARN  phase=pbp game_id=1022600117 attempts=2 msg="pbp empty after retries"
2026-06-22T13:38:06.246Z WARN  phase=pbp game_id=1022600118 attempts=2 msg="pbp empty after retries"
2026-06-22T13:42:26.404Z WARN  phase=pbp game_id=1022600114 attempts=2 msg="pbp empty after retries"
2026-06-22T13:46:46.565Z WARN  phase=pbp game_id=1022600115 attempts=2 msg="pbp empty after retries"
2026-06-22T13:51:06.720Z WARN  phase=pbp game_id=1022600116 attempts=2 msg="pbp empty after retries"
2026-06-22T13:55:26.884Z WARN  phase=pbp game_id=1022600113 attempts=2 msg="pbp empty after retries"
2026-06-22T13:59:47.046Z WARN  phase=pbp game_id=1022600112 attempts=2 msg="pbp empty after retries"
2026-06-22T14:04:07.214Z WARN  phase=pbp game_id=1022600109 attempts=2 msg="pbp empty after retries"
2026-06-22T14:08:27.374Z WARN  phase=pbp game_id=1022600107 attempts=2 msg="pbp empty after retries"
2026-06-22T14:12:47.542Z WARN  phase=pbp game_id=1022600111 attempts=2 msg="pbp empty after retries"
2026-06-22T14:17:07.706Z WARN  phase=pbp game_id=1022600108 attempts=2 msg="pbp empty after retries"
2026-06-22T14:21:27.871Z WARN  phase=pbp game_id=1022600110 attempts=2 msg="pbp empty after retries"
2026-06-22T14:25:48.039Z WARN  phase=pbp game_id=1022600106 attempts=2 msg="pbp empty after retries"
2026-06-22T14:30:08.209Z WARN  phase=pbp game_id=1022600105 attempts=2 msg="pbp empty after retries"
2026-06-22T14:34:28.379Z WARN  phase=pbp game_id=1022600104 attempts=2 msg="pbp empty after retries"
2026-06-22T14:38:48.546Z WARN  phase=pbp game_id=1022600103 attempts=2 msg="pbp empty after retries"
2026-06-22T14:43:08.712Z WARN  phase=pbp game_id=1022600102 attempts=2 msg="pbp empty after retries"
2026-06-22T14:47:28.880Z WARN  phase=pbp game_id=1022600101 attempts=2 msg="pbp empty after retries"
2026-06-22T14:51:49.041Z WARN  phase=pbp game_id=1022600097 attempts=2 msg="pbp empty after retries"
2026-06-22T14:56:09.212Z WARN  phase=pbp game_id=1022600099 attempts=2 msg="pbp empty after retries"
2026-06-22T15:00:29.382Z WARN  phase=pbp game_id=1022600100 attempts=2 msg="pbp empty after retries"
2026-06-22T15:04:49.540Z WARN  phase=pbp game_id=1022600098 attempts=2 msg="pbp empty after retries"
2026-06-22T15:09:09.702Z WARN  phase=pbp game_id=1022600095 attempts=2 msg="pbp empty after retries"
2026-06-22T15:13:29.867Z WARN  phase=pbp game_id=1022600096 attempts=2 msg="pbp empty after retries"
2026-06-22T15:17:50.035Z WARN  phase=pbp game_id=1022600092 attempts=2 msg="pbp empty after retries"
2026-06-22T15:22:10.204Z WARN  phase=pbp game_id=1022600093 attempts=2 msg="pbp empty after retries"
2026-06-22T15:26:30.366Z WARN  phase=pbp game_id=1022600091 attempts=2 msg="pbp empty after retries"
2026-06-22T15:30:50.534Z WARN  phase=pbp game_id=1022600094 attempts=2 msg="pbp empty after retries"
2026-06-22T15:30:50.567Z DEBUG phase=pbp game_id=1022600090 source=json_cache rows=417 msg="pbp cache hit"
2026-06-22T15:30:50.589Z DEBUG phase=pbp game_id=1022600089 source=json_cache rows=501 msg="pbp cache hit"
2026-06-22T15:30:50.605Z DEBUG phase=pbp game_id=1022600087 source=json_cache rows=371 msg="pbp cache hit"
2026-06-22T15:30:50.623Z DEBUG phase=pbp game_id=1022600086 source=json_cache rows=385 msg="pbp cache hit"
2026-06-22T15:30:50.640Z DEBUG phase=pbp game_id=1022600088 source=json_cache rows=382 msg="pbp cache hit"
2026-06-22T15:30:50.660Z DEBUG phase=pbp game_id=1022600083 source=json_cache rows=435 msg="pbp cache hit"
2026-06-22T15:30:50.678Z DEBUG phase=pbp game_id=1022600085 source=json_cache rows=391 msg="pbp cache hit"
2026-06-22T15:30:50.697Z DEBUG phase=pbp game_id=1022600084 source=json_cache rows=417 msg="pbp cache hit"
2026-06-22T15:30:50.717Z DEBUG phase=pbp game_id=1022600082 source=json_cache rows=438 msg="pbp cache hit"
2026-06-22T15:30:50.737Z DEBUG phase=pbp game_id=1022600081 source=json_cache rows=446 msg="pbp cache hit"
2026-06-22T15:30:50.760Z DEBUG phase=pbp game_id=1022600077 source=json_cache rows=391 msg="pbp cache hit"
2026-06-22T15:30:50.787Z DEBUG phase=pbp game_id=1022600080 source=json_cache rows=440 msg="pbp cache hit"
2026-06-22T15:30:50.810Z DEBUG phase=pbp game_id=1022600078 source=json_cache rows=387 msg="pbp cache hit"
2026-06-22T15:30:50.838Z DEBUG phase=pbp game_id=1022600079 source=json_cache rows=454 msg="pbp cache hit"
2026-06-22T15:30:50.862Z DEBUG phase=pbp game_id=1022600076 source=json_cache rows=399 msg="pbp cache hit"
2026-06-22T15:30:50.887Z DEBUG phase=pbp game_id=1022600074 source=json_cache rows=417 msg="pbp cache hit"
2026-06-22T15:30:50.911Z DEBUG phase=pbp game_id=1022600075 source=json_cache rows=382 msg="pbp cache hit"
2026-06-22T15:30:50.935Z DEBUG phase=pbp game_id=1022600072 source=json_cache rows=406 msg="pbp cache hit"
2026-06-22T15:30:50.959Z DEBUG phase=pbp game_id=1022600073 source=json_cache rows=391 msg="pbp cache hit"
2026-06-22T15:30:50.984Z DEBUG phase=pbp game_id=1022600071 source=json_cache rows=402 msg="pbp cache hit"
2026-06-22T15:30:51.006Z DEBUG phase=pbp game_id=1022600070 source=json_cache rows=375 msg="pbp cache hit"
2026-06-22T15:30:51.031Z DEBUG phase=pbp game_id=1022600069 source=json_cache rows=400 msg="pbp cache hit"
2026-06-22T15:30:51.060Z DEBUG phase=pbp game_id=1022600068 source=json_cache rows=382 msg="pbp cache hit"
2026-06-22T15:30:51.083Z DEBUG phase=pbp game_id=1022600066 source=json_cache rows=383 msg="pbp cache hit"
2026-06-22T15:30:51.109Z DEBUG phase=pbp game_id=1022600067 source=json_cache rows=444 msg="pbp cache hit"
2026-06-22T15:30:51.134Z DEBUG phase=pbp game_id=1022600064 source=json_cache rows=421 msg="pbp cache hit"
2026-06-22T15:30:51.155Z DEBUG phase=pbp game_id=1022600065 source=json_cache rows=356 msg="pbp cache hit"
2026-06-22T15:30:51.180Z DEBUG phase=pbp game_id=1022600063 source=json_cache rows=416 msg="pbp cache hit"
2026-06-22T15:30:51.203Z DEBUG phase=pbp game_id=1022600060 source=json_cache rows=391 msg="pbp cache hit"
2026-06-22T15:30:51.227Z DEBUG phase=pbp game_id=1022600062 source=json_cache rows=432 msg="pbp cache hit"
2026-06-22T15:30:51.253Z DEBUG phase=pbp game_id=1022600061 source=json_cache rows=449 msg="pbp cache hit"
2026-06-22T15:30:51.275Z DEBUG phase=pbp game_id=1022600056 source=json_cache rows=386 msg="pbp cache hit"
2026-06-22T15:30:51.298Z DEBUG phase=pbp game_id=1022600059 source=json_cache rows=389 msg="pbp cache hit"
2026-06-22T15:30:51.323Z DEBUG phase=pbp game_id=1022600057 source=json_cache rows=416 msg="pbp cache hit"
2026-06-22T15:30:51.347Z DEBUG phase=pbp game_id=1022600058 source=json_cache rows=414 msg="pbp cache hit"
2026-06-22T15:30:51.372Z DEBUG phase=pbp game_id=1022600055 source=json_cache rows=439 msg="pbp cache hit"
2026-06-22T15:30:51.394Z DEBUG phase=pbp game_id=1022600054 source=json_cache rows=375 msg="pbp cache hit"
2026-06-22T15:30:51.418Z DEBUG phase=pbp game_id=1022600049 source=json_cache rows=396 msg="pbp cache hit"
2026-06-22T15:30:51.443Z DEBUG phase=pbp game_id=1022600050 source=json_cache rows=425 msg="pbp cache hit"
2026-06-22T15:30:51.467Z DEBUG phase=pbp game_id=1022600052 source=json_cache rows=418 msg="pbp cache hit"
2026-06-22T15:30:51.499Z DEBUG phase=pbp game_id=1022600053 source=json_cache rows=406 msg="pbp cache hit"
2026-06-22T15:30:51.520Z DEBUG phase=pbp game_id=1022600051 source=json_cache rows=357 msg="pbp cache hit"
2026-06-22T15:30:51.544Z DEBUG phase=pbp game_id=1022600047 source=json_cache rows=414 msg="pbp cache hit"
2026-06-22T15:30:51.569Z DEBUG phase=pbp game_id=1022600048 source=json_cache rows=435 msg="pbp cache hit"
2026-06-22T15:30:51.594Z DEBUG phase=pbp game_id=1022600046 source=json_cache rows=428 msg="pbp cache hit"
2026-06-22T15:30:51.616Z DEBUG phase=pbp game_id=1022600045 source=json_cache rows=380 msg="pbp cache hit"
2026-06-22T15:30:51.640Z DEBUG phase=pbp game_id=1022600044 source=json_cache rows=408 msg="pbp cache hit"
2026-06-22T15:30:51.664Z DEBUG phase=pbp game_id=1022600043 source=json_cache rows=405 msg="pbp cache hit"
2026-06-22T15:30:51.687Z DEBUG phase=pbp game_id=1022600042 source=json_cache rows=414 msg="pbp cache hit"
2026-06-22T15:30:51.713Z DEBUG phase=pbp game_id=1022600041 source=json_cache rows=450 msg="pbp cache hit"
2026-06-22T15:30:51.741Z DEBUG phase=pbp game_id=1022600039 source=json_cache rows=462 msg="pbp cache hit"
2026-06-22T15:30:51.764Z DEBUG phase=pbp game_id=1022600038 source=json_cache rows=379 msg="pbp cache hit"
2026-06-22T15:30:51.786Z DEBUG phase=pbp game_id=1022600040 source=json_cache rows=371 msg="pbp cache hit"
2026-06-22T15:30:51.811Z DEBUG phase=pbp game_id=1022600037 source=json_cache rows=424 msg="pbp cache hit"
2026-06-22T15:30:51.834Z DEBUG phase=pbp game_id=1022600035 source=json_cache rows=399 msg="pbp cache hit"
2026-06-22T15:30:51.858Z DEBUG phase=pbp game_id=1022600036 source=json_cache rows=395 msg="pbp cache hit"
2026-06-22T15:30:51.888Z DEBUG phase=pbp game_id=1022600034 source=json_cache rows=409 msg="pbp cache hit"
2026-06-22T15:30:51.912Z DEBUG phase=pbp game_id=1022600033 source=json_cache rows=390 msg="pbp cache hit"
2026-06-22T15:30:51.936Z DEBUG phase=pbp game_id=1022600032 source=json_cache rows=410 msg="pbp cache hit"
2026-06-22T15:30:51.960Z DEBUG phase=pbp game_id=1022600031 source=json_cache rows=403 msg="pbp cache hit"
2026-06-22T15:30:51.985Z DEBUG phase=pbp game_id=1022600030 source=json_cache rows=426 msg="pbp cache hit"
2026-06-22T15:30:52.007Z DEBUG phase=pbp game_id=1022600029 source=json_cache rows=363 msg="pbp cache hit"
2026-06-22T15:30:52.031Z DEBUG phase=pbp game_id=1022600027 source=json_cache rows=424 msg="pbp cache hit"
2026-06-22T15:30:52.058Z DEBUG phase=pbp game_id=1022600026 source=json_cache rows=456 msg="pbp cache hit"
2026-06-22T15:30:52.082Z DEBUG phase=pbp game_id=1022600028 source=json_cache rows=423 msg="pbp cache hit"
2026-06-22T15:30:52.106Z DEBUG phase=pbp game_id=1022600025 source=json_cache rows=409 msg="pbp cache hit"
2026-06-22T15:30:52.130Z DEBUG phase=pbp game_id=1022600021 source=json_cache rows=409 msg="pbp cache hit"
2026-06-22T15:30:52.159Z DEBUG phase=pbp game_id=1022600022 source=json_cache rows=501 msg="pbp cache hit"
2026-06-22T15:30:52.185Z DEBUG phase=pbp game_id=1022600024 source=json_cache rows=448 msg="pbp cache hit"
2026-06-22T15:30:52.207Z DEBUG phase=pbp game_id=1022600023 source=json_cache rows=379 msg="pbp cache hit"
2026-06-22T15:30:52.236Z DEBUG phase=pbp game_id=1022600019 source=json_cache rows=373 msg="pbp cache hit"
2026-06-22T15:30:52.267Z DEBUG phase=pbp game_id=1022600020 source=json_cache rows=413 msg="pbp cache hit"
2026-06-22T15:30:52.291Z DEBUG phase=pbp game_id=1022600018 source=json_cache rows=394 msg="pbp cache hit"
2026-06-22T15:30:52.309Z DEBUG phase=pbp game_id=1022600015 source=json_cache rows=377 msg="pbp cache hit"
2026-06-22T15:30:52.333Z DEBUG phase=pbp game_id=1022600017 source=json_cache rows=408 msg="pbp cache hit"
2026-06-22T15:30:52.357Z DEBUG phase=pbp game_id=1022600016 source=json_cache rows=411 msg="pbp cache hit"
2026-06-22T15:30:52.380Z DEBUG phase=pbp game_id=1022600014 source=json_cache rows=377 msg="pbp cache hit"
2026-06-22T15:30:52.405Z DEBUG phase=pbp game_id=1022600013 source=json_cache rows=430 msg="pbp cache hit"
2026-06-22T15:30:52.427Z DEBUG phase=pbp game_id=1022600012 source=json_cache rows=388 msg="pbp cache hit"
2026-06-22T15:30:52.452Z DEBUG phase=pbp game_id=1022600007 source=json_cache rows=435 msg="pbp cache hit"
2026-06-22T15:30:52.480Z DEBUG phase=pbp game_id=1022600008 source=json_cache rows=487 msg="pbp cache hit"
2026-06-22T15:32:10.337Z DEBUG phase=pbp game_id=1022600009 source=json_cache rows=401 msg="pbp cache hit"
2026-06-22T15:36:30.548Z DEBUG phase=pbp game_id=1022600011 source=json_cache rows=354 msg="pbp cache hit"
2026-06-22T15:40:50.722Z DEBUG phase=pbp game_id=1022600005 source=json_cache rows=375 msg="pbp cache hit"
2026-06-22T15:40:50.761Z DEBUG phase=pbp game_id=1022600004 source=json_cache rows=437 msg="pbp cache hit"
2026-06-22T15:40:50.788Z DEBUG phase=pbp game_id=1022600010 source=json_cache rows=459 msg="pbp cache hit"
2026-06-22T15:40:50.813Z DEBUG phase=pbp game_id=1022600006 source=json_cache rows=417 msg="pbp cache hit"
2026-06-22T15:40:50.840Z DEBUG phase=pbp game_id=1022600002 source=json_cache rows=465 msg="pbp cache hit"
2026-06-22T15:40:50.867Z DEBUG phase=pbp game_id=1022600001 source=json_cache rows=448 msg="pbp cache hit"
2026-06-22T15:40:50.891Z DEBUG phase=pbp game_id=1022600003 source=json_cache rows=423 msg="pbp cache hit"
2026-06-22T15:45:41.129Z WARN  phase=pbp game_id=1022600120 attempts=2 msg="pbp empty after retries"
2026-06-22T15:50:01.312Z WARN  phase=pbp game_id=1022600121 attempts=2 msg="pbp empty after retries"
2026-06-22T15:54:21.486Z WARN  phase=pbp game_id=1022600122 attempts=2 msg="pbp empty after retries"
2026-06-22T15:58:41.657Z WARN  phase=pbp game_id=1022600119 attempts=2 msg="pbp empty after retries"
2026-06-22T16:03:01.823Z WARN  phase=pbp game_id=1022600117 attempts=2 msg="pbp empty after retries"
2026-06-22T16:07:21.985Z WARN  phase=pbp game_id=1022600118 attempts=2 msg="pbp empty after retries"
2026-06-22T16:11:42.154Z WARN  phase=pbp game_id=1022600114 attempts=2 msg="pbp empty after retries"
2026-06-22T16:16:02.324Z WARN  phase=pbp game_id=1022600115 attempts=2 msg="pbp empty after retries"
2026-06-22T16:20:22.495Z WARN  phase=pbp game_id=1022600116 attempts=2 msg="pbp empty after retries"
2026-06-22T16:24:42.662Z WARN  phase=pbp game_id=1022600113 attempts=2 msg="pbp empty after retries"
2026-06-22T16:29:02.831Z WARN  phase=pbp game_id=1022600112 attempts=2 msg="pbp empty after retries"
2026-06-22T16:33:23.014Z WARN  phase=pbp game_id=1022600109 attempts=2 msg="pbp empty after retries"
2026-06-22T16:37:43.192Z WARN  phase=pbp game_id=1022600107 attempts=2 msg="pbp empty after retries"
2026-06-22T16:42:03.362Z WARN  phase=pbp game_id=1022600111 attempts=2 msg="pbp empty after retries"
2026-06-22T16:46:23.527Z WARN  phase=pbp game_id=1022600108 attempts=2 msg="pbp empty after retries"
2026-06-22T16:50:43.686Z WARN  phase=pbp game_id=1022600110 attempts=2 msg="pbp empty after retries"
2026-06-22T16:55:03.841Z WARN  phase=pbp game_id=1022600106 attempts=2 msg="pbp empty after retries"
2026-06-22T16:59:24.009Z WARN  phase=pbp game_id=1022600105 attempts=2 msg="pbp empty after retries"
2026-06-22T17:03:44.184Z WARN  phase=pbp game_id=1022600104 attempts=2 msg="pbp empty after retries"
2026-06-22T17:08:04.354Z WARN  phase=pbp game_id=1022600103 attempts=2 msg="pbp empty after retries"
2026-06-22T17:12:24.635Z WARN  phase=pbp game_id=1022600102 attempts=2 msg="pbp empty after retries"
2026-06-22T17:16:44.798Z WARN  phase=pbp game_id=1022600101 attempts=2 msg="pbp empty after retries"
2026-06-22T17:21:04.959Z WARN  phase=pbp game_id=1022600097 attempts=2 msg="pbp empty after retries"
2026-06-22T17:25:25.123Z WARN  phase=pbp game_id=1022600099 attempts=2 msg="pbp empty after retries"
2026-06-22T17:29:45.289Z WARN  phase=pbp game_id=1022600100 attempts=2 msg="pbp empty after retries"
2026-06-22T17:34:05.452Z WARN  phase=pbp game_id=1022600098 attempts=2 msg="pbp empty after retries"
2026-06-22T17:38:25.614Z WARN  phase=pbp game_id=1022600095 attempts=2 msg="pbp empty after retries"
2026-06-22T17:42:45.769Z WARN  phase=pbp game_id=1022600096 attempts=2 msg="pbp empty after retries"
2026-06-22T17:47:05.928Z WARN  phase=pbp game_id=1022600092 attempts=2 msg="pbp empty after retries"
2026-06-22T17:51:26.089Z WARN  phase=pbp game_id=1022600093 attempts=2 msg="pbp empty after retries"
2026-06-22T17:55:46.249Z WARN  phase=pbp game_id=1022600091 attempts=2 msg="pbp empty after retries"
2026-06-22T18:00:06.414Z WARN  phase=pbp game_id=1022600094 attempts=2 msg="pbp empty after retries"
2026-06-22T18:00:06.423Z INFO  phase=pbp season=2026 retried=32 recovered=0 still_failed=32 msg="pbp cool-off pass complete"
2026-06-22T18:00:20.281Z INFO  phase=pbp season=2026 rows=37040 games_total=122 games_ok=90 games_failed=32 msg="pbp ok"
2026-06-22T18:00:20.282Z INFO  phase=season 2026: pbp elapsed_s=17295.09 msg="phase end: season 2026: pbp"
2026-06-22T18:00:20.286Z INFO  phase=master schedule msg="phase start: master schedule"
2026-06-22T18:00:22.843Z INFO  phase=master_schedule rows=244 games=122 seasons_covered=1 msg="master schedule ok"
2026-06-22T18:00:22.844Z INFO  phase=master schedule elapsed_s=2.56 msg="phase end: master schedule"
2026-06-22T18:00:22.848Z INFO  phase=manifest upload msg="phase start: manifest upload"
2026-06-22T18:07:26.830Z INFO  phase=manifest upload elapsed_s=423.98 msg="phase end: manifest upload"
2026-06-22T18:07:26.860Z INFO  start_year=2026 end_year=2026 msg="pipeline complete"
